Loaded module: cuda/12.2
Traceback (most recent call last):
  File "/zhome/71/c/146676/miniconda3/envs/cil/lib/python3.11/site-packages/llvmlite/binding/ffi.py", line 134, in __getattr__
    return self._fntab[name]
           ~~~~~~~~~~~^^^^^^
KeyError: 'LLVMPY_AddSymbol'

During handling of the above exception, another exception occurred:

Traceback (most recent call last):
  File "/zhome/71/c/146676/texture_tomography/jobscripts/../scripts/textomo1.py", line 15, in <module>
    from package.texture_tomography.operators.pfo_single_material import PFO_SINGLE, estimate_L_power
  File "/zhome/71/c/146676/texture_tomography/package/texture_tomography/operators/pfo_single_material.py", line 15, in <module>
    from package.odf_mumott.pole_figure_geometry import GeometryContainerM
  File "/zhome/71/c/146676/texture_tomography/package/odf_mumott/pole_figure_geometry.py", line 3, in <module>
    from mumott.core.geometry import Geometry, GeometryTuple
  File "/zhome/71/c/146676/miniconda3/envs/cil/lib/python3.11/site-packages/mumott/__init__.py", line 8, in <module>
    from .core.numba_setup import numba_setup
  File "/zhome/71/c/146676/miniconda3/envs/cil/lib/python3.11/site-packages/mumott/core/__init__.py", line 4, in <module>
    from .john_transform_cuda import john_transform_cuda, john_transform_adjoint_cuda
  File "/zhome/71/c/146676/miniconda3/envs/cil/lib/python3.11/site-packages/mumott/core/john_transform_cuda.py", line 4, in <module>
    from numba import config, cuda, int32, float32, float64, void
  File "/zhome/71/c/146676/miniconda3/envs/cil/lib/python3.11/site-packages/numba/__init__.py", line 69, in <module>
    from numba.core import config
  File "/zhome/71/c/146676/miniconda3/envs/cil/lib/python3.11/site-packages/numba/core/config.py", line 16, in <module>
    import llvmlite.binding as ll
  File "/zhome/71/c/146676/miniconda3/envs/cil/lib/python3.11/site-packages/llvmlite/binding/__init__.py", line 4, in <module>
    from .dylib import *
  File "/zhome/71/c/146676/miniconda3/envs/cil/lib/python3.11/site-packages/llvmlite/binding/dylib.py", line 36, in <module>
    ffi.lib.LLVMPY_AddSymbol.argtypes = [
    ^^^^^^^^^^^^^^^^^^^^^^^^
  File "/zhome/71/c/146676/miniconda3/envs/cil/lib/python3.11/site-packages/llvmlite/binding/ffi.py", line 137, in __getattr__
    cfn = getattr(self._lib, name)
                  ^^^^^^^^^
  File "/zhome/71/c/146676/miniconda3/envs/cil/lib/python3.11/site-packages/llvmlite/binding/ffi.py", line 129, in _lib
    self._load_lib()
  File "/zhome/71/c/146676/miniconda3/envs/cil/lib/python3.11/site-packages/llvmlite/binding/ffi.py", line 115, in _load_lib
    self._lib_handle = ctypes.CDLL(str(lib_path))
                       ^^^^^^^^^^^^^^^^^^^^^^^^^^
  File "/zhome/71/c/146676/miniconda3/envs/cil/lib/python3.11/ctypes/__init__.py", line 376, in __init__
    self._handle = _dlopen(self._name, mode)
                   ^^^^^^^^^^^^^^^^^^^^^^^^^
KeyboardInterrupt
