Loaded module: cuda/12.2
/bin/bash: line 1: integration_Al_pyFAI.sh: command not found

------------------------------------------------------------
Sender: LSF System <lsfadmin@hpc.dtu.dk>
Subject: Job 27564542: <NONAME> in cluster <dcc> Exited

Job <NONAME> was submitted from host <gbarlogin1> by user <msaca> in cluster <dcc> at Wed Jan  7 11:09:20 2026
Job was executed on host(s) <n-62-31-22>, in queue <hpc>, as user <msaca> in cluster <dcc> at Wed Jan  7 11:09:22 2026
</zhome/71/c/146676> was used as the home directory.
</zhome/71/c/146676/texture_tomography/jobscripts> was used as the working directory.
Started at Wed Jan  7 11:09:22 2026
Terminated at Wed Jan  7 11:09:23 2026
Results reported at Wed Jan  7 11:09:23 2026

Your job looked like:

------------------------------------------------------------
# LSBATCH: User input
integration_Al_pyFAI.sh
------------------------------------------------------------

Exited with exit code 127.

Resource usage summary:

    CPU time :                                   0.54 sec.
    Max Memory :                                 -
    Average Memory :                             -
    Total Requested Memory :                     1024.00 MB
    Delta Memory :                               -
    Max Swap :                                   -
    Max Processes :                              -
    Max Threads :                                -
    Run time :                                   56 sec.
    Turnaround time :                            3 sec.

The output (if any) is above this job summary.

