['/dtu/3d-imaging-center/projects/2025_QIM_BlackBeauty/raw_data_extern/raw_data_aluminum_rod/scan-0048_pilatus_integrated.h5', '/dtu/3d-imaging-center/projects/2025_QIM_BlackBeauty/raw_data_extern/raw_data_aluminum_rod/scan-0049_pilatus_integrated.h5', '/dtu/3d-imaging-center/projects/2025_QIM_BlackBeauty/raw_data_extern/raw_data_aluminum_rod/scan-0050_pilatus_integrated.h5', '/dtu/3d-imaging-center/projects/2025_QIM_BlackBeauty/raw_data_extern/raw_data_aluminum_rod/scan-0051_pilatus_integrated.h5', '/dtu/3d-imaging-center/projects/2025_QIM_BlackBeauty/raw_data_extern/raw_data_aluminum_rod/scan-0052_pilatus_integrated.h5', '/dtu/3d-imaging-center/projects/2025_QIM_BlackBeauty/raw_data_extern/raw_data_aluminum_rod/scan-0053_pilatus_integrated.h5', '/dtu/3d-imaging-center/projects/2025_QIM_BlackBeauty/raw_data_extern/raw_data_aluminum_rod/scan-0054_pilatus_integrated.h5', '/dtu/3d-imaging-center/projects/2025_QIM_BlackBeauty/raw_data_extern/raw_data_aluminum_rod/scan-0055_pilatus_integrated.h5', '/dtu/3d-imaging-center/projects/2025_QIM_BlackBeauty/raw_data_extern/raw_data_aluminum_rod/scan-0056_pilatus_integrated.h5', '/dtu/3d-imaging-center/projects/2025_QIM_BlackBeauty/raw_data_extern/raw_data_aluminum_rod/scan-0057_pilatus_integrated.h5', '/dtu/3d-imaging-center/projects/2025_QIM_BlackBeauty/raw_data_extern/raw_data_aluminum_rod/scan-0058_pilatus_integrated.h5']
file:  0

------------------------------------------------------------
Sender: LSF System <lsfadmin@hpc.dtu.dk>
Subject: Job 27468224: <reintegration> in cluster <dcc> Exited

Job <reintegration> was submitted from host <gbarlogin1> by user <msaca> in cluster <dcc> at Mon Dec 22 13:57:37 2025
Job was executed on host(s) <32*n-62-11-66>, in queue <hpc>, as user <msaca> in cluster <dcc> at Mon Dec 22 13:57:39 2025
</zhome/71/c/146676> was used as the home directory.
</zhome/71/c/146676/texture_tomography/jobscripts> was used as the working directory.
Started at Mon Dec 22 13:57:39 2025
Terminated at Mon Dec 22 13:58:04 2025
Results reported at Mon Dec 22 13:58:04 2025

Your job looked like:

------------------------------------------------------------
# LSBATCH: User input
#!/bin/bash
#BSUB -q hpc
#BSUB -J reintegration
#BSUB -n 32
#BSUB -R "span[hosts=1]"
#BSUB -R "rusage[mem=8000]"
#BSUB -W 4:00
#BSUB -oo log/%J.out
#BSUB -eo error/%J.err

# ensure log directories exist (relative to this .sh file)
mkdir -p log error

# initialize conda
export PATH="/zhome/71/c/146676/miniconda3/bin:$PATH"
source /zhome/71/c/146676/miniconda3/etc/profile.d/conda.sh
conda activate
conda activate cil


python ../scripts/maxiv_reintegrate_data.py

------------------------------------------------------------

Exited with exit code 1.

Resource usage summary:

    CPU time :                                   8.00 sec.
    Max Memory :                                 408 MB
    Average Memory :                             272.33 MB
    Total Requested Memory :                     256000.00 MB
    Delta Memory :                               255592.00 MB
    Max Swap :                                   -
    Max Processes :                              36
    Max Threads :                                40
    Run time :                                   81 sec.
    Turnaround time :                            27 sec.

The output (if any) is above this job summary.



PS:

Read file <error/27468224.err> for stderr output of this job.

