Finished rotation  0
Finished rotation  1
Finished rotation  2
Finished rotation  3
Finished rotation  4
Finished rotation  5
Finished rotation  6
Finished rotation  7
Finished rotation  8
Finished rotation  9
Finished rotation  10
Finished rotation  11
Finished rotation  12
Finished rotation  13
Finished rotation  14
Finished rotation  15
Finished rotation  16
Finished rotation  17
Finished rotation  18
Finished rotation  19
Finished rotation  20
Finished rotation  21
Finished rotation  22
Finished rotation  23
Finished rotation  24
Finished rotation  25
Finished rotation  26
Finished rotation  27
Finished rotation  28
Finished rotation  29
Finished rotation  30
Finished rotation  31
Finished rotation  32
Finished rotation  33
Finished rotation  34
Finished rotation  35
Finished rotation  36
Finished rotation  37
Finished rotation  38
Finished rotation  39
Finished rotation  40
Finished rotation  41
Finished rotation  42
Finished rotation  43
Finished rotation  44
Finished rotation  45
Finished rotation  46
Finished rotation  47
Finished rotation  48
Finished rotation  49
Finished rotation  50
Finished rotation  51
Finished rotation  52
Finished rotation  53
Finished rotation  54
Finished rotation  55
Finished rotation  56
Finished rotation  57
Finished rotation  58
Finished rotation  59
Finished rotation  60
Finished rotation  61
Finished rotation  62
Finished rotation  63
Finished rotation  64
Finished rotation  65
Finished rotation  66
Finished rotation  67
Finished rotation  68

------------------------------------------------------------
Sender: LSF System <lsfadmin@hpc.dtu.dk>
Subject: Job 27504844: <Integration> in cluster <dcc> Exited

Job <Integration> was submitted from host <gbarlogin1> by user <msaca> in cluster <dcc> at Sun Dec 28 12:17:08 2025
Job was executed on host(s) <8*n-62-12-20>, in queue <gpua100>, as user <msaca> in cluster <dcc> at Sun Dec 28 12:17:08 2025
</zhome/71/c/146676> was used as the home directory.
</zhome/71/c/146676/texture_tomography/jobscripts> was used as the working directory.
Started at Sun Dec 28 12:17:08 2025
Terminated at Sun Dec 28 12:27:11 2025
Results reported at Sun Dec 28 12:27:11 2025

Your job looked like:

------------------------------------------------------------
# LSBATCH: User input
#!/bin/bash
#BSUB -J Integration
#BSUB -q gpua100
#BSUB -gpu "num=1"
#BSUB -n 8
#BSUB -R "span[hosts=1]"
#BSUB -R "rusage[mem=4000]"
#BSUB -M 4000
#BSUB -W 15:00
#BSUB -oo log/%J.out
#BSUB -eo error/%J.err

# -- end of LSF options -- 

# initialize conda
export PATH="/zhome/71/c/146676/miniconda3/bin:$PATH"
source /zhome/71/c/146676/miniconda3/etc/profile.d/conda.sh
conda activate
conda activate cil

python ../integration/integrate_BB_slice.py --config ../configs/bb_config_1.yaml
------------------------------------------------------------

TERM_OWNER: job killed by owner.
Exited with exit code 130.

Resource usage summary:

    CPU time :                                   417.59 sec.
    Max Memory :                                 6602 MB
    Average Memory :                             4480.83 MB
    Total Requested Memory :                     32000.00 MB
    Delta Memory :                               25398.00 MB
    Max Swap :                                   -
    Max Processes :                              4
    Max Threads :                                18
    Run time :                                   658 sec.
    Turnaround time :                            603 sec.

The output (if any) is above this job summary.



PS:

Read file <error/27504844.err> for stderr output of this job.

