
------------------------------------------------------------
Sender: LSF System <lsfadmin@hpc.dtu.dk>
Subject: Job 27588249: <Integration> in cluster <dcc> Done

Job <Integration> was submitted from host <gbarlogin1> by user <msaca> in cluster <dcc> at Thu Jan  8 12:55:26 2026
Job was executed on host(s) <8*n-62-20-7>, in queue <gpuqimalma94>, as user <msaca> in cluster <dcc> at Thu Jan  8 12:55:27 2026
</zhome/71/c/146676> was used as the home directory.
</zhome/71/c/146676/texture_tomography/jobscripts> was used as the working directory.
Started at Thu Jan  8 12:55:27 2026
Terminated at Thu Jan  8 14:52:29 2026
Results reported at Thu Jan  8 14:52:29 2026

Your job looked like:

------------------------------------------------------------
# LSBATCH: User input
#!/bin/bash
#BSUB -J Integration
#BSUB -q gpuqimalma94
#BSUB -gpu "num=1"
#BSUB -n 8
#BSUB -R "span[hosts=1]"
#BSUB -R "rusage[mem=2000]"
#BSUB -M 2000
#BSUB -W 15:00
#BSUB -oo log/%J.out
#BSUB -eo error/%J.err

# -- end of LSF options -- 

# initialize conda
export PATH="/zhome/71/c/146676/miniconda3/bin:$PATH"
source /zhome/71/c/146676/miniconda3/etc/profile.d/conda.sh
conda activate
conda activate cil

python ../integration/integrate_Al_data.py --config ../configs/aluminum_config_single_large.yaml
------------------------------------------------------------

Successfully completed.

Resource usage summary:

    CPU time :                                   4897.88 sec.
    Max Memory :                                 6169 MB
    Average Memory :                             4251.85 MB
    Total Requested Memory :                     16000.00 MB
    Delta Memory :                               9831.00 MB
    Max Swap :                                   -
    Max Processes :                              4
    Max Threads :                                18
    Run time :                                   7025 sec.
    Turnaround time :                            7023 sec.

The output (if any) is above this job summary.



PS:

Read file <error/27588249.err> for stderr output of this job.

