INFO:Setting the number of threads to 8. If your physical cores are fewer than this number, you may want to use numba.set_num_threads(n), and os.environ["OPENBLAS_NUM_THREADS"] = f"{n}" to set the number of threads to the number of physical cores n.
INFO:Setting numba log level to WARNING.
Saving results to: /work3/msaca/textomo_run_006

=== OpenCL buffer allocation summary ===
coeffs_sino_F                 : shape=(148x500x596),   168.24 MB
coeffs_sino_C                 : shape=(500x148x596),   168.24 MB
_coeffs_batch_F               : shape=(148x148x596),    49.80 MB
_basis_batch_kmax             : shape=(500x596x180x5),  1023.10 MB
_basis_batch_transpose_kmax   : shape=(500x900x596),  1023.10 MB
_grid_inv_kmax                : shape=(596x9),     0.02 MB
_inv_sigma2_kmax              : shape=(596),     0.00 MB
_norm_factor_kmax             : shape=(596),     0.00 MB
---------------------------------------
TOTAL GPU buffer memory:  2432.52 MB
=======================================

[power 01] L_est=4.886405e+07  ||z||=9.968828e+08
[power 02] L_est=1.479111e+11  ||z||=3.411643e+11
[power 03] L_est=1.645257e+12  ||z||=1.862510e+12
[power 04] L_est=2.346337e+12  ||z||=2.412950e+12
[power 05] L_est=2.560973e+12  ||z||=2.584449e+12
[power 06] L_est=2.636320e+12  ||z||=2.644841e+12
[power 07] L_est=2.663951e+12  ||z||=2.667310e+12
[power 08] L_est=2.675100e+12  ||z||=2.676612e+12
[power 09] L_est=2.680272e+12  ||z||=2.681063e+12
[power 10] L_est=2.683057e+12  ||z||=2.683528e+12
[power 11] L_est=2.684753e+12  ||z||=2.685059e+12
[power 12] L_est=2.685871e+12  ||z||=2.686082e+12
[power 13] L_est=2.686644e+12  ||z||=2.686792e+12
[power 14] L_est=2.687190e+12  ||z||=2.687296e+12
[power 15] L_est=2.687580e+12  ||z||=2.687657e+12
[power 16] L_est=2.687861e+12  ||z||=2.687916e+12
[power 17] L_est=2.688063e+12  ||z||=2.688102e+12
[power 18] L_est=2.688209e+12  ||z||=2.688237e+12
[power 19] L_est=2.688313e+12  ||z||=2.688334e+12
[power 20] L_est=2.688390e+12  ||z||=2.688404e+12
[iter    1/500] obj=1.125421e+08  f=1.107525e+08  g=1.789675e+06  ||x||=9.856151e-04  ||grad||=6.869789e+09  tau=3.382e-13  beta=0.000e+00
[iter    2/500] obj=1.094787e+08  f=1.067284e+08  g=2.750284e+06  ||x||=1.567091e-03  ||grad||=5.777029e+09  tau=3.382e-13  beta=2.818e-01
[iter    3/500] obj=1.077851e+08  f=1.041241e+08  g=3.660929e+06  ||x||=2.195751e-03  ||grad||=5.218235e+09  tau=3.382e-13  beta=4.340e-01
[iter    4/500] obj=1.064782e+08  f=1.019784e+08  g=4.499793e+06  ||x||=2.852369e-03  ||grad||=4.784110e+09  tau=3.382e-13  beta=5.311e-01
[iter    5/500] obj=1.054171e+08  f=1.001624e+08  g=5.254611e+06  ||x||=3.520492e-03  ||grad||=4.427094e+09  tau=3.382e-13  beta=5.988e-01
[iter    6/500] obj=1.045386e+08  f=9.861446e+07  g=5.924086e+06  ||x||=4.189436e-03  ||grad||=4.131663e+09  tau=3.382e-13  beta=6.489e-01
[iter    7/500] obj=1.037993e+08  f=9.728552e+07  g=6.513824e+06  ||x||=4.852547e-03  ||grad||=3.885766e+09  tau=3.382e-13  beta=6.876e-01
[iter    8/500] obj=1.031682e+08  f=9.613719e+07  g=7.031013e+06  ||x||=5.505256e-03  ||grad||=3.679418e+09  tau=3.382e-13  beta=7.185e-01
[iter    9/500] obj=1.026232e+08  f=9.513970e+07  g=7.483502e+06  ||x||=6.144598e-03  ||grad||=3.505456e+09  tau=3.382e-13  beta=7.437e-01
[iter   10/500] obj=1.021478e+08  f=9.426869e+07  g=7.879114e+06  ||x||=6.768723e-03  ||grad||=3.358124e+09  tau=3.382e-13  beta=7.647e-01
[iter   11/500] obj=1.017291e+08  f=9.350404e+07  g=8.225079e+06  ||x||=7.376582e-03  ||grad||=3.232761e+09  tau=3.382e-13  beta=7.824e-01
[iter   12/500] obj=1.013571e+08  f=9.282922e+07  g=8.527856e+06  ||x||=7.967752e-03  ||grad||=3.125578e+09  tau=3.382e-13  beta=7.976e-01
[iter   13/500] obj=1.010238e+08  f=9.223061e+07  g=8.793180e+06  ||x||=8.542290e-03  ||grad||=3.033495e+09  tau=3.382e-13  beta=8.108e-01
[iter   14/500] obj=1.007230e+08  f=9.169679e+07  g=9.026220e+06  ||x||=9.100628e-03  ||grad||=2.953911e+09  tau=3.382e-13  beta=8.224e-01
[iter   15/500] obj=1.004497e+08  f=9.121822e+07  g=9.231473e+06  ||x||=9.643427e-03  ||grad||=2.884669e+09  tau=3.382e-13  beta=8.326e-01
[iter   16/500] obj=1.001998e+08  f=9.078698e+07  g=9.412828e+06  ||x||=1.017149e-02  ||grad||=2.824047e+09  tau=3.382e-13  beta=8.417e-01
[iter   17/500] obj=9.997009e+07  f=9.039650e+07  g=9.573592e+06  ||x||=1.068570e-02  ||grad||=2.770642e+09  tau=3.382e-13  beta=8.498e-01
[iter   18/500] obj=9.975797e+07  f=9.004130e+07  g=9.716671e+06  ||x||=1.118694e-02  ||grad||=2.723356e+09  tau=3.382e-13  beta=8.571e-01
[iter   19/500] obj=9.956126e+07  f=8.971668e+07  g=9.844582e+06  ||x||=1.167611e-02  ||grad||=2.681265e+09  tau=3.382e-13  beta=8.638e-01
[iter   20/500] obj=9.937806e+07  f=8.941864e+07  g=9.959425e+06  ||x||=1.215406e-02  ||grad||=2.643542e+09  tau=3.382e-13  beta=8.698e-01
[iter   21/500] obj=9.920674e+07  f=8.914379e+07  g=1.006295e+07  ||x||=1.262161e-02  ||grad||=2.609531e+09  tau=3.382e-13  beta=8.754e-01
[iter   22/500] obj=9.904610e+07  f=8.888937e+07  g=1.015673e+07  ||x||=1.307954e-02  ||grad||=2.578721e+09  tau=3.382e-13  beta=8.804e-01
[iter   23/500] obj=9.889497e+07  f=8.865291e+07  g=1.024206e+07  ||x||=1.352859e-02  ||grad||=2.550653e+09  tau=3.382e-13  beta=8.851e-01
[iter   24/500] obj=9.875243e+07  f=8.843242e+07  g=1.032001e+07  ||x||=1.396943e-02  ||grad||=2.525025e+09  tau=3.382e-13  beta=8.894e-01
[iter   25/500] obj=9.861764e+07  f=8.822607e+07  g=1.039157e+07  ||x||=1.440268e-02  ||grad||=2.501462e+09  tau=3.382e-13  beta=8.934e-01
[iter   26/500] obj=9.848986e+07  f=8.803231e+07  g=1.045755e+07  ||x||=1.482892e-02  ||grad||=2.479688e+09  tau=3.382e-13  beta=8.971e-01
[iter   27/500] obj=9.836842e+07  f=8.784981e+07  g=1.051861e+07  ||x||=1.524870e-02  ||grad||=2.459467e+09  tau=3.382e-13  beta=9.006e-01
[iter   28/500] obj=9.825284e+07  f=8.767750e+07  g=1.057535e+07  ||x||=1.566252e-02  ||grad||=2.440638e+09  tau=3.382e-13  beta=9.038e-01
[iter   29/500] obj=9.814265e+07  f=8.751437e+07  g=1.062828e+07  ||x||=1.607082e-02  ||grad||=2.423051e+09  tau=3.382e-13  beta=9.069e-01
[iter   30/500] obj=9.803742e+07  f=8.735955e+07  g=1.067787e+07  ||x||=1.647401e-02  ||grad||=2.406568e+09  tau=3.382e-13  beta=9.097e-01
[iter   31/500] obj=9.793677e+07  f=8.721230e+07  g=1.072447e+07  ||x||=1.687246e-02  ||grad||=2.391076e+09  tau=3.382e-13  beta=9.124e-01
[iter   32/500] obj=9.784036e+07  f=8.707196e+07  g=1.076840e+07  ||x||=1.726650e-02  ||grad||=2.376444e+09  tau=3.382e-13  beta=9.149e-01
[iter   33/500] obj=9.774785e+07  f=8.693794e+07  g=1.080991e+07  ||x||=1.765644e-02  ||grad||=2.362581e+09  tau=3.382e-13  beta=9.173e-01
[iter   34/500] obj=9.765907e+07  f=8.680979e+07  g=1.084928e+07  ||x||=1.804256e-02  ||grad||=2.349449e+09  tau=3.382e-13  beta=9.195e-01
[iter   35/500] obj=9.757372e+07  f=8.668698e+07  g=1.088674e+07  ||x||=1.842509e-02  ||grad||=2.336955e+09  tau=3.382e-13  beta=9.217e-01
[iter   36/500] obj=9.749153e+07  f=8.656910e+07  g=1.092243e+07  ||x||=1.880427e-02  ||grad||=2.324992e+09  tau=3.382e-13  beta=9.237e-01
[iter   37/500] obj=9.741239e+07  f=8.645586e+07  g=1.095653e+07  ||x||=1.918030e-02  ||grad||=2.313570e+09  tau=3.382e-13  beta=9.256e-01
[iter   38/500] obj=9.733607e+07  f=8.634688e+07  g=1.098919e+07  ||x||=1.955336e-02  ||grad||=2.302647e+09  tau=3.382e-13  beta=9.274e-01
[iter   39/500] obj=9.726240e+07  f=8.624190e+07  g=1.102049e+07  ||x||=1.992361e-02  ||grad||=2.292175e+09  tau=3.382e-13  beta=9.292e-01
[iter   40/500] obj=9.719125e+07  f=8.614071e+07  g=1.105054e+07  ||x||=2.029120e-02  ||grad||=2.282150e+09  tau=3.382e-13  beta=9.308e-01
[iter   41/500] obj=9.712251e+07  f=8.604308e+07  g=1.107943e+07  ||x||=2.065625e-02  ||grad||=2.272529e+09  tau=3.382e-13  beta=9.324e-01
[iter   42/500] obj=9.705601e+07  f=8.594878e+07  g=1.110723e+07  ||x||=2.101886e-02  ||grad||=2.263296e+09  tau=3.382e-13  beta=9.339e-01
[iter   43/500] obj=9.699167e+07  f=8.585768e+07  g=1.113399e+07  ||x||=2.137912e-02  ||grad||=2.254436e+09  tau=3.382e-13  beta=9.353e-01
[iter   44/500] obj=9.692932e+07  f=8.576957e+07  g=1.115976e+07  ||x||=2.173712e-02  ||grad||=2.245908e+09  tau=3.382e-13  beta=9.367e-01
[iter   45/500] obj=9.686892e+07  f=8.568437e+07  g=1.118456e+07  ||x||=2.209293e-02  ||grad||=2.237727e+09  tau=3.382e-13  beta=9.380e-01
[iter   46/500] obj=9.681043e+07  f=8.560193e+07  g=1.120850e+07  ||x||=2.244662e-02  ||grad||=2.229871e+09  tau=3.382e-13  beta=9.393e-01
[iter   47/500] obj=9.675362e+07  f=8.552203e+07  g=1.123159e+07  ||x||=2.279822e-02  ||grad||=2.222319e+09  tau=3.382e-13  beta=9.405e-01
[iter   48/500] obj=9.669851e+07  f=8.544464e+07  g=1.125387e+07  ||x||=2.314778e-02  ||grad||=2.215044e+09  tau=3.382e-13  beta=9.417e-01
[iter   49/500] obj=9.664499e+07  f=8.536963e+07  g=1.127536e+07  ||x||=2.349535e-02  ||grad||=2.208032e+09  tau=3.382e-13  beta=9.428e-01
[iter   50/500] obj=9.659296e+07  f=8.529690e+07  g=1.129607e+07  ||x||=2.384097e-02  ||grad||=2.201285e+09  tau=3.382e-13  beta=9.439e-01
[iter   51/500] obj=9.654244e+07  f=8.522638e+07  g=1.131606e+07  ||x||=2.418466e-02  ||grad||=2.194789e+09  tau=3.382e-13  beta=9.449e-01
[iter   52/500] obj=9.649329e+07  f=8.515794e+07  g=1.133535e+07  ||x||=2.452647e-02  ||grad||=2.188542e+09  tau=3.382e-13  beta=9.459e-01
[iter   53/500] obj=9.644547e+07  f=8.509149e+07  g=1.135398e+07  ||x||=2.486641e-02  ||grad||=2.182505e+09  tau=3.382e-13  beta=9.469e-01
[iter   54/500] obj=9.639892e+07  f=8.502695e+07  g=1.137197e+07  ||x||=2.520451e-02  ||grad||=2.176695e+09  tau=3.382e-13  beta=9.478e-01
[iter   55/500] obj=9.635362e+07  f=8.496427e+07  g=1.138935e+07  ||x||=2.554080e-02  ||grad||=2.171093e+09  tau=3.382e-13  beta=9.487e-01
[iter   56/500] obj=9.630948e+07  f=8.490337e+07  g=1.140611e+07  ||x||=2.587530e-02  ||grad||=2.165698e+09  tau=3.382e-13  beta=9.496e-01
[iter   57/500] obj=9.626644e+07  f=8.484417e+07  g=1.142227e+07  ||x||=2.620803e-02  ||grad||=2.160483e+09  tau=3.382e-13  beta=9.504e-01
[iter   58/500] obj=9.622450e+07  f=8.478666e+07  g=1.143785e+07  ||x||=2.653901e-02  ||grad||=2.155463e+09  tau=3.382e-13  beta=9.513e-01
[iter   59/500] obj=9.618359e+07  f=8.473074e+07  g=1.145285e+07  ||x||=2.686827e-02  ||grad||=2.150632e+09  tau=3.382e-13  beta=9.520e-01
[iter   60/500] obj=9.614370e+07  f=8.467638e+07  g=1.146732e+07  ||x||=2.719584e-02  ||grad||=2.145979e+09  tau=3.382e-13  beta=9.528e-01
[iter   61/500] obj=9.610479e+07  f=8.462347e+07  g=1.148132e+07  ||x||=2.752172e-02  ||grad||=2.141495e+09  tau=3.382e-13  beta=9.535e-01
[iter   62/500] obj=9.606675e+07  f=8.457192e+07  g=1.149483e+07  ||x||=2.784595e-02  ||grad||=2.137168e+09  tau=3.382e-13  beta=9.542e-01
[iter   63/500] obj=9.602964e+07  f=8.452177e+07  g=1.150787e+07  ||x||=2.816854e-02  ||grad||=2.132998e+09  tau=3.382e-13  beta=9.549e-01
[iter   64/500] obj=9.599337e+07  f=8.447293e+07  g=1.152044e+07  ||x||=2.848950e-02  ||grad||=2.128971e+09  tau=3.382e-13  beta=9.556e-01
[iter   65/500] obj=9.595793e+07  f=8.442537e+07  g=1.153256e+07  ||x||=2.880886e-02  ||grad||=2.125090e+09  tau=3.382e-13  beta=9.563e-01
[iter   66/500] obj=9.592331e+07  f=8.437904e+07  g=1.154427e+07  ||x||=2.912665e-02  ||grad||=2.121341e+09  tau=3.382e-13  beta=9.569e-01
[iter   67/500] obj=9.588942e+07  f=8.433384e+07  g=1.155558e+07  ||x||=2.944288e-02  ||grad||=2.117703e+09  tau=3.382e-13  beta=9.575e-01
[iter   68/500] obj=9.585631e+07  f=8.428979e+07  g=1.156651e+07  ||x||=2.975757e-02  ||grad||=2.114186e+09  tau=3.382e-13  beta=9.581e-01
[iter   69/500] obj=9.582389e+07  f=8.424680e+07  g=1.157709e+07  ||x||=3.007076e-02  ||grad||=2.110759e+09  tau=3.382e-13  beta=9.587e-01
[iter   70/500] obj=9.579219e+07  f=8.420485e+07  g=1.158734e+07  ||x||=3.038246e-02  ||grad||=2.107467e+09  tau=3.382e-13  beta=9.593e-01
[iter   71/500] obj=9.576115e+07  f=8.416387e+07  g=1.159727e+07  ||x||=3.069269e-02  ||grad||=2.104274e+09  tau=3.382e-13  beta=9.598e-01
[iter   72/500] obj=9.573077e+07  f=8.412386e+07  g=1.160690e+07  ||x||=3.100146e-02  ||grad||=2.101199e+09  tau=3.382e-13  beta=9.603e-01
[iter   73/500] obj=9.570101e+07  f=8.408478e+07  g=1.161622e+07  ||x||=3.130880e-02  ||grad||=2.098220e+09  tau=3.382e-13  beta=9.609e-01
[iter   74/500] obj=9.567191e+07  f=8.404662e+07  g=1.162528e+07  ||x||=3.161472e-02  ||grad||=2.095330e+09  tau=3.382e-13  beta=9.614e-01
[iter   75/500] obj=9.564335e+07  f=8.400928e+07  g=1.163407e+07  ||x||=3.191923e-02  ||grad||=2.092516e+09  tau=3.382e-13  beta=9.619e-01
[iter   76/500] obj=9.561540e+07  f=8.397279e+07  g=1.164261e+07  ||x||=3.222235e-02  ||grad||=2.089789e+09  tau=3.382e-13  beta=9.623e-01
[iter   77/500] obj=9.558798e+07  f=8.393710e+07  g=1.165089e+07  ||x||=3.252410e-02  ||grad||=2.087138e+09  tau=3.382e-13  beta=9.628e-01
[iter   78/500] obj=9.556112e+07  f=8.390220e+07  g=1.165892e+07  ||x||=3.282449e-02  ||grad||=2.084558e+09  tau=3.382e-13  beta=9.633e-01
[iter   79/500] obj=9.553480e+07  f=8.386806e+07  g=1.166673e+07  ||x||=3.312353e-02  ||grad||=2.082049e+09  tau=3.382e-13  beta=9.637e-01
[iter   80/500] obj=9.550897e+07  f=8.383462e+07  g=1.167435e+07  ||x||=3.342126e-02  ||grad||=2.079601e+09  tau=3.382e-13  beta=9.642e-01
[iter   81/500] obj=9.548364e+07  f=8.380188e+07  g=1.168176e+07  ||x||=3.371767e-02  ||grad||=2.077218e+09  tau=3.382e-13  beta=9.646e-01
[iter   82/500] obj=9.545878e+07  f=8.376980e+07  g=1.168898e+07  ||x||=3.401278e-02  ||grad||=2.074889e+09  tau=3.382e-13  beta=9.650e-01
[iter   83/500] obj=9.543441e+07  f=8.373838e+07  g=1.169603e+07  ||x||=3.430661e-02  ||grad||=2.072631e+09  tau=3.382e-13  beta=9.654e-01
[iter   84/500] obj=9.541049e+07  f=8.370758e+07  g=1.170291e+07  ||x||=3.459917e-02  ||grad||=2.070425e+09  tau=3.382e-13  beta=9.658e-01
[iter   85/500] obj=9.538701e+07  f=8.367739e+07  g=1.170962e+07  ||x||=3.489048e-02  ||grad||=2.068273e+09  tau=3.382e-13  beta=9.662e-01
[iter   86/500] obj=9.536397e+07  f=8.364780e+07  g=1.171617e+07  ||x||=3.518054e-02  ||grad||=2.066169e+09  tau=3.382e-13  beta=9.666e-01
[iter   87/500] obj=9.534132e+07  f=8.361878e+07  g=1.172254e+07  ||x||=3.546936e-02  ||grad||=2.064113e+09  tau=3.382e-13  beta=9.669e-01
[iter   88/500] obj=9.531909e+07  f=8.359035e+07  g=1.172874e+07  ||x||=3.575698e-02  ||grad||=2.062115e+09  tau=3.382e-13  beta=9.673e-01
[iter   89/500] obj=9.529725e+07  f=8.356248e+07  g=1.173477e+07  ||x||=3.604338e-02  ||grad||=2.060163e+09  tau=3.382e-13  beta=9.677e-01
[iter   90/500] obj=9.527580e+07  f=8.353514e+07  g=1.174067e+07  ||x||=3.632860e-02  ||grad||=2.058263e+09  tau=3.382e-13  beta=9.680e-01
[iter   91/500] obj=9.525474e+07  f=8.350830e+07  g=1.174643e+07  ||x||=3.661264e-02  ||grad||=2.056409e+09  tau=3.382e-13  beta=9.683e-01
[iter   92/500] obj=9.523402e+07  f=8.348196e+07  g=1.175206e+07  ||x||=3.689552e-02  ||grad||=2.054597e+09  tau=3.382e-13  beta=9.687e-01
[iter   93/500] obj=9.521366e+07  f=8.345611e+07  g=1.175755e+07  ||x||=3.717726e-02  ||grad||=2.052836e+09  tau=3.382e-13  beta=9.690e-01
[iter   94/500] obj=9.519365e+07  f=8.343075e+07  g=1.176290e+07  ||x||=3.745784e-02  ||grad||=2.051108e+09  tau=3.382e-13  beta=9.693e-01
[iter   95/500] obj=9.517397e+07  f=8.340586e+07  g=1.176812e+07  ||x||=3.773731e-02  ||grad||=2.049418e+09  tau=3.382e-13  beta=9.696e-01
[iter   96/500] obj=9.515465e+07  f=8.338141e+07  g=1.177325e+07  ||x||=3.801565e-02  ||grad||=2.047768e+09  tau=3.382e-13  beta=9.699e-01
[iter   97/500] obj=9.513564e+07  f=8.335736e+07  g=1.177828e+07  ||x||=3.829290e-02  ||grad||=2.046153e+09  tau=3.382e-13  beta=9.702e-01
[iter   98/500] obj=9.511693e+07  f=8.333372e+07  g=1.178321e+07  ||x||=3.856904e-02  ||grad||=2.044566e+09  tau=3.382e-13  beta=9.705e-01
[iter   99/500] obj=9.509856e+07  f=8.331051e+07  g=1.178805e+07  ||x||=3.884411e-02  ||grad||=2.043007e+09  tau=3.382e-13  beta=9.708e-01
[iter  100/500] obj=9.508046e+07  f=8.328766e+07  g=1.179280e+07  ||x||=3.911810e-02  ||grad||=2.041477e+09  tau=3.382e-13  beta=9.711e-01
[iter  101/500] obj=9.506266e+07  f=8.326522e+07  g=1.179745e+07  ||x||=3.939102e-02  ||grad||=2.039976e+09  tau=3.382e-13  beta=9.714e-01
[iter  102/500] obj=9.504515e+07  f=8.324315e+07  g=1.180200e+07  ||x||=3.966289e-02  ||grad||=2.038513e+09  tau=3.382e-13  beta=9.716e-01
[iter  103/500] obj=9.502792e+07  f=8.322146e+07  g=1.180647e+07  ||x||=3.993372e-02  ||grad||=2.037084e+09  tau=3.382e-13  beta=9.719e-01
[iter  104/500] obj=9.501098e+07  f=8.320011e+07  g=1.181087e+07  ||x||=4.020351e-02  ||grad||=2.035689e+09  tau=3.382e-13  beta=9.722e-01
[iter  105/500] obj=9.499428e+07  f=8.317910e+07  g=1.181517e+07  ||x||=4.047227e-02  ||grad||=2.034316e+09  tau=3.382e-13  beta=9.724e-01
[iter  106/500] obj=9.497786e+07  f=8.315846e+07  g=1.181940e+07  ||x||=4.074002e-02  ||grad||=2.032970e+09  tau=3.382e-13  beta=9.727e-01
[iter  107/500] obj=9.496168e+07  f=8.313814e+07  g=1.182354e+07  ||x||=4.100675e-02  ||grad||=2.031651e+09  tau=3.382e-13  beta=9.729e-01
[iter  108/500] obj=9.494574e+07  f=8.311816e+07  g=1.182758e+07  ||x||=4.127248e-02  ||grad||=2.030361e+09  tau=3.382e-13  beta=9.732e-01
[iter  109/500] obj=9.493006e+07  f=8.309851e+07  g=1.183155e+07  ||x||=4.153721e-02  ||grad||=2.029109e+09  tau=3.382e-13  beta=9.734e-01
[iter  110/500] obj=9.491464e+07  f=8.307918e+07  g=1.183545e+07  ||x||=4.180096e-02  ||grad||=2.027888e+09  tau=3.382e-13  beta=9.736e-01
[iter  111/500] obj=9.489941e+07  f=8.306014e+07  g=1.183927e+07  ||x||=4.206373e-02  ||grad||=2.026686e+09  tau=3.382e-13  beta=9.739e-01
[iter  112/500] obj=9.488443e+07  f=8.304143e+07  g=1.184300e+07  ||x||=4.232553e-02  ||grad||=2.025519e+09  tau=3.382e-13  beta=9.741e-01
[iter  113/500] obj=9.486966e+07  f=8.302302e+07  g=1.184665e+07  ||x||=4.258637e-02  ||grad||=2.024373e+09  tau=3.382e-13  beta=9.743e-01
[iter  114/500] obj=9.485512e+07  f=8.300490e+07  g=1.185022e+07  ||x||=4.284625e-02  ||grad||=2.023250e+09  tau=3.382e-13  beta=9.745e-01
[iter  115/500] obj=9.484078e+07  f=8.298706e+07  g=1.185372e+07  ||x||=4.310519e-02  ||grad||=2.022152e+09  tau=3.382e-13  beta=9.748e-01
[iter  116/500] obj=9.482666e+07  f=8.296950e+07  g=1.185715e+07  ||x||=4.336318e-02  ||grad||=2.021081e+09  tau=3.382e-13  beta=9.750e-01
[iter  117/500] obj=9.481275e+07  f=8.295222e+07  g=1.186053e+07  ||x||=4.362025e-02  ||grad||=2.020033e+09  tau=3.382e-13  beta=9.752e-01
[iter  118/500] obj=9.479903e+07  f=8.293518e+07  g=1.186385e+07  ||x||=4.387639e-02  ||grad||=2.019000e+09  tau=3.382e-13  beta=9.754e-01
[iter  119/500] obj=9.478550e+07  f=8.291839e+07  g=1.186711e+07  ||x||=4.413162e-02  ||grad||=2.017977e+09  tau=3.382e-13  beta=9.756e-01
[iter  120/500] obj=9.477219e+07  f=8.290186e+07  g=1.187033e+07  ||x||=4.438594e-02  ||grad||=2.016975e+09  tau=3.382e-13  beta=9.758e-01
[iter  121/500] obj=9.475905e+07  f=8.288554e+07  g=1.187351e+07  ||x||=4.463936e-02  ||grad||=2.015988e+09  tau=3.382e-13  beta=9.760e-01
[iter  122/500] obj=9.474610e+07  f=8.286946e+07  g=1.187664e+07  ||x||=4.489189e-02  ||grad||=2.015022e+09  tau=3.382e-13  beta=9.762e-01
[iter  123/500] obj=9.473331e+07  f=8.285360e+07  g=1.187971e+07  ||x||=4.514353e-02  ||grad||=2.014072e+09  tau=3.382e-13  beta=9.764e-01
[iter  124/500] obj=9.472073e+07  f=8.283800e+07  g=1.188273e+07  ||x||=4.539428e-02  ||grad||=2.013133e+09  tau=3.382e-13  beta=9.765e-01
[iter  125/500] obj=9.470830e+07  f=8.282261e+07  g=1.188569e+07  ||x||=4.564417e-02  ||grad||=2.012218e+09  tau=3.382e-13  beta=9.767e-01
[iter  126/500] obj=9.469607e+07  f=8.280746e+07  g=1.188860e+07  ||x||=4.589318e-02  ||grad||=2.011328e+09  tau=3.382e-13  beta=9.769e-01
[iter  127/500] obj=9.468399e+07  f=8.279253e+07  g=1.189146e+07  ||x||=4.614133e-02  ||grad||=2.010443e+09  tau=3.382e-13  beta=9.771e-01
[iter  128/500] obj=9.467206e+07  f=8.277779e+07  g=1.189427e+07  ||x||=4.638862e-02  ||grad||=2.009561e+09  tau=3.382e-13  beta=9.773e-01
[iter  129/500] obj=9.466030e+07  f=8.276328e+07  g=1.189702e+07  ||x||=4.663507e-02  ||grad||=2.008688e+09  tau=3.382e-13  beta=9.774e-01
[iter  130/500] obj=9.464870e+07  f=8.274898e+07  g=1.189972e+07  ||x||=4.688068e-02  ||grad||=2.007821e+09  tau=3.382e-13  beta=9.776e-01
[iter  131/500] obj=9.463725e+07  f=8.273487e+07  g=1.190238e+07  ||x||=4.712547e-02  ||grad||=2.006970e+09  tau=3.382e-13  beta=9.778e-01
[iter  132/500] obj=9.462598e+07  f=8.272096e+07  g=1.190502e+07  ||x||=4.736942e-02  ||grad||=2.006129e+09  tau=3.382e-13  beta=9.779e-01
[iter  133/500] obj=9.461483e+07  f=8.270720e+07  g=1.190763e+07  ||x||=4.761257e-02  ||grad||=2.005293e+09  tau=3.382e-13  beta=9.781e-01
[iter  134/500] obj=9.460382e+07  f=8.269362e+07  g=1.191020e+07  ||x||=4.785490e-02  ||grad||=2.004475e+09  tau=3.382e-13  beta=9.783e-01
[iter  135/500] obj=9.459297e+07  f=8.268024e+07  g=1.191273e+07  ||x||=4.809641e-02  ||grad||=2.003672e+09  tau=3.382e-13  beta=9.784e-01
[iter  136/500] obj=9.458225e+07  f=8.266704e+07  g=1.191521e+07  ||x||=4.833714e-02  ||grad||=2.002877e+09  tau=3.382e-13  beta=9.786e-01
[iter  137/500] obj=9.457169e+07  f=8.265402e+07  g=1.191766e+07  ||x||=4.857706e-02  ||grad||=2.002099e+09  tau=3.382e-13  beta=9.787e-01
[iter  138/500] obj=9.456125e+07  f=8.264118e+07  g=1.192007e+07  ||x||=4.881620e-02  ||grad||=2.001331e+09  tau=3.382e-13  beta=9.789e-01
[iter  139/500] obj=9.455095e+07  f=8.262849e+07  g=1.192246e+07  ||x||=4.905456e-02  ||grad||=2.000574e+09  tau=3.382e-13  beta=9.790e-01
[iter  140/500] obj=9.454076e+07  f=8.261596e+07  g=1.192480e+07  ||x||=4.929213e-02  ||grad||=1.999820e+09  tau=3.382e-13  beta=9.792e-01
[iter  141/500] obj=9.453072e+07  f=8.260362e+07  g=1.192711e+07  ||x||=4.952893e-02  ||grad||=1.999080e+09  tau=3.382e-13  beta=9.793e-01
[iter  142/500] obj=9.452080e+07  f=8.259142e+07  g=1.192938e+07  ||x||=4.976497e-02  ||grad||=1.998355e+09  tau=3.382e-13  beta=9.794e-01
[iter  143/500] obj=9.451102e+07  f=8.257939e+07  g=1.193163e+07  ||x||=5.000024e-02  ||grad||=1.997642e+09  tau=3.382e-13  beta=9.796e-01
[iter  144/500] obj=9.450135e+07  f=8.256750e+07  g=1.193384e+07  ||x||=5.023474e-02  ||grad||=1.996946e+09  tau=3.382e-13  beta=9.797e-01
[iter  145/500] obj=9.449180e+07  f=8.255577e+07  g=1.193603e+07  ||x||=5.046849e-02  ||grad||=1.996260e+09  tau=3.382e-13  beta=9.799e-01
[iter  146/500] obj=9.448236e+07  f=8.254418e+07  g=1.193819e+07  ||x||=5.070148e-02  ||grad||=1.995588e+09  tau=3.382e-13  beta=9.800e-01
[iter  147/500] obj=9.447305e+07  f=8.253274e+07  g=1.194032e+07  ||x||=5.093373e-02  ||grad||=1.994927e+09  tau=3.382e-13  beta=9.801e-01
[iter  148/500] obj=9.446387e+07  f=8.252145e+07  g=1.194243e+07  ||x||=5.116522e-02  ||grad||=1.994283e+09  tau=3.382e-13  beta=9.803e-01
[iter  149/500] obj=9.445478e+07  f=8.251027e+07  g=1.194450e+07  ||x||=5.139596e-02  ||grad||=1.993648e+09  tau=3.382e-13  beta=9.804e-01
[iter  150/500] obj=9.444579e+07  f=8.249925e+07  g=1.194654e+07  ||x||=5.162596e-02  ||grad||=1.993024e+09  tau=3.382e-13  beta=9.805e-01
[iter  151/500] obj=9.443694e+07  f=8.248838e+07  g=1.194856e+07  ||x||=5.185522e-02  ||grad||=1.992410e+09  tau=3.382e-13  beta=9.806e-01
[iter  152/500] obj=9.442818e+07  f=8.247763e+07  g=1.195054e+07  ||x||=5.208374e-02  ||grad||=1.991797e+09  tau=3.382e-13  beta=9.808e-01
[iter  153/500] obj=9.441952e+07  f=8.246702e+07  g=1.195249e+07  ||x||=5.231152e-02  ||grad||=1.991196e+09  tau=3.382e-13  beta=9.809e-01
[iter  154/500] obj=9.441097e+07  f=8.245656e+07  g=1.195441e+07  ||x||=5.253857e-02  ||grad||=1.990612e+09  tau=3.382e-13  beta=9.810e-01
[iter  155/500] obj=9.440252e+07  f=8.244622e+07  g=1.195630e+07  ||x||=5.276488e-02  ||grad||=1.990038e+09  tau=3.382e-13  beta=9.811e-01
[iter  156/500] obj=9.439416e+07  f=8.243602e+07  g=1.195814e+07  ||x||=5.299047e-02  ||grad||=1.989479e+09  tau=3.382e-13  beta=9.813e-01
[iter  157/500] obj=9.438592e+07  f=8.242598e+07  g=1.195995e+07  ||x||=5.321533e-02  ||grad||=1.988929e+09  tau=3.382e-13  beta=9.814e-01
[iter  158/500] obj=9.437777e+07  f=8.241605e+07  g=1.196172e+07  ||x||=5.343947e-02  ||grad||=1.988375e+09  tau=3.382e-13  beta=9.815e-01
[iter  159/500] obj=9.436970e+07  f=8.240623e+07  g=1.196346e+07  ||x||=5.366290e-02  ||grad||=1.987838e+09  tau=3.382e-13  beta=9.816e-01
[iter  160/500] obj=9.436173e+07  f=8.239656e+07  g=1.196517e+07  ||x||=5.388561e-02  ||grad||=1.987310e+09  tau=3.382e-13  beta=9.817e-01
[iter  161/500] obj=9.435386e+07  f=8.238701e+07  g=1.196685e+07  ||x||=5.410761e-02  ||grad||=1.986792e+09  tau=3.382e-13  beta=9.818e-01
[iter  162/500] obj=9.434606e+07  f=8.237756e+07  g=1.196850e+07  ||x||=5.432890e-02  ||grad||=1.986276e+09  tau=3.382e-13  beta=9.819e-01
[iter  163/500] obj=9.433836e+07  f=8.236825e+07  g=1.197011e+07  ||x||=5.454950e-02  ||grad||=1.985774e+09  tau=3.382e-13  beta=9.820e-01
[iter  164/500] obj=9.433076e+07  f=8.235906e+07  g=1.197169e+07  ||x||=5.476940e-02  ||grad||=1.985282e+09  tau=3.382e-13  beta=9.821e-01
[iter  165/500] obj=9.432323e+07  f=8.234998e+07  g=1.197324e+07  ||x||=5.498860e-02  ||grad||=1.984791e+09  tau=3.382e-13  beta=9.823e-01
[iter  166/500] obj=9.431579e+07  f=8.234102e+07  g=1.197476e+07  ||x||=5.520712e-02  ||grad||=1.984313e+09  tau=3.382e-13  beta=9.824e-01
[iter  167/500] obj=9.430844e+07  f=8.233218e+07  g=1.197626e+07  ||x||=5.542495e-02  ||grad||=1.983847e+09  tau=3.382e-13  beta=9.825e-01
[iter  168/500] obj=9.430116e+07  f=8.232342e+07  g=1.197773e+07  ||x||=5.564210e-02  ||grad||=1.983383e+09  tau=3.382e-13  beta=9.826e-01
[iter  169/500] obj=9.429396e+07  f=8.231479e+07  g=1.197917e+07  ||x||=5.585858e-02  ||grad||=1.982929e+09  tau=3.382e-13  beta=9.827e-01
[iter  170/500] obj=9.428684e+07  f=8.230626e+07  g=1.198058e+07  ||x||=5.607438e-02  ||grad||=1.982481e+09  tau=3.382e-13  beta=9.828e-01
[iter  171/500] obj=9.427980e+07  f=8.229786e+07  g=1.198195e+07  ||x||=5.628952e-02  ||grad||=1.982040e+09  tau=3.382e-13  beta=9.829e-01
[iter  172/500] obj=9.427285e+07  f=8.228956e+07  g=1.198329e+07  ||x||=5.650400e-02  ||grad||=1.981610e+09  tau=3.382e-13  beta=9.830e-01
[iter  173/500] obj=9.426597e+07  f=8.228136e+07  g=1.198461e+07  ||x||=5.671783e-02  ||grad||=1.981190e+09  tau=3.382e-13  beta=9.831e-01
[iter  174/500] obj=9.425916e+07  f=8.227326e+07  g=1.198591e+07  ||x||=5.693100e-02  ||grad||=1.980775e+09  tau=3.382e-13  beta=9.832e-01
[iter  175/500] obj=9.425242e+07  f=8.226524e+07  g=1.198718e+07  ||x||=5.714353e-02  ||grad||=1.980365e+09  tau=3.382e-13  beta=9.832e-01
[iter  176/500] obj=9.424576e+07  f=8.225734e+07  g=1.198842e+07  ||x||=5.735542e-02  ||grad||=1.979967e+09  tau=3.382e-13  beta=9.833e-01
[iter  177/500] obj=9.423917e+07  f=8.224953e+07  g=1.198964e+07  ||x||=5.756667e-02  ||grad||=1.979576e+09  tau=3.382e-13  beta=9.834e-01
[iter  178/500] obj=9.423265e+07  f=8.224181e+07  g=1.199084e+07  ||x||=5.777728e-02  ||grad||=1.979188e+09  tau=3.382e-13  beta=9.835e-01
[iter  179/500] obj=9.422620e+07  f=8.223418e+07  g=1.199202e+07  ||x||=5.798728e-02  ||grad||=1.978805e+09  tau=3.382e-13  beta=9.836e-01
[iter  180/500] obj=9.421982e+07  f=8.222664e+07  g=1.199318e+07  ||x||=5.819665e-02  ||grad||=1.978429e+09  tau=3.382e-13  beta=9.837e-01
[iter  181/500] obj=9.421350e+07  f=8.221918e+07  g=1.199432e+07  ||x||=5.840541e-02  ||grad||=1.978058e+09  tau=3.382e-13  beta=9.838e-01
[iter  182/500] obj=9.420725e+07  f=8.221182e+07  g=1.199544e+07  ||x||=5.861355e-02  ||grad||=1.977695e+09  tau=3.382e-13  beta=9.839e-01
[iter  183/500] obj=9.420108e+07  f=8.220454e+07  g=1.199654e+07  ||x||=5.882109e-02  ||grad||=1.977336e+09  tau=3.382e-13  beta=9.840e-01
[iter  184/500] obj=9.419496e+07  f=8.219733e+07  g=1.199763e+07  ||x||=5.902803e-02  ||grad||=1.976982e+09  tau=3.382e-13  beta=9.841e-01
[iter  185/500] obj=9.418891e+07  f=8.219020e+07  g=1.199871e+07  ||x||=5.923437e-02  ||grad||=1.976637e+09  tau=3.382e-13  beta=9.841e-01
[iter  186/500] obj=9.418292e+07  f=8.218314e+07  g=1.199978e+07  ||x||=5.944011e-02  ||grad||=1.976299e+09  tau=3.382e-13  beta=9.842e-01
[iter  187/500] obj=9.417700e+07  f=8.217617e+07  g=1.200083e+07  ||x||=5.964527e-02  ||grad||=1.975961e+09  tau=3.382e-13  beta=9.843e-01
[iter  188/500] obj=9.417114e+07  f=8.216926e+07  g=1.200187e+07  ||x||=5.984983e-02  ||grad||=1.975626e+09  tau=3.382e-13  beta=9.844e-01
[iter  189/500] obj=9.416532e+07  f=8.216243e+07  g=1.200289e+07  ||x||=6.005381e-02  ||grad||=1.975290e+09  tau=3.382e-13  beta=9.845e-01
[iter  190/500] obj=9.415959e+07  f=8.215570e+07  g=1.200389e+07  ||x||=6.025722e-02  ||grad||=1.974962e+09  tau=3.382e-13  beta=9.845e-01
[iter  191/500] obj=9.415390e+07  f=8.214902e+07  g=1.200487e+07  ||x||=6.046006e-02  ||grad||=1.974635e+09  tau=3.382e-13  beta=9.846e-01
[iter  192/500] obj=9.414826e+07  f=8.214243e+07  g=1.200582e+07  ||x||=6.066232e-02  ||grad||=1.974321e+09  tau=3.382e-13  beta=9.847e-01
[iter  193/500] obj=9.414270e+07  f=8.213594e+07  g=1.200676e+07  ||x||=6.086402e-02  ||grad||=1.974013e+09  tau=3.382e-13  beta=9.848e-01
[iter  194/500] obj=9.413718e+07  f=8.212949e+07  g=1.200769e+07  ||x||=6.106516e-02  ||grad||=1.973705e+09  tau=3.382e-13  beta=9.849e-01
[iter  195/500] obj=9.413172e+07  f=8.212312e+07  g=1.200860e+07  ||x||=6.126574e-02  ||grad||=1.973408e+09  tau=3.382e-13  beta=9.849e-01
[iter  196/500] obj=9.412632e+07  f=8.211682e+07  g=1.200950e+07  ||x||=6.146577e-02  ||grad||=1.973113e+09  tau=3.382e-13  beta=9.850e-01
[iter  197/500] obj=9.412096e+07  f=8.211057e+07  g=1.201039e+07  ||x||=6.166525e-02  ||grad||=1.972823e+09  tau=3.382e-13  beta=9.851e-01
[iter  198/500] obj=9.411566e+07  f=8.210441e+07  g=1.201126e+07  ||x||=6.186418e-02  ||grad||=1.972537e+09  tau=3.382e-13  beta=9.852e-01
[iter  199/500] obj=9.411042e+07  f=8.209830e+07  g=1.201212e+07  ||x||=6.206257e-02  ||grad||=1.972262e+09  tau=3.382e-13  beta=9.852e-01
[iter  200/500] obj=9.410524e+07  f=8.209226e+07  g=1.201298e+07  ||x||=6.226042e-02  ||grad||=1.971986e+09  tau=3.382e-13  beta=9.853e-01
[iter  201/500] obj=9.410010e+07  f=8.208627e+07  g=1.201383e+07  ||x||=6.245774e-02  ||grad||=1.971718e+09  tau=3.382e-13  beta=9.854e-01
[iter  202/500] obj=9.409502e+07  f=8.208034e+07  g=1.201469e+07  ||x||=6.265451e-02  ||grad||=1.971455e+09  tau=3.382e-13  beta=9.854e-01
[iter  203/500] obj=9.408998e+07  f=8.207444e+07  g=1.201554e+07  ||x||=6.285075e-02  ||grad||=1.971192e+09  tau=3.382e-13  beta=9.855e-01
[iter  204/500] obj=9.408500e+07  f=8.206861e+07  g=1.201639e+07  ||x||=6.304646e-02  ||grad||=1.970932e+09  tau=3.382e-13  beta=9.856e-01
[iter  205/500] obj=9.408005e+07  f=8.206282e+07  g=1.201724e+07  ||x||=6.324163e-02  ||grad||=1.970673e+09  tau=3.382e-13  beta=9.857e-01
[iter  206/500] obj=9.407519e+07  f=8.205710e+07  g=1.201809e+07  ||x||=6.343628e-02  ||grad||=1.970425e+09  tau=3.382e-13  beta=9.857e-01
[iter  207/500] obj=9.407034e+07  f=8.205141e+07  g=1.201894e+07  ||x||=6.363039e-02  ||grad||=1.970177e+09  tau=3.382e-13  beta=9.858e-01
[iter  208/500] obj=9.406555e+07  f=8.204578e+07  g=1.201977e+07  ||x||=6.382397e-02  ||grad||=1.969937e+09  tau=3.382e-13  beta=9.859e-01
[iter  209/500] obj=9.406081e+07  f=8.204021e+07  g=1.202060e+07  ||x||=6.401702e-02  ||grad||=1.969699e+09  tau=3.382e-13  beta=9.859e-01
[iter  210/500] obj=9.405611e+07  f=8.203470e+07  g=1.202141e+07  ||x||=6.420955e-02  ||grad||=1.969457e+09  tau=3.382e-13  beta=9.860e-01
[iter  211/500] obj=9.405146e+07  f=8.202925e+07  g=1.202221e+07  ||x||=6.440154e-02  ||grad||=1.969224e+09  tau=3.382e-13  beta=9.861e-01
[iter  212/500] obj=9.404686e+07  f=8.202385e+07  g=1.202301e+07  ||x||=6.459302e-02  ||grad||=1.968994e+09  tau=3.382e-13  beta=9.861e-01
[iter  213/500] obj=9.404229e+07  f=8.201850e+07  g=1.202380e+07  ||x||=6.478397e-02  ||grad||=1.968765e+09  tau=3.382e-13  beta=9.862e-01
[iter  214/500] obj=9.403778e+07  f=8.201322e+07  g=1.202456e+07  ||x||=6.497440e-02  ||grad||=1.968541e+09  tau=3.382e-13  beta=9.862e-01
[iter  215/500] obj=9.403332e+07  f=8.200798e+07  g=1.202533e+07  ||x||=6.516430e-02  ||grad||=1.968320e+09  tau=3.382e-13  beta=9.863e-01
[iter  216/500] obj=9.402889e+07  f=8.200278e+07  g=1.202610e+07  ||x||=6.535367e-02  ||grad||=1.968091e+09  tau=3.382e-13  beta=9.864e-01
[iter  217/500] obj=9.402449e+07  f=8.199763e+07  g=1.202686e+07  ||x||=6.554253e-02  ||grad||=1.967868e+09  tau=3.382e-13  beta=9.864e-01
[iter  218/500] obj=9.402014e+07  f=8.199254e+07  g=1.202760e+07  ||x||=6.573086e-02  ||grad||=1.967644e+09  tau=3.382e-13  beta=9.865e-01
[iter  219/500] obj=9.401584e+07  f=8.198750e+07  g=1.202834e+07  ||x||=6.591868e-02  ||grad||=1.967423e+09  tau=3.382e-13  beta=9.866e-01
[iter  220/500] obj=9.401156e+07  f=8.198251e+07  g=1.202905e+07  ||x||=6.610598e-02  ||grad||=1.967204e+09  tau=3.382e-13  beta=9.866e-01
[iter  221/500] obj=9.400733e+07  f=8.197758e+07  g=1.202975e+07  ||x||=6.629276e-02  ||grad||=1.966978e+09  tau=3.382e-13  beta=9.867e-01
[iter  222/500] obj=9.400315e+07  f=8.197271e+07  g=1.203043e+07  ||x||=6.647903e-02  ||grad||=1.966752e+09  tau=3.382e-13  beta=9.867e-01
[iter  223/500] obj=9.399901e+07  f=8.196790e+07  g=1.203111e+07  ||x||=6.666479e-02  ||grad||=1.966531e+09  tau=3.382e-13  beta=9.868e-01
[iter  224/500] obj=9.399489e+07  f=8.196312e+07  g=1.203177e+07  ||x||=6.685005e-02  ||grad||=1.966308e+09  tau=3.382e-13  beta=9.869e-01
[iter  225/500] obj=9.399082e+07  f=8.195840e+07  g=1.203242e+07  ||x||=6.703479e-02  ||grad||=1.966091e+09  tau=3.382e-13  beta=9.869e-01
[iter  226/500] obj=9.398681e+07  f=8.195373e+07  g=1.203308e+07  ||x||=6.721903e-02  ||grad||=1.965871e+09  tau=3.382e-13  beta=9.870e-01
[iter  227/500] obj=9.398280e+07  f=8.194908e+07  g=1.203372e+07  ||x||=6.740277e-02  ||grad||=1.965651e+09  tau=3.382e-13  beta=9.870e-01
[iter  228/500] obj=9.397885e+07  f=8.194450e+07  g=1.203436e+07  ||x||=6.758602e-02  ||grad||=1.965435e+09  tau=3.382e-13  beta=9.871e-01
[iter  229/500] obj=9.397492e+07  f=8.193994e+07  g=1.203498e+07  ||x||=6.776877e-02  ||grad||=1.965218e+09  tau=3.382e-13  beta=9.871e-01
[iter  230/500] obj=9.397104e+07  f=8.193545e+07  g=1.203559e+07  ||x||=6.795102e-02  ||grad||=1.965005e+09  tau=3.382e-13  beta=9.872e-01
[iter  231/500] obj=9.396719e+07  f=8.193099e+07  g=1.203620e+07  ||x||=6.813277e-02  ||grad||=1.964798e+09  tau=3.382e-13  beta=9.872e-01
[iter  232/500] obj=9.396337e+07  f=8.192658e+07  g=1.203680e+07  ||x||=6.831405e-02  ||grad||=1.964590e+09  tau=3.382e-13  beta=9.873e-01
[iter  233/500] obj=9.395960e+07  f=8.192221e+07  g=1.203739e+07  ||x||=6.849483e-02  ||grad||=1.964384e+09  tau=3.382e-13  beta=9.874e-01
[iter  234/500] obj=9.395584e+07  f=8.191787e+07  g=1.203797e+07  ||x||=6.867513e-02  ||grad||=1.964179e+09  tau=3.382e-13  beta=9.874e-01
[iter  235/500] obj=9.395215e+07  f=8.191360e+07  g=1.203855e+07  ||x||=6.885495e-02  ||grad||=1.963980e+09  tau=3.382e-13  beta=9.875e-01
[iter  236/500] obj=9.394846e+07  f=8.190934e+07  g=1.203912e+07  ||x||=6.903429e-02  ||grad||=1.963783e+09  tau=3.382e-13  beta=9.875e-01
[iter  237/500] obj=9.394481e+07  f=8.190514e+07  g=1.203967e+07  ||x||=6.921314e-02  ||grad||=1.963582e+09  tau=3.382e-13  beta=9.876e-01
[iter  238/500] obj=9.394121e+07  f=8.190098e+07  g=1.204023e+07  ||x||=6.939153e-02  ||grad||=1.963386e+09  tau=3.382e-13  beta=9.876e-01
[iter  239/500] obj=9.393763e+07  f=8.189685e+07  g=1.204078e+07  ||x||=6.956945e-02  ||grad||=1.963200e+09  tau=3.382e-13  beta=9.877e-01
[iter  240/500] obj=9.393408e+07  f=8.189275e+07  g=1.204133e+07  ||x||=6.974689e-02  ||grad||=1.963016e+09  tau=3.382e-13  beta=9.877e-01
[iter  241/500] obj=9.393058e+07  f=8.188870e+07  g=1.204188e+07  ||x||=6.992386e-02  ||grad||=1.962835e+09  tau=3.382e-13  beta=9.878e-01
[iter  242/500] obj=9.392709e+07  f=8.188466e+07  g=1.204242e+07  ||x||=7.010037e-02  ||grad||=1.962654e+09  tau=3.382e-13  beta=9.878e-01
[iter  243/500] obj=9.392364e+07  f=8.188068e+07  g=1.204296e+07  ||x||=7.027641e-02  ||grad||=1.962473e+09  tau=3.382e-13  beta=9.879e-01
[iter  244/500] obj=9.392023e+07  f=8.187674e+07  g=1.204348e+07  ||x||=7.045198e-02  ||grad||=1.962297e+09  tau=3.382e-13  beta=9.879e-01
[iter  245/500] obj=9.391683e+07  f=8.187283e+07  g=1.204400e+07  ||x||=7.062709e-02  ||grad||=1.962126e+09  tau=3.382e-13  beta=9.880e-01
[iter  246/500] obj=9.391347e+07  f=8.186896e+07  g=1.204451e+07  ||x||=7.080173e-02  ||grad||=1.961954e+09  tau=3.382e-13  beta=9.880e-01
[iter  247/500] obj=9.391014e+07  f=8.186512e+07  g=1.204502e+07  ||x||=7.097592e-02  ||grad||=1.961785e+09  tau=3.382e-13  beta=9.881e-01
[iter  248/500] obj=9.390684e+07  f=8.186131e+07  g=1.204553e+07  ||x||=7.114965e-02  ||grad||=1.961617e+09  tau=3.382e-13  beta=9.881e-01
[iter  249/500] obj=9.390357e+07  f=8.185755e+07  g=1.204602e+07  ||x||=7.132291e-02  ||grad||=1.961456e+09  tau=3.382e-13  beta=9.882e-01
[iter  250/500] obj=9.390033e+07  f=8.185382e+07  g=1.204650e+07  ||x||=7.149573e-02  ||grad||=1.961297e+09  tau=3.382e-13  beta=9.882e-01
[iter  251/500] obj=9.389711e+07  f=8.185013e+07  g=1.204699e+07  ||x||=7.166808e-02  ||grad||=1.961141e+09  tau=3.382e-13  beta=9.882e-01
[iter  252/500] obj=9.389394e+07  f=8.184647e+07  g=1.204747e+07  ||x||=7.183998e-02  ||grad||=1.960984e+09  tau=3.382e-13  beta=9.883e-01
[iter  253/500] obj=9.389079e+07  f=8.184283e+07  g=1.204795e+07  ||x||=7.201143e-02  ||grad||=1.960830e+09  tau=3.382e-13  beta=9.883e-01
[iter  254/500] obj=9.388765e+07  f=8.183922e+07  g=1.204843e+07  ||x||=7.218242e-02  ||grad||=1.960673e+09  tau=3.382e-13  beta=9.884e-01
[iter  255/500] obj=9.388455e+07  f=8.183565e+07  g=1.204890e+07  ||x||=7.235297e-02  ||grad||=1.960523e+09  tau=3.382e-13  beta=9.884e-01
[iter  256/500] obj=9.388148e+07  f=8.183211e+07  g=1.204937e+07  ||x||=7.252306e-02  ||grad||=1.960372e+09  tau=3.382e-13  beta=9.885e-01
[iter  257/500] obj=9.387844e+07  f=8.182861e+07  g=1.204983e+07  ||x||=7.269270e-02  ||grad||=1.960226e+09  tau=3.382e-13  beta=9.885e-01
[iter  258/500] obj=9.387541e+07  f=8.182511e+07  g=1.205030e+07  ||x||=7.286189e-02  ||grad||=1.960080e+09  tau=3.382e-13  beta=9.886e-01
[iter  259/500] obj=9.387240e+07  f=8.182166e+07  g=1.205075e+07  ||x||=7.303064e-02  ||grad||=1.959934e+09  tau=3.382e-13  beta=9.886e-01
[iter  260/500] obj=9.386945e+07  f=8.181826e+07  g=1.205119e+07  ||x||=7.319894e-02  ||grad||=1.959793e+09  tau=3.382e-13  beta=9.886e-01
[iter  261/500] obj=9.386649e+07  f=8.181486e+07  g=1.205163e+07  ||x||=7.336678e-02  ||grad||=1.959654e+09  tau=3.382e-13  beta=9.887e-01
[iter  262/500] obj=9.386358e+07  f=8.181152e+07  g=1.205206e+07  ||x||=7.353419e-02  ||grad||=1.959514e+09  tau=3.382e-13  beta=9.887e-01
[iter  263/500] obj=9.386068e+07  f=8.180819e+07  g=1.205249e+07  ||x||=7.370116e-02  ||grad||=1.959371e+09  tau=3.382e-13  beta=9.888e-01
[iter  264/500] obj=9.385782e+07  f=8.180491e+07  g=1.205291e+07  ||x||=7.386767e-02  ||grad||=1.959227e+09  tau=3.382e-13  beta=9.888e-01
[iter  265/500] obj=9.385498e+07  f=8.180165e+07  g=1.205334e+07  ||x||=7.403374e-02  ||grad||=1.959087e+09  tau=3.382e-13  beta=9.889e-01
[iter  266/500] obj=9.385216e+07  f=8.179840e+07  g=1.205376e+07  ||x||=7.419939e-02  ||grad||=1.958952e+09  tau=3.382e-13  beta=9.889e-01
[iter  267/500] obj=9.384935e+07  f=8.179518e+07  g=1.205417e+07  ||x||=7.436458e-02  ||grad||=1.958817e+09  tau=3.382e-13  beta=9.889e-01
[iter  268/500] obj=9.384657e+07  f=8.179202e+07  g=1.205456e+07  ||x||=7.452933e-02  ||grad||=1.958683e+09  tau=3.382e-13  beta=9.890e-01
[iter  269/500] obj=9.384384e+07  f=8.178890e+07  g=1.205494e+07  ||x||=7.469366e-02  ||grad||=1.958556e+09  tau=3.382e-13  beta=9.890e-01
[iter  270/500] obj=9.384112e+07  f=8.178579e+07  g=1.205533e+07  ||x||=7.485754e-02  ||grad||=1.958433e+09  tau=3.382e-13  beta=9.891e-01
[iter  271/500] obj=9.383841e+07  f=8.178270e+07  g=1.205571e+07  ||x||=7.502098e-02  ||grad||=1.958306e+09  tau=3.382e-13  beta=9.891e-01
[iter  272/500] obj=9.383572e+07  f=8.177964e+07  g=1.205608e+07  ||x||=7.518400e-02  ||grad||=1.958182e+09  tau=3.382e-13  beta=9.891e-01
[iter  273/500] obj=9.383306e+07  f=8.177662e+07  g=1.205645e+07  ||x||=7.534657e-02  ||grad||=1.958057e+09  tau=3.382e-13  beta=9.892e-01
[iter  274/500] obj=9.383043e+07  f=8.177362e+07  g=1.205681e+07  ||x||=7.550872e-02  ||grad||=1.957938e+09  tau=3.382e-13  beta=9.892e-01
[iter  275/500] obj=9.382781e+07  f=8.177065e+07  g=1.205716e+07  ||x||=7.567044e-02  ||grad||=1.957818e+09  tau=3.382e-13  beta=9.893e-01
[iter  276/500] obj=9.382524e+07  f=8.176773e+07  g=1.205751e+07  ||x||=7.583173e-02  ||grad||=1.957699e+09  tau=3.382e-13  beta=9.893e-01
[iter  277/500] obj=9.382266e+07  f=8.176480e+07  g=1.205786e+07  ||x||=7.599258e-02  ||grad||=1.957578e+09  tau=3.382e-13  beta=9.893e-01
[iter  278/500] obj=9.382010e+07  f=8.176190e+07  g=1.205819e+07  ||x||=7.615301e-02  ||grad||=1.957460e+09  tau=3.382e-13  beta=9.894e-01
[iter  279/500] obj=9.381758e+07  f=8.175906e+07  g=1.205852e+07  ||x||=7.631302e-02  ||grad||=1.957347e+09  tau=3.382e-13  beta=9.894e-01
[iter  280/500] obj=9.381507e+07  f=8.175623e+07  g=1.205884e+07  ||x||=7.647260e-02  ||grad||=1.957238e+09  tau=3.382e-13  beta=9.894e-01
[iter  281/500] obj=9.381260e+07  f=8.175344e+07  g=1.205916e+07  ||x||=7.663175e-02  ||grad||=1.957137e+09  tau=3.382e-13  beta=9.895e-01
[iter  282/500] obj=9.381012e+07  f=8.175066e+07  g=1.205947e+07  ||x||=7.679048e-02  ||grad||=1.957033e+09  tau=3.382e-13  beta=9.895e-01
[iter  283/500] obj=9.380768e+07  f=8.174790e+07  g=1.205977e+07  ||x||=7.694879e-02  ||grad||=1.956927e+09  tau=3.382e-13  beta=9.896e-01
[iter  284/500] obj=9.380525e+07  f=8.174518e+07  g=1.206007e+07  ||x||=7.710668e-02  ||grad||=1.956825e+09  tau=3.382e-13  beta=9.896e-01
[iter  285/500] obj=9.380285e+07  f=8.174249e+07  g=1.206037e+07  ||x||=7.726414e-02  ||grad||=1.956729e+09  tau=3.382e-13  beta=9.896e-01
[iter  286/500] obj=9.380046e+07  f=8.173981e+07  g=1.206065e+07  ||x||=7.742118e-02  ||grad||=1.956628e+09  tau=3.382e-13  beta=9.897e-01
[iter  287/500] obj=9.379811e+07  f=8.173717e+07  g=1.206094e+07  ||x||=7.757781e-02  ||grad||=1.956531e+09  tau=3.382e-13  beta=9.897e-01
[iter  288/500] obj=9.379577e+07  f=8.173454e+07  g=1.206122e+07  ||x||=7.773402e-02  ||grad||=1.956435e+09  tau=3.382e-13  beta=9.897e-01
[iter  289/500] obj=9.379343e+07  f=8.173193e+07  g=1.206150e+07  ||x||=7.788981e-02  ||grad||=1.956338e+09  tau=3.382e-13  beta=9.898e-01
[iter  290/500] obj=9.379112e+07  f=8.172934e+07  g=1.206177e+07  ||x||=7.804518e-02  ||grad||=1.956244e+09  tau=3.382e-13  beta=9.898e-01
[iter  291/500] obj=9.378883e+07  f=8.172680e+07  g=1.206203e+07  ||x||=7.820014e-02  ||grad||=1.956153e+09  tau=3.382e-13  beta=9.898e-01
[iter  292/500] obj=9.378657e+07  f=8.172427e+07  g=1.206229e+07  ||x||=7.835467e-02  ||grad||=1.956063e+09  tau=3.382e-13  beta=9.899e-01
[iter  293/500] obj=9.378433e+07  f=8.172178e+07  g=1.206255e+07  ||x||=7.850880e-02  ||grad||=1.955973e+09  tau=3.382e-13  beta=9.899e-01
[iter  294/500] obj=9.378209e+07  f=8.171929e+07  g=1.206280e+07  ||x||=7.866251e-02  ||grad||=1.955882e+09  tau=3.382e-13  beta=9.899e-01
[iter  295/500] obj=9.377987e+07  f=8.171683e+07  g=1.206304e+07  ||x||=7.881580e-02  ||grad||=1.955795e+09  tau=3.382e-13  beta=9.900e-01
[iter  296/500] obj=9.377767e+07  f=8.171441e+07  g=1.206326e+07  ||x||=7.896868e-02  ||grad||=1.955715e+09  tau=3.382e-13  beta=9.900e-01
[iter  297/500] obj=9.377550e+07  f=8.171202e+07  g=1.206349e+07  ||x||=7.912115e-02  ||grad||=1.955637e+09  tau=3.382e-13  beta=9.900e-01
[iter  298/500] obj=9.377334e+07  f=8.170964e+07  g=1.206370e+07  ||x||=7.927320e-02  ||grad||=1.955554e+09  tau=3.382e-13  beta=9.901e-01
[iter  299/500] obj=9.377119e+07  f=8.170729e+07  g=1.206390e+07  ||x||=7.942485e-02  ||grad||=1.955472e+09  tau=3.382e-13  beta=9.901e-01
[iter  300/500] obj=9.376907e+07  f=8.170498e+07  g=1.206410e+07  ||x||=7.957608e-02  ||grad||=1.955397e+09  tau=3.382e-13  beta=9.901e-01
[iter  301/500] obj=9.376696e+07  f=8.170267e+07  g=1.206428e+07  ||x||=7.972691e-02  ||grad||=1.955321e+09  tau=3.382e-13  beta=9.902e-01
[iter  302/500] obj=9.376485e+07  f=8.170040e+07  g=1.206445e+07  ||x||=7.987733e-02  ||grad||=1.955249e+09  tau=3.382e-13  beta=9.902e-01
[iter  303/500] obj=9.376277e+07  f=8.169816e+07  g=1.206461e+07  ||x||=8.002734e-02  ||grad||=1.955182e+09  tau=3.382e-13  beta=9.902e-01
[iter  304/500] obj=9.376072e+07  f=8.169595e+07  g=1.206477e+07  ||x||=8.017695e-02  ||grad||=1.955116e+09  tau=3.382e-13  beta=9.903e-01
[iter  305/500] obj=9.375866e+07  f=8.169374e+07  g=1.206492e+07  ||x||=8.032615e-02  ||grad||=1.955045e+09  tau=3.382e-13  beta=9.903e-01
[iter  306/500] obj=9.375664e+07  f=8.169158e+07  g=1.206506e+07  ||x||=8.047496e-02  ||grad||=1.954979e+09  tau=3.382e-13  beta=9.903e-01
[iter  307/500] obj=9.375461e+07  f=8.168942e+07  g=1.206519e+07  ||x||=8.062336e-02  ||grad||=1.954921e+09  tau=3.382e-13  beta=9.904e-01
[iter  308/500] obj=9.375263e+07  f=8.168731e+07  g=1.206531e+07  ||x||=8.077136e-02  ||grad||=1.954863e+09  tau=3.382e-13  beta=9.904e-01
[iter  309/500] obj=9.375064e+07  f=8.168521e+07  g=1.206543e+07  ||x||=8.091896e-02  ||grad||=1.954808e+09  tau=3.382e-13  beta=9.904e-01
[iter  310/500] obj=9.374869e+07  f=8.168313e+07  g=1.206556e+07  ||x||=8.106617e-02  ||grad||=1.954753e+09  tau=3.382e-13  beta=9.905e-01
[iter  311/500] obj=9.374672e+07  f=8.168104e+07  g=1.206568e+07  ||x||=8.121298e-02  ||grad||=1.954702e+09  tau=3.382e-13  beta=9.905e-01
[iter  312/500] obj=9.374478e+07  f=8.167898e+07  g=1.206579e+07  ||x||=8.135938e-02  ||grad||=1.954653e+09  tau=3.382e-13  beta=9.905e-01
[iter  313/500] obj=9.374286e+07  f=8.167696e+07  g=1.206590e+07  ||x||=8.150540e-02  ||grad||=1.954604e+09  tau=3.382e-13  beta=9.905e-01
[iter  314/500] obj=9.374096e+07  f=8.167496e+07  g=1.206600e+07  ||x||=8.165102e-02  ||grad||=1.954556e+09  tau=3.382e-13  beta=9.906e-01
[iter  315/500] obj=9.373906e+07  f=8.167298e+07  g=1.206609e+07  ||x||=8.179625e-02  ||grad||=1.954511e+09  tau=3.382e-13  beta=9.906e-01
[iter  316/500] obj=9.373719e+07  f=8.167102e+07  g=1.206617e+07  ||x||=8.194109e-02  ||grad||=1.954471e+09  tau=3.382e-13  beta=9.906e-01
[iter  317/500] obj=9.373532e+07  f=8.166907e+07  g=1.206625e+07  ||x||=8.208553e-02  ||grad||=1.954433e+09  tau=3.382e-13  beta=9.907e-01
[iter  318/500] obj=9.373348e+07  f=8.166715e+07  g=1.206633e+07  ||x||=8.222958e-02  ||grad||=1.954400e+09  tau=3.382e-13  beta=9.907e-01
[iter  319/500] obj=9.373164e+07  f=8.166525e+07  g=1.206640e+07  ||x||=8.237325e-02  ||grad||=1.954366e+09  tau=3.382e-13  beta=9.907e-01
[iter  320/500] obj=9.372981e+07  f=8.166336e+07  g=1.206645e+07  ||x||=8.251654e-02  ||grad||=1.954334e+09  tau=3.382e-13  beta=9.908e-01
[iter  321/500] obj=9.372802e+07  f=8.166150e+07  g=1.206651e+07  ||x||=8.265942e-02  ||grad||=1.954308e+09  tau=3.382e-13  beta=9.908e-01
[iter  322/500] obj=9.372622e+07  f=8.165966e+07  g=1.206657e+07  ||x||=8.280193e-02  ||grad||=1.954277e+09  tau=3.382e-13  beta=9.908e-01
[iter  323/500] obj=9.372444e+07  f=8.165782e+07  g=1.206662e+07  ||x||=8.294405e-02  ||grad||=1.954246e+09  tau=3.382e-13  beta=9.908e-01
[iter  324/500] obj=9.372267e+07  f=8.165602e+07  g=1.206666e+07  ||x||=8.308578e-02  ||grad||=1.954217e+09  tau=3.382e-13  beta=9.909e-01
[iter  325/500] obj=9.372093e+07  f=8.165424e+07  g=1.206669e+07  ||x||=8.322714e-02  ||grad||=1.954193e+09  tau=3.382e-13  beta=9.909e-01
[iter  326/500] obj=9.371920e+07  f=8.165248e+07  g=1.206672e+07  ||x||=8.336810e-02  ||grad||=1.954167e+09  tau=3.382e-13  beta=9.909e-01
[iter  327/500] obj=9.371747e+07  f=8.165073e+07  g=1.206674e+07  ||x||=8.350870e-02  ||grad||=1.954140e+09  tau=3.382e-13  beta=9.909e-01
[iter  328/500] obj=9.371575e+07  f=8.164899e+07  g=1.206676e+07  ||x||=8.364891e-02  ||grad||=1.954111e+09  tau=3.382e-13  beta=9.910e-01
[iter  329/500] obj=9.371406e+07  f=8.164730e+07  g=1.206676e+07  ||x||=8.378875e-02  ||grad||=1.954083e+09  tau=3.382e-13  beta=9.910e-01
[iter  330/500] obj=9.371236e+07  f=8.164560e+07  g=1.206676e+07  ||x||=8.392821e-02  ||grad||=1.954056e+09  tau=3.382e-13  beta=9.910e-01
[iter  331/500] obj=9.371070e+07  f=8.164395e+07  g=1.206675e+07  ||x||=8.406729e-02  ||grad||=1.954029e+09  tau=3.382e-13  beta=9.911e-01
[iter  332/500] obj=9.370904e+07  f=8.164230e+07  g=1.206673e+07  ||x||=8.420601e-02  ||grad||=1.954002e+09  tau=3.382e-13  beta=9.911e-01
[iter  333/500] obj=9.370739e+07  f=8.164067e+07  g=1.206672e+07  ||x||=8.434435e-02  ||grad||=1.953976e+09  tau=3.382e-13  beta=9.911e-01
[iter  334/500] obj=9.370575e+07  f=8.163906e+07  g=1.206669e+07  ||x||=8.448233e-02  ||grad||=1.953948e+09  tau=3.382e-13  beta=9.911e-01
[iter  335/500] obj=9.370412e+07  f=8.163746e+07  g=1.206666e+07  ||x||=8.461995e-02  ||grad||=1.953923e+09  tau=3.382e-13  beta=9.912e-01
[iter  336/500] obj=9.370250e+07  f=8.163587e+07  g=1.206663e+07  ||x||=8.475720e-02  ||grad||=1.953896e+09  tau=3.382e-13  beta=9.912e-01
[iter  337/500] obj=9.370092e+07  f=8.163432e+07  g=1.206660e+07  ||x||=8.489410e-02  ||grad||=1.953870e+09  tau=3.382e-13  beta=9.912e-01
[iter  338/500] obj=9.369933e+07  f=8.163277e+07  g=1.206656e+07  ||x||=8.503063e-02  ||grad||=1.953845e+09  tau=3.382e-13  beta=9.912e-01
[iter  339/500] obj=9.369774e+07  f=8.163122e+07  g=1.206652e+07  ||x||=8.516680e-02  ||grad||=1.953822e+09  tau=3.382e-13  beta=9.913e-01
[iter  340/500] obj=9.369617e+07  f=8.162970e+07  g=1.206648e+07  ||x||=8.530264e-02  ||grad||=1.953807e+09  tau=3.382e-13  beta=9.913e-01
[iter  341/500] obj=9.369462e+07  f=8.162819e+07  g=1.206643e+07  ||x||=8.543810e-02  ||grad||=1.953789e+09  tau=3.382e-13  beta=9.913e-01
[iter  342/500] obj=9.369308e+07  f=8.162670e+07  g=1.206638e+07  ||x||=8.557322e-02  ||grad||=1.953773e+09  tau=3.382e-13  beta=9.913e-01
[iter  343/500] obj=9.369154e+07  f=8.162522e+07  g=1.206633e+07  ||x||=8.570799e-02  ||grad||=1.953762e+09  tau=3.382e-13  beta=9.914e-01
[iter  344/500] obj=9.369003e+07  f=8.162376e+07  g=1.206627e+07  ||x||=8.584242e-02  ||grad||=1.953746e+09  tau=3.382e-13  beta=9.914e-01
[iter  345/500] obj=9.368852e+07  f=8.162230e+07  g=1.206622e+07  ||x||=8.597650e-02  ||grad||=1.953728e+09  tau=3.382e-13  beta=9.914e-01
[iter  346/500] obj=9.368702e+07  f=8.162086e+07  g=1.206615e+07  ||x||=8.611023e-02  ||grad||=1.953710e+09  tau=3.382e-13  beta=9.914e-01
[iter  347/500] obj=9.368553e+07  f=8.161944e+07  g=1.206609e+07  ||x||=8.624362e-02  ||grad||=1.953696e+09  tau=3.382e-13  beta=9.915e-01
[iter  348/500] obj=9.368405e+07  f=8.161803e+07  g=1.206602e+07  ||x||=8.637667e-02  ||grad||=1.953677e+09  tau=3.382e-13  beta=9.915e-01
[iter  349/500] obj=9.368259e+07  f=8.161663e+07  g=1.206596e+07  ||x||=8.650939e-02  ||grad||=1.953662e+09  tau=3.382e-13  beta=9.915e-01
[iter  350/500] obj=9.368113e+07  f=8.161524e+07  g=1.206589e+07  ||x||=8.664177e-02  ||grad||=1.953645e+09  tau=3.382e-13  beta=9.915e-01
[iter  351/500] obj=9.367970e+07  f=8.161387e+07  g=1.206582e+07  ||x||=8.677382e-02  ||grad||=1.953633e+09  tau=3.382e-13  beta=9.916e-01
[iter  352/500] obj=9.367826e+07  f=8.161250e+07  g=1.206576e+07  ||x||=8.690554e-02  ||grad||=1.953617e+09  tau=3.382e-13  beta=9.916e-01
[iter  353/500] obj=9.367683e+07  f=8.161114e+07  g=1.206569e+07  ||x||=8.703692e-02  ||grad||=1.953601e+09  tau=3.382e-13  beta=9.916e-01
[iter  354/500] obj=9.367542e+07  f=8.160979e+07  g=1.206562e+07  ||x||=8.716797e-02  ||grad||=1.953586e+09  tau=3.382e-13  beta=9.916e-01
[iter  355/500] obj=9.367401e+07  f=8.160846e+07  g=1.206556e+07  ||x||=8.729870e-02  ||grad||=1.953569e+09  tau=3.382e-13  beta=9.917e-01
[iter  356/500] obj=9.367263e+07  f=8.160714e+07  g=1.206549e+07  ||x||=8.742910e-02  ||grad||=1.953556e+09  tau=3.382e-13  beta=9.917e-01
[iter  357/500] obj=9.367124e+07  f=8.160582e+07  g=1.206543e+07  ||x||=8.755918e-02  ||grad||=1.953544e+09  tau=3.382e-13  beta=9.917e-01
[iter  358/500] obj=9.366987e+07  f=8.160451e+07  g=1.206536e+07  ||x||=8.768893e-02  ||grad||=1.953532e+09  tau=3.382e-13  beta=9.917e-01
[iter  359/500] obj=9.366851e+07  f=8.160321e+07  g=1.206530e+07  ||x||=8.781836e-02  ||grad||=1.953519e+09  tau=3.382e-13  beta=9.917e-01
[iter  360/500] obj=9.366716e+07  f=8.160192e+07  g=1.206524e+07  ||x||=8.794747e-02  ||grad||=1.953507e+09  tau=3.382e-13  beta=9.918e-01
[iter  361/500] obj=9.366583e+07  f=8.160063e+07  g=1.206519e+07  ||x||=8.807626e-02  ||grad||=1.953494e+09  tau=3.382e-13  beta=9.918e-01
[iter  362/500] obj=9.366450e+07  f=8.159934e+07  g=1.206515e+07  ||x||=8.820473e-02  ||grad||=1.953482e+09  tau=3.382e-13  beta=9.918e-01
[iter  363/500] obj=9.366317e+07  f=8.159805e+07  g=1.206512e+07  ||x||=8.833288e-02  ||grad||=1.953470e+09  tau=3.382e-13  beta=9.918e-01
[iter  364/500] obj=9.366185e+07  f=8.159676e+07  g=1.206509e+07  ||x||=8.846071e-02  ||grad||=1.953458e+09  tau=3.382e-13  beta=9.919e-01
[iter  365/500] obj=9.366054e+07  f=8.159549e+07  g=1.206505e+07  ||x||=8.858822e-02  ||grad||=1.953445e+09  tau=3.382e-13  beta=9.919e-01
[iter  366/500] obj=9.365924e+07  f=8.159422e+07  g=1.206502e+07  ||x||=8.871543e-02  ||grad||=1.953431e+09  tau=3.382e-13  beta=9.919e-01
[iter  367/500] obj=9.365796e+07  f=8.159298e+07  g=1.206498e+07  ||x||=8.884230e-02  ||grad||=1.953422e+09  tau=3.382e-13  beta=9.919e-01
[iter  368/500] obj=9.365669e+07  f=8.159174e+07  g=1.206495e+07  ||x||=8.896887e-02  ||grad||=1.953414e+09  tau=3.382e-13  beta=9.919e-01
[iter  369/500] obj=9.365542e+07  f=8.159050e+07  g=1.206491e+07  ||x||=8.909512e-02  ||grad||=1.953408e+09  tau=3.382e-13  beta=9.920e-01
[iter  370/500] obj=9.365415e+07  f=8.158928e+07  g=1.206487e+07  ||x||=8.922106e-02  ||grad||=1.953400e+09  tau=3.382e-13  beta=9.920e-01
[iter  371/500] obj=9.365292e+07  f=8.158809e+07  g=1.206483e+07  ||x||=8.934668e-02  ||grad||=1.953391e+09  tau=3.382e-13  beta=9.920e-01
[iter  372/500] obj=9.365167e+07  f=8.158688e+07  g=1.206479e+07  ||x||=8.947200e-02  ||grad||=1.953382e+09  tau=3.382e-13  beta=9.920e-01
[iter  373/500] obj=9.365043e+07  f=8.158569e+07  g=1.206474e+07  ||x||=8.959700e-02  ||grad||=1.953373e+09  tau=3.382e-13  beta=9.921e-01
[iter  374/500] obj=9.364921e+07  f=8.158452e+07  g=1.206469e+07  ||x||=8.972169e-02  ||grad||=1.953368e+09  tau=3.382e-13  beta=9.921e-01
[iter  375/500] obj=9.364799e+07  f=8.158335e+07  g=1.206464e+07  ||x||=8.984606e-02  ||grad||=1.953365e+09  tau=3.382e-13  beta=9.921e-01
[iter  376/500] obj=9.364679e+07  f=8.158221e+07  g=1.206458e+07  ||x||=8.997013e-02  ||grad||=1.953361e+09  tau=3.382e-13  beta=9.921e-01
[iter  377/500] obj=9.364560e+07  f=8.158107e+07  g=1.206452e+07  ||x||=9.009389e-02  ||grad||=1.953362e+09  tau=3.382e-13  beta=9.921e-01
[iter  378/500] obj=9.364440e+07  f=8.157994e+07  g=1.206447e+07  ||x||=9.021734e-02  ||grad||=1.953362e+09  tau=3.382e-13  beta=9.922e-01
[iter  379/500] obj=9.364321e+07  f=8.157880e+07  g=1.206441e+07  ||x||=9.034049e-02  ||grad||=1.953361e+09  tau=3.382e-13  beta=9.922e-01
[iter  380/500] obj=9.364204e+07  f=8.157768e+07  g=1.206436e+07  ||x||=9.046332e-02  ||grad||=1.953358e+09  tau=3.382e-13  beta=9.922e-01
[iter  381/500] obj=9.364087e+07  f=8.157658e+07  g=1.206429e+07  ||x||=9.058585e-02  ||grad||=1.953352e+09  tau=3.382e-13  beta=9.922e-01
[iter  382/500] obj=9.363971e+07  f=8.157549e+07  g=1.206422e+07  ||x||=9.070807e-02  ||grad||=1.953353e+09  tau=3.382e-13  beta=9.922e-01
[iter  383/500] obj=9.363857e+07  f=8.157442e+07  g=1.206415e+07  ||x||=9.082999e-02  ||grad||=1.953356e+09  tau=3.382e-13  beta=9.923e-01
[iter  384/500] obj=9.363742e+07  f=8.157334e+07  g=1.206408e+07  ||x||=9.095161e-02  ||grad||=1.953360e+09  tau=3.382e-13  beta=9.923e-01
[iter  385/500] obj=9.363629e+07  f=8.157229e+07  g=1.206400e+07  ||x||=9.107292e-02  ||grad||=1.953364e+09  tau=3.382e-13  beta=9.923e-01
[iter  386/500] obj=9.363516e+07  f=8.157123e+07  g=1.206393e+07  ||x||=9.119393e-02  ||grad||=1.953368e+09  tau=3.382e-13  beta=9.923e-01
[iter  387/500] obj=9.363404e+07  f=8.157018e+07  g=1.206385e+07  ||x||=9.131464e-02  ||grad||=1.953368e+09  tau=3.382e-13  beta=9.923e-01
[iter  388/500] obj=9.363294e+07  f=8.156915e+07  g=1.206378e+07  ||x||=9.143505e-02  ||grad||=1.953373e+09  tau=3.382e-13  beta=9.924e-01
[iter  389/500] obj=9.363183e+07  f=8.156811e+07  g=1.206372e+07  ||x||=9.155516e-02  ||grad||=1.953377e+09  tau=3.382e-13  beta=9.924e-01
[iter  390/500] obj=9.363072e+07  f=8.156707e+07  g=1.206365e+07  ||x||=9.167497e-02  ||grad||=1.953379e+09  tau=3.382e-13  beta=9.924e-01
[iter  391/500] obj=9.362965e+07  f=8.156606e+07  g=1.206358e+07  ||x||=9.179448e-02  ||grad||=1.953382e+09  tau=3.382e-13  beta=9.924e-01
[iter  392/500] obj=9.362856e+07  f=8.156504e+07  g=1.206352e+07  ||x||=9.191369e-02  ||grad||=1.953381e+09  tau=3.382e-13  beta=9.924e-01
[iter  393/500] obj=9.362750e+07  f=8.156403e+07  g=1.206346e+07  ||x||=9.203260e-02  ||grad||=1.953380e+09  tau=3.382e-13  beta=9.925e-01
[iter  394/500] obj=9.362642e+07  f=8.156302e+07  g=1.206341e+07  ||x||=9.215122e-02  ||grad||=1.953380e+09  tau=3.382e-13  beta=9.925e-01
[iter  395/500] obj=9.362537e+07  f=8.156201e+07  g=1.206336e+07  ||x||=9.226954e-02  ||grad||=1.953379e+09  tau=3.382e-13  beta=9.925e-01
[iter  396/500] obj=9.362432e+07  f=8.156101e+07  g=1.206332e+07  ||x||=9.238757e-02  ||grad||=1.953378e+09  tau=3.382e-13  beta=9.925e-01
[iter  397/500] obj=9.362327e+07  f=8.156000e+07  g=1.206327e+07  ||x||=9.250530e-02  ||grad||=1.953373e+09  tau=3.382e-13  beta=9.925e-01
[iter  398/500] obj=9.362224e+07  f=8.155901e+07  g=1.206323e+07  ||x||=9.262273e-02  ||grad||=1.953371e+09  tau=3.382e-13  beta=9.925e-01
[iter  399/500] obj=9.362121e+07  f=8.155802e+07  g=1.206319e+07  ||x||=9.273987e-02  ||grad||=1.953366e+09  tau=3.382e-13  beta=9.926e-01
[iter  400/500] obj=9.362018e+07  f=8.155703e+07  g=1.206315e+07  ||x||=9.285671e-02  ||grad||=1.953362e+09  tau=3.382e-13  beta=9.926e-01
[iter  401/500] obj=9.361917e+07  f=8.155606e+07  g=1.206311e+07  ||x||=9.297326e-02  ||grad||=1.953359e+09  tau=3.382e-13  beta=9.926e-01
[iter  402/500] obj=9.361816e+07  f=8.155510e+07  g=1.206306e+07  ||x||=9.308952e-02  ||grad||=1.953358e+09  tau=3.382e-13  beta=9.926e-01
[iter  403/500] obj=9.361717e+07  f=8.155414e+07  g=1.206302e+07  ||x||=9.320548e-02  ||grad||=1.953357e+09  tau=3.382e-13  beta=9.926e-01
[iter  404/500] obj=9.361616e+07  f=8.155318e+07  g=1.206298e+07  ||x||=9.332115e-02  ||grad||=1.953352e+09  tau=3.382e-13  beta=9.927e-01
[iter  405/500] obj=9.361518e+07  f=8.155224e+07  g=1.206294e+07  ||x||=9.343653e-02  ||grad||=1.953346e+09  tau=3.382e-13  beta=9.927e-01
[iter  406/500] obj=9.361419e+07  f=8.155129e+07  g=1.206290e+07  ||x||=9.355161e-02  ||grad||=1.953340e+09  tau=3.382e-13  beta=9.927e-01
[iter  407/500] obj=9.361322e+07  f=8.155035e+07  g=1.206286e+07  ||x||=9.366640e-02  ||grad||=1.953334e+09  tau=3.382e-13  beta=9.927e-01
[iter  408/500] obj=9.361225e+07  f=8.154943e+07  g=1.206282e+07  ||x||=9.378091e-02  ||grad||=1.953329e+09  tau=3.382e-13  beta=9.927e-01
[iter  409/500] obj=9.361129e+07  f=8.154851e+07  g=1.206278e+07  ||x||=9.389512e-02  ||grad||=1.953324e+09  tau=3.382e-13  beta=9.927e-01
[iter  410/500] obj=9.361033e+07  f=8.154760e+07  g=1.206273e+07  ||x||=9.400904e-02  ||grad||=1.953320e+09  tau=3.382e-13  beta=9.928e-01
[iter  411/500] obj=9.360939e+07  f=8.154670e+07  g=1.206268e+07  ||x||=9.412267e-02  ||grad||=1.953316e+09  tau=3.382e-13  beta=9.928e-01
[iter  412/500] obj=9.360845e+07  f=8.154581e+07  g=1.206264e+07  ||x||=9.423602e-02  ||grad||=1.953313e+09  tau=3.382e-13  beta=9.928e-01
[iter  413/500] obj=9.360751e+07  f=8.154492e+07  g=1.206259e+07  ||x||=9.434908e-02  ||grad||=1.953310e+09  tau=3.382e-13  beta=9.928e-01
[iter  414/500] obj=9.360658e+07  f=8.154405e+07  g=1.206254e+07  ||x||=9.446185e-02  ||grad||=1.953308e+09  tau=3.382e-13  beta=9.928e-01
[iter  415/500] obj=9.360566e+07  f=8.154318e+07  g=1.206248e+07  ||x||=9.457433e-02  ||grad||=1.953308e+09  tau=3.382e-13  beta=9.928e-01
[iter  416/500] obj=9.360473e+07  f=8.154231e+07  g=1.206242e+07  ||x||=9.468653e-02  ||grad||=1.953309e+09  tau=3.382e-13  beta=9.929e-01
[iter  417/500] obj=9.360383e+07  f=8.154147e+07  g=1.206236e+07  ||x||=9.479845e-02  ||grad||=1.953309e+09  tau=3.382e-13  beta=9.929e-01
[iter  418/500] obj=9.360291e+07  f=8.154062e+07  g=1.206229e+07  ||x||=9.491008e-02  ||grad||=1.953305e+09  tau=3.382e-13  beta=9.929e-01
[iter  419/500] obj=9.360201e+07  f=8.153979e+07  g=1.206222e+07  ||x||=9.502143e-02  ||grad||=1.953304e+09  tau=3.382e-13  beta=9.929e-01
[iter  420/500] obj=9.360112e+07  f=8.153898e+07  g=1.206215e+07  ||x||=9.513249e-02  ||grad||=1.953301e+09  tau=3.382e-13  beta=9.929e-01
[iter  421/500] obj=9.360024e+07  f=8.153816e+07  g=1.206208e+07  ||x||=9.524328e-02  ||grad||=1.953298e+09  tau=3.382e-13  beta=9.929e-01
[iter  422/500] obj=9.359936e+07  f=8.153735e+07  g=1.206200e+07  ||x||=9.535378e-02  ||grad||=1.953291e+09  tau=3.382e-13  beta=9.930e-01
[iter  423/500] obj=9.359848e+07  f=8.153654e+07  g=1.206193e+07  ||x||=9.546402e-02  ||grad||=1.953286e+09  tau=3.382e-13  beta=9.930e-01
[iter  424/500] obj=9.359760e+07  f=8.153574e+07  g=1.206186e+07  ||x||=9.557397e-02  ||grad||=1.953282e+09  tau=3.382e-13  beta=9.930e-01
[iter  425/500] obj=9.359674e+07  f=8.153496e+07  g=1.206178e+07  ||x||=9.568364e-02  ||grad||=1.953277e+09  tau=3.382e-13  beta=9.930e-01
[iter  426/500] obj=9.359588e+07  f=8.153418e+07  g=1.206170e+07  ||x||=9.579304e-02  ||grad||=1.953273e+09  tau=3.382e-13  beta=9.930e-01
[iter  427/500] obj=9.359502e+07  f=8.153339e+07  g=1.206162e+07  ||x||=9.590217e-02  ||grad||=1.953270e+09  tau=3.382e-13  beta=9.930e-01
[iter  428/500] obj=9.359417e+07  f=8.153262e+07  g=1.206154e+07  ||x||=9.601102e-02  ||grad||=1.953266e+09  tau=3.382e-13  beta=9.931e-01
[iter  429/500] obj=9.359334e+07  f=8.153187e+07  g=1.206147e+07  ||x||=9.611961e-02  ||grad||=1.953262e+09  tau=3.382e-13  beta=9.931e-01
[iter  430/500] obj=9.359249e+07  f=8.153110e+07  g=1.206139e+07  ||x||=9.622791e-02  ||grad||=1.953258e+09  tau=3.382e-13  beta=9.931e-01
[iter  431/500] obj=9.359166e+07  f=8.153035e+07  g=1.206131e+07  ||x||=9.633595e-02  ||grad||=1.953251e+09  tau=3.382e-13  beta=9.931e-01
[iter  432/500] obj=9.359083e+07  f=8.152960e+07  g=1.206123e+07  ||x||=9.644372e-02  ||grad||=1.953250e+09  tau=3.382e-13  beta=9.931e-01
[iter  433/500] obj=9.359001e+07  f=8.152886e+07  g=1.206116e+07  ||x||=9.655122e-02  ||grad||=1.953247e+09  tau=3.382e-13  beta=9.931e-01
[iter  434/500] obj=9.358920e+07  f=8.152812e+07  g=1.206108e+07  ||x||=9.665846e-02  ||grad||=1.953245e+09  tau=3.382e-13  beta=9.932e-01
[iter  435/500] obj=9.358837e+07  f=8.152738e+07  g=1.206100e+07  ||x||=9.676542e-02  ||grad||=1.953243e+09  tau=3.382e-13  beta=9.932e-01
[iter  436/500] obj=9.358758e+07  f=8.152667e+07  g=1.206091e+07  ||x||=9.687213e-02  ||grad||=1.953245e+09  tau=3.382e-13  beta=9.932e-01
[iter  437/500] obj=9.358679e+07  f=8.152597e+07  g=1.206082e+07  ||x||=9.697856e-02  ||grad||=1.953245e+09  tau=3.382e-13  beta=9.932e-01
[iter  438/500] obj=9.358598e+07  f=8.152525e+07  g=1.206074e+07  ||x||=9.708473e-02  ||grad||=1.953246e+09  tau=3.382e-13  beta=9.932e-01
[iter  439/500] obj=9.358519e+07  f=8.152454e+07  g=1.206065e+07  ||x||=9.719064e-02  ||grad||=1.953249e+09  tau=3.382e-13  beta=9.932e-01
[iter  440/500] obj=9.358441e+07  f=8.152386e+07  g=1.206056e+07  ||x||=9.729628e-02  ||grad||=1.953253e+09  tau=3.382e-13  beta=9.933e-01
[iter  441/500] obj=9.358363e+07  f=8.152317e+07  g=1.206046e+07  ||x||=9.740166e-02  ||grad||=1.953257e+09  tau=3.382e-13  beta=9.933e-01
[iter  442/500] obj=9.358285e+07  f=8.152248e+07  g=1.206037e+07  ||x||=9.750678e-02  ||grad||=1.953264e+09  tau=3.382e-13  beta=9.933e-01
[iter  443/500] obj=9.358208e+07  f=8.152181e+07  g=1.206027e+07  ||x||=9.761164e-02  ||grad||=1.953272e+09  tau=3.382e-13  beta=9.933e-01
[iter  444/500] obj=9.358132e+07  f=8.152114e+07  g=1.206017e+07  ||x||=9.771625e-02  ||grad||=1.953283e+09  tau=3.382e-13  beta=9.933e-01
[iter  445/500] obj=9.358056e+07  f=8.152049e+07  g=1.206007e+07  ||x||=9.782059e-02  ||grad||=1.953293e+09  tau=3.382e-13  beta=9.933e-01
[iter  446/500] obj=9.357980e+07  f=8.151984e+07  g=1.205996e+07  ||x||=9.792467e-02  ||grad||=1.953302e+09  tau=3.382e-13  beta=9.933e-01
[iter  447/500] obj=9.357905e+07  f=8.151919e+07  g=1.205986e+07  ||x||=9.802850e-02  ||grad||=1.953315e+09  tau=3.382e-13  beta=9.934e-01
[iter  448/500] obj=9.357831e+07  f=8.151856e+07  g=1.205975e+07  ||x||=9.813207e-02  ||grad||=1.953327e+09  tau=3.382e-13  beta=9.934e-01
[iter  449/500] obj=9.357756e+07  f=8.151792e+07  g=1.205964e+07  ||x||=9.823538e-02  ||grad||=1.953342e+09  tau=3.382e-13  beta=9.934e-01
[iter  450/500] obj=9.357682e+07  f=8.151730e+07  g=1.205953e+07  ||x||=9.833845e-02  ||grad||=1.953356e+09  tau=3.382e-13  beta=9.934e-01
[iter  451/500] obj=9.357609e+07  f=8.151668e+07  g=1.205941e+07  ||x||=9.844125e-02  ||grad||=1.953373e+09  tau=3.382e-13  beta=9.934e-01
[iter  452/500] obj=9.357536e+07  f=8.151606e+07  g=1.205930e+07  ||x||=9.854381e-02  ||grad||=1.953391e+09  tau=3.382e-13  beta=9.934e-01
[iter  453/500] obj=9.357464e+07  f=8.151546e+07  g=1.205918e+07  ||x||=9.864610e-02  ||grad||=1.953406e+09  tau=3.382e-13  beta=9.934e-01
[iter  454/500] obj=9.357393e+07  f=8.151486e+07  g=1.205906e+07  ||x||=9.874815e-02  ||grad||=1.953424e+09  tau=3.382e-13  beta=9.935e-01
[iter  455/500] obj=9.357320e+07  f=8.151426e+07  g=1.205894e+07  ||x||=9.884995e-02  ||grad||=1.953442e+09  tau=3.382e-13  beta=9.935e-01
[iter  456/500] obj=9.357250e+07  f=8.151368e+07  g=1.205882e+07  ||x||=9.895150e-02  ||grad||=1.953461e+09  tau=3.382e-13  beta=9.935e-01
[iter  457/500] obj=9.357179e+07  f=8.151309e+07  g=1.205870e+07  ||x||=9.905280e-02  ||grad||=1.953478e+09  tau=3.382e-13  beta=9.935e-01
[iter  458/500] obj=9.357110e+07  f=8.151251e+07  g=1.205859e+07  ||x||=9.915385e-02  ||grad||=1.953496e+09  tau=3.382e-13  beta=9.935e-01
[iter  459/500] obj=9.357040e+07  f=8.151193e+07  g=1.205847e+07  ||x||=9.925465e-02  ||grad||=1.953514e+09  tau=3.382e-13  beta=9.935e-01
[iter  460/500] obj=9.356971e+07  f=8.151136e+07  g=1.205835e+07  ||x||=9.935521e-02  ||grad||=1.953535e+09  tau=3.382e-13  beta=9.935e-01
[iter  461/500] obj=9.356902e+07  f=8.151079e+07  g=1.205823e+07  ||x||=9.945551e-02  ||grad||=1.953555e+09  tau=3.382e-13  beta=9.936e-01
[iter  462/500] obj=9.356833e+07  f=8.151022e+07  g=1.205811e+07  ||x||=9.955557e-02  ||grad||=1.953574e+09  tau=3.382e-13  beta=9.936e-01
[iter  463/500] obj=9.356765e+07  f=8.150967e+07  g=1.205798e+07  ||x||=9.965538e-02  ||grad||=1.953596e+09  tau=3.382e-13  beta=9.936e-01
[iter  464/500] obj=9.356698e+07  f=8.150912e+07  g=1.205786e+07  ||x||=9.975496e-02  ||grad||=1.953618e+09  tau=3.382e-13  beta=9.936e-01
[iter  465/500] obj=9.356630e+07  f=8.150858e+07  g=1.205773e+07  ||x||=9.985428e-02  ||grad||=1.953639e+09  tau=3.382e-13  beta=9.936e-01
[iter  466/500] obj=9.356564e+07  f=8.150804e+07  g=1.205760e+07  ||x||=9.995337e-02  ||grad||=1.953662e+09  tau=3.382e-13  beta=9.936e-01
[iter  467/500] obj=9.356497e+07  f=8.150750e+07  g=1.205747e+07  ||x||=1.000522e-01  ||grad||=1.953684e+09  tau=3.382e-13  beta=9.936e-01
[iter  468/500] obj=9.356432e+07  f=8.150698e+07  g=1.205734e+07  ||x||=1.001508e-01  ||grad||=1.953709e+09  tau=3.382e-13  beta=9.937e-01
[iter  469/500] obj=9.356367e+07  f=8.150645e+07  g=1.205722e+07  ||x||=1.002492e-01  ||grad||=1.953728e+09  tau=3.382e-13  beta=9.937e-01
[iter  470/500] obj=9.356302e+07  f=8.150592e+07  g=1.205710e+07  ||x||=1.003473e-01  ||grad||=1.953748e+09  tau=3.382e-13  beta=9.937e-01
[iter  471/500] obj=9.356236e+07  f=8.150539e+07  g=1.205697e+07  ||x||=1.004452e-01  ||grad||=1.953770e+09  tau=3.382e-13  beta=9.937e-01
[iter  472/500] obj=9.356172e+07  f=8.150488e+07  g=1.205684e+07  ||x||=1.005428e-01  ||grad||=1.953792e+09  tau=3.382e-13  beta=9.937e-01
[iter  473/500] obj=9.356109e+07  f=8.150438e+07  g=1.205671e+07  ||x||=1.006402e-01  ||grad||=1.953814e+09  tau=3.382e-13  beta=9.937e-01
[iter  474/500] obj=9.356044e+07  f=8.150387e+07  g=1.205657e+07  ||x||=1.007373e-01  ||grad||=1.953836e+09  tau=3.382e-13  beta=9.937e-01
[iter  475/500] obj=9.355981e+07  f=8.150338e+07  g=1.205644e+07  ||x||=1.008343e-01  ||grad||=1.953859e+09  tau=3.382e-13  beta=9.937e-01
[iter  476/500] obj=9.355920e+07  f=8.150290e+07  g=1.205630e+07  ||x||=1.009310e-01  ||grad||=1.953880e+09  tau=3.382e-13  beta=9.938e-01
[iter  477/500] obj=9.355857e+07  f=8.150240e+07  g=1.205617e+07  ||x||=1.010274e-01  ||grad||=1.953900e+09  tau=3.382e-13  beta=9.938e-01
[iter  478/500] obj=9.355795e+07  f=8.150191e+07  g=1.205604e+07  ||x||=1.011236e-01  ||grad||=1.953918e+09  tau=3.382e-13  beta=9.938e-01
[iter  479/500] obj=9.355734e+07  f=8.150142e+07  g=1.205592e+07  ||x||=1.012196e-01  ||grad||=1.953936e+09  tau=3.382e-13  beta=9.938e-01
[iter  480/500] obj=9.355672e+07  f=8.150093e+07  g=1.205579e+07  ||x||=1.013154e-01  ||grad||=1.953948e+09  tau=3.382e-13  beta=9.938e-01
[iter  481/500] obj=9.355612e+07  f=8.150045e+07  g=1.205567e+07  ||x||=1.014109e-01  ||grad||=1.953962e+09  tau=3.382e-13  beta=9.938e-01
[iter  482/500] obj=9.355552e+07  f=8.149997e+07  g=1.205555e+07  ||x||=1.015062e-01  ||grad||=1.953972e+09  tau=3.382e-13  beta=9.938e-01
[iter  483/500] obj=9.355492e+07  f=8.149949e+07  g=1.205543e+07  ||x||=1.016012e-01  ||grad||=1.953982e+09  tau=3.382e-13  beta=9.938e-01
[iter  484/500] obj=9.355432e+07  f=8.149901e+07  g=1.205531e+07  ||x||=1.016961e-01  ||grad||=1.953990e+09  tau=3.382e-13  beta=9.939e-01
[iter  485/500] obj=9.355373e+07  f=8.149854e+07  g=1.205519e+07  ||x||=1.017907e-01  ||grad||=1.953999e+09  tau=3.382e-13  beta=9.939e-01
[iter  486/500] obj=9.355314e+07  f=8.149806e+07  g=1.205508e+07  ||x||=1.018850e-01  ||grad||=1.954007e+09  tau=3.382e-13  beta=9.939e-01
[iter  487/500] obj=9.355255e+07  f=8.149758e+07  g=1.205497e+07  ||x||=1.019792e-01  ||grad||=1.954013e+09  tau=3.382e-13  beta=9.939e-01
[iter  488/500] obj=9.355197e+07  f=8.149710e+07  g=1.205486e+07  ||x||=1.020731e-01  ||grad||=1.954020e+09  tau=3.382e-13  beta=9.939e-01
[iter  489/500] obj=9.355140e+07  f=8.149664e+07  g=1.205476e+07  ||x||=1.021668e-01  ||grad||=1.954024e+09  tau=3.382e-13  beta=9.939e-01
[iter  490/500] obj=9.355082e+07  f=8.149617e+07  g=1.205465e+07  ||x||=1.022603e-01  ||grad||=1.954027e+09  tau=3.382e-13  beta=9.939e-01
[iter  491/500] obj=9.355024e+07  f=8.149570e+07  g=1.205455e+07  ||x||=1.023535e-01  ||grad||=1.954030e+09  tau=3.382e-13  beta=9.939e-01
[iter  492/500] obj=9.354967e+07  f=8.149523e+07  g=1.205444e+07  ||x||=1.024465e-01  ||grad||=1.954036e+09  tau=3.382e-13  beta=9.940e-01
[iter  493/500] obj=9.354911e+07  f=8.149478e+07  g=1.205433e+07  ||x||=1.025393e-01  ||grad||=1.954041e+09  tau=3.382e-13  beta=9.940e-01
[iter  494/500] obj=9.354856e+07  f=8.149433e+07  g=1.205423e+07  ||x||=1.026319e-01  ||grad||=1.954044e+09  tau=3.382e-13  beta=9.940e-01
[iter  495/500] obj=9.354800e+07  f=8.149387e+07  g=1.205413e+07  ||x||=1.027243e-01  ||grad||=1.954048e+09  tau=3.382e-13  beta=9.940e-01
[iter  496/500] obj=9.354744e+07  f=8.149342e+07  g=1.205402e+07  ||x||=1.028164e-01  ||grad||=1.954053e+09  tau=3.382e-13  beta=9.940e-01
[iter  497/500] obj=9.354689e+07  f=8.149298e+07  g=1.205392e+07  ||x||=1.029083e-01  ||grad||=1.954057e+09  tau=3.382e-13  beta=9.940e-01
[iter  498/500] obj=9.354634e+07  f=8.149253e+07  g=1.205381e+07  ||x||=1.030001e-01  ||grad||=1.954059e+09  tau=3.382e-13  beta=9.940e-01
[iter  499/500] obj=9.354580e+07  f=8.149210e+07  g=1.205371e+07  ||x||=1.030916e-01  ||grad||=1.954063e+09  tau=3.382e-13  beta=9.940e-01
[iter  500/500] obj=9.354525e+07  f=8.149165e+07  g=1.205360e+07  ||x||=1.031828e-01  ||grad||=1.954068e+09  tau=3.382e-13  beta=9.941e-01
All outputs saved in: /work3/msaca/textomo_run_006

------------------------------------------------------------
Sender: LSF System <lsfadmin@hpc.dtu.dk>
Subject: Job 27595182: <TextureTomography> in cluster <dcc> Done

Job <TextureTomography> was submitted from host <gbarlogin1> by user <msaca> in cluster <dcc> at Sun Jan 11 21:55:21 2026
Job was executed on host(s) <8*n-62-12-21>, in queue <gpua100>, as user <msaca> in cluster <dcc> at Mon Jan 12 00:03:05 2026
</zhome/71/c/146676> was used as the home directory.
</zhome/71/c/146676/texture_tomography/jobscripts> was used as the working directory.
Started at Mon Jan 12 00:03:05 2026
Terminated at Mon Jan 12 01:56:16 2026
Results reported at Mon Jan 12 01:56:16 2026

Your job looked like:

------------------------------------------------------------
# LSBATCH: User input
#!/bin/bash
#BSUB -J TextureTomography
#BSUB -q gpua100
#BSUB -gpu "num=1:mode=exclusive_process"
#BSUB -n 8
#BSUB -R "span[hosts=1]"
#BSUB -R "rusage[mem=2000]"        # 40 GB host RAM
#BSUB -M 2000                      # hard memory limit
#BSUB -W 15:00
#BSUB -oo log/%J.out
#BSUB -eo error/%J.err

# initialize conda
export PATH="/zhome/71/c/146676/miniconda3/bin:$PATH"
source /zhome/71/c/146676/miniconda3/etc/profile.d/conda.sh

conda activate cil

python ../scripts/textomo2.py

------------------------------------------------------------

Successfully completed.

Resource usage summary:

    CPU time :                                   6935.02 sec.
    Max Memory :                                 5734 MB
    Average Memory :                             2175.86 MB
    Total Requested Memory :                     16000.00 MB
    Delta Memory :                               10266.00 MB
    Max Swap :                                   -
    Max Processes :                              5
    Max Threads :                                21
    Run time :                                   6791 sec.
    Turnaround time :                            14455 sec.

The output (if any) is above this job summary.



PS:

Read file <error/27595182.err> for stderr output of this job.

