INFO:Setting the number of threads to 8. If your physical cores are fewer than this number, you may want to use numba.set_num_threads(n), and os.environ["OPENBLAS_NUM_THREADS"] = f"{n}" to set the number of threads to the number of physical cores n.
INFO:Setting numba log level to WARNING.
Saving results to: /work3/msaca/textomo_run_004

=== OpenCL buffer allocation summary ===
coeffs_sino_F                 : shape=(148x500x596),   168.24 MB
coeffs_sino_C                 : shape=(500x148x596),   168.24 MB
_coeffs_batch_F               : shape=(148x148x596),    49.80 MB
_basis_batch_kmax             : shape=(500x596x180x5),  1023.10 MB
_basis_batch_transpose_kmax   : shape=(500x900x596),  1023.10 MB
_grid_inv_kmax                : shape=(596x9),     0.02 MB
_inv_sigma2_kmax              : shape=(596),     0.00 MB
_norm_factor_kmax             : shape=(596),     0.00 MB
---------------------------------------
TOTAL GPU buffer memory:  2432.52 MB
=======================================

[power 01] L_est=5.916814e+07  ||z||=2.297981e+09
[power 02] L_est=9.983800e+11  ||z||=1.718804e+12
[power 03] L_est=4.300891e+12  ||z||=4.726432e+12
[power 04] L_est=6.185920e+12  ||z||=6.852175e+12
[power 05] L_est=9.304942e+12  ||z||=1.003541e+13
[power 06] L_est=1.180508e+13  ||z||=1.205857e+13
[power 07] L_est=1.255654e+13  ||z||=1.260950e+13
[power 08] L_est=1.270909e+13  ||z||=1.271919e+13
[power 09] L_est=1.273816e+13  ||z||=1.274011e+13
[power 10] L_est=1.274380e+13  ||z||=1.274419e+13
[power 11] L_est=1.274493e+13  ||z||=1.274501e+13
[power 12] L_est=1.274516e+13  ||z||=1.274518e+13
[power 13] L_est=1.274521e+13  ||z||=1.274522e+13
[power 14] L_est=1.274523e+13  ||z||=1.274523e+13
[power 15] L_est=1.274523e+13  ||z||=1.274523e+13
[power 16] L_est=1.274523e+13  ||z||=1.274523e+13
[power 17] L_est=1.274523e+13  ||z||=1.274523e+13
[power 18] L_est=1.274523e+13  ||z||=1.274523e+13
[power 19] L_est=1.274523e+13  ||z||=1.274523e+13
[power 20] L_est=1.274523e+13  ||z||=1.274523e+13
[iter    1/500] obj=0.000000e+00  f=0.000000e+00  g=0.000000e+00  ||x||=3.118010e-04  ||grad||=4.371374e+09  tau=7.133e-14  beta=0.000e+00
[iter    2/500] obj=2.503570e+05  f=2.503570e+05  g=0.000000e+00  ||x||=5.177598e-04  ||grad||=2.994147e+09  tau=7.133e-14  beta=2.818e-01
[iter    3/500] obj=6.953239e+05  f=6.953239e+05  g=0.000000e+00  ||x||=7.214609e-04  ||grad||=2.182698e+09  tau=7.133e-14  beta=4.340e-01
[iter    4/500] obj=1.179778e+06  f=1.179778e+06  g=0.000000e+00  ||x||=9.148620e-04  ||grad||=1.686871e+09  tau=7.133e-14  beta=5.311e-01
[iter    5/500] obj=1.622261e+06  f=1.622261e+06  g=0.000000e+00  ||x||=1.096424e-03  ||grad||=1.408330e+09  tau=7.133e-14  beta=5.988e-01
[iter    6/500] obj=1.990787e+06  f=1.990787e+06  g=0.000000e+00  ||x||=1.267851e-03  ||grad||=1.252785e+09  tau=7.133e-14  beta=6.489e-01
[iter    7/500] obj=2.296995e+06  f=2.296995e+06  g=0.000000e+00  ||x||=1.431230e-03  ||grad||=1.163875e+09  tau=7.133e-14  beta=6.876e-01
[iter    8/500] obj=2.556660e+06  f=2.556660e+06  g=0.000000e+00  ||x||=1.588311e-03  ||grad||=1.112456e+09  tau=7.133e-14  beta=7.185e-01
[iter    9/500] obj=2.781714e+06  f=2.781714e+06  g=0.000000e+00  ||x||=1.740425e-03  ||grad||=1.083050e+09  tau=7.133e-14  beta=7.437e-01
[iter   10/500] obj=2.981070e+06  f=2.981070e+06  g=0.000000e+00  ||x||=1.888519e-03  ||grad||=1.067731e+09  tau=7.133e-14  beta=7.647e-01
[iter   11/500] obj=3.160450e+06  f=3.160450e+06  g=0.000000e+00  ||x||=2.033267e-03  ||grad||=1.061787e+09  tau=7.133e-14  beta=7.824e-01
[iter   12/500] obj=3.323685e+06  f=3.323685e+06  g=0.000000e+00  ||x||=2.175160e-03  ||grad||=1.062194e+09  tau=7.133e-14  beta=7.976e-01
[iter   13/500] obj=3.473435e+06  f=3.473435e+06  g=0.000000e+00  ||x||=2.314569e-03  ||grad||=1.066856e+09  tau=7.133e-14  beta=8.108e-01
[iter   14/500] obj=3.611858e+06  f=3.611858e+06  g=0.000000e+00  ||x||=2.451784e-03  ||grad||=1.074434e+09  tau=7.133e-14  beta=8.224e-01
[iter   15/500] obj=3.740620e+06  f=3.740620e+06  g=0.000000e+00  ||x||=2.587033e-03  ||grad||=1.084011e+09  tau=7.133e-14  beta=8.326e-01
[iter   16/500] obj=3.860858e+06  f=3.860858e+06  g=0.000000e+00  ||x||=2.720510e-03  ||grad||=1.094841e+09  tau=7.133e-14  beta=8.417e-01
[iter   17/500] obj=3.973562e+06  f=3.973562e+06  g=0.000000e+00  ||x||=2.852374e-03  ||grad||=1.106415e+09  tau=7.133e-14  beta=8.498e-01
[iter   18/500] obj=4.079462e+06  f=4.079462e+06  g=0.000000e+00  ||x||=2.982765e-03  ||grad||=1.118340e+09  tau=7.133e-14  beta=8.571e-01
[iter   19/500] obj=4.179160e+06  f=4.179160e+06  g=0.000000e+00  ||x||=3.111810e-03  ||grad||=1.130263e+09  tau=7.133e-14  beta=8.638e-01
[iter   20/500] obj=4.273197e+06  f=4.273197e+06  g=0.000000e+00  ||x||=3.239618e-03  ||grad||=1.142035e+09  tau=7.133e-14  beta=8.698e-01
[iter   21/500] obj=4.362318e+06  f=4.362318e+06  g=0.000000e+00  ||x||=3.366281e-03  ||grad||=1.153539e+09  tau=7.133e-14  beta=8.754e-01
[iter   22/500] obj=4.447012e+06  f=4.447012e+06  g=0.000000e+00  ||x||=3.491880e-03  ||grad||=1.164710e+09  tau=7.133e-14  beta=8.804e-01
[iter   23/500] obj=4.527714e+06  f=4.527714e+06  g=0.000000e+00  ||x||=3.616482e-03  ||grad||=1.175485e+09  tau=7.133e-14  beta=8.851e-01
[iter   24/500] obj=4.604716e+06  f=4.604716e+06  g=0.000000e+00  ||x||=3.740146e-03  ||grad||=1.185843e+09  tau=7.133e-14  beta=8.894e-01
[iter   25/500] obj=4.678413e+06  f=4.678413e+06  g=0.000000e+00  ||x||=3.862922e-03  ||grad||=1.195790e+09  tau=7.133e-14  beta=8.934e-01
[iter   26/500] obj=4.749101e+06  f=4.749101e+06  g=0.000000e+00  ||x||=3.984852e-03  ||grad||=1.205338e+09  tau=7.133e-14  beta=8.971e-01
[iter   27/500] obj=4.817038e+06  f=4.817038e+06  g=0.000000e+00  ||x||=4.105970e-03  ||grad||=1.214510e+09  tau=7.133e-14  beta=9.006e-01
[iter   28/500] obj=4.882492e+06  f=4.882492e+06  g=0.000000e+00  ||x||=4.226304e-03  ||grad||=1.223317e+09  tau=7.133e-14  beta=9.038e-01
[iter   29/500] obj=4.945561e+06  f=4.945561e+06  g=0.000000e+00  ||x||=4.345880e-03  ||grad||=1.231750e+09  tau=7.133e-14  beta=9.069e-01
[iter   30/500] obj=5.006440e+06  f=5.006440e+06  g=0.000000e+00  ||x||=4.464717e-03  ||grad||=1.239843e+09  tau=7.133e-14  beta=9.097e-01
[iter   31/500] obj=5.065350e+06  f=5.065350e+06  g=0.000000e+00  ||x||=4.582831e-03  ||grad||=1.247634e+09  tau=7.133e-14  beta=9.124e-01
[iter   32/500] obj=5.122383e+06  f=5.122383e+06  g=0.000000e+00  ||x||=4.700233e-03  ||grad||=1.255113e+09  tau=7.133e-14  beta=9.149e-01
[iter   33/500] obj=5.177596e+06  f=5.177596e+06  g=0.000000e+00  ||x||=4.816937e-03  ||grad||=1.262297e+09  tau=7.133e-14  beta=9.173e-01
[iter   34/500] obj=5.231122e+06  f=5.231122e+06  g=0.000000e+00  ||x||=4.932950e-03  ||grad||=1.269196e+09  tau=7.133e-14  beta=9.195e-01
[iter   35/500] obj=5.282964e+06  f=5.282964e+06  g=0.000000e+00  ||x||=5.048283e-03  ||grad||=1.275819e+09  tau=7.133e-14  beta=9.217e-01
[iter   36/500] obj=5.333290e+06  f=5.333290e+06  g=0.000000e+00  ||x||=5.162943e-03  ||grad||=1.282191e+09  tau=7.133e-14  beta=9.237e-01
[iter   37/500] obj=5.382092e+06  f=5.382092e+06  g=0.000000e+00  ||x||=5.276939e-03  ||grad||=1.288315e+09  tau=7.133e-14  beta=9.256e-01
[iter   38/500] obj=5.429447e+06  f=5.429447e+06  g=0.000000e+00  ||x||=5.390278e-03  ||grad||=1.294196e+09  tau=7.133e-14  beta=9.274e-01
[iter   39/500] obj=5.475444e+06  f=5.475444e+06  g=0.000000e+00  ||x||=5.502967e-03  ||grad||=1.299851e+09  tau=7.133e-14  beta=9.292e-01
[iter   40/500] obj=5.520096e+06  f=5.520096e+06  g=0.000000e+00  ||x||=5.615015e-03  ||grad||=1.305283e+09  tau=7.133e-14  beta=9.308e-01
[iter   41/500] obj=5.563460e+06  f=5.563460e+06  g=0.000000e+00  ||x||=5.726431e-03  ||grad||=1.310503e+09  tau=7.133e-14  beta=9.324e-01
[iter   42/500] obj=5.605586e+06  f=5.605586e+06  g=0.000000e+00  ||x||=5.837222e-03  ||grad||=1.315526e+09  tau=7.133e-14  beta=9.339e-01
[iter   43/500] obj=5.646512e+06  f=5.646512e+06  g=0.000000e+00  ||x||=5.947398e-03  ||grad||=1.320361e+09  tau=7.133e-14  beta=9.353e-01
[iter   44/500] obj=5.686306e+06  f=5.686306e+06  g=0.000000e+00  ||x||=6.056969e-03  ||grad||=1.325019e+09  tau=7.133e-14  beta=9.367e-01
[iter   45/500] obj=5.725006e+06  f=5.725006e+06  g=0.000000e+00  ||x||=6.165942e-03  ||grad||=1.329502e+09  tau=7.133e-14  beta=9.380e-01
[iter   46/500] obj=5.762678e+06  f=5.762678e+06  g=0.000000e+00  ||x||=6.274329e-03  ||grad||=1.333834e+09  tau=7.133e-14  beta=9.393e-01
[iter   47/500] obj=5.799322e+06  f=5.799322e+06  g=0.000000e+00  ||x||=6.382139e-03  ||grad||=1.338007e+09  tau=7.133e-14  beta=9.405e-01
[iter   48/500] obj=5.834980e+06  f=5.834980e+06  g=0.000000e+00  ||x||=6.489381e-03  ||grad||=1.342032e+09  tau=7.133e-14  beta=9.417e-01
[iter   49/500] obj=5.869740e+06  f=5.869740e+06  g=0.000000e+00  ||x||=6.596066e-03  ||grad||=1.345927e+09  tau=7.133e-14  beta=9.428e-01
[iter   50/500] obj=5.903630e+06  f=5.903630e+06  g=0.000000e+00  ||x||=6.702203e-03  ||grad||=1.349702e+09  tau=7.133e-14  beta=9.439e-01
[iter   51/500] obj=5.936687e+06  f=5.936687e+06  g=0.000000e+00  ||x||=6.807800e-03  ||grad||=1.353365e+09  tau=7.133e-14  beta=9.449e-01
[iter   52/500] obj=5.968957e+06  f=5.968957e+06  g=0.000000e+00  ||x||=6.912868e-03  ||grad||=1.356921e+09  tau=7.133e-14  beta=9.459e-01
[iter   53/500] obj=6.000445e+06  f=6.000445e+06  g=0.000000e+00  ||x||=7.017415e-03  ||grad||=1.360365e+09  tau=7.133e-14  beta=9.469e-01
[iter   54/500] obj=6.031206e+06  f=6.031206e+06  g=0.000000e+00  ||x||=7.121449e-03  ||grad||=1.363717e+09  tau=7.133e-14  beta=9.478e-01
[iter   55/500] obj=6.061221e+06  f=6.061221e+06  g=0.000000e+00  ||x||=7.224980e-03  ||grad||=1.366958e+09  tau=7.133e-14  beta=9.487e-01
[iter   56/500] obj=6.090543e+06  f=6.090543e+06  g=0.000000e+00  ||x||=7.328016e-03  ||grad||=1.370111e+09  tau=7.133e-14  beta=9.496e-01
[iter   57/500] obj=6.119246e+06  f=6.119246e+06  g=0.000000e+00  ||x||=7.430565e-03  ||grad||=1.373182e+09  tau=7.133e-14  beta=9.504e-01
[iter   58/500] obj=6.147275e+06  f=6.147275e+06  g=0.000000e+00  ||x||=7.532635e-03  ||grad||=1.376163e+09  tau=7.133e-14  beta=9.513e-01
[iter   59/500] obj=6.174698e+06  f=6.174698e+06  g=0.000000e+00  ||x||=7.634234e-03  ||grad||=1.379059e+09  tau=7.133e-14  beta=9.520e-01
[iter   60/500] obj=6.201560e+06  f=6.201560e+06  g=0.000000e+00  ||x||=7.735369e-03  ||grad||=1.381891e+09  tau=7.133e-14  beta=9.528e-01
[iter   61/500] obj=6.227833e+06  f=6.227833e+06  g=0.000000e+00  ||x||=7.836048e-03  ||grad||=1.384648e+09  tau=7.133e-14  beta=9.535e-01
[iter   62/500] obj=6.253560e+06  f=6.253560e+06  g=0.000000e+00  ||x||=7.936276e-03  ||grad||=1.387328e+09  tau=7.133e-14  beta=9.542e-01
[iter   63/500] obj=6.278763e+06  f=6.278763e+06  g=0.000000e+00  ||x||=8.036064e-03  ||grad||=1.389948e+09  tau=7.133e-14  beta=9.549e-01
[iter   64/500] obj=6.303440e+06  f=6.303440e+06  g=0.000000e+00  ||x||=8.135415e-03  ||grad||=1.392495e+09  tau=7.133e-14  beta=9.556e-01
[iter   65/500] obj=6.327631e+06  f=6.327631e+06  g=0.000000e+00  ||x||=8.234338e-03  ||grad||=1.394985e+09  tau=7.133e-14  beta=9.563e-01
[iter   66/500] obj=6.351337e+06  f=6.351337e+06  g=0.000000e+00  ||x||=8.332837e-03  ||grad||=1.397404e+09  tau=7.133e-14  beta=9.569e-01
[iter   67/500] obj=6.374591e+06  f=6.374591e+06  g=0.000000e+00  ||x||=8.430921e-03  ||grad||=1.399772e+09  tau=7.133e-14  beta=9.575e-01
[iter   68/500] obj=6.397455e+06  f=6.397455e+06  g=0.000000e+00  ||x||=8.528592e-03  ||grad||=1.402087e+09  tau=7.133e-14  beta=9.581e-01
[iter   69/500] obj=6.419882e+06  f=6.419882e+06  g=0.000000e+00  ||x||=8.625858e-03  ||grad||=1.404348e+09  tau=7.133e-14  beta=9.587e-01
[iter   70/500] obj=6.441867e+06  f=6.441867e+06  g=0.000000e+00  ||x||=8.722724e-03  ||grad||=1.406556e+09  tau=7.133e-14  beta=9.593e-01
[iter   71/500] obj=6.463446e+06  f=6.463446e+06  g=0.000000e+00  ||x||=8.819196e-03  ||grad||=1.408705e+09  tau=7.133e-14  beta=9.598e-01
[iter   72/500] obj=6.484622e+06  f=6.484622e+06  g=0.000000e+00  ||x||=8.915278e-03  ||grad||=1.410801e+09  tau=7.133e-14  beta=9.603e-01
[iter   73/500] obj=6.505429e+06  f=6.505429e+06  g=0.000000e+00  ||x||=9.010977e-03  ||grad||=1.412849e+09  tau=7.133e-14  beta=9.609e-01
[iter   74/500] obj=6.525882e+06  f=6.525882e+06  g=0.000000e+00  ||x||=9.106295e-03  ||grad||=1.414859e+09  tau=7.133e-14  beta=9.614e-01
[iter   75/500] obj=6.545977e+06  f=6.545977e+06  g=0.000000e+00  ||x||=9.201240e-03  ||grad||=1.416819e+09  tau=7.133e-14  beta=9.619e-01
[iter   76/500] obj=6.565706e+06  f=6.565706e+06  g=0.000000e+00  ||x||=9.295814e-03  ||grad||=1.418735e+09  tau=7.133e-14  beta=9.623e-01
[iter   77/500] obj=6.585131e+06  f=6.585131e+06  g=0.000000e+00  ||x||=9.390023e-03  ||grad||=1.420612e+09  tau=7.133e-14  beta=9.628e-01
[iter   78/500] obj=6.604214e+06  f=6.604214e+06  g=0.000000e+00  ||x||=9.483871e-03  ||grad||=1.422447e+09  tau=7.133e-14  beta=9.633e-01
[iter   79/500] obj=6.622972e+06  f=6.622972e+06  g=0.000000e+00  ||x||=9.577362e-03  ||grad||=1.424234e+09  tau=7.133e-14  beta=9.637e-01
[iter   80/500] obj=6.641420e+06  f=6.641420e+06  g=0.000000e+00  ||x||=9.670502e-03  ||grad||=1.425987e+09  tau=7.133e-14  beta=9.642e-01
[iter   81/500] obj=6.659584e+06  f=6.659584e+06  g=0.000000e+00  ||x||=9.763293e-03  ||grad||=1.427703e+09  tau=7.133e-14  beta=9.646e-01
[iter   82/500] obj=6.677407e+06  f=6.677407e+06  g=0.000000e+00  ||x||=9.855741e-03  ||grad||=1.429379e+09  tau=7.133e-14  beta=9.650e-01
[iter   83/500] obj=6.694964e+06  f=6.694964e+06  g=0.000000e+00  ||x||=9.947849e-03  ||grad||=1.431021e+09  tau=7.133e-14  beta=9.654e-01
[iter   84/500] obj=6.712286e+06  f=6.712286e+06  g=0.000000e+00  ||x||=1.003962e-02  ||grad||=1.432640e+09  tau=7.133e-14  beta=9.658e-01
[iter   85/500] obj=6.729302e+06  f=6.729302e+06  g=0.000000e+00  ||x||=1.013106e-02  ||grad||=1.434227e+09  tau=7.133e-14  beta=9.662e-01
[iter   86/500] obj=6.746056e+06  f=6.746056e+06  g=0.000000e+00  ||x||=1.022217e-02  ||grad||=1.435779e+09  tau=7.133e-14  beta=9.666e-01
[iter   87/500] obj=6.762550e+06  f=6.762550e+06  g=0.000000e+00  ||x||=1.031296e-02  ||grad||=1.437300e+09  tau=7.133e-14  beta=9.669e-01
[iter   88/500] obj=6.778784e+06  f=6.778784e+06  g=0.000000e+00  ||x||=1.040342e-02  ||grad||=1.438790e+09  tau=7.133e-14  beta=9.673e-01
[iter   89/500] obj=6.794761e+06  f=6.794761e+06  g=0.000000e+00  ||x||=1.049357e-02  ||grad||=1.440247e+09  tau=7.133e-14  beta=9.677e-01
[iter   90/500] obj=6.810504e+06  f=6.810504e+06  g=0.000000e+00  ||x||=1.058340e-02  ||grad||=1.441676e+09  tau=7.133e-14  beta=9.680e-01
[iter   91/500] obj=6.825992e+06  f=6.825992e+06  g=0.000000e+00  ||x||=1.067292e-02  ||grad||=1.443074e+09  tau=7.133e-14  beta=9.683e-01
[iter   92/500] obj=6.841263e+06  f=6.841263e+06  g=0.000000e+00  ||x||=1.076214e-02  ||grad||=1.444448e+09  tau=7.133e-14  beta=9.687e-01
[iter   93/500] obj=6.856329e+06  f=6.856329e+06  g=0.000000e+00  ||x||=1.085105e-02  ||grad||=1.445805e+09  tau=7.133e-14  beta=9.690e-01
[iter   94/500] obj=6.871153e+06  f=6.871153e+06  g=0.000000e+00  ||x||=1.093966e-02  ||grad||=1.447132e+09  tau=7.133e-14  beta=9.693e-01
[iter   95/500] obj=6.885780e+06  f=6.885780e+06  g=0.000000e+00  ||x||=1.102798e-02  ||grad||=1.448441e+09  tau=7.133e-14  beta=9.696e-01
[iter   96/500] obj=6.900183e+06  f=6.900183e+06  g=0.000000e+00  ||x||=1.111600e-02  ||grad||=1.449723e+09  tau=7.133e-14  beta=9.699e-01
[iter   97/500] obj=6.914380e+06  f=6.914380e+06  g=0.000000e+00  ||x||=1.120373e-02  ||grad||=1.450983e+09  tau=7.133e-14  beta=9.702e-01
[iter   98/500] obj=6.928383e+06  f=6.928383e+06  g=0.000000e+00  ||x||=1.129117e-02  ||grad||=1.452216e+09  tau=7.133e-14  beta=9.705e-01
[iter   99/500] obj=6.942183e+06  f=6.942183e+06  g=0.000000e+00  ||x||=1.137833e-02  ||grad||=1.453428e+09  tau=7.133e-14  beta=9.708e-01
[iter  100/500] obj=6.955807e+06  f=6.955807e+06  g=0.000000e+00  ||x||=1.146520e-02  ||grad||=1.454623e+09  tau=7.133e-14  beta=9.711e-01
[iter  101/500] obj=6.969262e+06  f=6.969262e+06  g=0.000000e+00  ||x||=1.155180e-02  ||grad||=1.455803e+09  tau=7.133e-14  beta=9.714e-01
[iter  102/500] obj=6.982522e+06  f=6.982522e+06  g=0.000000e+00  ||x||=1.163812e-02  ||grad||=1.456962e+09  tau=7.133e-14  beta=9.716e-01
[iter  103/500] obj=6.995609e+06  f=6.995609e+06  g=0.000000e+00  ||x||=1.172417e-02  ||grad||=1.458106e+09  tau=7.133e-14  beta=9.719e-01
[iter  104/500] obj=7.008511e+06  f=7.008511e+06  g=0.000000e+00  ||x||=1.180995e-02  ||grad||=1.459226e+09  tau=7.133e-14  beta=9.722e-01
[iter  105/500] obj=7.021229e+06  f=7.021229e+06  g=0.000000e+00  ||x||=1.189545e-02  ||grad||=1.460326e+09  tau=7.133e-14  beta=9.724e-01
[iter  106/500] obj=7.033792e+06  f=7.033792e+06  g=0.000000e+00  ||x||=1.198070e-02  ||grad||=1.461414e+09  tau=7.133e-14  beta=9.727e-01
[iter  107/500] obj=7.046195e+06  f=7.046195e+06  g=0.000000e+00  ||x||=1.206568e-02  ||grad||=1.462483e+09  tau=7.133e-14  beta=9.729e-01
[iter  108/500] obj=7.058402e+06  f=7.058402e+06  g=0.000000e+00  ||x||=1.215040e-02  ||grad||=1.463528e+09  tau=7.133e-14  beta=9.732e-01
[iter  109/500] obj=7.070480e+06  f=7.070480e+06  g=0.000000e+00  ||x||=1.223487e-02  ||grad||=1.464560e+09  tau=7.133e-14  beta=9.734e-01
[iter  110/500] obj=7.082396e+06  f=7.082396e+06  g=0.000000e+00  ||x||=1.231907e-02  ||grad||=1.465580e+09  tau=7.133e-14  beta=9.736e-01
[iter  111/500] obj=7.094181e+06  f=7.094181e+06  g=0.000000e+00  ||x||=1.240303e-02  ||grad||=1.466586e+09  tau=7.133e-14  beta=9.739e-01
[iter  112/500] obj=7.105800e+06  f=7.105800e+06  g=0.000000e+00  ||x||=1.248674e-02  ||grad||=1.467574e+09  tau=7.133e-14  beta=9.741e-01
[iter  113/500] obj=7.117304e+06  f=7.117304e+06  g=0.000000e+00  ||x||=1.257020e-02  ||grad||=1.468552e+09  tau=7.133e-14  beta=9.743e-01
[iter  114/500] obj=7.128657e+06  f=7.128657e+06  g=0.000000e+00  ||x||=1.265341e-02  ||grad||=1.469514e+09  tau=7.133e-14  beta=9.745e-01
[iter  115/500] obj=7.139893e+06  f=7.139893e+06  g=0.000000e+00  ||x||=1.273638e-02  ||grad||=1.470469e+09  tau=7.133e-14  beta=9.748e-01
[iter  116/500] obj=7.150984e+06  f=7.150984e+06  g=0.000000e+00  ||x||=1.281910e-02  ||grad||=1.471404e+09  tau=7.133e-14  beta=9.750e-01
[iter  117/500] obj=7.161934e+06  f=7.161934e+06  g=0.000000e+00  ||x||=1.290159e-02  ||grad||=1.472327e+09  tau=7.133e-14  beta=9.752e-01
[iter  118/500] obj=7.172741e+06  f=7.172741e+06  g=0.000000e+00  ||x||=1.298384e-02  ||grad||=1.473237e+09  tau=7.133e-14  beta=9.754e-01
[iter  119/500] obj=7.183402e+06  f=7.183402e+06  g=0.000000e+00  ||x||=1.306585e-02  ||grad||=1.474129e+09  tau=7.133e-14  beta=9.756e-01
[iter  120/500] obj=7.193926e+06  f=7.193926e+06  g=0.000000e+00  ||x||=1.314764e-02  ||grad||=1.475007e+09  tau=7.133e-14  beta=9.758e-01
[iter  121/500] obj=7.204347e+06  f=7.204347e+06  g=0.000000e+00  ||x||=1.322919e-02  ||grad||=1.475874e+09  tau=7.133e-14  beta=9.760e-01
[iter  122/500] obj=7.214654e+06  f=7.214654e+06  g=0.000000e+00  ||x||=1.331051e-02  ||grad||=1.476730e+09  tau=7.133e-14  beta=9.762e-01
[iter  123/500] obj=7.224830e+06  f=7.224830e+06  g=0.000000e+00  ||x||=1.339160e-02  ||grad||=1.477574e+09  tau=7.133e-14  beta=9.764e-01
[iter  124/500] obj=7.234871e+06  f=7.234871e+06  g=0.000000e+00  ||x||=1.347247e-02  ||grad||=1.478399e+09  tau=7.133e-14  beta=9.765e-01
[iter  125/500] obj=7.244800e+06  f=7.244800e+06  g=0.000000e+00  ||x||=1.355312e-02  ||grad||=1.479214e+09  tau=7.133e-14  beta=9.767e-01
[iter  126/500] obj=7.254608e+06  f=7.254608e+06  g=0.000000e+00  ||x||=1.363354e-02  ||grad||=1.480020e+09  tau=7.133e-14  beta=9.769e-01
[iter  127/500] obj=7.264282e+06  f=7.264282e+06  g=0.000000e+00  ||x||=1.371375e-02  ||grad||=1.480807e+09  tau=7.133e-14  beta=9.771e-01
[iter  128/500] obj=7.273844e+06  f=7.273844e+06  g=0.000000e+00  ||x||=1.379374e-02  ||grad||=1.481582e+09  tau=7.133e-14  beta=9.773e-01
[iter  129/500] obj=7.283310e+06  f=7.283310e+06  g=0.000000e+00  ||x||=1.387352e-02  ||grad||=1.482355e+09  tau=7.133e-14  beta=9.774e-01
[iter  130/500] obj=7.292681e+06  f=7.292681e+06  g=0.000000e+00  ||x||=1.395308e-02  ||grad||=1.483114e+09  tau=7.133e-14  beta=9.776e-01
[iter  131/500] obj=7.301949e+06  f=7.301949e+06  g=0.000000e+00  ||x||=1.403244e-02  ||grad||=1.483863e+09  tau=7.133e-14  beta=9.778e-01
[iter  132/500] obj=7.311104e+06  f=7.311104e+06  g=0.000000e+00  ||x||=1.411158e-02  ||grad||=1.484603e+09  tau=7.133e-14  beta=9.779e-01
[iter  133/500] obj=7.320160e+06  f=7.320160e+06  g=0.000000e+00  ||x||=1.419052e-02  ||grad||=1.485335e+09  tau=7.133e-14  beta=9.781e-01
[iter  134/500] obj=7.329118e+06  f=7.329118e+06  g=0.000000e+00  ||x||=1.426925e-02  ||grad||=1.486056e+09  tau=7.133e-14  beta=9.783e-01
[iter  135/500] obj=7.337960e+06  f=7.337960e+06  g=0.000000e+00  ||x||=1.434778e-02  ||grad||=1.486763e+09  tau=7.133e-14  beta=9.784e-01
[iter  136/500] obj=7.346729e+06  f=7.346729e+06  g=0.000000e+00  ||x||=1.442611e-02  ||grad||=1.487465e+09  tau=7.133e-14  beta=9.786e-01
[iter  137/500] obj=7.355401e+06  f=7.355401e+06  g=0.000000e+00  ||x||=1.450423e-02  ||grad||=1.488157e+09  tau=7.133e-14  beta=9.787e-01
[iter  138/500] obj=7.363960e+06  f=7.363960e+06  g=0.000000e+00  ||x||=1.458216e-02  ||grad||=1.488842e+09  tau=7.133e-14  beta=9.789e-01
[iter  139/500] obj=7.372444e+06  f=7.372444e+06  g=0.000000e+00  ||x||=1.465989e-02  ||grad||=1.489515e+09  tau=7.133e-14  beta=9.790e-01
[iter  140/500] obj=7.380843e+06  f=7.380843e+06  g=0.000000e+00  ||x||=1.473743e-02  ||grad||=1.490183e+09  tau=7.133e-14  beta=9.792e-01
[iter  141/500] obj=7.389168e+06  f=7.389168e+06  g=0.000000e+00  ||x||=1.481478e-02  ||grad||=1.490847e+09  tau=7.133e-14  beta=9.793e-01
[iter  142/500] obj=7.397378e+06  f=7.397378e+06  g=0.000000e+00  ||x||=1.489193e-02  ||grad||=1.491496e+09  tau=7.133e-14  beta=9.794e-01
[iter  143/500] obj=7.405495e+06  f=7.405495e+06  g=0.000000e+00  ||x||=1.496889e-02  ||grad||=1.492136e+09  tau=7.133e-14  beta=9.796e-01
[iter  144/500] obj=7.413561e+06  f=7.413561e+06  g=0.000000e+00  ||x||=1.504567e-02  ||grad||=1.492774e+09  tau=7.133e-14  beta=9.797e-01
[iter  145/500] obj=7.421543e+06  f=7.421543e+06  g=0.000000e+00  ||x||=1.512225e-02  ||grad||=1.493404e+09  tau=7.133e-14  beta=9.799e-01
[iter  146/500] obj=7.429410e+06  f=7.429410e+06  g=0.000000e+00  ||x||=1.519866e-02  ||grad||=1.494022e+09  tau=7.133e-14  beta=9.800e-01
[iter  147/500] obj=7.437217e+06  f=7.437217e+06  g=0.000000e+00  ||x||=1.527487e-02  ||grad||=1.494629e+09  tau=7.133e-14  beta=9.801e-01
[iter  148/500] obj=7.444942e+06  f=7.444942e+06  g=0.000000e+00  ||x||=1.535091e-02  ||grad||=1.495234e+09  tau=7.133e-14  beta=9.803e-01
[iter  149/500] obj=7.452602e+06  f=7.452602e+06  g=0.000000e+00  ||x||=1.542677e-02  ||grad||=1.495834e+09  tau=7.133e-14  beta=9.804e-01
[iter  150/500] obj=7.460186e+06  f=7.460186e+06  g=0.000000e+00  ||x||=1.550244e-02  ||grad||=1.496427e+09  tau=7.133e-14  beta=9.805e-01
[iter  151/500] obj=7.467672e+06  f=7.467672e+06  g=0.000000e+00  ||x||=1.557794e-02  ||grad||=1.497008e+09  tau=7.133e-14  beta=9.806e-01
[iter  152/500] obj=7.475068e+06  f=7.475068e+06  g=0.000000e+00  ||x||=1.565326e-02  ||grad||=1.497578e+09  tau=7.133e-14  beta=9.808e-01
[iter  153/500] obj=7.482414e+06  f=7.482414e+06  g=0.000000e+00  ||x||=1.572841e-02  ||grad||=1.498144e+09  tau=7.133e-14  beta=9.809e-01
[iter  154/500] obj=7.489679e+06  f=7.489679e+06  g=0.000000e+00  ||x||=1.580338e-02  ||grad||=1.498709e+09  tau=7.133e-14  beta=9.810e-01
[iter  155/500] obj=7.496888e+06  f=7.496888e+06  g=0.000000e+00  ||x||=1.587819e-02  ||grad||=1.499267e+09  tau=7.133e-14  beta=9.811e-01
[iter  156/500] obj=7.504022e+06  f=7.504022e+06  g=0.000000e+00  ||x||=1.595281e-02  ||grad||=1.499817e+09  tau=7.133e-14  beta=9.813e-01
[iter  157/500] obj=7.511084e+06  f=7.511084e+06  g=0.000000e+00  ||x||=1.602728e-02  ||grad||=1.500360e+09  tau=7.133e-14  beta=9.814e-01
[iter  158/500] obj=7.518100e+06  f=7.518100e+06  g=0.000000e+00  ||x||=1.610157e-02  ||grad||=1.500899e+09  tau=7.133e-14  beta=9.815e-01
[iter  159/500] obj=7.525050e+06  f=7.525050e+06  g=0.000000e+00  ||x||=1.617569e-02  ||grad||=1.501432e+09  tau=7.133e-14  beta=9.816e-01
[iter  160/500] obj=7.531934e+06  f=7.531934e+06  g=0.000000e+00  ||x||=1.624965e-02  ||grad||=1.501960e+09  tau=7.133e-14  beta=9.817e-01
[iter  161/500] obj=7.538763e+06  f=7.538763e+06  g=0.000000e+00  ||x||=1.632345e-02  ||grad||=1.502479e+09  tau=7.133e-14  beta=9.818e-01
[iter  162/500] obj=7.545513e+06  f=7.545513e+06  g=0.000000e+00  ||x||=1.639708e-02  ||grad||=1.502990e+09  tau=7.133e-14  beta=9.819e-01
[iter  163/500] obj=7.552211e+06  f=7.552211e+06  g=0.000000e+00  ||x||=1.647055e-02  ||grad||=1.503496e+09  tau=7.133e-14  beta=9.820e-01
[iter  164/500] obj=7.558866e+06  f=7.558866e+06  g=0.000000e+00  ||x||=1.654385e-02  ||grad||=1.503998e+09  tau=7.133e-14  beta=9.821e-01
[iter  165/500] obj=7.565448e+06  f=7.565448e+06  g=0.000000e+00  ||x||=1.661700e-02  ||grad||=1.504493e+09  tau=7.133e-14  beta=9.823e-01
[iter  166/500] obj=7.571968e+06  f=7.571968e+06  g=0.000000e+00  ||x||=1.668999e-02  ||grad||=1.504983e+09  tau=7.133e-14  beta=9.824e-01
[iter  167/500] obj=7.578423e+06  f=7.578423e+06  g=0.000000e+00  ||x||=1.676282e-02  ||grad||=1.505468e+09  tau=7.133e-14  beta=9.825e-01
[iter  168/500] obj=7.584818e+06  f=7.584818e+06  g=0.000000e+00  ||x||=1.683549e-02  ||grad||=1.505948e+09  tau=7.133e-14  beta=9.826e-01
[iter  169/500] obj=7.591160e+06  f=7.591160e+06  g=0.000000e+00  ||x||=1.690800e-02  ||grad||=1.506419e+09  tau=7.133e-14  beta=9.827e-01
[iter  170/500] obj=7.597432e+06  f=7.597432e+06  g=0.000000e+00  ||x||=1.698036e-02  ||grad||=1.506885e+09  tau=7.133e-14  beta=9.828e-01
[iter  171/500] obj=7.603670e+06  f=7.603670e+06  g=0.000000e+00  ||x||=1.705257e-02  ||grad||=1.507349e+09  tau=7.133e-14  beta=9.829e-01
[iter  172/500] obj=7.609857e+06  f=7.609857e+06  g=0.000000e+00  ||x||=1.712462e-02  ||grad||=1.507809e+09  tau=7.133e-14  beta=9.830e-01
[iter  173/500] obj=7.615968e+06  f=7.615968e+06  g=0.000000e+00  ||x||=1.719652e-02  ||grad||=1.508260e+09  tau=7.133e-14  beta=9.831e-01
[iter  174/500] obj=7.622024e+06  f=7.622024e+06  g=0.000000e+00  ||x||=1.726827e-02  ||grad||=1.508706e+09  tau=7.133e-14  beta=9.832e-01
[iter  175/500] obj=7.628030e+06  f=7.628030e+06  g=0.000000e+00  ||x||=1.733987e-02  ||grad||=1.509149e+09  tau=7.133e-14  beta=9.832e-01
[iter  176/500] obj=7.633972e+06  f=7.633972e+06  g=0.000000e+00  ||x||=1.741133e-02  ||grad||=1.509588e+09  tau=7.133e-14  beta=9.833e-01
[iter  177/500] obj=7.639844e+06  f=7.639844e+06  g=0.000000e+00  ||x||=1.748263e-02  ||grad||=1.510016e+09  tau=7.133e-14  beta=9.834e-01
[iter  178/500] obj=7.645686e+06  f=7.645686e+06  g=0.000000e+00  ||x||=1.755378e-02  ||grad||=1.510441e+09  tau=7.133e-14  beta=9.835e-01
[iter  179/500] obj=7.651453e+06  f=7.651453e+06  g=0.000000e+00  ||x||=1.762480e-02  ||grad||=1.510859e+09  tau=7.133e-14  beta=9.836e-01
[iter  180/500] obj=7.657183e+06  f=7.657183e+06  g=0.000000e+00  ||x||=1.769566e-02  ||grad||=1.511277e+09  tau=7.133e-14  beta=9.837e-01
[iter  181/500] obj=7.662880e+06  f=7.662880e+06  g=0.000000e+00  ||x||=1.776638e-02  ||grad||=1.511688e+09  tau=7.133e-14  beta=9.838e-01
[iter  182/500] obj=7.668496e+06  f=7.668496e+06  g=0.000000e+00  ||x||=1.783696e-02  ||grad||=1.512093e+09  tau=7.133e-14  beta=9.839e-01
[iter  183/500] obj=7.674080e+06  f=7.674080e+06  g=0.000000e+00  ||x||=1.790740e-02  ||grad||=1.512493e+09  tau=7.133e-14  beta=9.840e-01
[iter  184/500] obj=7.679614e+06  f=7.679614e+06  g=0.000000e+00  ||x||=1.797769e-02  ||grad||=1.512890e+09  tau=7.133e-14  beta=9.841e-01
[iter  185/500] obj=7.685102e+06  f=7.685102e+06  g=0.000000e+00  ||x||=1.804785e-02  ||grad||=1.513285e+09  tau=7.133e-14  beta=9.841e-01
[iter  186/500] obj=7.690577e+06  f=7.690577e+06  g=0.000000e+00  ||x||=1.811787e-02  ||grad||=1.513680e+09  tau=7.133e-14  beta=9.842e-01
[iter  187/500] obj=7.696011e+06  f=7.696011e+06  g=0.000000e+00  ||x||=1.818774e-02  ||grad||=1.514076e+09  tau=7.133e-14  beta=9.843e-01
[iter  188/500] obj=7.701392e+06  f=7.701392e+06  g=0.000000e+00  ||x||=1.825749e-02  ||grad||=1.514464e+09  tau=7.133e-14  beta=9.844e-01
[iter  189/500] obj=7.706735e+06  f=7.706735e+06  g=0.000000e+00  ||x||=1.832709e-02  ||grad||=1.514847e+09  tau=7.133e-14  beta=9.845e-01
[iter  190/500] obj=7.712012e+06  f=7.712012e+06  g=0.000000e+00  ||x||=1.839656e-02  ||grad||=1.515228e+09  tau=7.133e-14  beta=9.845e-01
[iter  191/500] obj=7.717271e+06  f=7.717271e+06  g=0.000000e+00  ||x||=1.846589e-02  ||grad||=1.515607e+09  tau=7.133e-14  beta=9.846e-01
[iter  192/500] obj=7.722485e+06  f=7.722485e+06  g=0.000000e+00  ||x||=1.853509e-02  ||grad||=1.515983e+09  tau=7.133e-14  beta=9.847e-01
[iter  193/500] obj=7.727664e+06  f=7.727664e+06  g=0.000000e+00  ||x||=1.860415e-02  ||grad||=1.516353e+09  tau=7.133e-14  beta=9.848e-01
[iter  194/500] obj=7.732798e+06  f=7.732798e+06  g=0.000000e+00  ||x||=1.867308e-02  ||grad||=1.516719e+09  tau=7.133e-14  beta=9.849e-01
[iter  195/500] obj=7.737911e+06  f=7.737911e+06  g=0.000000e+00  ||x||=1.874188e-02  ||grad||=1.517087e+09  tau=7.133e-14  beta=9.849e-01
[iter  196/500] obj=7.742965e+06  f=7.742965e+06  g=0.000000e+00  ||x||=1.881055e-02  ||grad||=1.517449e+09  tau=7.133e-14  beta=9.850e-01
[iter  197/500] obj=7.747964e+06  f=7.747964e+06  g=0.000000e+00  ||x||=1.887908e-02  ||grad||=1.517805e+09  tau=7.133e-14  beta=9.851e-01
[iter  198/500] obj=7.752938e+06  f=7.752938e+06  g=0.000000e+00  ||x||=1.894749e-02  ||grad||=1.518159e+09  tau=7.133e-14  beta=9.852e-01
[iter  199/500] obj=7.757886e+06  f=7.757886e+06  g=0.000000e+00  ||x||=1.901576e-02  ||grad||=1.518509e+09  tau=7.133e-14  beta=9.852e-01
[iter  200/500] obj=7.762788e+06  f=7.762788e+06  g=0.000000e+00  ||x||=1.908391e-02  ||grad||=1.518855e+09  tau=7.133e-14  beta=9.853e-01
[iter  201/500] obj=7.767648e+06  f=7.767648e+06  g=0.000000e+00  ||x||=1.915192e-02  ||grad||=1.519197e+09  tau=7.133e-14  beta=9.854e-01
[iter  202/500] obj=7.772459e+06  f=7.772459e+06  g=0.000000e+00  ||x||=1.921981e-02  ||grad||=1.519533e+09  tau=7.133e-14  beta=9.854e-01
[iter  203/500] obj=7.777224e+06  f=7.777224e+06  g=0.000000e+00  ||x||=1.928758e-02  ||grad||=1.519865e+09  tau=7.133e-14  beta=9.855e-01
[iter  204/500] obj=7.781960e+06  f=7.781960e+06  g=0.000000e+00  ||x||=1.935521e-02  ||grad||=1.520195e+09  tau=7.133e-14  beta=9.856e-01
[iter  205/500] obj=7.786657e+06  f=7.786657e+06  g=0.000000e+00  ||x||=1.942272e-02  ||grad||=1.520522e+09  tau=7.133e-14  beta=9.857e-01
[iter  206/500] obj=7.791293e+06  f=7.791293e+06  g=0.000000e+00  ||x||=1.949011e-02  ||grad||=1.520842e+09  tau=7.133e-14  beta=9.857e-01
[iter  207/500] obj=7.795898e+06  f=7.795898e+06  g=0.000000e+00  ||x||=1.955737e-02  ||grad||=1.521157e+09  tau=7.133e-14  beta=9.858e-01
[iter  208/500] obj=7.800466e+06  f=7.800466e+06  g=0.000000e+00  ||x||=1.962451e-02  ||grad||=1.521469e+09  tau=7.133e-14  beta=9.859e-01
[iter  209/500] obj=7.805000e+06  f=7.805000e+06  g=0.000000e+00  ||x||=1.969153e-02  ||grad||=1.521778e+09  tau=7.133e-14  beta=9.859e-01
[iter  210/500] obj=7.809498e+06  f=7.809498e+06  g=0.000000e+00  ||x||=1.975843e-02  ||grad||=1.522085e+09  tau=7.133e-14  beta=9.860e-01
[iter  211/500] obj=7.813964e+06  f=7.813964e+06  g=0.000000e+00  ||x||=1.982520e-02  ||grad||=1.522391e+09  tau=7.133e-14  beta=9.861e-01
[iter  212/500] obj=7.818416e+06  f=7.818416e+06  g=0.000000e+00  ||x||=1.989185e-02  ||grad||=1.522697e+09  tau=7.133e-14  beta=9.861e-01
[iter  213/500] obj=7.822824e+06  f=7.822824e+06  g=0.000000e+00  ||x||=1.995839e-02  ||grad||=1.522997e+09  tau=7.133e-14  beta=9.862e-01
[iter  214/500] obj=7.827226e+06  f=7.827226e+06  g=0.000000e+00  ||x||=2.002480e-02  ||grad||=1.523302e+09  tau=7.133e-14  beta=9.862e-01
[iter  215/500] obj=7.831608e+06  f=7.831608e+06  g=0.000000e+00  ||x||=2.009110e-02  ||grad||=1.523607e+09  tau=7.133e-14  beta=9.863e-01
[iter  216/500] obj=7.835956e+06  f=7.835956e+06  g=0.000000e+00  ||x||=2.015728e-02  ||grad||=1.523910e+09  tau=7.133e-14  beta=9.864e-01
[iter  217/500] obj=7.840293e+06  f=7.840293e+06  g=0.000000e+00  ||x||=2.022334e-02  ||grad||=1.524210e+09  tau=7.133e-14  beta=9.864e-01
[iter  218/500] obj=7.844572e+06  f=7.844572e+06  g=0.000000e+00  ||x||=2.028928e-02  ||grad||=1.524507e+09  tau=7.133e-14  beta=9.865e-01
[iter  219/500] obj=7.848817e+06  f=7.848817e+06  g=0.000000e+00  ||x||=2.035511e-02  ||grad||=1.524799e+09  tau=7.133e-14  beta=9.866e-01
[iter  220/500] obj=7.853044e+06  f=7.853044e+06  g=0.000000e+00  ||x||=2.042082e-02  ||grad||=1.525091e+09  tau=7.133e-14  beta=9.866e-01
[iter  221/500] obj=7.857252e+06  f=7.857252e+06  g=0.000000e+00  ||x||=2.048641e-02  ||grad||=1.525382e+09  tau=7.133e-14  beta=9.867e-01
[iter  222/500] obj=7.861408e+06  f=7.861408e+06  g=0.000000e+00  ||x||=2.055190e-02  ||grad||=1.525666e+09  tau=7.133e-14  beta=9.867e-01
[iter  223/500] obj=7.865537e+06  f=7.865537e+06  g=0.000000e+00  ||x||=2.061726e-02  ||grad||=1.525948e+09  tau=7.133e-14  beta=9.868e-01
[iter  224/500] obj=7.869642e+06  f=7.869642e+06  g=0.000000e+00  ||x||=2.068251e-02  ||grad||=1.526228e+09  tau=7.133e-14  beta=9.869e-01
[iter  225/500] obj=7.873724e+06  f=7.873724e+06  g=0.000000e+00  ||x||=2.074765e-02  ||grad||=1.526506e+09  tau=7.133e-14  beta=9.869e-01
[iter  226/500] obj=7.877762e+06  f=7.877762e+06  g=0.000000e+00  ||x||=2.081268e-02  ||grad||=1.526781e+09  tau=7.133e-14  beta=9.870e-01
[iter  227/500] obj=7.881788e+06  f=7.881788e+06  g=0.000000e+00  ||x||=2.087759e-02  ||grad||=1.527055e+09  tau=7.133e-14  beta=9.870e-01
[iter  228/500] obj=7.885762e+06  f=7.885762e+06  g=0.000000e+00  ||x||=2.094239e-02  ||grad||=1.527323e+09  tau=7.133e-14  beta=9.871e-01
[iter  229/500] obj=7.889733e+06  f=7.889733e+06  g=0.000000e+00  ||x||=2.100708e-02  ||grad||=1.527592e+09  tau=7.133e-14  beta=9.871e-01
[iter  230/500] obj=7.893693e+06  f=7.893693e+06  g=0.000000e+00  ||x||=2.107166e-02  ||grad||=1.527859e+09  tau=7.133e-14  beta=9.872e-01
[iter  231/500] obj=7.897598e+06  f=7.897598e+06  g=0.000000e+00  ||x||=2.113613e-02  ||grad||=1.528122e+09  tau=7.133e-14  beta=9.872e-01
[iter  232/500] obj=7.901482e+06  f=7.901482e+06  g=0.000000e+00  ||x||=2.120049e-02  ||grad||=1.528382e+09  tau=7.133e-14  beta=9.873e-01
[iter  233/500] obj=7.905357e+06  f=7.905357e+06  g=0.000000e+00  ||x||=2.126474e-02  ||grad||=1.528644e+09  tau=7.133e-14  beta=9.874e-01
[iter  234/500] obj=7.909194e+06  f=7.909194e+06  g=0.000000e+00  ||x||=2.132889e-02  ||grad||=1.528901e+09  tau=7.133e-14  beta=9.874e-01
[iter  235/500] obj=7.913000e+06  f=7.913000e+06  g=0.000000e+00  ||x||=2.139292e-02  ||grad||=1.529156e+09  tau=7.133e-14  beta=9.875e-01
[iter  236/500] obj=7.916800e+06  f=7.916800e+06  g=0.000000e+00  ||x||=2.145684e-02  ||grad||=1.529413e+09  tau=7.133e-14  beta=9.875e-01
[iter  237/500] obj=7.920564e+06  f=7.920564e+06  g=0.000000e+00  ||x||=2.152066e-02  ||grad||=1.529663e+09  tau=7.133e-14  beta=9.876e-01
[iter  238/500] obj=7.924318e+06  f=7.924318e+06  g=0.000000e+00  ||x||=2.158437e-02  ||grad||=1.529913e+09  tau=7.133e-14  beta=9.876e-01
[iter  239/500] obj=7.928040e+06  f=7.928040e+06  g=0.000000e+00  ||x||=2.164797e-02  ||grad||=1.530161e+09  tau=7.133e-14  beta=9.877e-01
[iter  240/500] obj=7.931731e+06  f=7.931731e+06  g=0.000000e+00  ||x||=2.171147e-02  ||grad||=1.530407e+09  tau=7.133e-14  beta=9.877e-01
[iter  241/500] obj=7.935411e+06  f=7.935411e+06  g=0.000000e+00  ||x||=2.177487e-02  ||grad||=1.530654e+09  tau=7.133e-14  beta=9.878e-01
[iter  242/500] obj=7.939054e+06  f=7.939054e+06  g=0.000000e+00  ||x||=2.183815e-02  ||grad||=1.530898e+09  tau=7.133e-14  beta=9.878e-01
[iter  243/500] obj=7.942686e+06  f=7.942686e+06  g=0.000000e+00  ||x||=2.190133e-02  ||grad||=1.531143e+09  tau=7.133e-14  beta=9.879e-01
[iter  244/500] obj=7.946270e+06  f=7.946270e+06  g=0.000000e+00  ||x||=2.196441e-02  ||grad||=1.531383e+09  tau=7.133e-14  beta=9.879e-01
[iter  245/500] obj=7.949846e+06  f=7.949846e+06  g=0.000000e+00  ||x||=2.202738e-02  ||grad||=1.531620e+09  tau=7.133e-14  beta=9.880e-01
[iter  246/500] obj=7.953391e+06  f=7.953391e+06  g=0.000000e+00  ||x||=2.209026e-02  ||grad||=1.531855e+09  tau=7.133e-14  beta=9.880e-01
[iter  247/500] obj=7.956922e+06  f=7.956922e+06  g=0.000000e+00  ||x||=2.215302e-02  ||grad||=1.532090e+09  tau=7.133e-14  beta=9.881e-01
[iter  248/500] obj=7.960439e+06  f=7.960439e+06  g=0.000000e+00  ||x||=2.221569e-02  ||grad||=1.532324e+09  tau=7.133e-14  beta=9.881e-01
[iter  249/500] obj=7.963926e+06  f=7.963926e+06  g=0.000000e+00  ||x||=2.227825e-02  ||grad||=1.532557e+09  tau=7.133e-14  beta=9.882e-01
[iter  250/500] obj=7.967401e+06  f=7.967401e+06  g=0.000000e+00  ||x||=2.234071e-02  ||grad||=1.532788e+09  tau=7.133e-14  beta=9.882e-01
[iter  251/500] obj=7.970856e+06  f=7.970856e+06  g=0.000000e+00  ||x||=2.240307e-02  ||grad||=1.533018e+09  tau=7.133e-14  beta=9.882e-01
[iter  252/500] obj=7.974293e+06  f=7.974293e+06  g=0.000000e+00  ||x||=2.246532e-02  ||grad||=1.533247e+09  tau=7.133e-14  beta=9.883e-01
[iter  253/500] obj=7.977698e+06  f=7.977698e+06  g=0.000000e+00  ||x||=2.252747e-02  ||grad||=1.533472e+09  tau=7.133e-14  beta=9.883e-01
[iter  254/500] obj=7.981080e+06  f=7.981080e+06  g=0.000000e+00  ||x||=2.258953e-02  ||grad||=1.533695e+09  tau=7.133e-14  beta=9.884e-01
[iter  255/500] obj=7.984432e+06  f=7.984432e+06  g=0.000000e+00  ||x||=2.265148e-02  ||grad||=1.533916e+09  tau=7.133e-14  beta=9.884e-01
[iter  256/500] obj=7.987763e+06  f=7.987763e+06  g=0.000000e+00  ||x||=2.271333e-02  ||grad||=1.534134e+09  tau=7.133e-14  beta=9.885e-01
[iter  257/500] obj=7.991079e+06  f=7.991079e+06  g=0.000000e+00  ||x||=2.277509e-02  ||grad||=1.534350e+09  tau=7.133e-14  beta=9.885e-01
[iter  258/500] obj=7.994377e+06  f=7.994377e+06  g=0.000000e+00  ||x||=2.283674e-02  ||grad||=1.534564e+09  tau=7.133e-14  beta=9.886e-01
[iter  259/500] obj=7.997653e+06  f=7.997653e+06  g=0.000000e+00  ||x||=2.289830e-02  ||grad||=1.534779e+09  tau=7.133e-14  beta=9.886e-01
[iter  260/500] obj=8.000910e+06  f=8.000910e+06  g=0.000000e+00  ||x||=2.295976e-02  ||grad||=1.534994e+09  tau=7.133e-14  beta=9.886e-01
[iter  261/500] obj=8.004150e+06  f=8.004150e+06  g=0.000000e+00  ||x||=2.302111e-02  ||grad||=1.535204e+09  tau=7.133e-14  beta=9.887e-01
[iter  262/500] obj=8.007375e+06  f=8.007375e+06  g=0.000000e+00  ||x||=2.308238e-02  ||grad||=1.535414e+09  tau=7.133e-14  beta=9.887e-01
[iter  263/500] obj=8.010586e+06  f=8.010586e+06  g=0.000000e+00  ||x||=2.314354e-02  ||grad||=1.535622e+09  tau=7.133e-14  beta=9.888e-01
[iter  264/500] obj=8.013784e+06  f=8.013784e+06  g=0.000000e+00  ||x||=2.320460e-02  ||grad||=1.535828e+09  tau=7.133e-14  beta=9.888e-01
[iter  265/500] obj=8.016953e+06  f=8.016953e+06  g=0.000000e+00  ||x||=2.326557e-02  ||grad||=1.536032e+09  tau=7.133e-14  beta=9.889e-01
[iter  266/500] obj=8.020098e+06  f=8.020098e+06  g=0.000000e+00  ||x||=2.332645e-02  ||grad||=1.536232e+09  tau=7.133e-14  beta=9.889e-01
[iter  267/500] obj=8.023229e+06  f=8.023229e+06  g=0.000000e+00  ||x||=2.338722e-02  ||grad||=1.536430e+09  tau=7.133e-14  beta=9.889e-01
[iter  268/500] obj=8.026345e+06  f=8.026345e+06  g=0.000000e+00  ||x||=2.344790e-02  ||grad||=1.536626e+09  tau=7.133e-14  beta=9.890e-01
[iter  269/500] obj=8.029442e+06  f=8.029442e+06  g=0.000000e+00  ||x||=2.350849e-02  ||grad||=1.536822e+09  tau=7.133e-14  beta=9.890e-01
[iter  270/500] obj=8.032517e+06  f=8.032517e+06  g=0.000000e+00  ||x||=2.356897e-02  ||grad||=1.537014e+09  tau=7.133e-14  beta=9.891e-01
[iter  271/500] obj=8.035574e+06  f=8.035574e+06  g=0.000000e+00  ||x||=2.362937e-02  ||grad||=1.537205e+09  tau=7.133e-14  beta=9.891e-01
[iter  272/500] obj=8.038608e+06  f=8.038608e+06  g=0.000000e+00  ||x||=2.368966e-02  ||grad||=1.537393e+09  tau=7.133e-14  beta=9.891e-01
[iter  273/500] obj=8.041620e+06  f=8.041620e+06  g=0.000000e+00  ||x||=2.374987e-02  ||grad||=1.537578e+09  tau=7.133e-14  beta=9.892e-01
[iter  274/500] obj=8.044617e+06  f=8.044617e+06  g=0.000000e+00  ||x||=2.380998e-02  ||grad||=1.537761e+09  tau=7.133e-14  beta=9.892e-01
[iter  275/500] obj=8.047600e+06  f=8.047600e+06  g=0.000000e+00  ||x||=2.387000e-02  ||grad||=1.537944e+09  tau=7.133e-14  beta=9.893e-01
[iter  276/500] obj=8.050556e+06  f=8.050556e+06  g=0.000000e+00  ||x||=2.392992e-02  ||grad||=1.538123e+09  tau=7.133e-14  beta=9.893e-01
[iter  277/500] obj=8.053501e+06  f=8.053501e+06  g=0.000000e+00  ||x||=2.398975e-02  ||grad||=1.538302e+09  tau=7.133e-14  beta=9.893e-01
[iter  278/500] obj=8.056410e+06  f=8.056410e+06  g=0.000000e+00  ||x||=2.404948e-02  ||grad||=1.538477e+09  tau=7.133e-14  beta=9.894e-01
[iter  279/500] obj=8.059321e+06  f=8.059321e+06  g=0.000000e+00  ||x||=2.410913e-02  ||grad||=1.538652e+09  tau=7.133e-14  beta=9.894e-01
[iter  280/500] obj=8.062205e+06  f=8.062205e+06  g=0.000000e+00  ||x||=2.416868e-02  ||grad||=1.538823e+09  tau=7.133e-14  beta=9.894e-01
[iter  281/500] obj=8.065074e+06  f=8.065074e+06  g=0.000000e+00  ||x||=2.422814e-02  ||grad||=1.538995e+09  tau=7.133e-14  beta=9.895e-01
[iter  282/500] obj=8.067930e+06  f=8.067930e+06  g=0.000000e+00  ||x||=2.428751e-02  ||grad||=1.539164e+09  tau=7.133e-14  beta=9.895e-01
[iter  283/500] obj=8.070773e+06  f=8.070773e+06  g=0.000000e+00  ||x||=2.434679e-02  ||grad||=1.539330e+09  tau=7.133e-14  beta=9.896e-01
[iter  284/500] obj=8.073606e+06  f=8.073606e+06  g=0.000000e+00  ||x||=2.440597e-02  ||grad||=1.539495e+09  tau=7.133e-14  beta=9.896e-01
[iter  285/500] obj=8.076412e+06  f=8.076412e+06  g=0.000000e+00  ||x||=2.446507e-02  ||grad||=1.539657e+09  tau=7.133e-14  beta=9.896e-01
[iter  286/500] obj=8.079194e+06  f=8.079194e+06  g=0.000000e+00  ||x||=2.452408e-02  ||grad||=1.539816e+09  tau=7.133e-14  beta=9.897e-01
[iter  287/500] obj=8.081962e+06  f=8.081962e+06  g=0.000000e+00  ||x||=2.458299e-02  ||grad||=1.539975e+09  tau=7.133e-14  beta=9.897e-01
[iter  288/500] obj=8.084710e+06  f=8.084710e+06  g=0.000000e+00  ||x||=2.464182e-02  ||grad||=1.540131e+09  tau=7.133e-14  beta=9.897e-01
[iter  289/500] obj=8.087454e+06  f=8.087454e+06  g=0.000000e+00  ||x||=2.470056e-02  ||grad||=1.540286e+09  tau=7.133e-14  beta=9.898e-01
[iter  290/500] obj=8.090178e+06  f=8.090178e+06  g=0.000000e+00  ||x||=2.475920e-02  ||grad||=1.540441e+09  tau=7.133e-14  beta=9.898e-01
[iter  291/500] obj=8.092890e+06  f=8.092890e+06  g=0.000000e+00  ||x||=2.481776e-02  ||grad||=1.540593e+09  tau=7.133e-14  beta=9.898e-01
[iter  292/500] obj=8.095588e+06  f=8.095588e+06  g=0.000000e+00  ||x||=2.487624e-02  ||grad||=1.540745e+09  tau=7.133e-14  beta=9.899e-01
[iter  293/500] obj=8.098268e+06  f=8.098268e+06  g=0.000000e+00  ||x||=2.493462e-02  ||grad||=1.540896e+09  tau=7.133e-14  beta=9.899e-01
[iter  294/500] obj=8.100926e+06  f=8.100926e+06  g=0.000000e+00  ||x||=2.499291e-02  ||grad||=1.541045e+09  tau=7.133e-14  beta=9.899e-01
[iter  295/500] obj=8.103561e+06  f=8.103561e+06  g=0.000000e+00  ||x||=2.505112e-02  ||grad||=1.541191e+09  tau=7.133e-14  beta=9.900e-01
[iter  296/500] obj=8.106191e+06  f=8.106191e+06  g=0.000000e+00  ||x||=2.510924e-02  ||grad||=1.541337e+09  tau=7.133e-14  beta=9.900e-01
[iter  297/500] obj=8.108808e+06  f=8.108808e+06  g=0.000000e+00  ||x||=2.516728e-02  ||grad||=1.541481e+09  tau=7.133e-14  beta=9.900e-01
[iter  298/500] obj=8.111397e+06  f=8.111397e+06  g=0.000000e+00  ||x||=2.522523e-02  ||grad||=1.541624e+09  tau=7.133e-14  beta=9.901e-01
[iter  299/500] obj=8.113995e+06  f=8.113995e+06  g=0.000000e+00  ||x||=2.528309e-02  ||grad||=1.541770e+09  tau=7.133e-14  beta=9.901e-01
[iter  300/500] obj=8.116576e+06  f=8.116576e+06  g=0.000000e+00  ||x||=2.534087e-02  ||grad||=1.541914e+09  tau=7.133e-14  beta=9.901e-01
[iter  301/500] obj=8.119148e+06  f=8.119148e+06  g=0.000000e+00  ||x||=2.539856e-02  ||grad||=1.542060e+09  tau=7.133e-14  beta=9.902e-01
[iter  302/500] obj=8.121717e+06  f=8.121717e+06  g=0.000000e+00  ||x||=2.545616e-02  ||grad||=1.542206e+09  tau=7.133e-14  beta=9.902e-01
[iter  303/500] obj=8.124280e+06  f=8.124280e+06  g=0.000000e+00  ||x||=2.551368e-02  ||grad||=1.542352e+09  tau=7.133e-14  beta=9.902e-01
[iter  304/500] obj=8.126828e+06  f=8.126828e+06  g=0.000000e+00  ||x||=2.557112e-02  ||grad||=1.542499e+09  tau=7.133e-14  beta=9.903e-01
[iter  305/500] obj=8.129362e+06  f=8.129362e+06  g=0.000000e+00  ||x||=2.562847e-02  ||grad||=1.542643e+09  tau=7.133e-14  beta=9.903e-01
[iter  306/500] obj=8.131881e+06  f=8.131881e+06  g=0.000000e+00  ||x||=2.568574e-02  ||grad||=1.542786e+09  tau=7.133e-14  beta=9.903e-01
[iter  307/500] obj=8.134378e+06  f=8.134378e+06  g=0.000000e+00  ||x||=2.574292e-02  ||grad||=1.542930e+09  tau=7.133e-14  beta=9.904e-01
[iter  308/500] obj=8.136876e+06  f=8.136876e+06  g=0.000000e+00  ||x||=2.580001e-02  ||grad||=1.543073e+09  tau=7.133e-14  beta=9.904e-01
[iter  309/500] obj=8.139356e+06  f=8.139356e+06  g=0.000000e+00  ||x||=2.585703e-02  ||grad||=1.543215e+09  tau=7.133e-14  beta=9.904e-01
[iter  310/500] obj=8.141828e+06  f=8.141828e+06  g=0.000000e+00  ||x||=2.591396e-02  ||grad||=1.543356e+09  tau=7.133e-14  beta=9.905e-01
[iter  311/500] obj=8.144302e+06  f=8.144302e+06  g=0.000000e+00  ||x||=2.597080e-02  ||grad||=1.543499e+09  tau=7.133e-14  beta=9.905e-01
[iter  312/500] obj=8.146749e+06  f=8.146749e+06  g=0.000000e+00  ||x||=2.602757e-02  ||grad||=1.543642e+09  tau=7.133e-14  beta=9.905e-01
[iter  313/500] obj=8.149186e+06  f=8.149186e+06  g=0.000000e+00  ||x||=2.608425e-02  ||grad||=1.543781e+09  tau=7.133e-14  beta=9.905e-01
[iter  314/500] obj=8.151602e+06  f=8.151602e+06  g=0.000000e+00  ||x||=2.614084e-02  ||grad||=1.543919e+09  tau=7.133e-14  beta=9.906e-01
[iter  315/500] obj=8.153996e+06  f=8.153996e+06  g=0.000000e+00  ||x||=2.619736e-02  ||grad||=1.544055e+09  tau=7.133e-14  beta=9.906e-01
[iter  316/500] obj=8.156396e+06  f=8.156396e+06  g=0.000000e+00  ||x||=2.625379e-02  ||grad||=1.544193e+09  tau=7.133e-14  beta=9.906e-01
[iter  317/500] obj=8.158800e+06  f=8.158800e+06  g=0.000000e+00  ||x||=2.631014e-02  ||grad||=1.544329e+09  tau=7.133e-14  beta=9.907e-01
[iter  318/500] obj=8.161170e+06  f=8.161170e+06  g=0.000000e+00  ||x||=2.636641e-02  ||grad||=1.544464e+09  tau=7.133e-14  beta=9.907e-01
[iter  319/500] obj=8.163528e+06  f=8.163528e+06  g=0.000000e+00  ||x||=2.642260e-02  ||grad||=1.544598e+09  tau=7.133e-14  beta=9.907e-01
[iter  320/500] obj=8.165873e+06  f=8.165873e+06  g=0.000000e+00  ||x||=2.647870e-02  ||grad||=1.544731e+09  tau=7.133e-14  beta=9.908e-01
[iter  321/500] obj=8.168207e+06  f=8.168207e+06  g=0.000000e+00  ||x||=2.653472e-02  ||grad||=1.544863e+09  tau=7.133e-14  beta=9.908e-01
[iter  322/500] obj=8.170531e+06  f=8.170531e+06  g=0.000000e+00  ||x||=2.659066e-02  ||grad||=1.544992e+09  tau=7.133e-14  beta=9.908e-01
[iter  323/500] obj=8.172847e+06  f=8.172847e+06  g=0.000000e+00  ||x||=2.664652e-02  ||grad||=1.545122e+09  tau=7.133e-14  beta=9.908e-01
[iter  324/500] obj=8.175150e+06  f=8.175150e+06  g=0.000000e+00  ||x||=2.670230e-02  ||grad||=1.545252e+09  tau=7.133e-14  beta=9.909e-01
[iter  325/500] obj=8.177436e+06  f=8.177436e+06  g=0.000000e+00  ||x||=2.675800e-02  ||grad||=1.545382e+09  tau=7.133e-14  beta=9.909e-01
[iter  326/500] obj=8.179728e+06  f=8.179728e+06  g=0.000000e+00  ||x||=2.681361e-02  ||grad||=1.545511e+09  tau=7.133e-14  beta=9.909e-01
[iter  327/500] obj=8.182004e+06  f=8.182004e+06  g=0.000000e+00  ||x||=2.686915e-02  ||grad||=1.545638e+09  tau=7.133e-14  beta=9.909e-01
[iter  328/500] obj=8.184275e+06  f=8.184275e+06  g=0.000000e+00  ||x||=2.692461e-02  ||grad||=1.545765e+09  tau=7.133e-14  beta=9.910e-01
[iter  329/500] obj=8.186527e+06  f=8.186527e+06  g=0.000000e+00  ||x||=2.697998e-02  ||grad||=1.545891e+09  tau=7.133e-14  beta=9.910e-01
[iter  330/500] obj=8.188764e+06  f=8.188764e+06  g=0.000000e+00  ||x||=2.703528e-02  ||grad||=1.546013e+09  tau=7.133e-14  beta=9.910e-01
[iter  331/500] obj=8.190986e+06  f=8.190986e+06  g=0.000000e+00  ||x||=2.709049e-02  ||grad||=1.546136e+09  tau=7.133e-14  beta=9.911e-01
[iter  332/500] obj=8.193210e+06  f=8.193210e+06  g=0.000000e+00  ||x||=2.714563e-02  ||grad||=1.546258e+09  tau=7.133e-14  beta=9.911e-01
[iter  333/500] obj=8.195410e+06  f=8.195410e+06  g=0.000000e+00  ||x||=2.720068e-02  ||grad||=1.546381e+09  tau=7.133e-14  beta=9.911e-01
[iter  334/500] obj=8.197614e+06  f=8.197614e+06  g=0.000000e+00  ||x||=2.725566e-02  ||grad||=1.546502e+09  tau=7.133e-14  beta=9.911e-01
[iter  335/500] obj=8.199799e+06  f=8.199799e+06  g=0.000000e+00  ||x||=2.731056e-02  ||grad||=1.546623e+09  tau=7.133e-14  beta=9.912e-01
[iter  336/500] obj=8.201972e+06  f=8.201972e+06  g=0.000000e+00  ||x||=2.736537e-02  ||grad||=1.546743e+09  tau=7.133e-14  beta=9.912e-01
[iter  337/500] obj=8.204126e+06  f=8.204126e+06  g=0.000000e+00  ||x||=2.742011e-02  ||grad||=1.546861e+09  tau=7.133e-14  beta=9.912e-01
[iter  338/500] obj=8.206264e+06  f=8.206264e+06  g=0.000000e+00  ||x||=2.747477e-02  ||grad||=1.546978e+09  tau=7.133e-14  beta=9.912e-01
[iter  339/500] obj=8.208384e+06  f=8.208384e+06  g=0.000000e+00  ||x||=2.752935e-02  ||grad||=1.547093e+09  tau=7.133e-14  beta=9.913e-01
[iter  340/500] obj=8.210492e+06  f=8.210492e+06  g=0.000000e+00  ||x||=2.758386e-02  ||grad||=1.547206e+09  tau=7.133e-14  beta=9.913e-01
[iter  341/500] obj=8.212584e+06  f=8.212584e+06  g=0.000000e+00  ||x||=2.763828e-02  ||grad||=1.547318e+09  tau=7.133e-14  beta=9.913e-01
[iter  342/500] obj=8.214661e+06  f=8.214661e+06  g=0.000000e+00  ||x||=2.769263e-02  ||grad||=1.547429e+09  tau=7.133e-14  beta=9.913e-01
[iter  343/500] obj=8.216728e+06  f=8.216728e+06  g=0.000000e+00  ||x||=2.774690e-02  ||grad||=1.547538e+09  tau=7.133e-14  beta=9.914e-01
[iter  344/500] obj=8.218797e+06  f=8.218797e+06  g=0.000000e+00  ||x||=2.780109e-02  ||grad||=1.547648e+09  tau=7.133e-14  beta=9.914e-01
[iter  345/500] obj=8.220859e+06  f=8.220859e+06  g=0.000000e+00  ||x||=2.785521e-02  ||grad||=1.547758e+09  tau=7.133e-14  beta=9.914e-01
[iter  346/500] obj=8.222906e+06  f=8.222906e+06  g=0.000000e+00  ||x||=2.790925e-02  ||grad||=1.547867e+09  tau=7.133e-14  beta=9.914e-01
[iter  347/500] obj=8.224943e+06  f=8.224943e+06  g=0.000000e+00  ||x||=2.796321e-02  ||grad||=1.547973e+09  tau=7.133e-14  beta=9.915e-01
[iter  348/500] obj=8.226964e+06  f=8.226964e+06  g=0.000000e+00  ||x||=2.801709e-02  ||grad||=1.548077e+09  tau=7.133e-14  beta=9.915e-01
[iter  349/500] obj=8.228990e+06  f=8.228990e+06  g=0.000000e+00  ||x||=2.807090e-02  ||grad||=1.548184e+09  tau=7.133e-14  beta=9.915e-01
[iter  350/500] obj=8.230998e+06  f=8.230998e+06  g=0.000000e+00  ||x||=2.812463e-02  ||grad||=1.548291e+09  tau=7.133e-14  beta=9.915e-01
[iter  351/500] obj=8.232991e+06  f=8.232991e+06  g=0.000000e+00  ||x||=2.817829e-02  ||grad||=1.548396e+09  tau=7.133e-14  beta=9.916e-01
[iter  352/500] obj=8.234984e+06  f=8.234984e+06  g=0.000000e+00  ||x||=2.823187e-02  ||grad||=1.548501e+09  tau=7.133e-14  beta=9.916e-01
[iter  353/500] obj=8.236964e+06  f=8.236964e+06  g=0.000000e+00  ||x||=2.828537e-02  ||grad||=1.548605e+09  tau=7.133e-14  beta=9.916e-01
[iter  354/500] obj=8.238941e+06  f=8.238941e+06  g=0.000000e+00  ||x||=2.833880e-02  ||grad||=1.548708e+09  tau=7.133e-14  beta=9.916e-01
[iter  355/500] obj=8.240900e+06  f=8.240900e+06  g=0.000000e+00  ||x||=2.839216e-02  ||grad||=1.548812e+09  tau=7.133e-14  beta=9.917e-01
[iter  356/500] obj=8.242861e+06  f=8.242861e+06  g=0.000000e+00  ||x||=2.844544e-02  ||grad||=1.548918e+09  tau=7.133e-14  beta=9.917e-01
[iter  357/500] obj=8.244807e+06  f=8.244807e+06  g=0.000000e+00  ||x||=2.849864e-02  ||grad||=1.549021e+09  tau=7.133e-14  beta=9.917e-01
[iter  358/500] obj=8.246742e+06  f=8.246742e+06  g=0.000000e+00  ||x||=2.855177e-02  ||grad||=1.549124e+09  tau=7.133e-14  beta=9.917e-01
[iter  359/500] obj=8.248660e+06  f=8.248660e+06  g=0.000000e+00  ||x||=2.860483e-02  ||grad||=1.549225e+09  tau=7.133e-14  beta=9.917e-01
[iter  360/500] obj=8.250570e+06  f=8.250570e+06  g=0.000000e+00  ||x||=2.865781e-02  ||grad||=1.549326e+09  tau=7.133e-14  beta=9.918e-01
[iter  361/500] obj=8.252472e+06  f=8.252472e+06  g=0.000000e+00  ||x||=2.871071e-02  ||grad||=1.549426e+09  tau=7.133e-14  beta=9.918e-01
[iter  362/500] obj=8.254366e+06  f=8.254366e+06  g=0.000000e+00  ||x||=2.876355e-02  ||grad||=1.549525e+09  tau=7.133e-14  beta=9.918e-01
[iter  363/500] obj=8.256248e+06  f=8.256248e+06  g=0.000000e+00  ||x||=2.881631e-02  ||grad||=1.549625e+09  tau=7.133e-14  beta=9.918e-01
[iter  364/500] obj=8.258117e+06  f=8.258117e+06  g=0.000000e+00  ||x||=2.886899e-02  ||grad||=1.549723e+09  tau=7.133e-14  beta=9.919e-01
[iter  365/500] obj=8.259991e+06  f=8.259991e+06  g=0.000000e+00  ||x||=2.892160e-02  ||grad||=1.549821e+09  tau=7.133e-14  beta=9.919e-01
[iter  366/500] obj=8.261834e+06  f=8.261834e+06  g=0.000000e+00  ||x||=2.897414e-02  ||grad||=1.549917e+09  tau=7.133e-14  beta=9.919e-01
[iter  367/500] obj=8.263681e+06  f=8.263681e+06  g=0.000000e+00  ||x||=2.902661e-02  ||grad||=1.550015e+09  tau=7.133e-14  beta=9.919e-01
[iter  368/500] obj=8.265526e+06  f=8.265526e+06  g=0.000000e+00  ||x||=2.907900e-02  ||grad||=1.550113e+09  tau=7.133e-14  beta=9.919e-01
[iter  369/500] obj=8.267357e+06  f=8.267357e+06  g=0.000000e+00  ||x||=2.913132e-02  ||grad||=1.550211e+09  tau=7.133e-14  beta=9.920e-01
[iter  370/500] obj=8.269181e+06  f=8.269181e+06  g=0.000000e+00  ||x||=2.918357e-02  ||grad||=1.550307e+09  tau=7.133e-14  beta=9.920e-01
[iter  371/500] obj=8.270980e+06  f=8.270980e+06  g=0.000000e+00  ||x||=2.923575e-02  ||grad||=1.550402e+09  tau=7.133e-14  beta=9.920e-01
[iter  372/500] obj=8.272778e+06  f=8.272778e+06  g=0.000000e+00  ||x||=2.928785e-02  ||grad||=1.550496e+09  tau=7.133e-14  beta=9.920e-01
[iter  373/500] obj=8.274569e+06  f=8.274569e+06  g=0.000000e+00  ||x||=2.933988e-02  ||grad||=1.550591e+09  tau=7.133e-14  beta=9.921e-01
[iter  374/500] obj=8.276355e+06  f=8.276355e+06  g=0.000000e+00  ||x||=2.939184e-02  ||grad||=1.550685e+09  tau=7.133e-14  beta=9.921e-01
[iter  375/500] obj=8.278133e+06  f=8.278133e+06  g=0.000000e+00  ||x||=2.944373e-02  ||grad||=1.550779e+09  tau=7.133e-14  beta=9.921e-01
[iter  376/500] obj=8.279896e+06  f=8.279896e+06  g=0.000000e+00  ||x||=2.949555e-02  ||grad||=1.550873e+09  tau=7.133e-14  beta=9.921e-01
[iter  377/500] obj=8.281643e+06  f=8.281643e+06  g=0.000000e+00  ||x||=2.954730e-02  ||grad||=1.550966e+09  tau=7.133e-14  beta=9.921e-01
[iter  378/500] obj=8.283384e+06  f=8.283384e+06  g=0.000000e+00  ||x||=2.959897e-02  ||grad||=1.551058e+09  tau=7.133e-14  beta=9.922e-01
[iter  379/500] obj=8.285124e+06  f=8.285124e+06  g=0.000000e+00  ||x||=2.965058e-02  ||grad||=1.551150e+09  tau=7.133e-14  beta=9.922e-01
[iter  380/500] obj=8.286851e+06  f=8.286851e+06  g=0.000000e+00  ||x||=2.970211e-02  ||grad||=1.551243e+09  tau=7.133e-14  beta=9.922e-01
[iter  381/500] obj=8.288586e+06  f=8.288586e+06  g=0.000000e+00  ||x||=2.975358e-02  ||grad||=1.551337e+09  tau=7.133e-14  beta=9.922e-01
[iter  382/500] obj=8.290308e+06  f=8.290308e+06  g=0.000000e+00  ||x||=2.980497e-02  ||grad||=1.551430e+09  tau=7.133e-14  beta=9.922e-01
[iter  383/500] obj=8.292028e+06  f=8.292028e+06  g=0.000000e+00  ||x||=2.985629e-02  ||grad||=1.551523e+09  tau=7.133e-14  beta=9.923e-01
[iter  384/500] obj=8.293742e+06  f=8.293742e+06  g=0.000000e+00  ||x||=2.990755e-02  ||grad||=1.551616e+09  tau=7.133e-14  beta=9.923e-01
[iter  385/500] obj=8.295446e+06  f=8.295446e+06  g=0.000000e+00  ||x||=2.995873e-02  ||grad||=1.551708e+09  tau=7.133e-14  beta=9.923e-01
[iter  386/500] obj=8.297148e+06  f=8.297148e+06  g=0.000000e+00  ||x||=3.000985e-02  ||grad||=1.551800e+09  tau=7.133e-14  beta=9.923e-01
[iter  387/500] obj=8.298847e+06  f=8.298847e+06  g=0.000000e+00  ||x||=3.006089e-02  ||grad||=1.551890e+09  tau=7.133e-14  beta=9.923e-01
[iter  388/500] obj=8.300524e+06  f=8.300524e+06  g=0.000000e+00  ||x||=3.011187e-02  ||grad||=1.551979e+09  tau=7.133e-14  beta=9.924e-01
[iter  389/500] obj=8.302202e+06  f=8.302202e+06  g=0.000000e+00  ||x||=3.016277e-02  ||grad||=1.552067e+09  tau=7.133e-14  beta=9.924e-01
[iter  390/500] obj=8.303876e+06  f=8.303876e+06  g=0.000000e+00  ||x||=3.021361e-02  ||grad||=1.552155e+09  tau=7.133e-14  beta=9.924e-01
[iter  391/500] obj=8.305532e+06  f=8.305532e+06  g=0.000000e+00  ||x||=3.026438e-02  ||grad||=1.552242e+09  tau=7.133e-14  beta=9.924e-01
[iter  392/500] obj=8.307191e+06  f=8.307191e+06  g=0.000000e+00  ||x||=3.031508e-02  ||grad||=1.552332e+09  tau=7.133e-14  beta=9.924e-01
[iter  393/500] obj=8.308840e+06  f=8.308840e+06  g=0.000000e+00  ||x||=3.036571e-02  ||grad||=1.552419e+09  tau=7.133e-14  beta=9.925e-01
[iter  394/500] obj=8.310492e+06  f=8.310492e+06  g=0.000000e+00  ||x||=3.041627e-02  ||grad||=1.552507e+09  tau=7.133e-14  beta=9.925e-01
[iter  395/500] obj=8.312131e+06  f=8.312131e+06  g=0.000000e+00  ||x||=3.046677e-02  ||grad||=1.552594e+09  tau=7.133e-14  beta=9.925e-01
[iter  396/500] obj=8.313762e+06  f=8.313762e+06  g=0.000000e+00  ||x||=3.051719e-02  ||grad||=1.552681e+09  tau=7.133e-14  beta=9.925e-01
[iter  397/500] obj=8.315392e+06  f=8.315392e+06  g=0.000000e+00  ||x||=3.056755e-02  ||grad||=1.552768e+09  tau=7.133e-14  beta=9.925e-01
[iter  398/500] obj=8.317010e+06  f=8.317010e+06  g=0.000000e+00  ||x||=3.061784e-02  ||grad||=1.552851e+09  tau=7.133e-14  beta=9.925e-01
[iter  399/500] obj=8.318618e+06  f=8.318618e+06  g=0.000000e+00  ||x||=3.066806e-02  ||grad||=1.552934e+09  tau=7.133e-14  beta=9.926e-01
[iter  400/500] obj=8.320223e+06  f=8.320223e+06  g=0.000000e+00  ||x||=3.071822e-02  ||grad||=1.553019e+09  tau=7.133e-14  beta=9.926e-01
[iter  401/500] obj=8.321813e+06  f=8.321813e+06  g=0.000000e+00  ||x||=3.076830e-02  ||grad||=1.553102e+09  tau=7.133e-14  beta=9.926e-01
[iter  402/500] obj=8.323396e+06  f=8.323396e+06  g=0.000000e+00  ||x||=3.081832e-02  ||grad||=1.553184e+09  tau=7.133e-14  beta=9.926e-01
[iter  403/500] obj=8.324995e+06  f=8.324995e+06  g=0.000000e+00  ||x||=3.086828e-02  ||grad||=1.553270e+09  tau=7.133e-14  beta=9.926e-01
[iter  404/500] obj=8.326575e+06  f=8.326575e+06  g=0.000000e+00  ||x||=3.091816e-02  ||grad||=1.553354e+09  tau=7.133e-14  beta=9.927e-01
[iter  405/500] obj=8.328150e+06  f=8.328150e+06  g=0.000000e+00  ||x||=3.096798e-02  ||grad||=1.553436e+09  tau=7.133e-14  beta=9.927e-01
[iter  406/500] obj=8.329728e+06  f=8.329728e+06  g=0.000000e+00  ||x||=3.101773e-02  ||grad||=1.553518e+09  tau=7.133e-14  beta=9.927e-01
[iter  407/500] obj=8.331289e+06  f=8.331289e+06  g=0.000000e+00  ||x||=3.106741e-02  ||grad||=1.553600e+09  tau=7.133e-14  beta=9.927e-01
[iter  408/500] obj=8.332848e+06  f=8.332848e+06  g=0.000000e+00  ||x||=3.111703e-02  ||grad||=1.553683e+09  tau=7.133e-14  beta=9.927e-01
[iter  409/500] obj=8.334405e+06  f=8.334405e+06  g=0.000000e+00  ||x||=3.116658e-02  ||grad||=1.553766e+09  tau=7.133e-14  beta=9.927e-01
[iter  410/500] obj=8.335958e+06  f=8.335958e+06  g=0.000000e+00  ||x||=3.121607e-02  ||grad||=1.553848e+09  tau=7.133e-14  beta=9.928e-01
[iter  411/500] obj=8.337495e+06  f=8.337495e+06  g=0.000000e+00  ||x||=3.126548e-02  ||grad||=1.553929e+09  tau=7.133e-14  beta=9.928e-01
[iter  412/500] obj=8.339025e+06  f=8.339025e+06  g=0.000000e+00  ||x||=3.131483e-02  ||grad||=1.554009e+09  tau=7.133e-14  beta=9.928e-01
[iter  413/500] obj=8.340552e+06  f=8.340552e+06  g=0.000000e+00  ||x||=3.136412e-02  ||grad||=1.554088e+09  tau=7.133e-14  beta=9.928e-01
[iter  414/500] obj=8.342074e+06  f=8.342074e+06  g=0.000000e+00  ||x||=3.141334e-02  ||grad||=1.554165e+09  tau=7.133e-14  beta=9.928e-01
[iter  415/500] obj=8.343573e+06  f=8.343573e+06  g=0.000000e+00  ||x||=3.146250e-02  ||grad||=1.554242e+09  tau=7.133e-14  beta=9.928e-01
[iter  416/500] obj=8.345074e+06  f=8.345074e+06  g=0.000000e+00  ||x||=3.151159e-02  ||grad||=1.554318e+09  tau=7.133e-14  beta=9.929e-01
[iter  417/500] obj=8.346558e+06  f=8.346558e+06  g=0.000000e+00  ||x||=3.156061e-02  ||grad||=1.554392e+09  tau=7.133e-14  beta=9.929e-01
[iter  418/500] obj=8.348041e+06  f=8.348041e+06  g=0.000000e+00  ||x||=3.160957e-02  ||grad||=1.554466e+09  tau=7.133e-14  beta=9.929e-01
[iter  419/500] obj=8.349522e+06  f=8.349522e+06  g=0.000000e+00  ||x||=3.165846e-02  ||grad||=1.554540e+09  tau=7.133e-14  beta=9.929e-01
[iter  420/500] obj=8.350987e+06  f=8.350987e+06  g=0.000000e+00  ||x||=3.170729e-02  ||grad||=1.554613e+09  tau=7.133e-14  beta=9.929e-01
[iter  421/500] obj=8.352450e+06  f=8.352450e+06  g=0.000000e+00  ||x||=3.175605e-02  ||grad||=1.554686e+09  tau=7.133e-14  beta=9.929e-01
[iter  422/500] obj=8.353916e+06  f=8.353916e+06  g=0.000000e+00  ||x||=3.180475e-02  ||grad||=1.554760e+09  tau=7.133e-14  beta=9.930e-01
[iter  423/500] obj=8.355374e+06  f=8.355374e+06  g=0.000000e+00  ||x||=3.185338e-02  ||grad||=1.554833e+09  tau=7.133e-14  beta=9.930e-01
[iter  424/500] obj=8.356821e+06  f=8.356821e+06  g=0.000000e+00  ||x||=3.190195e-02  ||grad||=1.554905e+09  tau=7.133e-14  beta=9.930e-01
[iter  425/500] obj=8.358262e+06  f=8.358262e+06  g=0.000000e+00  ||x||=3.195045e-02  ||grad||=1.554975e+09  tau=7.133e-14  beta=9.930e-01
[iter  426/500] obj=8.359694e+06  f=8.359694e+06  g=0.000000e+00  ||x||=3.199889e-02  ||grad||=1.555044e+09  tau=7.133e-14  beta=9.930e-01
[iter  427/500] obj=8.361114e+06  f=8.361114e+06  g=0.000000e+00  ||x||=3.204727e-02  ||grad||=1.555112e+09  tau=7.133e-14  beta=9.930e-01
[iter  428/500] obj=8.362527e+06  f=8.362527e+06  g=0.000000e+00  ||x||=3.209558e-02  ||grad||=1.555178e+09  tau=7.133e-14  beta=9.931e-01
[iter  429/500] obj=8.363922e+06  f=8.363922e+06  g=0.000000e+00  ||x||=3.214383e-02  ||grad||=1.555242e+09  tau=7.133e-14  beta=9.931e-01
[iter  430/500] obj=8.365316e+06  f=8.365316e+06  g=0.000000e+00  ||x||=3.219201e-02  ||grad||=1.555307e+09  tau=7.133e-14  beta=9.931e-01
[iter  431/500] obj=8.366710e+06  f=8.366710e+06  g=0.000000e+00  ||x||=3.224013e-02  ||grad||=1.555372e+09  tau=7.133e-14  beta=9.931e-01
[iter  432/500] obj=8.368084e+06  f=8.368084e+06  g=0.000000e+00  ||x||=3.228819e-02  ||grad||=1.555435e+09  tau=7.133e-14  beta=9.931e-01
[iter  433/500] obj=8.369454e+06  f=8.369454e+06  g=0.000000e+00  ||x||=3.233618e-02  ||grad||=1.555498e+09  tau=7.133e-14  beta=9.931e-01
[iter  434/500] obj=8.370831e+06  f=8.370831e+06  g=0.000000e+00  ||x||=3.238411e-02  ||grad||=1.555562e+09  tau=7.133e-14  beta=9.932e-01
[iter  435/500] obj=8.372200e+06  f=8.372200e+06  g=0.000000e+00  ||x||=3.243198e-02  ||grad||=1.555626e+09  tau=7.133e-14  beta=9.932e-01
[iter  436/500] obj=8.373564e+06  f=8.373564e+06  g=0.000000e+00  ||x||=3.247978e-02  ||grad||=1.555690e+09  tau=7.133e-14  beta=9.932e-01
[iter  437/500] obj=8.374916e+06  f=8.374916e+06  g=0.000000e+00  ||x||=3.252752e-02  ||grad||=1.555752e+09  tau=7.133e-14  beta=9.932e-01
[iter  438/500] obj=8.376268e+06  f=8.376268e+06  g=0.000000e+00  ||x||=3.257520e-02  ||grad||=1.555814e+09  tau=7.133e-14  beta=9.932e-01
[iter  439/500] obj=8.377620e+06  f=8.377620e+06  g=0.000000e+00  ||x||=3.262282e-02  ||grad||=1.555879e+09  tau=7.133e-14  beta=9.932e-01
[iter  440/500] obj=8.378969e+06  f=8.378969e+06  g=0.000000e+00  ||x||=3.267037e-02  ||grad||=1.555944e+09  tau=7.133e-14  beta=9.933e-01
[iter  441/500] obj=8.380308e+06  f=8.380308e+06  g=0.000000e+00  ||x||=3.271786e-02  ||grad||=1.556008e+09  tau=7.133e-14  beta=9.933e-01
[iter  442/500] obj=8.381651e+06  f=8.381651e+06  g=0.000000e+00  ||x||=3.276530e-02  ||grad||=1.556072e+09  tau=7.133e-14  beta=9.933e-01
[iter  443/500] obj=8.382983e+06  f=8.382983e+06  g=0.000000e+00  ||x||=3.281266e-02  ||grad||=1.556135e+09  tau=7.133e-14  beta=9.933e-01
[iter  444/500] obj=8.384326e+06  f=8.384326e+06  g=0.000000e+00  ||x||=3.285997e-02  ||grad||=1.556201e+09  tau=7.133e-14  beta=9.933e-01
[iter  445/500] obj=8.385646e+06  f=8.385646e+06  g=0.000000e+00  ||x||=3.290721e-02  ||grad||=1.556265e+09  tau=7.133e-14  beta=9.933e-01
[iter  446/500] obj=8.386968e+06  f=8.386968e+06  g=0.000000e+00  ||x||=3.295439e-02  ||grad||=1.556328e+09  tau=7.133e-14  beta=9.933e-01
[iter  447/500] obj=8.388284e+06  f=8.388284e+06  g=0.000000e+00  ||x||=3.300152e-02  ||grad||=1.556391e+09  tau=7.133e-14  beta=9.934e-01
[iter  448/500] obj=8.389594e+06  f=8.389594e+06  g=0.000000e+00  ||x||=3.304857e-02  ||grad||=1.556453e+09  tau=7.133e-14  beta=9.934e-01
[iter  449/500] obj=8.390886e+06  f=8.390886e+06  g=0.000000e+00  ||x||=3.309558e-02  ||grad||=1.556514e+09  tau=7.133e-14  beta=9.934e-01
[iter  450/500] obj=8.392184e+06  f=8.392184e+06  g=0.000000e+00  ||x||=3.314251e-02  ||grad||=1.556575e+09  tau=7.133e-14  beta=9.934e-01
[iter  451/500] obj=8.393480e+06  f=8.393480e+06  g=0.000000e+00  ||x||=3.318939e-02  ||grad||=1.556636e+09  tau=7.133e-14  beta=9.934e-01
[iter  452/500] obj=8.394767e+06  f=8.394767e+06  g=0.000000e+00  ||x||=3.323620e-02  ||grad||=1.556697e+09  tau=7.133e-14  beta=9.934e-01
[iter  453/500] obj=8.396055e+06  f=8.396055e+06  g=0.000000e+00  ||x||=3.328295e-02  ||grad||=1.556758e+09  tau=7.133e-14  beta=9.934e-01
[iter  454/500] obj=8.397336e+06  f=8.397336e+06  g=0.000000e+00  ||x||=3.332965e-02  ||grad||=1.556819e+09  tau=7.133e-14  beta=9.935e-01
[iter  455/500] obj=8.398612e+06  f=8.398612e+06  g=0.000000e+00  ||x||=3.337628e-02  ||grad||=1.556880e+09  tau=7.133e-14  beta=9.935e-01
[iter  456/500] obj=8.399892e+06  f=8.399892e+06  g=0.000000e+00  ||x||=3.342285e-02  ||grad||=1.556941e+09  tau=7.133e-14  beta=9.935e-01
[iter  457/500] obj=8.401169e+06  f=8.401169e+06  g=0.000000e+00  ||x||=3.346936e-02  ||grad||=1.557003e+09  tau=7.133e-14  beta=9.935e-01
[iter  458/500] obj=8.402428e+06  f=8.402428e+06  g=0.000000e+00  ||x||=3.351581e-02  ||grad||=1.557063e+09  tau=7.133e-14  beta=9.935e-01
[iter  459/500] obj=8.403690e+06  f=8.403690e+06  g=0.000000e+00  ||x||=3.356220e-02  ||grad||=1.557123e+09  tau=7.133e-14  beta=9.935e-01
[iter  460/500] obj=8.404953e+06  f=8.404953e+06  g=0.000000e+00  ||x||=3.360853e-02  ||grad||=1.557184e+09  tau=7.133e-14  beta=9.935e-01
[iter  461/500] obj=8.406205e+06  f=8.406205e+06  g=0.000000e+00  ||x||=3.365480e-02  ||grad||=1.557245e+09  tau=7.133e-14  beta=9.936e-01
[iter  462/500] obj=8.407453e+06  f=8.407453e+06  g=0.000000e+00  ||x||=3.370101e-02  ||grad||=1.557306e+09  tau=7.133e-14  beta=9.936e-01
[iter  463/500] obj=8.408703e+06  f=8.408703e+06  g=0.000000e+00  ||x||=3.374716e-02  ||grad||=1.557366e+09  tau=7.133e-14  beta=9.936e-01
[iter  464/500] obj=8.409948e+06  f=8.409948e+06  g=0.000000e+00  ||x||=3.379324e-02  ||grad||=1.557428e+09  tau=7.133e-14  beta=9.936e-01
[iter  465/500] obj=8.411197e+06  f=8.411197e+06  g=0.000000e+00  ||x||=3.383927e-02  ||grad||=1.557492e+09  tau=7.133e-14  beta=9.936e-01
[iter  466/500] obj=8.412442e+06  f=8.412442e+06  g=0.000000e+00  ||x||=3.388524e-02  ||grad||=1.557554e+09  tau=7.133e-14  beta=9.936e-01
[iter  467/500] obj=8.413672e+06  f=8.413672e+06  g=0.000000e+00  ||x||=3.393115e-02  ||grad||=1.557615e+09  tau=7.133e-14  beta=9.936e-01
[iter  468/500] obj=8.414883e+06  f=8.414883e+06  g=0.000000e+00  ||x||=3.397700e-02  ||grad||=1.557675e+09  tau=7.133e-14  beta=9.937e-01
[iter  469/500] obj=8.416094e+06  f=8.416094e+06  g=0.000000e+00  ||x||=3.402279e-02  ||grad||=1.557735e+09  tau=7.133e-14  beta=9.937e-01
[iter  470/500] obj=8.417295e+06  f=8.417295e+06  g=0.000000e+00  ||x||=3.406852e-02  ||grad||=1.557793e+09  tau=7.133e-14  beta=9.937e-01
[iter  471/500] obj=8.418492e+06  f=8.418492e+06  g=0.000000e+00  ||x||=3.411419e-02  ||grad||=1.557851e+09  tau=7.133e-14  beta=9.937e-01
[iter  472/500] obj=8.419694e+06  f=8.419694e+06  g=0.000000e+00  ||x||=3.415980e-02  ||grad||=1.557908e+09  tau=7.133e-14  beta=9.937e-01
[iter  473/500] obj=8.420876e+06  f=8.420876e+06  g=0.000000e+00  ||x||=3.420535e-02  ||grad||=1.557966e+09  tau=7.133e-14  beta=9.937e-01
[iter  474/500] obj=8.422069e+06  f=8.422069e+06  g=0.000000e+00  ||x||=3.425085e-02  ||grad||=1.558022e+09  tau=7.133e-14  beta=9.937e-01
[iter  475/500] obj=8.423240e+06  f=8.423240e+06  g=0.000000e+00  ||x||=3.429628e-02  ||grad||=1.558078e+09  tau=7.133e-14  beta=9.937e-01
[iter  476/500] obj=8.424418e+06  f=8.424418e+06  g=0.000000e+00  ||x||=3.434166e-02  ||grad||=1.558134e+09  tau=7.133e-14  beta=9.938e-01
[iter  477/500] obj=8.425588e+06  f=8.425588e+06  g=0.000000e+00  ||x||=3.438698e-02  ||grad||=1.558190e+09  tau=7.133e-14  beta=9.938e-01
[iter  478/500] obj=8.426757e+06  f=8.426757e+06  g=0.000000e+00  ||x||=3.443223e-02  ||grad||=1.558247e+09  tau=7.133e-14  beta=9.938e-01
[iter  479/500] obj=8.427919e+06  f=8.427919e+06  g=0.000000e+00  ||x||=3.447743e-02  ||grad||=1.558303e+09  tau=7.133e-14  beta=9.938e-01
[iter  480/500] obj=8.429082e+06  f=8.429082e+06  g=0.000000e+00  ||x||=3.452257e-02  ||grad||=1.558359e+09  tau=7.133e-14  beta=9.938e-01
[iter  481/500] obj=8.430247e+06  f=8.430247e+06  g=0.000000e+00  ||x||=3.456765e-02  ||grad||=1.558415e+09  tau=7.133e-14  beta=9.938e-01
[iter  482/500] obj=8.431392e+06  f=8.431392e+06  g=0.000000e+00  ||x||=3.461268e-02  ||grad||=1.558469e+09  tau=7.133e-14  beta=9.938e-01
[iter  483/500] obj=8.432536e+06  f=8.432536e+06  g=0.000000e+00  ||x||=3.465765e-02  ||grad||=1.558523e+09  tau=7.133e-14  beta=9.938e-01
[iter  484/500] obj=8.433669e+06  f=8.433669e+06  g=0.000000e+00  ||x||=3.470255e-02  ||grad||=1.558575e+09  tau=7.133e-14  beta=9.939e-01
[iter  485/500] obj=8.434804e+06  f=8.434804e+06  g=0.000000e+00  ||x||=3.474740e-02  ||grad||=1.558628e+09  tau=7.133e-14  beta=9.939e-01
[iter  486/500] obj=8.435933e+06  f=8.435933e+06  g=0.000000e+00  ||x||=3.479219e-02  ||grad||=1.558679e+09  tau=7.133e-14  beta=9.939e-01
[iter  487/500] obj=8.437055e+06  f=8.437055e+06  g=0.000000e+00  ||x||=3.483693e-02  ||grad||=1.558729e+09  tau=7.133e-14  beta=9.939e-01
[iter  488/500] obj=8.438174e+06  f=8.438174e+06  g=0.000000e+00  ||x||=3.488160e-02  ||grad||=1.558778e+09  tau=7.133e-14  beta=9.939e-01
[iter  489/500] obj=8.439285e+06  f=8.439285e+06  g=0.000000e+00  ||x||=3.492622e-02  ||grad||=1.558827e+09  tau=7.133e-14  beta=9.939e-01
[iter  490/500] obj=8.440396e+06  f=8.440396e+06  g=0.000000e+00  ||x||=3.497078e-02  ||grad||=1.558876e+09  tau=7.133e-14  beta=9.939e-01
[iter  491/500] obj=8.441500e+06  f=8.441500e+06  g=0.000000e+00  ||x||=3.501528e-02  ||grad||=1.558925e+09  tau=7.133e-14  beta=9.939e-01
[iter  492/500] obj=8.442593e+06  f=8.442593e+06  g=0.000000e+00  ||x||=3.505972e-02  ||grad||=1.558972e+09  tau=7.133e-14  beta=9.940e-01
[iter  493/500] obj=8.443678e+06  f=8.443678e+06  g=0.000000e+00  ||x||=3.510411e-02  ||grad||=1.559019e+09  tau=7.133e-14  beta=9.940e-01
[iter  494/500] obj=8.444757e+06  f=8.444757e+06  g=0.000000e+00  ||x||=3.514844e-02  ||grad||=1.559065e+09  tau=7.133e-14  beta=9.940e-01
[iter  495/500] obj=8.445830e+06  f=8.445830e+06  g=0.000000e+00  ||x||=3.519271e-02  ||grad||=1.559112e+09  tau=7.133e-14  beta=9.940e-01
[iter  496/500] obj=8.446924e+06  f=8.446924e+06  g=0.000000e+00  ||x||=3.523693e-02  ||grad||=1.559160e+09  tau=7.133e-14  beta=9.940e-01
[iter  497/500] obj=8.448002e+06  f=8.448002e+06  g=0.000000e+00  ||x||=3.528109e-02  ||grad||=1.559208e+09  tau=7.133e-14  beta=9.940e-01
[iter  498/500] obj=8.449068e+06  f=8.449068e+06  g=0.000000e+00  ||x||=3.532519e-02  ||grad||=1.559254e+09  tau=7.133e-14  beta=9.940e-01
[iter  499/500] obj=8.450122e+06  f=8.450122e+06  g=0.000000e+00  ||x||=3.536924e-02  ||grad||=1.559299e+09  tau=7.133e-14  beta=9.940e-01
[iter  500/500] obj=8.451175e+06  f=8.451175e+06  g=0.000000e+00  ||x||=3.541323e-02  ||grad||=1.559345e+09  tau=7.133e-14  beta=9.941e-01
All outputs saved in: /work3/msaca/textomo_run_004

------------------------------------------------------------
Sender: LSF System <lsfadmin@hpc.dtu.dk>
Subject: Job 27595134: <TextureTomography> in cluster <dcc> Done

Job <TextureTomography> was submitted from host <gbarlogin1> by user <msaca> in cluster <dcc> at Sun Jan 11 21:02:24 2026
Job was executed on host(s) <8*n-62-12-22>, in queue <gpua100>, as user <msaca> in cluster <dcc> at Sun Jan 11 21:47:01 2026
</zhome/71/c/146676> was used as the home directory.
</zhome/71/c/146676/texture_tomography/jobscripts> was used as the working directory.
Started at Sun Jan 11 21:47:01 2026
Terminated at Sun Jan 11 23:34:28 2026
Results reported at Sun Jan 11 23:34:28 2026

Your job looked like:

------------------------------------------------------------
# LSBATCH: User input
#!/bin/bash
#BSUB -J TextureTomography
#BSUB -q gpua100
#BSUB -gpu "num=1:mode=exclusive_process"
#BSUB -n 8
#BSUB -R "span[hosts=1]"
#BSUB -R "rusage[mem=2000]"        # 40 GB host RAM
#BSUB -M 2000                      # hard memory limit
#BSUB -W 15:00
#BSUB -oo log/%J.out
#BSUB -eo error/%J.err

# initialize conda
export PATH="/zhome/71/c/146676/miniconda3/bin:$PATH"
source /zhome/71/c/146676/miniconda3/etc/profile.d/conda.sh

conda activate cil

python ../scripts/textomo1.py

------------------------------------------------------------

Successfully completed.

Resource usage summary:

    CPU time :                                   6507.44 sec.
    Max Memory :                                 8215 MB
    Average Memory :                             4146.42 MB
    Total Requested Memory :                     16000.00 MB
    Delta Memory :                               7785.00 MB
    Max Swap :                                   -
    Max Processes :                              5
    Max Threads :                                21
    Run time :                                   6447 sec.
    Turnaround time :                            9124 sec.

The output (if any) is above this job summary.



PS:

Read file <error/27595134.err> for stderr output of this job.

