INFO:Setting the number of threads to 8. If your physical cores are fewer than this number, you may want to use numba.set_num_threads(n), and os.environ["OPENBLAS_NUM_THREADS"] = f"{n}" to set the number of threads to the number of physical cores n.
INFO:Setting numba log level to WARNING.
Saving results to: /work3/msaca/textomo_run_008

=== OpenCL buffer allocation summary ===
coeffs_sino_F                 : shape=(148x500x596),   168.24 MB
coeffs_sino_C                 : shape=(500x148x596),   168.24 MB
_coeffs_batch_F               : shape=(148x148x596),    49.80 MB
_basis_batch_kmax             : shape=(500x596x180x5),  1023.10 MB
_basis_batch_transpose_kmax   : shape=(500x900x596),  1023.10 MB
_grid_inv_kmax                : shape=(596x9),     0.02 MB
_inv_sigma2_kmax              : shape=(596),     0.00 MB
_norm_factor_kmax             : shape=(596),     0.00 MB
---------------------------------------
TOTAL GPU buffer memory:  2432.52 MB
=======================================

[power 01] L_est=1.338340e+07  ||z||=2.890187e+08
[power 02] L_est=5.298701e+10  ||z||=1.191243e+11
[power 03] L_est=5.799519e+11  ||z||=6.547045e+11
[power 04] L_est=7.974763e+11  ||z||=8.087000e+11
[power 05] L_est=8.298175e+11  ||z||=8.320960e+11
[power 06] L_est=8.366579e+11  ||z||=8.372542e+11
[power 07] L_est=8.385009e+11  ||z||=8.386837e+11
[power 08] L_est=8.390783e+11  ||z||=8.391408e+11
[power 09] L_est=8.392784e+11  ||z||=8.393013e+11
[power 10] L_est=8.393525e+11  ||z||=8.393612e+11
[power 11] L_est=8.393808e+11  ||z||=8.393842e+11
[power 12] L_est=8.393920e+11  ||z||=8.393933e+11
[power 13] L_est=8.393964e+11  ||z||=8.393970e+11
[power 14] L_est=8.393982e+11  ||z||=8.393984e+11
[power 15] L_est=8.393990e+11  ||z||=8.393990e+11
[power 16] L_est=8.393992e+11  ||z||=8.393994e+11
[power 17] L_est=8.393994e+11  ||z||=8.393994e+11
[power 18] L_est=8.393994e+11  ||z||=8.393994e+11
[power 19] L_est=8.393994e+11  ||z||=8.393994e+11
[power 20] L_est=8.393994e+11  ||z||=8.393994e+11
[iter    1/500] obj=1.122515e+08  f=1.107525e+08  g=1.499070e+06  ||x||=1.407435e-03  ||grad||=3.733439e+09  tau=1.083e-12  beta=0.000e+00
[iter    2/500] obj=1.100867e+08  f=1.077995e+08  g=2.287185e+06  ||x||=2.261720e-03  ||grad||=3.235491e+09  tau=1.083e-12  beta=2.818e-01
[iter    3/500] obj=1.089397e+08  f=1.059856e+08  g=2.954126e+06  ||x||=3.088324e-03  ||grad||=2.942510e+09  tau=1.083e-12  beta=4.340e-01
[iter    4/500] obj=1.082007e+08  f=1.046724e+08  g=3.528387e+06  ||x||=3.903688e-03  ||grad||=2.749185e+09  tau=1.083e-12  beta=5.311e-01
[iter    5/500] obj=1.076424e+08  f=1.036133e+08  g=4.029061e+06  ||x||=4.715748e-03  ||grad||=2.602303e+09  tau=1.083e-12  beta=5.988e-01
[iter    6/500] obj=1.071883e+08  f=1.027198e+08  g=4.468553e+06  ||x||=5.525991e-03  ||grad||=2.482826e+09  tau=1.083e-12  beta=6.489e-01
[iter    7/500] obj=1.068066e+08  f=1.019510e+08  g=4.855601e+06  ||x||=6.332141e-03  ||grad||=2.382306e+09  tau=1.083e-12  beta=6.876e-01
[iter    8/500] obj=1.064793e+08  f=1.012828e+08  g=5.196438e+06  ||x||=7.130579e-03  ||grad||=2.296345e+09  tau=1.083e-12  beta=7.185e-01
[iter    9/500] obj=1.061947e+08  f=1.006981e+08  g=5.496555e+06  ||x||=7.918479e-03  ||grad||=2.222513e+09  tau=1.083e-12  beta=7.437e-01
[iter   10/500] obj=1.059441e+08  f=1.001829e+08  g=5.761222e+06  ||x||=8.694096e-03  ||grad||=2.158802e+09  tau=1.083e-12  beta=7.647e-01
[iter   11/500] obj=1.057212e+08  f=9.972600e+07  g=5.995210e+06  ||x||=9.456377e-03  ||grad||=2.103437e+09  tau=1.083e-12  beta=7.824e-01
[iter   12/500] obj=1.055210e+08  f=9.931827e+07  g=6.202734e+06  ||x||=1.020478e-02  ||grad||=2.055027e+09  tau=1.083e-12  beta=7.976e-01
[iter   13/500] obj=1.053397e+08  f=9.895242e+07  g=6.387301e+06  ||x||=1.093912e-02  ||grad||=2.012442e+09  tau=1.083e-12  beta=8.108e-01
[iter   14/500] obj=1.051744e+08  f=9.862249e+07  g=6.551933e+06  ||x||=1.165957e-02  ||grad||=1.974828e+09  tau=1.083e-12  beta=8.224e-01
[iter   15/500] obj=1.050227e+08  f=9.832349e+07  g=6.699209e+06  ||x||=1.236656e-02  ||grad||=1.941455e+09  tau=1.083e-12  beta=8.326e-01
[iter   16/500] obj=1.048828e+08  f=9.805128e+07  g=6.831476e+06  ||x||=1.306071e-02  ||grad||=1.911715e+09  tau=1.083e-12  beta=8.417e-01
[iter   17/500] obj=1.047529e+08  f=9.780215e+07  g=6.950793e+06  ||x||=1.374279e-02  ||grad||=1.885052e+09  tau=1.083e-12  beta=8.498e-01
[iter   18/500] obj=1.046320e+08  f=9.757314e+07  g=7.058900e+06  ||x||=1.441354e-02  ||grad||=1.861005e+09  tau=1.083e-12  beta=8.571e-01
[iter   19/500] obj=1.045191e+08  f=9.736179e+07  g=7.157300e+06  ||x||=1.507363e-02  ||grad||=1.839207e+09  tau=1.083e-12  beta=8.638e-01
[iter   20/500] obj=1.044132e+08  f=9.716593e+07  g=7.247235e+06  ||x||=1.572371e-02  ||grad||=1.819338e+09  tau=1.083e-12  beta=8.698e-01
[iter   21/500] obj=1.043135e+08  f=9.698384e+07  g=7.329659e+06  ||x||=1.636433e-02  ||grad||=1.801151e+09  tau=1.083e-12  beta=8.754e-01
[iter   22/500] obj=1.042196e+08  f=9.681409e+07  g=7.405484e+06  ||x||=1.699603e-02  ||grad||=1.784476e+09  tau=1.083e-12  beta=8.804e-01
[iter   23/500] obj=1.041308e+08  f=9.665526e+07  g=7.475536e+06  ||x||=1.761935e-02  ||grad||=1.769105e+09  tau=1.083e-12  beta=8.851e-01
[iter   24/500] obj=1.040467e+08  f=9.650620e+07  g=7.540464e+06  ||x||=1.823475e-02  ||grad||=1.754866e+09  tau=1.083e-12  beta=8.894e-01
[iter   25/500] obj=1.039667e+08  f=9.636598e+07  g=7.600749e+06  ||x||=1.884267e-02  ||grad||=1.741645e+09  tau=1.083e-12  beta=8.934e-01
[iter   26/500] obj=1.038908e+08  f=9.623392e+07  g=7.656857e+06  ||x||=1.944349e-02  ||grad||=1.729361e+09  tau=1.083e-12  beta=8.971e-01
[iter   27/500] obj=1.038185e+08  f=9.610923e+07  g=7.709254e+06  ||x||=2.003758e-02  ||grad||=1.717908e+09  tau=1.083e-12  beta=9.006e-01
[iter   28/500] obj=1.037494e+08  f=9.599119e+07  g=7.758245e+06  ||x||=2.062526e-02  ||grad||=1.707186e+09  tau=1.083e-12  beta=9.038e-01
[iter   29/500] obj=1.036835e+08  f=9.587933e+07  g=7.804133e+06  ||x||=2.120684e-02  ||grad||=1.697153e+09  tau=1.083e-12  beta=9.069e-01
[iter   30/500] obj=1.036203e+08  f=9.577312e+07  g=7.847220e+06  ||x||=2.178264e-02  ||grad||=1.687738e+09  tau=1.083e-12  beta=9.097e-01
[iter   31/500] obj=1.035599e+08  f=9.567210e+07  g=7.887810e+06  ||x||=2.235292e-02  ||grad||=1.678880e+09  tau=1.083e-12  beta=9.124e-01
[iter   32/500] obj=1.035019e+08  f=9.557579e+07  g=7.926111e+06  ||x||=2.291793e-02  ||grad||=1.670511e+09  tau=1.083e-12  beta=9.149e-01
[iter   33/500] obj=1.034462e+08  f=9.548390e+07  g=7.962298e+06  ||x||=2.347786e-02  ||grad||=1.662604e+09  tau=1.083e-12  beta=9.173e-01
[iter   34/500] obj=1.033926e+08  f=9.539613e+07  g=7.996450e+06  ||x||=2.403293e-02  ||grad||=1.655124e+09  tau=1.083e-12  beta=9.195e-01
[iter   35/500] obj=1.033411e+08  f=9.531229e+07  g=8.028788e+06  ||x||=2.458335e-02  ||grad||=1.648072e+09  tau=1.083e-12  beta=9.217e-01
[iter   36/500] obj=1.032915e+08  f=9.523198e+07  g=8.059477e+06  ||x||=2.512928e-02  ||grad||=1.641377e+09  tau=1.083e-12  beta=9.237e-01
[iter   37/500] obj=1.032437e+08  f=9.515498e+07  g=8.088692e+06  ||x||=2.567088e-02  ||grad||=1.635012e+09  tau=1.083e-12  beta=9.256e-01
[iter   38/500] obj=1.031975e+08  f=9.508099e+07  g=8.116491e+06  ||x||=2.620827e-02  ||grad||=1.628936e+09  tau=1.083e-12  beta=9.274e-01
[iter   39/500] obj=1.031530e+08  f=9.500997e+07  g=8.142993e+06  ||x||=2.674159e-02  ||grad||=1.623155e+09  tau=1.083e-12  beta=9.292e-01
[iter   40/500] obj=1.031099e+08  f=9.494165e+07  g=8.168257e+06  ||x||=2.727094e-02  ||grad||=1.617639e+09  tau=1.083e-12  beta=9.308e-01
[iter   41/500] obj=1.030683e+08  f=9.487595e+07  g=8.192381e+06  ||x||=2.779641e-02  ||grad||=1.612381e+09  tau=1.083e-12  beta=9.324e-01
[iter   42/500] obj=1.030281e+08  f=9.481266e+07  g=8.215458e+06  ||x||=2.831810e-02  ||grad||=1.607351e+09  tau=1.083e-12  beta=9.339e-01
[iter   43/500] obj=1.029892e+08  f=9.475162e+07  g=8.237564e+06  ||x||=2.883611e-02  ||grad||=1.602533e+09  tau=1.083e-12  beta=9.353e-01
[iter   44/500] obj=1.029514e+08  f=9.469270e+07  g=8.258691e+06  ||x||=2.935051e-02  ||grad||=1.597910e+09  tau=1.083e-12  beta=9.367e-01
[iter   45/500] obj=1.029149e+08  f=9.463591e+07  g=8.278954e+06  ||x||=2.986143e-02  ||grad||=1.593498e+09  tau=1.083e-12  beta=9.380e-01
[iter   46/500] obj=1.028794e+08  f=9.458101e+07  g=8.298406e+06  ||x||=3.036892e-02  ||grad||=1.589256e+09  tau=1.083e-12  beta=9.393e-01
[iter   47/500] obj=1.028451e+08  f=9.452792e+07  g=8.317142e+06  ||x||=3.087308e-02  ||grad||=1.585180e+09  tau=1.083e-12  beta=9.405e-01
[iter   48/500] obj=1.028117e+08  f=9.447648e+07  g=8.335203e+06  ||x||=3.137397e-02  ||grad||=1.581240e+09  tau=1.083e-12  beta=9.417e-01
[iter   49/500] obj=1.027792e+08  f=9.442666e+07  g=8.352556e+06  ||x||=3.187167e-02  ||grad||=1.577441e+09  tau=1.083e-12  beta=9.428e-01
[iter   50/500] obj=1.027477e+08  f=9.437846e+07  g=8.369235e+06  ||x||=3.236623e-02  ||grad||=1.573804e+09  tau=1.083e-12  beta=9.439e-01
[iter   51/500] obj=1.027171e+08  f=9.433179e+07  g=8.385319e+06  ||x||=3.285773e-02  ||grad||=1.570304e+09  tau=1.083e-12  beta=9.449e-01
[iter   52/500] obj=1.026873e+08  f=9.428649e+07  g=8.400852e+06  ||x||=3.334623e-02  ||grad||=1.566923e+09  tau=1.083e-12  beta=9.459e-01
[iter   53/500] obj=1.026583e+08  f=9.424250e+07  g=8.415828e+06  ||x||=3.383178e-02  ||grad||=1.563655e+09  tau=1.083e-12  beta=9.469e-01
[iter   54/500] obj=1.026301e+08  f=9.419985e+07  g=8.430292e+06  ||x||=3.431443e-02  ||grad||=1.560509e+09  tau=1.083e-12  beta=9.478e-01
[iter   55/500] obj=1.026027e+08  f=9.415840e+07  g=8.444284e+06  ||x||=3.479424e-02  ||grad||=1.557467e+09  tau=1.083e-12  beta=9.487e-01
[iter   56/500] obj=1.025760e+08  f=9.411811e+07  g=8.457842e+06  ||x||=3.527124e-02  ||grad||=1.554522e+09  tau=1.083e-12  beta=9.496e-01
[iter   57/500] obj=1.025499e+08  f=9.407891e+07  g=8.470987e+06  ||x||=3.574549e-02  ||grad||=1.551667e+09  tau=1.083e-12  beta=9.504e-01
[iter   58/500] obj=1.025245e+08  f=9.404078e+07  g=8.483696e+06  ||x||=3.621700e-02  ||grad||=1.548898e+09  tau=1.083e-12  beta=9.513e-01
[iter   59/500] obj=1.024997e+08  f=9.400373e+07  g=8.496000e+06  ||x||=3.668584e-02  ||grad||=1.546228e+09  tau=1.083e-12  beta=9.520e-01
[iter   60/500] obj=1.024756e+08  f=9.396766e+07  g=8.507924e+06  ||x||=3.715202e-02  ||grad||=1.543640e+09  tau=1.083e-12  beta=9.528e-01
[iter   61/500] obj=1.024520e+08  f=9.393254e+07  g=8.519439e+06  ||x||=3.761560e-02  ||grad||=1.541133e+09  tau=1.083e-12  beta=9.535e-01
[iter   62/500] obj=1.024290e+08  f=9.389841e+07  g=8.530596e+06  ||x||=3.807661e-02  ||grad||=1.538721e+09  tau=1.083e-12  beta=9.542e-01
[iter   63/500] obj=1.024066e+08  f=9.386514e+07  g=8.541434e+06  ||x||=3.853508e-02  ||grad||=1.536379e+09  tau=1.083e-12  beta=9.549e-01
[iter   64/500] obj=1.023846e+08  f=9.383269e+07  g=8.551954e+06  ||x||=3.899103e-02  ||grad||=1.534100e+09  tau=1.083e-12  beta=9.556e-01
[iter   65/500] obj=1.023632e+08  f=9.380106e+07  g=8.562109e+06  ||x||=3.944451e-02  ||grad||=1.531888e+09  tau=1.083e-12  beta=9.563e-01
[iter   66/500] obj=1.023422e+08  f=9.377030e+07  g=8.571904e+06  ||x||=3.989556e-02  ||grad||=1.529766e+09  tau=1.083e-12  beta=9.569e-01
[iter   67/500] obj=1.023218e+08  f=9.374035e+07  g=8.581398e+06  ||x||=4.034421e-02  ||grad||=1.527720e+09  tau=1.083e-12  beta=9.575e-01
[iter   68/500] obj=1.023017e+08  f=9.371111e+07  g=8.590621e+06  ||x||=4.079051e-02  ||grad||=1.525728e+09  tau=1.083e-12  beta=9.581e-01
[iter   69/500] obj=1.022822e+08  f=9.368256e+07  g=8.599596e+06  ||x||=4.123449e-02  ||grad||=1.523789e+09  tau=1.083e-12  beta=9.587e-01
[iter   70/500] obj=1.022630e+08  f=9.365467e+07  g=8.608303e+06  ||x||=4.167619e-02  ||grad||=1.521903e+09  tau=1.083e-12  beta=9.593e-01
[iter   71/500] obj=1.022442e+08  f=9.362746e+07  g=8.616755e+06  ||x||=4.211563e-02  ||grad||=1.520079e+09  tau=1.083e-12  beta=9.598e-01
[iter   72/500] obj=1.022259e+08  f=9.360090e+07  g=8.625002e+06  ||x||=4.255285e-02  ||grad||=1.518308e+09  tau=1.083e-12  beta=9.603e-01
[iter   73/500] obj=1.022079e+08  f=9.357488e+07  g=8.633067e+06  ||x||=4.298789e-02  ||grad||=1.516569e+09  tau=1.083e-12  beta=9.609e-01
[iter   74/500] obj=1.021903e+08  f=9.354941e+07  g=8.640926e+06  ||x||=4.342076e-02  ||grad||=1.514868e+09  tau=1.083e-12  beta=9.614e-01
[iter   75/500] obj=1.021731e+08  f=9.352453e+07  g=8.648588e+06  ||x||=4.385149e-02  ||grad||=1.513215e+09  tau=1.083e-12  beta=9.619e-01
[iter   76/500] obj=1.021562e+08  f=9.350019e+07  g=8.656027e+06  ||x||=4.428010e-02  ||grad||=1.511606e+09  tau=1.083e-12  beta=9.623e-01
[iter   77/500] obj=1.021397e+08  f=9.347643e+07  g=8.663288e+06  ||x||=4.470663e-02  ||grad||=1.510049e+09  tau=1.083e-12  beta=9.628e-01
[iter   78/500] obj=1.021235e+08  f=9.345314e+07  g=8.670380e+06  ||x||=4.513109e-02  ||grad||=1.508522e+09  tau=1.083e-12  beta=9.633e-01
[iter   79/500] obj=1.021076e+08  f=9.343033e+07  g=8.677300e+06  ||x||=4.555351e-02  ||grad||=1.507030e+09  tau=1.083e-12  beta=9.637e-01
[iter   80/500] obj=1.020920e+08  f=9.340800e+07  g=8.684045e+06  ||x||=4.597390e-02  ||grad||=1.505576e+09  tau=1.083e-12  beta=9.642e-01
[iter   81/500] obj=1.020768e+08  f=9.338614e+07  g=8.690615e+06  ||x||=4.639231e-02  ||grad||=1.504161e+09  tau=1.083e-12  beta=9.646e-01
[iter   82/500] obj=1.020618e+08  f=9.336475e+07  g=8.697038e+06  ||x||=4.680875e-02  ||grad||=1.502782e+09  tau=1.083e-12  beta=9.650e-01
[iter   83/500] obj=1.020471e+08  f=9.334378e+07  g=8.703308e+06  ||x||=4.722324e-02  ||grad||=1.501429e+09  tau=1.083e-12  beta=9.654e-01
[iter   84/500] obj=1.020326e+08  f=9.332323e+07  g=8.709398e+06  ||x||=4.763582e-02  ||grad||=1.500111e+09  tau=1.083e-12  beta=9.658e-01
[iter   85/500] obj=1.020185e+08  f=9.330314e+07  g=8.715322e+06  ||x||=4.804650e-02  ||grad||=1.498835e+09  tau=1.083e-12  beta=9.662e-01
[iter   86/500] obj=1.020046e+08  f=9.328346e+07  g=8.721140e+06  ||x||=4.845532e-02  ||grad||=1.497593e+09  tau=1.083e-12  beta=9.666e-01
[iter   87/500] obj=1.019910e+08  f=9.326410e+07  g=8.726859e+06  ||x||=4.886229e-02  ||grad||=1.496362e+09  tau=1.083e-12  beta=9.669e-01
[iter   88/500] obj=1.019775e+08  f=9.324508e+07  g=8.732461e+06  ||x||=4.926743e-02  ||grad||=1.495153e+09  tau=1.083e-12  beta=9.673e-01
[iter   89/500] obj=1.019644e+08  f=9.322643e+07  g=8.737921e+06  ||x||=4.967075e-02  ||grad||=1.493974e+09  tau=1.083e-12  beta=9.677e-01
[iter   90/500] obj=1.019514e+08  f=9.320818e+07  g=8.743269e+06  ||x||=5.007229e-02  ||grad||=1.492827e+09  tau=1.083e-12  beta=9.680e-01
[iter   91/500] obj=1.019387e+08  f=9.319024e+07  g=8.748476e+06  ||x||=5.047205e-02  ||grad||=1.491701e+09  tau=1.083e-12  beta=9.683e-01
[iter   92/500] obj=1.019262e+08  f=9.317267e+07  g=8.753576e+06  ||x||=5.087006e-02  ||grad||=1.490609e+09  tau=1.083e-12  beta=9.687e-01
[iter   93/500] obj=1.019140e+08  f=9.315542e+07  g=8.758560e+06  ||x||=5.126634e-02  ||grad||=1.489535e+09  tau=1.083e-12  beta=9.690e-01
[iter   94/500] obj=1.019019e+08  f=9.313848e+07  g=8.763435e+06  ||x||=5.166090e-02  ||grad||=1.488487e+09  tau=1.083e-12  beta=9.693e-01
[iter   95/500] obj=1.018900e+08  f=9.312184e+07  g=8.768206e+06  ||x||=5.205378e-02  ||grad||=1.487458e+09  tau=1.083e-12  beta=9.696e-01
[iter   96/500] obj=1.018784e+08  f=9.310550e+07  g=8.772881e+06  ||x||=5.244497e-02  ||grad||=1.486451e+09  tau=1.083e-12  beta=9.699e-01
[iter   97/500] obj=1.018669e+08  f=9.308946e+07  g=8.777457e+06  ||x||=5.283451e-02  ||grad||=1.485463e+09  tau=1.083e-12  beta=9.702e-01
[iter   98/500] obj=1.018556e+08  f=9.307370e+07  g=8.781924e+06  ||x||=5.322242e-02  ||grad||=1.484497e+09  tau=1.083e-12  beta=9.705e-01
[iter   99/500] obj=1.018445e+08  f=9.305824e+07  g=8.786302e+06  ||x||=5.360871e-02  ||grad||=1.483555e+09  tau=1.083e-12  beta=9.708e-01
[iter  100/500] obj=1.018336e+08  f=9.304303e+07  g=8.790596e+06  ||x||=5.399341e-02  ||grad||=1.482628e+09  tau=1.083e-12  beta=9.711e-01
[iter  101/500] obj=1.018229e+08  f=9.302808e+07  g=8.794830e+06  ||x||=5.437654e-02  ||grad||=1.481717e+09  tau=1.083e-12  beta=9.714e-01
[iter  102/500] obj=1.018123e+08  f=9.301333e+07  g=8.799013e+06  ||x||=5.475811e-02  ||grad||=1.480815e+09  tau=1.083e-12  beta=9.716e-01
[iter  103/500] obj=1.018019e+08  f=9.299880e+07  g=8.803114e+06  ||x||=5.513814e-02  ||grad||=1.479926e+09  tau=1.083e-12  beta=9.719e-01
[iter  104/500] obj=1.017917e+08  f=9.298454e+07  g=8.807120e+06  ||x||=5.551665e-02  ||grad||=1.479059e+09  tau=1.083e-12  beta=9.722e-01
[iter  105/500] obj=1.017816e+08  f=9.297055e+07  g=8.811074e+06  ||x||=5.589364e-02  ||grad||=1.478214e+09  tau=1.083e-12  beta=9.724e-01
[iter  106/500] obj=1.017717e+08  f=9.295674e+07  g=8.814960e+06  ||x||=5.626916e-02  ||grad||=1.477373e+09  tau=1.083e-12  beta=9.727e-01
[iter  107/500] obj=1.017619e+08  f=9.294314e+07  g=8.818770e+06  ||x||=5.664320e-02  ||grad||=1.476549e+09  tau=1.083e-12  beta=9.729e-01
[iter  108/500] obj=1.017523e+08  f=9.292978e+07  g=8.822519e+06  ||x||=5.701579e-02  ||grad||=1.475741e+09  tau=1.083e-12  beta=9.732e-01
[iter  109/500] obj=1.017428e+08  f=9.291662e+07  g=8.826199e+06  ||x||=5.738694e-02  ||grad||=1.474945e+09  tau=1.083e-12  beta=9.734e-01
[iter  110/500] obj=1.017335e+08  f=9.290368e+07  g=8.829836e+06  ||x||=5.775667e-02  ||grad||=1.474165e+09  tau=1.083e-12  beta=9.736e-01
[iter  111/500] obj=1.017243e+08  f=9.289090e+07  g=8.833412e+06  ||x||=5.812499e-02  ||grad||=1.473391e+09  tau=1.083e-12  beta=9.739e-01
[iter  112/500] obj=1.017152e+08  f=9.287833e+07  g=8.836916e+06  ||x||=5.849191e-02  ||grad||=1.472633e+09  tau=1.083e-12  beta=9.741e-01
[iter  113/500] obj=1.017063e+08  f=9.286597e+07  g=8.840338e+06  ||x||=5.885745e-02  ||grad||=1.471895e+09  tau=1.083e-12  beta=9.743e-01
[iter  114/500] obj=1.016975e+08  f=9.285382e+07  g=8.843700e+06  ||x||=5.922163e-02  ||grad||=1.471174e+09  tau=1.083e-12  beta=9.745e-01
[iter  115/500] obj=1.016889e+08  f=9.284186e+07  g=8.847019e+06  ||x||=5.958446e-02  ||grad||=1.470462e+09  tau=1.083e-12  beta=9.748e-01
[iter  116/500] obj=1.016804e+08  f=9.283005e+07  g=8.850306e+06  ||x||=5.994596e-02  ||grad||=1.469758e+09  tau=1.083e-12  beta=9.750e-01
[iter  117/500] obj=1.016720e+08  f=9.281838e+07  g=8.853567e+06  ||x||=6.030611e-02  ||grad||=1.469058e+09  tau=1.083e-12  beta=9.752e-01
[iter  118/500] obj=1.016637e+08  f=9.280686e+07  g=8.856787e+06  ||x||=6.066494e-02  ||grad||=1.468365e+09  tau=1.083e-12  beta=9.754e-01
[iter  119/500] obj=1.016555e+08  f=9.279552e+07  g=8.859951e+06  ||x||=6.102246e-02  ||grad||=1.467683e+09  tau=1.083e-12  beta=9.756e-01
[iter  120/500] obj=1.016474e+08  f=9.278435e+07  g=8.863057e+06  ||x||=6.137866e-02  ||grad||=1.467015e+09  tau=1.083e-12  beta=9.758e-01
[iter  121/500] obj=1.016395e+08  f=9.277336e+07  g=8.866097e+06  ||x||=6.173356e-02  ||grad||=1.466362e+09  tau=1.083e-12  beta=9.760e-01
[iter  122/500] obj=1.016316e+08  f=9.276254e+07  g=8.869088e+06  ||x||=6.208716e-02  ||grad||=1.465723e+09  tau=1.083e-12  beta=9.762e-01
[iter  123/500] obj=1.016239e+08  f=9.275187e+07  g=8.872055e+06  ||x||=6.243949e-02  ||grad||=1.465091e+09  tau=1.083e-12  beta=9.764e-01
[iter  124/500] obj=1.016163e+08  f=9.274133e+07  g=8.874971e+06  ||x||=6.279054e-02  ||grad||=1.464460e+09  tau=1.083e-12  beta=9.765e-01
[iter  125/500] obj=1.016088e+08  f=9.273094e+07  g=8.877831e+06  ||x||=6.314032e-02  ||grad||=1.463846e+09  tau=1.083e-12  beta=9.767e-01
[iter  126/500] obj=1.016014e+08  f=9.272072e+07  g=8.880640e+06  ||x||=6.348884e-02  ||grad||=1.463245e+09  tau=1.083e-12  beta=9.769e-01
[iter  127/500] obj=1.015941e+08  f=9.271066e+07  g=8.883408e+06  ||x||=6.383611e-02  ||grad||=1.462654e+09  tau=1.083e-12  beta=9.771e-01
[iter  128/500] obj=1.015869e+08  f=9.270071e+07  g=8.886142e+06  ||x||=6.418213e-02  ||grad||=1.462072e+09  tau=1.083e-12  beta=9.773e-01
[iter  129/500] obj=1.015797e+08  f=9.269090e+07  g=8.888817e+06  ||x||=6.452692e-02  ||grad||=1.461496e+09  tau=1.083e-12  beta=9.774e-01
[iter  130/500] obj=1.015727e+08  f=9.268126e+07  g=8.891440e+06  ||x||=6.487047e-02  ||grad||=1.460937e+09  tau=1.083e-12  beta=9.776e-01
[iter  131/500] obj=1.015657e+08  f=9.267174e+07  g=8.893988e+06  ||x||=6.521281e-02  ||grad||=1.460387e+09  tau=1.083e-12  beta=9.778e-01
[iter  132/500] obj=1.015589e+08  f=9.266242e+07  g=8.896480e+06  ||x||=6.555394e-02  ||grad||=1.459858e+09  tau=1.083e-12  beta=9.779e-01
[iter  133/500] obj=1.015521e+08  f=9.265322e+07  g=8.898926e+06  ||x||=6.589387e-02  ||grad||=1.459335e+09  tau=1.083e-12  beta=9.781e-01
[iter  134/500] obj=1.015455e+08  f=9.264414e+07  g=8.901329e+06  ||x||=6.623263e-02  ||grad||=1.458823e+09  tau=1.083e-12  beta=9.783e-01
[iter  135/500] obj=1.015389e+08  f=9.263518e+07  g=8.903706e+06  ||x||=6.657019e-02  ||grad||=1.458318e+09  tau=1.083e-12  beta=9.784e-01
[iter  136/500] obj=1.015324e+08  f=9.262634e+07  g=8.906032e+06  ||x||=6.690659e-02  ||grad||=1.457816e+09  tau=1.083e-12  beta=9.786e-01
[iter  137/500] obj=1.015259e+08  f=9.261763e+07  g=8.908312e+06  ||x||=6.724183e-02  ||grad||=1.457329e+09  tau=1.083e-12  beta=9.787e-01
[iter  138/500] obj=1.015196e+08  f=9.260905e+07  g=8.910530e+06  ||x||=6.757592e-02  ||grad||=1.456851e+09  tau=1.083e-12  beta=9.789e-01
[iter  139/500] obj=1.015133e+08  f=9.260062e+07  g=8.912693e+06  ||x||=6.790887e-02  ||grad||=1.456391e+09  tau=1.083e-12  beta=9.790e-01
[iter  140/500] obj=1.015071e+08  f=9.259232e+07  g=8.914797e+06  ||x||=6.824069e-02  ||grad||=1.455939e+09  tau=1.083e-12  beta=9.792e-01
[iter  141/500] obj=1.015010e+08  f=9.258416e+07  g=8.916847e+06  ||x||=6.857140e-02  ||grad||=1.455502e+09  tau=1.083e-12  beta=9.793e-01
[iter  142/500] obj=1.014950e+08  f=9.257611e+07  g=8.918866e+06  ||x||=6.890099e-02  ||grad||=1.455075e+09  tau=1.083e-12  beta=9.794e-01
[iter  143/500] obj=1.014890e+08  f=9.256815e+07  g=8.920839e+06  ||x||=6.922950e-02  ||grad||=1.454650e+09  tau=1.083e-12  beta=9.796e-01
[iter  144/500] obj=1.014831e+08  f=9.256032e+07  g=8.922763e+06  ||x||=6.955692e-02  ||grad||=1.454237e+09  tau=1.083e-12  beta=9.797e-01
[iter  145/500] obj=1.014773e+08  f=9.255262e+07  g=8.924666e+06  ||x||=6.988327e-02  ||grad||=1.453836e+09  tau=1.083e-12  beta=9.799e-01
[iter  146/500] obj=1.014715e+08  f=9.254498e+07  g=8.926537e+06  ||x||=7.020856e-02  ||grad||=1.453434e+09  tau=1.083e-12  beta=9.800e-01
[iter  147/500] obj=1.014658e+08  f=9.253746e+07  g=8.928385e+06  ||x||=7.053278e-02  ||grad||=1.453039e+09  tau=1.083e-12  beta=9.801e-01
[iter  148/500] obj=1.014602e+08  f=9.253002e+07  g=8.930222e+06  ||x||=7.085597e-02  ||grad||=1.452647e+09  tau=1.083e-12  beta=9.803e-01
[iter  149/500] obj=1.014547e+08  f=9.252264e+07  g=8.932038e+06  ||x||=7.117812e-02  ||grad||=1.452257e+09  tau=1.083e-12  beta=9.804e-01
[iter  150/500] obj=1.014492e+08  f=9.251535e+07  g=8.933809e+06  ||x||=7.149922e-02  ||grad||=1.451873e+09  tau=1.083e-12  beta=9.805e-01
[iter  151/500] obj=1.014437e+08  f=9.250821e+07  g=8.935534e+06  ||x||=7.181931e-02  ||grad||=1.451502e+09  tau=1.083e-12  beta=9.806e-01
[iter  152/500] obj=1.014384e+08  f=9.250117e+07  g=8.937220e+06  ||x||=7.213840e-02  ||grad||=1.451140e+09  tau=1.083e-12  beta=9.808e-01
[iter  153/500] obj=1.014331e+08  f=9.249422e+07  g=8.938873e+06  ||x||=7.245647e-02  ||grad||=1.450784e+09  tau=1.083e-12  beta=9.809e-01
[iter  154/500] obj=1.014278e+08  f=9.248734e+07  g=8.940506e+06  ||x||=7.277358e-02  ||grad||=1.450435e+09  tau=1.083e-12  beta=9.810e-01
[iter  155/500] obj=1.014227e+08  f=9.248056e+07  g=8.942118e+06  ||x||=7.308968e-02  ||grad||=1.450087e+09  tau=1.083e-12  beta=9.811e-01
[iter  156/500] obj=1.014176e+08  f=9.247385e+07  g=8.943710e+06  ||x||=7.340483e-02  ||grad||=1.449744e+09  tau=1.083e-12  beta=9.813e-01
[iter  157/500] obj=1.014125e+08  f=9.246721e+07  g=8.945293e+06  ||x||=7.371902e-02  ||grad||=1.449403e+09  tau=1.083e-12  beta=9.814e-01
[iter  158/500] obj=1.014075e+08  f=9.246064e+07  g=8.946863e+06  ||x||=7.403225e-02  ||grad||=1.449063e+09  tau=1.083e-12  beta=9.815e-01
[iter  159/500] obj=1.014026e+08  f=9.245414e+07  g=8.948416e+06  ||x||=7.434455e-02  ||grad||=1.448728e+09  tau=1.083e-12  beta=9.816e-01
[iter  160/500] obj=1.013977e+08  f=9.244772e+07  g=8.949966e+06  ||x||=7.465591e-02  ||grad||=1.448397e+09  tau=1.083e-12  beta=9.817e-01
[iter  161/500] obj=1.013929e+08  f=9.244134e+07  g=8.951519e+06  ||x||=7.496633e-02  ||grad||=1.448063e+09  tau=1.083e-12  beta=9.818e-01
[iter  162/500] obj=1.013881e+08  f=9.243501e+07  g=8.953065e+06  ||x||=7.527582e-02  ||grad||=1.447729e+09  tau=1.083e-12  beta=9.819e-01
[iter  163/500] obj=1.013834e+08  f=9.242875e+07  g=8.954603e+06  ||x||=7.558439e-02  ||grad||=1.447399e+09  tau=1.083e-12  beta=9.820e-01
[iter  164/500] obj=1.013787e+08  f=9.242256e+07  g=8.956113e+06  ||x||=7.589205e-02  ||grad||=1.447072e+09  tau=1.083e-12  beta=9.821e-01
[iter  165/500] obj=1.013741e+08  f=9.241647e+07  g=8.957609e+06  ||x||=7.619878e-02  ||grad||=1.446755e+09  tau=1.083e-12  beta=9.823e-01
[iter  166/500] obj=1.013695e+08  f=9.241043e+07  g=8.959101e+06  ||x||=7.650461e-02  ||grad||=1.446437e+09  tau=1.083e-12  beta=9.824e-01
[iter  167/500] obj=1.013650e+08  f=9.240443e+07  g=8.960559e+06  ||x||=7.680953e-02  ||grad||=1.446120e+09  tau=1.083e-12  beta=9.825e-01
[iter  168/500] obj=1.013605e+08  f=9.239854e+07  g=8.961994e+06  ||x||=7.711355e-02  ||grad||=1.445816e+09  tau=1.083e-12  beta=9.826e-01
[iter  169/500] obj=1.013561e+08  f=9.239272e+07  g=8.963417e+06  ||x||=7.741667e-02  ||grad||=1.445514e+09  tau=1.083e-12  beta=9.827e-01
[iter  170/500] obj=1.013518e+08  f=9.238694e+07  g=8.964817e+06  ||x||=7.771890e-02  ||grad||=1.445214e+09  tau=1.083e-12  beta=9.828e-01
[iter  171/500] obj=1.013474e+08  f=9.238125e+07  g=8.966188e+06  ||x||=7.802024e-02  ||grad||=1.444920e+09  tau=1.083e-12  beta=9.829e-01
[iter  172/500] obj=1.013432e+08  f=9.237563e+07  g=8.967528e+06  ||x||=7.832070e-02  ||grad||=1.444633e+09  tau=1.083e-12  beta=9.830e-01
[iter  173/500] obj=1.013389e+08  f=9.237010e+07  g=8.968840e+06  ||x||=7.862028e-02  ||grad||=1.444353e+09  tau=1.083e-12  beta=9.831e-01
[iter  174/500] obj=1.013347e+08  f=9.236462e+07  g=8.970118e+06  ||x||=7.891899e-02  ||grad||=1.444079e+09  tau=1.083e-12  beta=9.832e-01
[iter  175/500] obj=1.013306e+08  f=9.235923e+07  g=8.971380e+06  ||x||=7.921685e-02  ||grad||=1.443813e+09  tau=1.083e-12  beta=9.832e-01
[iter  176/500] obj=1.013265e+08  f=9.235390e+07  g=8.972643e+06  ||x||=7.951384e-02  ||grad||=1.443546e+09  tau=1.083e-12  beta=9.833e-01
[iter  177/500] obj=1.013225e+08  f=9.234858e+07  g=8.973905e+06  ||x||=7.980999e-02  ||grad||=1.443277e+09  tau=1.083e-12  beta=9.834e-01
[iter  178/500] obj=1.013185e+08  f=9.234331e+07  g=8.975157e+06  ||x||=8.010527e-02  ||grad||=1.443008e+09  tau=1.083e-12  beta=9.835e-01
[iter  179/500] obj=1.013145e+08  f=9.233810e+07  g=8.976391e+06  ||x||=8.039972e-02  ||grad||=1.442743e+09  tau=1.083e-12  beta=9.836e-01
[iter  180/500] obj=1.013106e+08  f=9.233296e+07  g=8.977622e+06  ||x||=8.069333e-02  ||grad||=1.442483e+09  tau=1.083e-12  beta=9.837e-01
[iter  181/500] obj=1.013067e+08  f=9.232786e+07  g=8.978843e+06  ||x||=8.098610e-02  ||grad||=1.442222e+09  tau=1.083e-12  beta=9.838e-01
[iter  182/500] obj=1.013029e+08  f=9.232280e+07  g=8.980051e+06  ||x||=8.127803e-02  ||grad||=1.441965e+09  tau=1.083e-12  beta=9.839e-01
[iter  183/500] obj=1.012991e+08  f=9.231781e+07  g=8.981255e+06  ||x||=8.156914e-02  ||grad||=1.441711e+09  tau=1.083e-12  beta=9.840e-01
[iter  184/500] obj=1.012953e+08  f=9.231284e+07  g=8.982471e+06  ||x||=8.185941e-02  ||grad||=1.441455e+09  tau=1.083e-12  beta=9.841e-01
[iter  185/500] obj=1.012916e+08  f=9.230789e+07  g=8.983671e+06  ||x||=8.214886e-02  ||grad||=1.441193e+09  tau=1.083e-12  beta=9.841e-01
[iter  186/500] obj=1.012879e+08  f=9.230302e+07  g=8.984867e+06  ||x||=8.243749e-02  ||grad||=1.440939e+09  tau=1.083e-12  beta=9.842e-01
[iter  187/500] obj=1.012842e+08  f=9.229818e+07  g=8.986054e+06  ||x||=8.272530e-02  ||grad||=1.440684e+09  tau=1.083e-12  beta=9.843e-01
[iter  188/500] obj=1.012806e+08  f=9.229339e+07  g=8.987230e+06  ||x||=8.301230e-02  ||grad||=1.440431e+09  tau=1.083e-12  beta=9.844e-01
[iter  189/500] obj=1.012770e+08  f=9.228866e+07  g=8.988378e+06  ||x||=8.329848e-02  ||grad||=1.440183e+09  tau=1.083e-12  beta=9.845e-01
[iter  190/500] obj=1.012735e+08  f=9.228400e+07  g=8.989491e+06  ||x||=8.358386e-02  ||grad||=1.439945e+09  tau=1.083e-12  beta=9.845e-01
[iter  191/500] obj=1.012700e+08  f=9.227941e+07  g=8.990592e+06  ||x||=8.386844e-02  ||grad||=1.439714e+09  tau=1.083e-12  beta=9.846e-01
[iter  192/500] obj=1.012665e+08  f=9.227486e+07  g=8.991678e+06  ||x||=8.415221e-02  ||grad||=1.439481e+09  tau=1.083e-12  beta=9.847e-01
[iter  193/500] obj=1.012631e+08  f=9.227034e+07  g=8.992756e+06  ||x||=8.443519e-02  ||grad||=1.439253e+09  tau=1.083e-12  beta=9.848e-01
[iter  194/500] obj=1.012597e+08  f=9.226587e+07  g=8.993815e+06  ||x||=8.471739e-02  ||grad||=1.439026e+09  tau=1.083e-12  beta=9.849e-01
[iter  195/500] obj=1.012563e+08  f=9.226146e+07  g=8.994864e+06  ||x||=8.499879e-02  ||grad||=1.438804e+09  tau=1.083e-12  beta=9.849e-01
[iter  196/500] obj=1.012530e+08  f=9.225709e+07  g=8.995908e+06  ||x||=8.527941e-02  ||grad||=1.438585e+09  tau=1.083e-12  beta=9.850e-01
[iter  197/500] obj=1.012497e+08  f=9.225275e+07  g=8.996944e+06  ||x||=8.555926e-02  ||grad||=1.438364e+09  tau=1.083e-12  beta=9.851e-01
[iter  198/500] obj=1.012464e+08  f=9.224846e+07  g=8.997973e+06  ||x||=8.583832e-02  ||grad||=1.438145e+09  tau=1.083e-12  beta=9.852e-01
[iter  199/500] obj=1.012432e+08  f=9.224419e+07  g=8.998974e+06  ||x||=8.611660e-02  ||grad||=1.437928e+09  tau=1.083e-12  beta=9.852e-01
[iter  200/500] obj=1.012400e+08  f=9.224002e+07  g=8.999971e+06  ||x||=8.639412e-02  ||grad||=1.437722e+09  tau=1.083e-12  beta=9.853e-01
[iter  201/500] obj=1.012368e+08  f=9.223585e+07  g=9.000970e+06  ||x||=8.667087e-02  ||grad||=1.437511e+09  tau=1.083e-12  beta=9.854e-01
[iter  202/500] obj=1.012337e+08  f=9.223171e+07  g=9.001957e+06  ||x||=8.694685e-02  ||grad||=1.437299e+09  tau=1.083e-12  beta=9.854e-01
[iter  203/500] obj=1.012306e+08  f=9.222762e+07  g=9.002935e+06  ||x||=8.722208e-02  ||grad||=1.437093e+09  tau=1.083e-12  beta=9.855e-01
[iter  204/500] obj=1.012275e+08  f=9.222357e+07  g=9.003897e+06  ||x||=8.749653e-02  ||grad||=1.436888e+09  tau=1.083e-12  beta=9.856e-01
[iter  205/500] obj=1.012244e+08  f=9.221957e+07  g=9.004843e+06  ||x||=8.777024e-02  ||grad||=1.436690e+09  tau=1.083e-12  beta=9.857e-01
[iter  206/500] obj=1.012214e+08  f=9.221562e+07  g=9.005758e+06  ||x||=8.804318e-02  ||grad||=1.436494e+09  tau=1.083e-12  beta=9.857e-01
[iter  207/500] obj=1.012184e+08  f=9.221174e+07  g=9.006646e+06  ||x||=8.831538e-02  ||grad||=1.436308e+09  tau=1.083e-12  beta=9.858e-01
[iter  208/500] obj=1.012154e+08  f=9.220790e+07  g=9.007524e+06  ||x||=8.858683e-02  ||grad||=1.436126e+09  tau=1.083e-12  beta=9.859e-01
[iter  209/500] obj=1.012125e+08  f=9.220409e+07  g=9.008392e+06  ||x||=8.885753e-02  ||grad||=1.435943e+09  tau=1.083e-12  beta=9.859e-01
[iter  210/500] obj=1.012096e+08  f=9.220032e+07  g=9.009241e+06  ||x||=8.912749e-02  ||grad||=1.435761e+09  tau=1.083e-12  beta=9.860e-01
[iter  211/500] obj=1.012067e+08  f=9.219659e+07  g=9.010073e+06  ||x||=8.939672e-02  ||grad||=1.435586e+09  tau=1.083e-12  beta=9.861e-01
[iter  212/500] obj=1.012038e+08  f=9.219291e+07  g=9.010879e+06  ||x||=8.966520e-02  ||grad||=1.435414e+09  tau=1.083e-12  beta=9.861e-01
[iter  213/500] obj=1.012010e+08  f=9.218930e+07  g=9.011676e+06  ||x||=8.993297e-02  ||grad||=1.435247e+09  tau=1.083e-12  beta=9.862e-01
[iter  214/500] obj=1.011982e+08  f=9.218570e+07  g=9.012462e+06  ||x||=9.020000e-02  ||grad||=1.435081e+09  tau=1.083e-12  beta=9.862e-01
[iter  215/500] obj=1.011954e+08  f=9.218214e+07  g=9.013246e+06  ||x||=9.046631e-02  ||grad||=1.434918e+09  tau=1.083e-12  beta=9.863e-01
[iter  216/500] obj=1.011926e+08  f=9.217861e+07  g=9.014021e+06  ||x||=9.073190e-02  ||grad||=1.434752e+09  tau=1.083e-12  beta=9.864e-01
[iter  217/500] obj=1.011899e+08  f=9.217512e+07  g=9.014788e+06  ||x||=9.099676e-02  ||grad||=1.434590e+09  tau=1.083e-12  beta=9.864e-01
[iter  218/500] obj=1.011872e+08  f=9.217166e+07  g=9.015553e+06  ||x||=9.126091e-02  ||grad||=1.434430e+09  tau=1.083e-12  beta=9.865e-01
[iter  219/500] obj=1.011845e+08  f=9.216821e+07  g=9.016297e+06  ||x||=9.152434e-02  ||grad||=1.434270e+09  tau=1.083e-12  beta=9.866e-01
[iter  220/500] obj=1.011819e+08  f=9.216483e+07  g=9.017025e+06  ||x||=9.178706e-02  ||grad||=1.434116e+09  tau=1.083e-12  beta=9.866e-01
[iter  221/500] obj=1.011792e+08  f=9.216148e+07  g=9.017739e+06  ||x||=9.204906e-02  ||grad||=1.433965e+09  tau=1.083e-12  beta=9.867e-01
[iter  222/500] obj=1.011766e+08  f=9.215818e+07  g=9.018448e+06  ||x||=9.231035e-02  ||grad||=1.433815e+09  tau=1.083e-12  beta=9.867e-01
[iter  223/500] obj=1.011740e+08  f=9.215490e+07  g=9.019141e+06  ||x||=9.257095e-02  ||grad||=1.433665e+09  tau=1.083e-12  beta=9.868e-01
[iter  224/500] obj=1.011715e+08  f=9.215165e+07  g=9.019816e+06  ||x||=9.283085e-02  ||grad||=1.433520e+09  tau=1.083e-12  beta=9.869e-01
[iter  225/500] obj=1.011689e+08  f=9.214845e+07  g=9.020470e+06  ||x||=9.309006e-02  ||grad||=1.433379e+09  tau=1.083e-12  beta=9.869e-01
[iter  226/500] obj=1.011664e+08  f=9.214530e+07  g=9.021114e+06  ||x||=9.334857e-02  ||grad||=1.433242e+09  tau=1.083e-12  beta=9.870e-01
[iter  227/500] obj=1.011639e+08  f=9.214217e+07  g=9.021750e+06  ||x||=9.360639e-02  ||grad||=1.433106e+09  tau=1.083e-12  beta=9.870e-01
[iter  228/500] obj=1.011615e+08  f=9.213907e+07  g=9.022390e+06  ||x||=9.386353e-02  ||grad||=1.432972e+09  tau=1.083e-12  beta=9.871e-01
[iter  229/500] obj=1.011590e+08  f=9.213597e+07  g=9.023027e+06  ||x||=9.412000e-02  ||grad||=1.432834e+09  tau=1.083e-12  beta=9.871e-01
[iter  230/500] obj=1.011566e+08  f=9.213292e+07  g=9.023661e+06  ||x||=9.437577e-02  ||grad||=1.432698e+09  tau=1.083e-12  beta=9.872e-01
[iter  231/500] obj=1.011542e+08  f=9.212989e+07  g=9.024292e+06  ||x||=9.463087e-02  ||grad||=1.432563e+09  tau=1.083e-12  beta=9.872e-01
[iter  232/500] obj=1.011518e+08  f=9.212688e+07  g=9.024912e+06  ||x||=9.488530e-02  ||grad||=1.432429e+09  tau=1.083e-12  beta=9.873e-01
[iter  233/500] obj=1.011494e+08  f=9.212390e+07  g=9.025526e+06  ||x||=9.513906e-02  ||grad||=1.432298e+09  tau=1.083e-12  beta=9.874e-01
[iter  234/500] obj=1.011471e+08  f=9.212096e+07  g=9.026149e+06  ||x||=9.539215e-02  ||grad||=1.432168e+09  tau=1.083e-12  beta=9.874e-01
[iter  235/500] obj=1.011448e+08  f=9.211802e+07  g=9.026776e+06  ||x||=9.564456e-02  ||grad||=1.432034e+09  tau=1.083e-12  beta=9.875e-01
[iter  236/500] obj=1.011425e+08  f=9.211509e+07  g=9.027393e+06  ||x||=9.589631e-02  ||grad||=1.431899e+09  tau=1.083e-12  beta=9.875e-01
[iter  237/500] obj=1.011402e+08  f=9.211221e+07  g=9.028006e+06  ||x||=9.614739e-02  ||grad||=1.431769e+09  tau=1.083e-12  beta=9.876e-01
[iter  238/500] obj=1.011379e+08  f=9.210934e+07  g=9.028600e+06  ||x||=9.639782e-02  ||grad||=1.431638e+09  tau=1.083e-12  beta=9.876e-01
[iter  239/500] obj=1.011357e+08  f=9.210653e+07  g=9.029177e+06  ||x||=9.664758e-02  ||grad||=1.431514e+09  tau=1.083e-12  beta=9.877e-01
[iter  240/500] obj=1.011335e+08  f=9.210376e+07  g=9.029747e+06  ||x||=9.689668e-02  ||grad||=1.431393e+09  tau=1.083e-12  beta=9.877e-01
[iter  241/500] obj=1.011313e+08  f=9.210099e+07  g=9.030324e+06  ||x||=9.714513e-02  ||grad||=1.431272e+09  tau=1.083e-12  beta=9.878e-01
[iter  242/500] obj=1.011291e+08  f=9.209824e+07  g=9.030901e+06  ||x||=9.739292e-02  ||grad||=1.431147e+09  tau=1.083e-12  beta=9.878e-01
[iter  243/500] obj=1.011270e+08  f=9.209550e+07  g=9.031453e+06  ||x||=9.764007e-02  ||grad||=1.431023e+09  tau=1.083e-12  beta=9.879e-01
[iter  244/500] obj=1.011248e+08  f=9.209283e+07  g=9.032006e+06  ||x||=9.788657e-02  ||grad||=1.430909e+09  tau=1.083e-12  beta=9.879e-01
[iter  245/500] obj=1.011227e+08  f=9.209016e+07  g=9.032558e+06  ||x||=9.813241e-02  ||grad||=1.430790e+09  tau=1.083e-12  beta=9.880e-01
[iter  246/500] obj=1.011206e+08  f=9.208751e+07  g=9.033113e+06  ||x||=9.837762e-02  ||grad||=1.430671e+09  tau=1.083e-12  beta=9.880e-01
[iter  247/500] obj=1.011185e+08  f=9.208486e+07  g=9.033670e+06  ||x||=9.862219e-02  ||grad||=1.430552e+09  tau=1.083e-12  beta=9.881e-01
[iter  248/500] obj=1.011165e+08  f=9.208225e+07  g=9.034223e+06  ||x||=9.886611e-02  ||grad||=1.430433e+09  tau=1.083e-12  beta=9.881e-01
[iter  249/500] obj=1.011144e+08  f=9.207965e+07  g=9.034775e+06  ||x||=9.910940e-02  ||grad||=1.430316e+09  tau=1.083e-12  beta=9.882e-01
[iter  250/500] obj=1.011124e+08  f=9.207707e+07  g=9.035318e+06  ||x||=9.935204e-02  ||grad||=1.430199e+09  tau=1.083e-12  beta=9.882e-01
[iter  251/500] obj=1.011104e+08  f=9.207453e+07  g=9.035859e+06  ||x||=9.959404e-02  ||grad||=1.430085e+09  tau=1.083e-12  beta=9.882e-01
[iter  252/500] obj=1.011084e+08  f=9.207200e+07  g=9.036392e+06  ||x||=9.983542e-02  ||grad||=1.429970e+09  tau=1.083e-12  beta=9.883e-01
[iter  253/500] obj=1.011064e+08  f=9.206950e+07  g=9.036924e+06  ||x||=1.000762e-01  ||grad||=1.429858e+09  tau=1.083e-12  beta=9.883e-01
[iter  254/500] obj=1.011045e+08  f=9.206701e+07  g=9.037453e+06  ||x||=1.003163e-01  ||grad||=1.429744e+09  tau=1.083e-12  beta=9.884e-01
[iter  255/500] obj=1.011025e+08  f=9.206454e+07  g=9.037977e+06  ||x||=1.005557e-01  ||grad||=1.429633e+09  tau=1.083e-12  beta=9.884e-01
[iter  256/500] obj=1.011006e+08  f=9.206210e+07  g=9.038500e+06  ||x||=1.007946e-01  ||grad||=1.429521e+09  tau=1.083e-12  beta=9.885e-01
[iter  257/500] obj=1.010987e+08  f=9.205966e+07  g=9.039017e+06  ||x||=1.010328e-01  ||grad||=1.429411e+09  tau=1.083e-12  beta=9.885e-01
[iter  258/500] obj=1.010968e+08  f=9.205726e+07  g=9.039520e+06  ||x||=1.012704e-01  ||grad||=1.429303e+09  tau=1.083e-12  beta=9.886e-01
[iter  259/500] obj=1.010949e+08  f=9.205489e+07  g=9.040009e+06  ||x||=1.015073e-01  ||grad||=1.429198e+09  tau=1.083e-12  beta=9.886e-01
[iter  260/500] obj=1.010930e+08  f=9.205255e+07  g=9.040487e+06  ||x||=1.017437e-01  ||grad||=1.429097e+09  tau=1.083e-12  beta=9.886e-01
[iter  261/500] obj=1.010912e+08  f=9.205024e+07  g=9.040968e+06  ||x||=1.019794e-01  ||grad||=1.428998e+09  tau=1.083e-12  beta=9.887e-01
[iter  262/500] obj=1.010894e+08  f=9.204792e+07  g=9.041435e+06  ||x||=1.022145e-01  ||grad||=1.428896e+09  tau=1.083e-12  beta=9.887e-01
[iter  263/500] obj=1.010875e+08  f=9.204565e+07  g=9.041897e+06  ||x||=1.024490e-01  ||grad||=1.428799e+09  tau=1.083e-12  beta=9.888e-01
[iter  264/500] obj=1.010857e+08  f=9.204339e+07  g=9.042347e+06  ||x||=1.026829e-01  ||grad||=1.428704e+09  tau=1.083e-12  beta=9.888e-01
[iter  265/500] obj=1.010840e+08  f=9.204116e+07  g=9.042792e+06  ||x||=1.029161e-01  ||grad||=1.428612e+09  tau=1.083e-12  beta=9.889e-01
[iter  266/500] obj=1.010822e+08  f=9.203895e+07  g=9.043221e+06  ||x||=1.031488e-01  ||grad||=1.428518e+09  tau=1.083e-12  beta=9.889e-01
[iter  267/500] obj=1.010804e+08  f=9.203678e+07  g=9.043644e+06  ||x||=1.033808e-01  ||grad||=1.428432e+09  tau=1.083e-12  beta=9.889e-01
[iter  268/500] obj=1.010787e+08  f=9.203462e+07  g=9.044073e+06  ||x||=1.036123e-01  ||grad||=1.428343e+09  tau=1.083e-12  beta=9.890e-01
[iter  269/500] obj=1.010769e+08  f=9.203245e+07  g=9.044482e+06  ||x||=1.038431e-01  ||grad||=1.428250e+09  tau=1.083e-12  beta=9.890e-01
[iter  270/500] obj=1.010752e+08  f=9.203034e+07  g=9.044880e+06  ||x||=1.040734e-01  ||grad||=1.428168e+09  tau=1.083e-12  beta=9.891e-01
[iter  271/500] obj=1.010735e+08  f=9.202826e+07  g=9.045271e+06  ||x||=1.043030e-01  ||grad||=1.428086e+09  tau=1.083e-12  beta=9.891e-01
[iter  272/500] obj=1.010719e+08  f=9.202618e+07  g=9.045674e+06  ||x||=1.045320e-01  ||grad||=1.428004e+09  tau=1.083e-12  beta=9.891e-01
[iter  273/500] obj=1.010702e+08  f=9.202410e+07  g=9.046075e+06  ||x||=1.047605e-01  ||grad||=1.427916e+09  tau=1.083e-12  beta=9.892e-01
[iter  274/500] obj=1.010685e+08  f=9.202203e+07  g=9.046465e+06  ||x||=1.049883e-01  ||grad||=1.427832e+09  tau=1.083e-12  beta=9.892e-01
[iter  275/500] obj=1.010668e+08  f=9.202000e+07  g=9.046844e+06  ||x||=1.052156e-01  ||grad||=1.427751e+09  tau=1.083e-12  beta=9.893e-01
[iter  276/500] obj=1.010652e+08  f=9.201800e+07  g=9.047225e+06  ||x||=1.054423e-01  ||grad||=1.427673e+09  tau=1.083e-12  beta=9.893e-01
[iter  277/500] obj=1.010636e+08  f=9.201600e+07  g=9.047594e+06  ||x||=1.056684e-01  ||grad||=1.427592e+09  tau=1.083e-12  beta=9.893e-01
[iter  278/500] obj=1.010620e+08  f=9.201403e+07  g=9.047953e+06  ||x||=1.058939e-01  ||grad||=1.427516e+09  tau=1.083e-12  beta=9.894e-01
[iter  279/500] obj=1.010604e+08  f=9.201208e+07  g=9.048300e+06  ||x||=1.061188e-01  ||grad||=1.427442e+09  tau=1.083e-12  beta=9.894e-01
[iter  280/500] obj=1.010588e+08  f=9.201016e+07  g=9.048644e+06  ||x||=1.063431e-01  ||grad||=1.427370e+09  tau=1.083e-12  beta=9.894e-01
[iter  281/500] obj=1.010572e+08  f=9.200825e+07  g=9.048990e+06  ||x||=1.065669e-01  ||grad||=1.427297e+09  tau=1.083e-12  beta=9.895e-01
[iter  282/500] obj=1.010557e+08  f=9.200634e+07  g=9.049341e+06  ||x||=1.067901e-01  ||grad||=1.427223e+09  tau=1.083e-12  beta=9.895e-01
[iter  283/500] obj=1.010541e+08  f=9.200445e+07  g=9.049699e+06  ||x||=1.070127e-01  ||grad||=1.427148e+09  tau=1.083e-12  beta=9.896e-01
[iter  284/500] obj=1.010526e+08  f=9.200254e+07  g=9.050062e+06  ||x||=1.072347e-01  ||grad||=1.427070e+09  tau=1.083e-12  beta=9.896e-01
[iter  285/500] obj=1.010511e+08  f=9.200066e+07  g=9.050420e+06  ||x||=1.074562e-01  ||grad||=1.426992e+09  tau=1.083e-12  beta=9.896e-01
[iter  286/500] obj=1.010496e+08  f=9.199880e+07  g=9.050770e+06  ||x||=1.076771e-01  ||grad||=1.426918e+09  tau=1.083e-12  beta=9.897e-01
[iter  287/500] obj=1.010481e+08  f=9.199696e+07  g=9.051111e+06  ||x||=1.078974e-01  ||grad||=1.426845e+09  tau=1.083e-12  beta=9.897e-01
[iter  288/500] obj=1.010466e+08  f=9.199514e+07  g=9.051442e+06  ||x||=1.081172e-01  ||grad||=1.426773e+09  tau=1.083e-12  beta=9.897e-01
[iter  289/500] obj=1.010451e+08  f=9.199334e+07  g=9.051767e+06  ||x||=1.083364e-01  ||grad||=1.426705e+09  tau=1.083e-12  beta=9.898e-01
[iter  290/500] obj=1.010436e+08  f=9.199156e+07  g=9.052089e+06  ||x||=1.085550e-01  ||grad||=1.426637e+09  tau=1.083e-12  beta=9.898e-01
[iter  291/500] obj=1.010422e+08  f=9.198979e+07  g=9.052406e+06  ||x||=1.087731e-01  ||grad||=1.426569e+09  tau=1.083e-12  beta=9.898e-01
[iter  292/500] obj=1.010408e+08  f=9.198805e+07  g=9.052713e+06  ||x||=1.089907e-01  ||grad||=1.426502e+09  tau=1.083e-12  beta=9.899e-01
[iter  293/500] obj=1.010393e+08  f=9.198632e+07  g=9.053011e+06  ||x||=1.092076e-01  ||grad||=1.426439e+09  tau=1.083e-12  beta=9.899e-01
[iter  294/500] obj=1.010379e+08  f=9.198461e+07  g=9.053300e+06  ||x||=1.094241e-01  ||grad||=1.426376e+09  tau=1.083e-12  beta=9.899e-01
[iter  295/500] obj=1.010365e+08  f=9.198292e+07  g=9.053589e+06  ||x||=1.096400e-01  ||grad||=1.426316e+09  tau=1.083e-12  beta=9.900e-01
[iter  296/500] obj=1.010351e+08  f=9.198123e+07  g=9.053884e+06  ||x||=1.098553e-01  ||grad||=1.426255e+09  tau=1.083e-12  beta=9.900e-01
[iter  297/500] obj=1.010337e+08  f=9.197955e+07  g=9.054176e+06  ||x||=1.100701e-01  ||grad||=1.426191e+09  tau=1.083e-12  beta=9.900e-01
[iter  298/500] obj=1.010324e+08  f=9.197789e+07  g=9.054462e+06  ||x||=1.102844e-01  ||grad||=1.426130e+09  tau=1.083e-12  beta=9.901e-01
[iter  299/500] obj=1.010310e+08  f=9.197626e+07  g=9.054758e+06  ||x||=1.104981e-01  ||grad||=1.426070e+09  tau=1.083e-12  beta=9.901e-01
[iter  300/500] obj=1.010296e+08  f=9.197459e+07  g=9.055044e+06  ||x||=1.107113e-01  ||grad||=1.426006e+09  tau=1.083e-12  beta=9.901e-01
[iter  301/500] obj=1.010283e+08  f=9.197298e+07  g=9.055327e+06  ||x||=1.109239e-01  ||grad||=1.425948e+09  tau=1.083e-12  beta=9.902e-01
[iter  302/500] obj=1.010270e+08  f=9.197136e+07  g=9.055620e+06  ||x||=1.111360e-01  ||grad||=1.425888e+09  tau=1.083e-12  beta=9.902e-01
[iter  303/500] obj=1.010256e+08  f=9.196974e+07  g=9.055904e+06  ||x||=1.113476e-01  ||grad||=1.425826e+09  tau=1.083e-12  beta=9.902e-01
[iter  304/500] obj=1.010243e+08  f=9.196816e+07  g=9.056174e+06  ||x||=1.115586e-01  ||grad||=1.425768e+09  tau=1.083e-12  beta=9.903e-01
[iter  305/500] obj=1.010230e+08  f=9.196660e+07  g=9.056427e+06  ||x||=1.117691e-01  ||grad||=1.425714e+09  tau=1.083e-12  beta=9.903e-01
[iter  306/500] obj=1.010217e+08  f=9.196507e+07  g=9.056669e+06  ||x||=1.119791e-01  ||grad||=1.425664e+09  tau=1.083e-12  beta=9.903e-01
[iter  307/500] obj=1.010205e+08  f=9.196356e+07  g=9.056908e+06  ||x||=1.121885e-01  ||grad||=1.425615e+09  tau=1.083e-12  beta=9.904e-01
[iter  308/500] obj=1.010192e+08  f=9.196205e+07  g=9.057137e+06  ||x||=1.123974e-01  ||grad||=1.425565e+09  tau=1.083e-12  beta=9.904e-01
[iter  309/500] obj=1.010179e+08  f=9.196056e+07  g=9.057356e+06  ||x||=1.126058e-01  ||grad||=1.425518e+09  tau=1.083e-12  beta=9.904e-01
[iter  310/500] obj=1.010167e+08  f=9.195910e+07  g=9.057570e+06  ||x||=1.128137e-01  ||grad||=1.425474e+09  tau=1.083e-12  beta=9.905e-01
[iter  311/500] obj=1.010154e+08  f=9.195764e+07  g=9.057783e+06  ||x||=1.130210e-01  ||grad||=1.425430e+09  tau=1.083e-12  beta=9.905e-01
[iter  312/500] obj=1.010142e+08  f=9.195619e+07  g=9.057997e+06  ||x||=1.132279e-01  ||grad||=1.425385e+09  tau=1.083e-12  beta=9.905e-01
[iter  313/500] obj=1.010130e+08  f=9.195475e+07  g=9.058207e+06  ||x||=1.134342e-01  ||grad||=1.425342e+09  tau=1.083e-12  beta=9.905e-01
[iter  314/500] obj=1.010117e+08  f=9.195333e+07  g=9.058414e+06  ||x||=1.136400e-01  ||grad||=1.425301e+09  tau=1.083e-12  beta=9.906e-01
[iter  315/500] obj=1.010105e+08  f=9.195192e+07  g=9.058620e+06  ||x||=1.138453e-01  ||grad||=1.425260e+09  tau=1.083e-12  beta=9.906e-01
[iter  316/500] obj=1.010093e+08  f=9.195051e+07  g=9.058817e+06  ||x||=1.140501e-01  ||grad||=1.425219e+09  tau=1.083e-12  beta=9.906e-01
[iter  317/500] obj=1.010081e+08  f=9.194914e+07  g=9.058997e+06  ||x||=1.142543e-01  ||grad||=1.425182e+09  tau=1.083e-12  beta=9.907e-01
[iter  318/500] obj=1.010070e+08  f=9.194779e+07  g=9.059165e+06  ||x||=1.144581e-01  ||grad||=1.425149e+09  tau=1.083e-12  beta=9.907e-01
[iter  319/500] obj=1.010058e+08  f=9.194646e+07  g=9.059322e+06  ||x||=1.146613e-01  ||grad||=1.425118e+09  tau=1.083e-12  beta=9.907e-01
[iter  320/500] obj=1.010046e+08  f=9.194515e+07  g=9.059464e+06  ||x||=1.148640e-01  ||grad||=1.425088e+09  tau=1.083e-12  beta=9.908e-01
[iter  321/500] obj=1.010035e+08  f=9.194386e+07  g=9.059598e+06  ||x||=1.150663e-01  ||grad||=1.425063e+09  tau=1.083e-12  beta=9.908e-01
[iter  322/500] obj=1.010023e+08  f=9.194258e+07  g=9.059742e+06  ||x||=1.152680e-01  ||grad||=1.425036e+09  tau=1.083e-12  beta=9.908e-01
[iter  323/500] obj=1.010012e+08  f=9.194129e+07  g=9.059885e+06  ||x||=1.154692e-01  ||grad||=1.425005e+09  tau=1.083e-12  beta=9.908e-01
[iter  324/500] obj=1.010000e+08  f=9.194002e+07  g=9.060026e+06  ||x||=1.156700e-01  ||grad||=1.424976e+09  tau=1.083e-12  beta=9.909e-01
[iter  325/500] obj=1.009989e+08  f=9.193875e+07  g=9.060163e+06  ||x||=1.158702e-01  ||grad||=1.424947e+09  tau=1.083e-12  beta=9.909e-01
[iter  326/500] obj=1.009978e+08  f=9.193750e+07  g=9.060306e+06  ||x||=1.160699e-01  ||grad||=1.424919e+09  tau=1.083e-12  beta=9.909e-01
[iter  327/500] obj=1.009967e+08  f=9.193625e+07  g=9.060447e+06  ||x||=1.162692e-01  ||grad||=1.424890e+09  tau=1.083e-12  beta=9.909e-01
[iter  328/500] obj=1.009956e+08  f=9.193501e+07  g=9.060592e+06  ||x||=1.164679e-01  ||grad||=1.424862e+09  tau=1.083e-12  beta=9.910e-01
[iter  329/500] obj=1.009945e+08  f=9.193377e+07  g=9.060727e+06  ||x||=1.166662e-01  ||grad||=1.424832e+09  tau=1.083e-12  beta=9.910e-01
[iter  330/500] obj=1.009934e+08  f=9.193256e+07  g=9.060859e+06  ||x||=1.168639e-01  ||grad||=1.424806e+09  tau=1.083e-12  beta=9.910e-01
[iter  331/500] obj=1.009924e+08  f=9.193136e+07  g=9.060999e+06  ||x||=1.170612e-01  ||grad||=1.424781e+09  tau=1.083e-12  beta=9.911e-01
[iter  332/500] obj=1.009913e+08  f=9.193014e+07  g=9.061145e+06  ||x||=1.172580e-01  ||grad||=1.424751e+09  tau=1.083e-12  beta=9.911e-01
[iter  333/500] obj=1.009902e+08  f=9.192893e+07  g=9.061291e+06  ||x||=1.174543e-01  ||grad||=1.424721e+09  tau=1.083e-12  beta=9.911e-01
[iter  334/500] obj=1.009892e+08  f=9.192773e+07  g=9.061432e+06  ||x||=1.176502e-01  ||grad||=1.424691e+09  tau=1.083e-12  beta=9.911e-01
[iter  335/500] obj=1.009881e+08  f=9.192655e+07  g=9.061575e+06  ||x||=1.178455e-01  ||grad||=1.424663e+09  tau=1.083e-12  beta=9.912e-01
[iter  336/500] obj=1.009871e+08  f=9.192537e+07  g=9.061710e+06  ||x||=1.180403e-01  ||grad||=1.424634e+09  tau=1.083e-12  beta=9.912e-01
[iter  337/500] obj=1.009861e+08  f=9.192421e+07  g=9.061850e+06  ||x||=1.182347e-01  ||grad||=1.424606e+09  tau=1.083e-12  beta=9.912e-01
[iter  338/500] obj=1.009851e+08  f=9.192306e+07  g=9.061996e+06  ||x||=1.184286e-01  ||grad||=1.424576e+09  tau=1.083e-12  beta=9.912e-01
[iter  339/500] obj=1.009840e+08  f=9.192188e+07  g=9.062153e+06  ||x||=1.186220e-01  ||grad||=1.424543e+09  tau=1.083e-12  beta=9.913e-01
[iter  340/500] obj=1.009830e+08  f=9.192070e+07  g=9.062304e+06  ||x||=1.188150e-01  ||grad||=1.424508e+09  tau=1.083e-12  beta=9.913e-01
[iter  341/500] obj=1.009820e+08  f=9.191957e+07  g=9.062450e+06  ||x||=1.190074e-01  ||grad||=1.424476e+09  tau=1.083e-12  beta=9.913e-01
[iter  342/500] obj=1.009810e+08  f=9.191843e+07  g=9.062608e+06  ||x||=1.191994e-01  ||grad||=1.424446e+09  tau=1.083e-12  beta=9.913e-01
[iter  343/500] obj=1.009800e+08  f=9.191728e+07  g=9.062769e+06  ||x||=1.193909e-01  ||grad||=1.424411e+09  tau=1.083e-12  beta=9.914e-01
[iter  344/500] obj=1.009791e+08  f=9.191614e+07  g=9.062927e+06  ||x||=1.195820e-01  ||grad||=1.424376e+09  tau=1.083e-12  beta=9.914e-01
[iter  345/500] obj=1.009781e+08  f=9.191502e+07  g=9.063091e+06  ||x||=1.197725e-01  ||grad||=1.424343e+09  tau=1.083e-12  beta=9.914e-01
[iter  346/500] obj=1.009772e+08  f=9.191389e+07  g=9.063266e+06  ||x||=1.199626e-01  ||grad||=1.424307e+09  tau=1.083e-12  beta=9.914e-01
[iter  347/500] obj=1.009762e+08  f=9.191275e+07  g=9.063446e+06  ||x||=1.201523e-01  ||grad||=1.424269e+09  tau=1.083e-12  beta=9.915e-01
[iter  348/500] obj=1.009752e+08  f=9.191162e+07  g=9.063620e+06  ||x||=1.203414e-01  ||grad||=1.424230e+09  tau=1.083e-12  beta=9.915e-01
[iter  349/500] obj=1.009743e+08  f=9.191051e+07  g=9.063793e+06  ||x||=1.205301e-01  ||grad||=1.424194e+09  tau=1.083e-12  beta=9.915e-01
[iter  350/500] obj=1.009734e+08  f=9.190940e+07  g=9.063962e+06  ||x||=1.207183e-01  ||grad||=1.424157e+09  tau=1.083e-12  beta=9.915e-01
[iter  351/500] obj=1.009725e+08  f=9.190832e+07  g=9.064135e+06  ||x||=1.209060e-01  ||grad||=1.424121e+09  tau=1.083e-12  beta=9.916e-01
[iter  352/500] obj=1.009715e+08  f=9.190722e+07  g=9.064309e+06  ||x||=1.210933e-01  ||grad||=1.424082e+09  tau=1.083e-12  beta=9.916e-01
[iter  353/500] obj=1.009706e+08  f=9.190613e+07  g=9.064480e+06  ||x||=1.212801e-01  ||grad||=1.424044e+09  tau=1.083e-12  beta=9.916e-01
[iter  354/500] obj=1.009697e+08  f=9.190506e+07  g=9.064636e+06  ||x||=1.214665e-01  ||grad||=1.424007e+09  tau=1.083e-12  beta=9.916e-01
[iter  355/500] obj=1.009688e+08  f=9.190401e+07  g=9.064789e+06  ||x||=1.216523e-01  ||grad||=1.423975e+09  tau=1.083e-12  beta=9.917e-01
[iter  356/500] obj=1.009679e+08  f=9.190296e+07  g=9.064942e+06  ||x||=1.218378e-01  ||grad||=1.423942e+09  tau=1.083e-12  beta=9.917e-01
[iter  357/500] obj=1.009670e+08  f=9.190192e+07  g=9.065099e+06  ||x||=1.220227e-01  ||grad||=1.423907e+09  tau=1.083e-12  beta=9.917e-01
[iter  358/500] obj=1.009661e+08  f=9.190089e+07  g=9.065262e+06  ||x||=1.222072e-01  ||grad||=1.423870e+09  tau=1.083e-12  beta=9.917e-01
[iter  359/500] obj=1.009653e+08  f=9.189984e+07  g=9.065428e+06  ||x||=1.223912e-01  ||grad||=1.423832e+09  tau=1.083e-12  beta=9.917e-01
[iter  360/500] obj=1.009644e+08  f=9.189880e+07  g=9.065590e+06  ||x||=1.225748e-01  ||grad||=1.423793e+09  tau=1.083e-12  beta=9.918e-01
[iter  361/500] obj=1.009635e+08  f=9.189778e+07  g=9.065753e+06  ||x||=1.227579e-01  ||grad||=1.423756e+09  tau=1.083e-12  beta=9.918e-01
[iter  362/500] obj=1.009627e+08  f=9.189677e+07  g=9.065922e+06  ||x||=1.229406e-01  ||grad||=1.423718e+09  tau=1.083e-12  beta=9.918e-01
[iter  363/500] obj=1.009618e+08  f=9.189574e+07  g=9.066084e+06  ||x||=1.231228e-01  ||grad||=1.423678e+09  tau=1.083e-12  beta=9.918e-01
[iter  364/500] obj=1.009610e+08  f=9.189474e+07  g=9.066242e+06  ||x||=1.233046e-01  ||grad||=1.423642e+09  tau=1.083e-12  beta=9.919e-01
[iter  365/500] obj=1.009601e+08  f=9.189374e+07  g=9.066399e+06  ||x||=1.234859e-01  ||grad||=1.423606e+09  tau=1.083e-12  beta=9.919e-01
[iter  366/500] obj=1.009593e+08  f=9.189276e+07  g=9.066547e+06  ||x||=1.236668e-01  ||grad||=1.423570e+09  tau=1.083e-12  beta=9.919e-01
[iter  367/500] obj=1.009585e+08  f=9.189179e+07  g=9.066696e+06  ||x||=1.238472e-01  ||grad||=1.423536e+09  tau=1.083e-12  beta=9.919e-01
[iter  368/500] obj=1.009577e+08  f=9.189082e+07  g=9.066845e+06  ||x||=1.240272e-01  ||grad||=1.423501e+09  tau=1.083e-12  beta=9.919e-01
[iter  369/500] obj=1.009569e+08  f=9.188986e+07  g=9.066998e+06  ||x||=1.242067e-01  ||grad||=1.423465e+09  tau=1.083e-12  beta=9.920e-01
[iter  370/500] obj=1.009560e+08  f=9.188889e+07  g=9.067158e+06  ||x||=1.243858e-01  ||grad||=1.423427e+09  tau=1.083e-12  beta=9.920e-01
[iter  371/500] obj=1.009552e+08  f=9.188792e+07  g=9.067316e+06  ||x||=1.245645e-01  ||grad||=1.423388e+09  tau=1.083e-12  beta=9.920e-01
[iter  372/500] obj=1.009544e+08  f=9.188696e+07  g=9.067470e+06  ||x||=1.247427e-01  ||grad||=1.423350e+09  tau=1.083e-12  beta=9.920e-01
[iter  373/500] obj=1.009536e+08  f=9.188602e+07  g=9.067620e+06  ||x||=1.249205e-01  ||grad||=1.423314e+09  tau=1.083e-12  beta=9.921e-01
[iter  374/500] obj=1.009529e+08  f=9.188509e+07  g=9.067773e+06  ||x||=1.250979e-01  ||grad||=1.423279e+09  tau=1.083e-12  beta=9.921e-01
[iter  375/500] obj=1.009521e+08  f=9.188415e+07  g=9.067924e+06  ||x||=1.252748e-01  ||grad||=1.423242e+09  tau=1.083e-12  beta=9.921e-01
[iter  376/500] obj=1.009513e+08  f=9.188323e+07  g=9.068069e+06  ||x||=1.254513e-01  ||grad||=1.423206e+09  tau=1.083e-12  beta=9.921e-01
[iter  377/500] obj=1.009505e+08  f=9.188232e+07  g=9.068218e+06  ||x||=1.256274e-01  ||grad||=1.423172e+09  tau=1.083e-12  beta=9.921e-01
[iter  378/500] obj=1.009498e+08  f=9.188140e+07  g=9.068365e+06  ||x||=1.258030e-01  ||grad||=1.423136e+09  tau=1.083e-12  beta=9.922e-01
[iter  379/500] obj=1.009490e+08  f=9.188050e+07  g=9.068512e+06  ||x||=1.259782e-01  ||grad||=1.423101e+09  tau=1.083e-12  beta=9.922e-01
[iter  380/500] obj=1.009483e+08  f=9.187959e+07  g=9.068664e+06  ||x||=1.261530e-01  ||grad||=1.423066e+09  tau=1.083e-12  beta=9.922e-01
[iter  381/500] obj=1.009475e+08  f=9.187868e+07  g=9.068817e+06  ||x||=1.263274e-01  ||grad||=1.423030e+09  tau=1.083e-12  beta=9.922e-01
[iter  382/500] obj=1.009468e+08  f=9.187778e+07  g=9.068968e+06  ||x||=1.265013e-01  ||grad||=1.422993e+09  tau=1.083e-12  beta=9.922e-01
[iter  383/500] obj=1.009460e+08  f=9.187690e+07  g=9.069117e+06  ||x||=1.266748e-01  ||grad||=1.422958e+09  tau=1.083e-12  beta=9.923e-01
[iter  384/500] obj=1.009453e+08  f=9.187602e+07  g=9.069260e+06  ||x||=1.268479e-01  ||grad||=1.422923e+09  tau=1.083e-12  beta=9.923e-01
[iter  385/500] obj=1.009445e+08  f=9.187515e+07  g=9.069397e+06  ||x||=1.270206e-01  ||grad||=1.422890e+09  tau=1.083e-12  beta=9.923e-01
[iter  386/500] obj=1.009438e+08  f=9.187429e+07  g=9.069534e+06  ||x||=1.271928e-01  ||grad||=1.422858e+09  tau=1.083e-12  beta=9.923e-01
[iter  387/500] obj=1.009431e+08  f=9.187343e+07  g=9.069677e+06  ||x||=1.273646e-01  ||grad||=1.422825e+09  tau=1.083e-12  beta=9.923e-01
[iter  388/500] obj=1.009424e+08  f=9.187258e+07  g=9.069820e+06  ||x||=1.275360e-01  ||grad||=1.422790e+09  tau=1.083e-12  beta=9.924e-01
[iter  389/500] obj=1.009417e+08  f=9.187172e+07  g=9.069960e+06  ||x||=1.277070e-01  ||grad||=1.422756e+09  tau=1.083e-12  beta=9.924e-01
[iter  390/500] obj=1.009410e+08  f=9.187088e+07  g=9.070100e+06  ||x||=1.278775e-01  ||grad||=1.422724e+09  tau=1.083e-12  beta=9.924e-01
[iter  391/500] obj=1.009403e+08  f=9.187003e+07  g=9.070230e+06  ||x||=1.280477e-01  ||grad||=1.422692e+09  tau=1.083e-12  beta=9.924e-01
[iter  392/500] obj=1.009396e+08  f=9.186922e+07  g=9.070355e+06  ||x||=1.282174e-01  ||grad||=1.422664e+09  tau=1.083e-12  beta=9.924e-01
[iter  393/500] obj=1.009389e+08  f=9.186841e+07  g=9.070478e+06  ||x||=1.283867e-01  ||grad||=1.422635e+09  tau=1.083e-12  beta=9.925e-01
[iter  394/500] obj=1.009382e+08  f=9.186760e+07  g=9.070599e+06  ||x||=1.285556e-01  ||grad||=1.422606e+09  tau=1.083e-12  beta=9.925e-01
[iter  395/500] obj=1.009375e+08  f=9.186680e+07  g=9.070722e+06  ||x||=1.287241e-01  ||grad||=1.422579e+09  tau=1.083e-12  beta=9.925e-01
[iter  396/500] obj=1.009369e+08  f=9.186600e+07  g=9.070852e+06  ||x||=1.288922e-01  ||grad||=1.422550e+09  tau=1.083e-12  beta=9.925e-01
[iter  397/500] obj=1.009362e+08  f=9.186518e+07  g=9.070981e+06  ||x||=1.290598e-01  ||grad||=1.422519e+09  tau=1.083e-12  beta=9.925e-01
[iter  398/500] obj=1.009355e+08  f=9.186438e+07  g=9.071108e+06  ||x||=1.292270e-01  ||grad||=1.422490e+09  tau=1.083e-12  beta=9.925e-01
[iter  399/500] obj=1.009348e+08  f=9.186360e+07  g=9.071229e+06  ||x||=1.293939e-01  ||grad||=1.422461e+09  tau=1.083e-12  beta=9.926e-01
[iter  400/500] obj=1.009342e+08  f=9.186283e+07  g=9.071348e+06  ||x||=1.295603e-01  ||grad||=1.422435e+09  tau=1.083e-12  beta=9.926e-01
[iter  401/500] obj=1.009335e+08  f=9.186205e+07  g=9.071470e+06  ||x||=1.297262e-01  ||grad||=1.422408e+09  tau=1.083e-12  beta=9.926e-01
[iter  402/500] obj=1.009329e+08  f=9.186128e+07  g=9.071590e+06  ||x||=1.298918e-01  ||grad||=1.422381e+09  tau=1.083e-12  beta=9.926e-01
[iter  403/500] obj=1.009322e+08  f=9.186051e+07  g=9.071707e+06  ||x||=1.300570e-01  ||grad||=1.422354e+09  tau=1.083e-12  beta=9.926e-01
[iter  404/500] obj=1.009316e+08  f=9.185976e+07  g=9.071817e+06  ||x||=1.302217e-01  ||grad||=1.422329e+09  tau=1.083e-12  beta=9.927e-01
[iter  405/500] obj=1.009309e+08  f=9.185902e+07  g=9.071929e+06  ||x||=1.303860e-01  ||grad||=1.422305e+09  tau=1.083e-12  beta=9.927e-01
[iter  406/500] obj=1.009303e+08  f=9.185827e+07  g=9.072039e+06  ||x||=1.305499e-01  ||grad||=1.422281e+09  tau=1.083e-12  beta=9.927e-01
[iter  407/500] obj=1.009297e+08  f=9.185754e+07  g=9.072146e+06  ||x||=1.307134e-01  ||grad||=1.422258e+09  tau=1.083e-12  beta=9.927e-01
[iter  408/500] obj=1.009291e+08  f=9.185682e+07  g=9.072253e+06  ||x||=1.308765e-01  ||grad||=1.422236e+09  tau=1.083e-12  beta=9.927e-01
[iter  409/500] obj=1.009284e+08  f=9.185608e+07  g=9.072356e+06  ||x||=1.310391e-01  ||grad||=1.422213e+09  tau=1.083e-12  beta=9.927e-01
[iter  410/500] obj=1.009278e+08  f=9.185536e+07  g=9.072455e+06  ||x||=1.312014e-01  ||grad||=1.422192e+09  tau=1.083e-12  beta=9.928e-01
[iter  411/500] obj=1.009272e+08  f=9.185466e+07  g=9.072546e+06  ||x||=1.313632e-01  ||grad||=1.422172e+09  tau=1.083e-12  beta=9.928e-01
[iter  412/500] obj=1.009266e+08  f=9.185397e+07  g=9.072628e+06  ||x||=1.315246e-01  ||grad||=1.422154e+09  tau=1.083e-12  beta=9.928e-01
[iter  413/500] obj=1.009260e+08  f=9.185330e+07  g=9.072702e+06  ||x||=1.316855e-01  ||grad||=1.422137e+09  tau=1.083e-12  beta=9.928e-01
[iter  414/500] obj=1.009254e+08  f=9.185262e+07  g=9.072777e+06  ||x||=1.318461e-01  ||grad||=1.422122e+09  tau=1.083e-12  beta=9.928e-01
[iter  415/500] obj=1.009248e+08  f=9.185195e+07  g=9.072853e+06  ||x||=1.320062e-01  ||grad||=1.422106e+09  tau=1.083e-12  beta=9.928e-01
[iter  416/500] obj=1.009242e+08  f=9.185128e+07  g=9.072932e+06  ||x||=1.321659e-01  ||grad||=1.422089e+09  tau=1.083e-12  beta=9.929e-01
[iter  417/500] obj=1.009236e+08  f=9.185062e+07  g=9.073013e+06  ||x||=1.323252e-01  ||grad||=1.422071e+09  tau=1.083e-12  beta=9.929e-01
[iter  418/500] obj=1.009230e+08  f=9.184994e+07  g=9.073092e+06  ||x||=1.324841e-01  ||grad||=1.422054e+09  tau=1.083e-12  beta=9.929e-01
[iter  419/500] obj=1.009225e+08  f=9.184930e+07  g=9.073166e+06  ||x||=1.326425e-01  ||grad||=1.422038e+09  tau=1.083e-12  beta=9.929e-01
[iter  420/500] obj=1.009219e+08  f=9.184865e+07  g=9.073242e+06  ||x||=1.328005e-01  ||grad||=1.422023e+09  tau=1.083e-12  beta=9.929e-01
[iter  421/500] obj=1.009213e+08  f=9.184800e+07  g=9.073318e+06  ||x||=1.329581e-01  ||grad||=1.422005e+09  tau=1.083e-12  beta=9.929e-01
[iter  422/500] obj=1.009207e+08  f=9.184735e+07  g=9.073382e+06  ||x||=1.331153e-01  ||grad||=1.421990e+09  tau=1.083e-12  beta=9.930e-01
[iter  423/500] obj=1.009202e+08  f=9.184674e+07  g=9.073446e+06  ||x||=1.332721e-01  ||grad||=1.421977e+09  tau=1.083e-12  beta=9.930e-01
[iter  424/500] obj=1.009196e+08  f=9.184611e+07  g=9.073513e+06  ||x||=1.334285e-01  ||grad||=1.421963e+09  tau=1.083e-12  beta=9.930e-01
[iter  425/500] obj=1.009191e+08  f=9.184549e+07  g=9.073574e+06  ||x||=1.335844e-01  ||grad||=1.421947e+09  tau=1.083e-12  beta=9.930e-01
[iter  426/500] obj=1.009185e+08  f=9.184488e+07  g=9.073632e+06  ||x||=1.337399e-01  ||grad||=1.421934e+09  tau=1.083e-12  beta=9.930e-01
[iter  427/500] obj=1.009180e+08  f=9.184427e+07  g=9.073686e+06  ||x||=1.338950e-01  ||grad||=1.421921e+09  tau=1.083e-12  beta=9.930e-01
[iter  428/500] obj=1.009174e+08  f=9.184368e+07  g=9.073730e+06  ||x||=1.340496e-01  ||grad||=1.421909e+09  tau=1.083e-12  beta=9.931e-01
[iter  429/500] obj=1.009169e+08  f=9.184309e+07  g=9.073763e+06  ||x||=1.342039e-01  ||grad||=1.421900e+09  tau=1.083e-12  beta=9.931e-01
[iter  430/500] obj=1.009163e+08  f=9.184253e+07  g=9.073790e+06  ||x||=1.343577e-01  ||grad||=1.421893e+09  tau=1.083e-12  beta=9.931e-01
[iter  431/500] obj=1.009158e+08  f=9.184198e+07  g=9.073809e+06  ||x||=1.345111e-01  ||grad||=1.421887e+09  tau=1.083e-12  beta=9.931e-01
[iter  432/500] obj=1.009153e+08  f=9.184143e+07  g=9.073826e+06  ||x||=1.346641e-01  ||grad||=1.421882e+09  tau=1.083e-12  beta=9.931e-01
[iter  433/500] obj=1.009147e+08  f=9.184089e+07  g=9.073835e+06  ||x||=1.348167e-01  ||grad||=1.421877e+09  tau=1.083e-12  beta=9.931e-01
[iter  434/500] obj=1.009142e+08  f=9.184036e+07  g=9.073839e+06  ||x||=1.349689e-01  ||grad||=1.421874e+09  tau=1.083e-12  beta=9.932e-01
[iter  435/500] obj=1.009137e+08  f=9.183984e+07  g=9.073833e+06  ||x||=1.351207e-01  ||grad||=1.421872e+09  tau=1.083e-12  beta=9.932e-01
[iter  436/500] obj=1.009131e+08  f=9.183933e+07  g=9.073816e+06  ||x||=1.352720e-01  ||grad||=1.421872e+09  tau=1.083e-12  beta=9.932e-01
[iter  437/500] obj=1.009126e+08  f=9.183884e+07  g=9.073792e+06  ||x||=1.354230e-01  ||grad||=1.421875e+09  tau=1.083e-12  beta=9.932e-01
[iter  438/500] obj=1.009121e+08  f=9.183835e+07  g=9.073767e+06  ||x||=1.355736e-01  ||grad||=1.421878e+09  tau=1.083e-12  beta=9.932e-01
[iter  439/500] obj=1.009116e+08  f=9.183787e+07  g=9.073744e+06  ||x||=1.357237e-01  ||grad||=1.421880e+09  tau=1.083e-12  beta=9.932e-01
[iter  440/500] obj=1.009111e+08  f=9.183739e+07  g=9.073720e+06  ||x||=1.358735e-01  ||grad||=1.421881e+09  tau=1.083e-12  beta=9.933e-01
[iter  441/500] obj=1.009106e+08  f=9.183690e+07  g=9.073696e+06  ||x||=1.360229e-01  ||grad||=1.421882e+09  tau=1.083e-12  beta=9.933e-01
[iter  442/500] obj=1.009101e+08  f=9.183643e+07  g=9.073666e+06  ||x||=1.361719e-01  ||grad||=1.421883e+09  tau=1.083e-12  beta=9.933e-01
[iter  443/500] obj=1.009096e+08  f=9.183597e+07  g=9.073629e+06  ||x||=1.363204e-01  ||grad||=1.421887e+09  tau=1.083e-12  beta=9.933e-01
[iter  444/500] obj=1.009091e+08  f=9.183552e+07  g=9.073588e+06  ||x||=1.364686e-01  ||grad||=1.421893e+09  tau=1.083e-12  beta=9.933e-01
[iter  445/500] obj=1.009086e+08  f=9.183508e+07  g=9.073552e+06  ||x||=1.366165e-01  ||grad||=1.421898e+09  tau=1.083e-12  beta=9.933e-01
[iter  446/500] obj=1.009081e+08  f=9.183462e+07  g=9.073515e+06  ||x||=1.367639e-01  ||grad||=1.421901e+09  tau=1.083e-12  beta=9.933e-01
[iter  447/500] obj=1.009077e+08  f=9.183418e+07  g=9.073485e+06  ||x||=1.369109e-01  ||grad||=1.421905e+09  tau=1.083e-12  beta=9.934e-01
[iter  448/500] obj=1.009072e+08  f=9.183371e+07  g=9.073452e+06  ||x||=1.370576e-01  ||grad||=1.421906e+09  tau=1.083e-12  beta=9.934e-01
[iter  449/500] obj=1.009067e+08  f=9.183328e+07  g=9.073419e+06  ||x||=1.372039e-01  ||grad||=1.421909e+09  tau=1.083e-12  beta=9.934e-01
[iter  450/500] obj=1.009062e+08  f=9.183283e+07  g=9.073382e+06  ||x||=1.373498e-01  ||grad||=1.421913e+09  tau=1.083e-12  beta=9.934e-01
[iter  451/500] obj=1.009057e+08  f=9.183240e+07  g=9.073343e+06  ||x||=1.374953e-01  ||grad||=1.421917e+09  tau=1.083e-12  beta=9.934e-01
[iter  452/500] obj=1.009053e+08  f=9.183198e+07  g=9.073292e+06  ||x||=1.376405e-01  ||grad||=1.421923e+09  tau=1.083e-12  beta=9.934e-01
[iter  453/500] obj=1.009048e+08  f=9.183157e+07  g=9.073236e+06  ||x||=1.377853e-01  ||grad||=1.421931e+09  tau=1.083e-12  beta=9.934e-01
[iter  454/500] obj=1.009043e+08  f=9.183117e+07  g=9.073181e+06  ||x||=1.379297e-01  ||grad||=1.421940e+09  tau=1.083e-12  beta=9.935e-01
[iter  455/500] obj=1.009039e+08  f=9.183076e+07  g=9.073133e+06  ||x||=1.380737e-01  ||grad||=1.421948e+09  tau=1.083e-12  beta=9.935e-01
[iter  456/500] obj=1.009034e+08  f=9.183034e+07  g=9.073081e+06  ||x||=1.382174e-01  ||grad||=1.421954e+09  tau=1.083e-12  beta=9.935e-01
[iter  457/500] obj=1.009030e+08  f=9.182994e+07  g=9.073027e+06  ||x||=1.383607e-01  ||grad||=1.421962e+09  tau=1.083e-12  beta=9.935e-01
[iter  458/500] obj=1.009025e+08  f=9.182955e+07  g=9.072971e+06  ||x||=1.385037e-01  ||grad||=1.421970e+09  tau=1.083e-12  beta=9.935e-01
[iter  459/500] obj=1.009021e+08  f=9.182916e+07  g=9.072914e+06  ||x||=1.386463e-01  ||grad||=1.421978e+09  tau=1.083e-12  beta=9.935e-01
[iter  460/500] obj=1.009016e+08  f=9.182877e+07  g=9.072856e+06  ||x||=1.387886e-01  ||grad||=1.421986e+09  tau=1.083e-12  beta=9.935e-01
[iter  461/500] obj=1.009012e+08  f=9.182838e+07  g=9.072800e+06  ||x||=1.389304e-01  ||grad||=1.421994e+09  tau=1.083e-12  beta=9.936e-01
[iter  462/500] obj=1.009007e+08  f=9.182800e+07  g=9.072741e+06  ||x||=1.390720e-01  ||grad||=1.422001e+09  tau=1.083e-12  beta=9.936e-01
[iter  463/500] obj=1.009003e+08  f=9.182762e+07  g=9.072678e+06  ||x||=1.392132e-01  ||grad||=1.422010e+09  tau=1.083e-12  beta=9.936e-01
[iter  464/500] obj=1.008999e+08  f=9.182726e+07  g=9.072617e+06  ||x||=1.393540e-01  ||grad||=1.422019e+09  tau=1.083e-12  beta=9.936e-01
[iter  465/500] obj=1.008994e+08  f=9.182688e+07  g=9.072549e+06  ||x||=1.394945e-01  ||grad||=1.422027e+09  tau=1.083e-12  beta=9.936e-01
[iter  466/500] obj=1.008990e+08  f=9.182653e+07  g=9.072479e+06  ||x||=1.396347e-01  ||grad||=1.422037e+09  tau=1.083e-12  beta=9.936e-01
[iter  467/500] obj=1.008986e+08  f=9.182617e+07  g=9.072409e+06  ||x||=1.397745e-01  ||grad||=1.422048e+09  tau=1.083e-12  beta=9.936e-01
[iter  468/500] obj=1.008982e+08  f=9.182582e+07  g=9.072333e+06  ||x||=1.399140e-01  ||grad||=1.422059e+09  tau=1.083e-12  beta=9.937e-01
[iter  469/500] obj=1.008977e+08  f=9.182547e+07  g=9.072260e+06  ||x||=1.400531e-01  ||grad||=1.422071e+09  tau=1.083e-12  beta=9.937e-01
[iter  470/500] obj=1.008973e+08  f=9.182512e+07  g=9.072187e+06  ||x||=1.401919e-01  ||grad||=1.422082e+09  tau=1.083e-12  beta=9.937e-01
[iter  471/500] obj=1.008969e+08  f=9.182478e+07  g=9.072109e+06  ||x||=1.403304e-01  ||grad||=1.422093e+09  tau=1.083e-12  beta=9.937e-01
[iter  472/500] obj=1.008965e+08  f=9.182445e+07  g=9.072032e+06  ||x||=1.404686e-01  ||grad||=1.422105e+09  tau=1.083e-12  beta=9.937e-01
[iter  473/500] obj=1.008961e+08  f=9.182411e+07  g=9.071955e+06  ||x||=1.406064e-01  ||grad||=1.422118e+09  tau=1.083e-12  beta=9.937e-01
[iter  474/500] obj=1.008957e+08  f=9.182378e+07  g=9.071878e+06  ||x||=1.407439e-01  ||grad||=1.422130e+09  tau=1.083e-12  beta=9.937e-01
[iter  475/500] obj=1.008952e+08  f=9.182344e+07  g=9.071805e+06  ||x||=1.408811e-01  ||grad||=1.422142e+09  tau=1.083e-12  beta=9.937e-01
[iter  476/500] obj=1.008948e+08  f=9.182311e+07  g=9.071733e+06  ||x||=1.410180e-01  ||grad||=1.422153e+09  tau=1.083e-12  beta=9.938e-01
[iter  477/500] obj=1.008944e+08  f=9.182277e+07  g=9.071665e+06  ||x||=1.411545e-01  ||grad||=1.422164e+09  tau=1.083e-12  beta=9.938e-01
[iter  478/500] obj=1.008940e+08  f=9.182245e+07  g=9.071600e+06  ||x||=1.412908e-01  ||grad||=1.422174e+09  tau=1.083e-12  beta=9.938e-01
[iter  479/500] obj=1.008936e+08  f=9.182210e+07  g=9.071533e+06  ||x||=1.414267e-01  ||grad||=1.422184e+09  tau=1.083e-12  beta=9.938e-01
[iter  480/500] obj=1.008932e+08  f=9.182178e+07  g=9.071466e+06  ||x||=1.415623e-01  ||grad||=1.422194e+09  tau=1.083e-12  beta=9.938e-01
[iter  481/500] obj=1.008929e+08  f=9.182146e+07  g=9.071402e+06  ||x||=1.416976e-01  ||grad||=1.422205e+09  tau=1.083e-12  beta=9.938e-01
[iter  482/500] obj=1.008925e+08  f=9.182112e+07  g=9.071341e+06  ||x||=1.418326e-01  ||grad||=1.422214e+09  tau=1.083e-12  beta=9.938e-01
[iter  483/500] obj=1.008921e+08  f=9.182080e+07  g=9.071280e+06  ||x||=1.419673e-01  ||grad||=1.422224e+09  tau=1.083e-12  beta=9.938e-01
[iter  484/500] obj=1.008917e+08  f=9.182047e+07  g=9.071217e+06  ||x||=1.421017e-01  ||grad||=1.422233e+09  tau=1.083e-12  beta=9.939e-01
[iter  485/500] obj=1.008913e+08  f=9.182014e+07  g=9.071156e+06  ||x||=1.422358e-01  ||grad||=1.422243e+09  tau=1.083e-12  beta=9.939e-01
[iter  486/500] obj=1.008909e+08  f=9.181982e+07  g=9.071096e+06  ||x||=1.423696e-01  ||grad||=1.422253e+09  tau=1.083e-12  beta=9.939e-01
[iter  487/500] obj=1.008905e+08  f=9.181950e+07  g=9.071039e+06  ||x||=1.425031e-01  ||grad||=1.422263e+09  tau=1.083e-12  beta=9.939e-01
[iter  488/500] obj=1.008902e+08  f=9.181918e+07  g=9.070986e+06  ||x||=1.426363e-01  ||grad||=1.422271e+09  tau=1.083e-12  beta=9.939e-01
[iter  489/500] obj=1.008898e+08  f=9.181886e+07  g=9.070932e+06  ||x||=1.427692e-01  ||grad||=1.422280e+09  tau=1.083e-12  beta=9.939e-01
[iter  490/500] obj=1.008894e+08  f=9.181854e+07  g=9.070881e+06  ||x||=1.429019e-01  ||grad||=1.422288e+09  tau=1.083e-12  beta=9.939e-01
[iter  491/500] obj=1.008890e+08  f=9.181822e+07  g=9.070832e+06  ||x||=1.430342e-01  ||grad||=1.422297e+09  tau=1.083e-12  beta=9.939e-01
[iter  492/500] obj=1.008887e+08  f=9.181789e+07  g=9.070790e+06  ||x||=1.431662e-01  ||grad||=1.422305e+09  tau=1.083e-12  beta=9.940e-01
[iter  493/500] obj=1.008883e+08  f=9.181757e+07  g=9.070753e+06  ||x||=1.432980e-01  ||grad||=1.422311e+09  tau=1.083e-12  beta=9.940e-01
[iter  494/500] obj=1.008879e+08  f=9.181723e+07  g=9.070713e+06  ||x||=1.434294e-01  ||grad||=1.422316e+09  tau=1.083e-12  beta=9.940e-01
[iter  495/500] obj=1.008876e+08  f=9.181691e+07  g=9.070674e+06  ||x||=1.435606e-01  ||grad||=1.422324e+09  tau=1.083e-12  beta=9.940e-01
[iter  496/500] obj=1.008872e+08  f=9.181660e+07  g=9.070634e+06  ||x||=1.436915e-01  ||grad||=1.422331e+09  tau=1.083e-12  beta=9.940e-01
[iter  497/500] obj=1.008869e+08  f=9.181627e+07  g=9.070595e+06  ||x||=1.438221e-01  ||grad||=1.422339e+09  tau=1.083e-12  beta=9.940e-01
[iter  498/500] obj=1.008865e+08  f=9.181597e+07  g=9.070562e+06  ||x||=1.439524e-01  ||grad||=1.422346e+09  tau=1.083e-12  beta=9.940e-01
[iter  499/500] obj=1.008862e+08  f=9.181563e+07  g=9.070529e+06  ||x||=1.440824e-01  ||grad||=1.422351e+09  tau=1.083e-12  beta=9.940e-01
[iter  500/500] obj=1.008858e+08  f=9.181531e+07  g=9.070499e+06  ||x||=1.442121e-01  ||grad||=1.422358e+09  tau=1.083e-12  beta=9.941e-01
All outputs saved in: /work3/msaca/textomo_run_008

------------------------------------------------------------
Sender: LSF System <lsfadmin@hpc.dtu.dk>
Subject: Job 27595947: <TextureTomography> in cluster <dcc> Done

Job <TextureTomography> was submitted from host <gbarlogin1> by user <msaca> in cluster <dcc> at Mon Jan 12 10:28:47 2026
Job was executed on host(s) <8*n-62-12-21>, in queue <gpua100>, as user <msaca> in cluster <dcc> at Mon Jan 12 10:28:49 2026
</zhome/71/c/146676> was used as the home directory.
</zhome/71/c/146676/texture_tomography/jobscripts> was used as the working directory.
Started at Mon Jan 12 10:28:49 2026
Terminated at Mon Jan 12 11:06:19 2026
Results reported at Mon Jan 12 11:06:19 2026

Your job looked like:

------------------------------------------------------------
# LSBATCH: User input
#!/bin/bash
#BSUB -J TextureTomography
#BSUB -q gpua100
#BSUB -gpu "num=1:mode=exclusive_process"
#BSUB -n 8
#BSUB -R "span[hosts=1]"
#BSUB -R "rusage[mem=2000]"        # 40 GB host RAM
#BSUB -M 2000                      # hard memory limit
#BSUB -W 15:00
#BSUB -oo log/%J.out
#BSUB -eo error/%J.err

# initialize conda
export PATH="/zhome/71/c/146676/miniconda3/bin:$PATH"
source /zhome/71/c/146676/miniconda3/etc/profile.d/conda.sh

conda activate cil

python ../scripts/textomo2.py

------------------------------------------------------------

Successfully completed.

Resource usage summary:

    CPU time :                                   2282.67 sec.
    Max Memory :                                 2083 MB
    Average Memory :                             2000.88 MB
    Total Requested Memory :                     16000.00 MB
    Delta Memory :                               13917.00 MB
    Max Swap :                                   -
    Max Processes :                              5
    Max Threads :                                20
    Run time :                                   2250 sec.
    Turnaround time :                            2252 sec.

The output (if any) is above this job summary.



PS:

Read file <error/27595947.err> for stderr output of this job.

