
------------------------------------------------------------
Sender: LSF System <lsfadmin@hpc.dtu.dk>
Subject: Job 27593411: <TextureTomography> in cluster <dcc> Exited

Job <TextureTomography> was submitted from host <gbarlogin1> by user <msaca> in cluster <dcc> at Sat Jan 10 14:25:54 2026
Job was executed on host(s) <8*n-62-12-24>, in queue <gpua100>, as user <msaca> in cluster <dcc> at Sat Jan 10 14:25:55 2026
</zhome/71/c/146676> was used as the home directory.
</zhome/71/c/146676/texture_tomography/jobscripts> was used as the working directory.
Started at Sat Jan 10 14:25:55 2026
Terminated at Sat Jan 10 14:26:18 2026
Results reported at Sat Jan 10 14:26:18 2026

Your job looked like:

------------------------------------------------------------
# LSBATCH: User input
#!/bin/bash
#BSUB -J TextureTomography
#BSUB -q gpua100
#BSUB -gpu "num=1:mode=exclusive_process"
#BSUB -n 8
#BSUB -R "span[hosts=1]"
#BSUB -W 15:00
#BSUB -oo log/%J.out
#BSUB -eo error/%J.err

# -- end of LSF options --

# initialize conda
export PATH="/zhome/71/c/146676/miniconda3/bin:$PATH"
source /zhome/71/c/146676/miniconda3/etc/profile.d/conda.sh

conda activate cil

python ../scripts/textomo1.py

------------------------------------------------------------

TERM_OWNER: job killed by owner.
Exited with exit code 130.

Resource usage summary:

    CPU time :                                   1.37 sec.
    Max Memory :                                 82 MB
    Average Memory :                             76.67 MB
    Total Requested Memory :                     8192.00 MB
    Delta Memory :                               8110.00 MB
    Max Swap :                                   -
    Max Processes :                              4
    Max Threads :                                5
    Run time :                                   127 sec.
    Turnaround time :                            24 sec.

The output (if any) is above this job summary.



PS:

Read file <error/27593411.err> for stderr output of this job.

