INFO:Setting the number of threads to 8. If your physical cores are fewer than this number, you may want to use numba.set_num_threads(n), and os.environ["OPENBLAS_NUM_THREADS"] = f"{n}" to set the number of threads to the number of physical cores n.
INFO:Setting numba log level to WARNING.
Saving results to: /work3/msaca/textomo_run_007

=== OpenCL buffer allocation summary ===
coeffs_sino_F                 : shape=(148x500x596),   168.24 MB
coeffs_sino_C                 : shape=(500x148x596),   168.24 MB
_coeffs_batch_F               : shape=(148x148x596),    49.80 MB
_basis_batch_kmax             : shape=(500x596x180x5),  1023.10 MB
_basis_batch_transpose_kmax   : shape=(500x900x596),  1023.10 MB
_grid_inv_kmax                : shape=(596x9),     0.02 MB
_inv_sigma2_kmax              : shape=(596),     0.00 MB
_norm_factor_kmax             : shape=(596),     0.00 MB
---------------------------------------
TOTAL GPU buffer memory:  2432.52 MB
=======================================

[power 01] L_est=1.338340e+07  ||z||=2.890187e+08
[power 02] L_est=5.298701e+10  ||z||=1.191243e+11
[power 03] L_est=5.799519e+11  ||z||=6.547045e+11
[power 04] L_est=7.974763e+11  ||z||=8.087000e+11
[power 05] L_est=8.298175e+11  ||z||=8.320960e+11
[power 06] L_est=8.366579e+11  ||z||=8.372542e+11
[power 07] L_est=8.385009e+11  ||z||=8.386837e+11
[power 08] L_est=8.390783e+11  ||z||=8.391408e+11
[power 09] L_est=8.392784e+11  ||z||=8.393013e+11
[power 10] L_est=8.393525e+11  ||z||=8.393612e+11
[power 11] L_est=8.393808e+11  ||z||=8.393842e+11
[power 12] L_est=8.393920e+11  ||z||=8.393933e+11
[power 13] L_est=8.393964e+11  ||z||=8.393970e+11
[power 14] L_est=8.393982e+11  ||z||=8.393984e+11
[power 15] L_est=8.393990e+11  ||z||=8.393990e+11
[power 16] L_est=8.393992e+11  ||z||=8.393994e+11
[power 17] L_est=8.393994e+11  ||z||=8.393994e+11
[power 18] L_est=8.393994e+11  ||z||=8.393994e+11
[power 19] L_est=8.393994e+11  ||z||=8.393994e+11
[power 20] L_est=8.393994e+11  ||z||=8.393994e+11
[iter    1/500] obj=0.000000e+00  f=0.000000e+00  g=0.000000e+00  ||x||=2.783755e-03  ||grad||=2.570351e+09  tau=1.083e-12  beta=0.000e+00
[iter    2/500] obj=3.068976e+06  f=3.068976e+06  g=0.000000e+00  ||x||=3.306345e-03  ||grad||=6.671122e+08  tau=1.083e-12  beta=2.818e-01
[iter    3/500] obj=4.204394e+06  f=4.204394e+06  g=0.000000e+00  ||x||=3.706476e-03  ||grad||=5.007205e+08  tau=1.083e-12  beta=4.340e-01
[iter    4/500] obj=4.431308e+06  f=4.431308e+06  g=0.000000e+00  ||x||=4.153531e-03  ||grad||=4.280956e+08  tau=1.083e-12  beta=5.311e-01
[iter    5/500] obj=4.818266e+06  f=4.818266e+06  g=0.000000e+00  ||x||=4.612797e-03  ||grad||=3.977475e+08  tau=1.083e-12  beta=5.988e-01
[iter    6/500] obj=5.152188e+06  f=5.152188e+06  g=0.000000e+00  ||x||=5.069808e-03  ||grad||=3.913014e+08  tau=1.083e-12  beta=6.489e-01
[iter    7/500] obj=5.410664e+06  f=5.410664e+06  g=0.000000e+00  ||x||=5.524120e-03  ||grad||=3.922122e+08  tau=1.083e-12  beta=6.876e-01
[iter    8/500] obj=5.640465e+06  f=5.640465e+06  g=0.000000e+00  ||x||=5.973801e-03  ||grad||=3.986128e+08  tau=1.083e-12  beta=7.185e-01
[iter    9/500] obj=5.844721e+06  f=5.844721e+06  g=0.000000e+00  ||x||=6.417198e-03  ||grad||=4.075370e+08  tau=1.083e-12  beta=7.437e-01
[iter   10/500] obj=6.025116e+06  f=6.025116e+06  g=0.000000e+00  ||x||=6.853541e-03  ||grad||=4.170413e+08  tau=1.083e-12  beta=7.647e-01
[iter   11/500] obj=6.185644e+06  f=6.185644e+06  g=0.000000e+00  ||x||=7.282598e-03  ||grad||=4.263990e+08  tau=1.083e-12  beta=7.824e-01
[iter   12/500] obj=6.329094e+06  f=6.329094e+06  g=0.000000e+00  ||x||=7.704528e-03  ||grad||=4.351932e+08  tau=1.083e-12  beta=7.976e-01
[iter   13/500] obj=6.458158e+06  f=6.458158e+06  g=0.000000e+00  ||x||=8.119673e-03  ||grad||=4.433235e+08  tau=1.083e-12  beta=8.108e-01
[iter   14/500] obj=6.575422e+06  f=6.575422e+06  g=0.000000e+00  ||x||=8.528421e-03  ||grad||=4.508425e+08  tau=1.083e-12  beta=8.224e-01
[iter   15/500] obj=6.682827e+06  f=6.682827e+06  g=0.000000e+00  ||x||=8.931127e-03  ||grad||=4.578101e+08  tau=1.083e-12  beta=8.326e-01
[iter   16/500] obj=6.781972e+06  f=6.781972e+06  g=0.000000e+00  ||x||=9.328100e-03  ||grad||=4.643030e+08  tau=1.083e-12  beta=8.417e-01
[iter   17/500] obj=6.873771e+06  f=6.873771e+06  g=0.000000e+00  ||x||=9.719613e-03  ||grad||=4.703427e+08  tau=1.083e-12  beta=8.498e-01
[iter   18/500] obj=6.959029e+06  f=6.959029e+06  g=0.000000e+00  ||x||=1.010593e-02  ||grad||=4.759544e+08  tau=1.083e-12  beta=8.571e-01
[iter   19/500] obj=7.038573e+06  f=7.038573e+06  g=0.000000e+00  ||x||=1.048727e-02  ||grad||=4.811887e+08  tau=1.083e-12  beta=8.638e-01
[iter   20/500] obj=7.113034e+06  f=7.113034e+06  g=0.000000e+00  ||x||=1.086387e-02  ||grad||=4.860819e+08  tau=1.083e-12  beta=8.698e-01
[iter   21/500] obj=7.182832e+06  f=7.182832e+06  g=0.000000e+00  ||x||=1.123592e-02  ||grad||=4.906479e+08  tau=1.083e-12  beta=8.754e-01
[iter   22/500] obj=7.248463e+06  f=7.248463e+06  g=0.000000e+00  ||x||=1.160362e-02  ||grad||=4.949251e+08  tau=1.083e-12  beta=8.804e-01
[iter   23/500] obj=7.310249e+06  f=7.310249e+06  g=0.000000e+00  ||x||=1.196716e-02  ||grad||=4.989310e+08  tau=1.083e-12  beta=8.851e-01
[iter   24/500] obj=7.368559e+06  f=7.368559e+06  g=0.000000e+00  ||x||=1.232672e-02  ||grad||=5.026874e+08  tau=1.083e-12  beta=8.894e-01
[iter   25/500] obj=7.423668e+06  f=7.423668e+06  g=0.000000e+00  ||x||=1.268247e-02  ||grad||=5.062115e+08  tau=1.083e-12  beta=8.934e-01
[iter   26/500] obj=7.475954e+06  f=7.475954e+06  g=0.000000e+00  ||x||=1.303457e-02  ||grad||=5.095350e+08  tau=1.083e-12  beta=8.971e-01
[iter   27/500] obj=7.525601e+06  f=7.525601e+06  g=0.000000e+00  ||x||=1.338317e-02  ||grad||=5.126752e+08  tau=1.083e-12  beta=9.006e-01
[iter   28/500] obj=7.572772e+06  f=7.572772e+06  g=0.000000e+00  ||x||=1.372842e-02  ||grad||=5.156401e+08  tau=1.083e-12  beta=9.038e-01
[iter   29/500] obj=7.617826e+06  f=7.617826e+06  g=0.000000e+00  ||x||=1.407045e-02  ||grad||=5.184617e+08  tau=1.083e-12  beta=9.069e-01
[iter   30/500] obj=7.660727e+06  f=7.660727e+06  g=0.000000e+00  ||x||=1.440938e-02  ||grad||=5.211232e+08  tau=1.083e-12  beta=9.097e-01
[iter   31/500] obj=7.701729e+06  f=7.701729e+06  g=0.000000e+00  ||x||=1.474534e-02  ||grad||=5.236553e+08  tau=1.083e-12  beta=9.124e-01
[iter   32/500] obj=7.740976e+06  f=7.740976e+06  g=0.000000e+00  ||x||=1.507843e-02  ||grad||=5.260607e+08  tau=1.083e-12  beta=9.149e-01
[iter   33/500] obj=7.778664e+06  f=7.778664e+06  g=0.000000e+00  ||x||=1.540876e-02  ||grad||=5.283663e+08  tau=1.083e-12  beta=9.173e-01
[iter   34/500] obj=7.814740e+06  f=7.814740e+06  g=0.000000e+00  ||x||=1.573642e-02  ||grad||=5.305519e+08  tau=1.083e-12  beta=9.195e-01
[iter   35/500] obj=7.849336e+06  f=7.849336e+06  g=0.000000e+00  ||x||=1.606150e-02  ||grad||=5.326348e+08  tau=1.083e-12  beta=9.217e-01
[iter   36/500] obj=7.882557e+06  f=7.882557e+06  g=0.000000e+00  ||x||=1.638411e-02  ||grad||=5.346211e+08  tau=1.083e-12  beta=9.237e-01
[iter   37/500] obj=7.914641e+06  f=7.914641e+06  g=0.000000e+00  ||x||=1.670431e-02  ||grad||=5.365400e+08  tau=1.083e-12  beta=9.256e-01
[iter   38/500] obj=7.945575e+06  f=7.945575e+06  g=0.000000e+00  ||x||=1.702218e-02  ||grad||=5.383865e+08  tau=1.083e-12  beta=9.274e-01
[iter   39/500] obj=7.975486e+06  f=7.975486e+06  g=0.000000e+00  ||x||=1.733779e-02  ||grad||=5.401715e+08  tau=1.083e-12  beta=9.292e-01
[iter   40/500] obj=8.004412e+06  f=8.004412e+06  g=0.000000e+00  ||x||=1.765119e-02  ||grad||=5.418993e+08  tau=1.083e-12  beta=9.308e-01
[iter   41/500] obj=8.032324e+06  f=8.032324e+06  g=0.000000e+00  ||x||=1.796244e-02  ||grad||=5.435601e+08  tau=1.083e-12  beta=9.324e-01
[iter   42/500] obj=8.059355e+06  f=8.059355e+06  g=0.000000e+00  ||x||=1.827159e-02  ||grad||=5.451635e+08  tau=1.083e-12  beta=9.339e-01
[iter   43/500] obj=8.085476e+06  f=8.085476e+06  g=0.000000e+00  ||x||=1.857869e-02  ||grad||=5.467085e+08  tau=1.083e-12  beta=9.353e-01
[iter   44/500] obj=8.110741e+06  f=8.110741e+06  g=0.000000e+00  ||x||=1.888379e-02  ||grad||=5.481942e+08  tau=1.083e-12  beta=9.367e-01
[iter   45/500] obj=8.135186e+06  f=8.135186e+06  g=0.000000e+00  ||x||=1.918694e-02  ||grad||=5.496255e+08  tau=1.083e-12  beta=9.380e-01
[iter   46/500] obj=8.158908e+06  f=8.158908e+06  g=0.000000e+00  ||x||=1.948818e-02  ||grad||=5.510116e+08  tau=1.083e-12  beta=9.393e-01
[iter   47/500] obj=8.181910e+06  f=8.181910e+06  g=0.000000e+00  ||x||=1.978755e-02  ||grad||=5.523492e+08  tau=1.083e-12  beta=9.405e-01
[iter   48/500] obj=8.204252e+06  f=8.204252e+06  g=0.000000e+00  ||x||=2.008510e-02  ||grad||=5.536429e+08  tau=1.083e-12  beta=9.417e-01
[iter   49/500] obj=8.225901e+06  f=8.225901e+06  g=0.000000e+00  ||x||=2.038087e-02  ||grad||=5.548897e+08  tau=1.083e-12  beta=9.428e-01
[iter   50/500] obj=8.246840e+06  f=8.246840e+06  g=0.000000e+00  ||x||=2.067490e-02  ||grad||=5.560799e+08  tau=1.083e-12  beta=9.439e-01
[iter   51/500] obj=8.267126e+06  f=8.267126e+06  g=0.000000e+00  ||x||=2.096723e-02  ||grad||=5.572223e+08  tau=1.083e-12  beta=9.449e-01
[iter   52/500] obj=8.286884e+06  f=8.286884e+06  g=0.000000e+00  ||x||=2.125791e-02  ||grad||=5.583313e+08  tau=1.083e-12  beta=9.459e-01
[iter   53/500] obj=8.306010e+06  f=8.306010e+06  g=0.000000e+00  ||x||=2.154699e-02  ||grad||=5.593981e+08  tau=1.083e-12  beta=9.469e-01
[iter   54/500] obj=8.324574e+06  f=8.324574e+06  g=0.000000e+00  ||x||=2.183449e-02  ||grad||=5.604269e+08  tau=1.083e-12  beta=9.478e-01
[iter   55/500] obj=8.342738e+06  f=8.342738e+06  g=0.000000e+00  ||x||=2.212047e-02  ||grad||=5.614372e+08  tau=1.083e-12  beta=9.487e-01
[iter   56/500] obj=8.360498e+06  f=8.360498e+06  g=0.000000e+00  ||x||=2.240495e-02  ||grad||=5.624299e+08  tau=1.083e-12  beta=9.496e-01
[iter   57/500] obj=8.377755e+06  f=8.377755e+06  g=0.000000e+00  ||x||=2.268796e-02  ||grad||=5.633866e+08  tau=1.083e-12  beta=9.504e-01
[iter   58/500] obj=8.394562e+06  f=8.394562e+06  g=0.000000e+00  ||x||=2.296953e-02  ||grad||=5.643147e+08  tau=1.083e-12  beta=9.513e-01
[iter   59/500] obj=8.411066e+06  f=8.411066e+06  g=0.000000e+00  ||x||=2.324970e-02  ||grad||=5.652337e+08  tau=1.083e-12  beta=9.520e-01
[iter   60/500] obj=8.427194e+06  f=8.427194e+06  g=0.000000e+00  ||x||=2.352848e-02  ||grad||=5.661363e+08  tau=1.083e-12  beta=9.528e-01
[iter   61/500] obj=8.442924e+06  f=8.442924e+06  g=0.000000e+00  ||x||=2.380590e-02  ||grad||=5.670143e+08  tau=1.083e-12  beta=9.535e-01
[iter   62/500] obj=8.458303e+06  f=8.458303e+06  g=0.000000e+00  ||x||=2.408198e-02  ||grad||=5.678720e+08  tau=1.083e-12  beta=9.542e-01
[iter   63/500] obj=8.473268e+06  f=8.473268e+06  g=0.000000e+00  ||x||=2.435674e-02  ||grad||=5.687042e+08  tau=1.083e-12  beta=9.549e-01
[iter   64/500] obj=8.487886e+06  f=8.487886e+06  g=0.000000e+00  ||x||=2.463020e-02  ||grad||=5.695126e+08  tau=1.083e-12  beta=9.556e-01
[iter   65/500] obj=8.502162e+06  f=8.502162e+06  g=0.000000e+00  ||x||=2.490239e-02  ||grad||=5.702996e+08  tau=1.083e-12  beta=9.563e-01
[iter   66/500] obj=8.516052e+06  f=8.516052e+06  g=0.000000e+00  ||x||=2.517334e-02  ||grad||=5.710598e+08  tau=1.083e-12  beta=9.569e-01
[iter   67/500] obj=8.529666e+06  f=8.529666e+06  g=0.000000e+00  ||x||=2.544306e-02  ||grad||=5.718057e+08  tau=1.083e-12  beta=9.575e-01
[iter   68/500] obj=8.542926e+06  f=8.542926e+06  g=0.000000e+00  ||x||=2.571158e-02  ||grad||=5.725228e+08  tau=1.083e-12  beta=9.581e-01
[iter   69/500] obj=8.555940e+06  f=8.555940e+06  g=0.000000e+00  ||x||=2.597891e-02  ||grad||=5.732319e+08  tau=1.083e-12  beta=9.587e-01
[iter   70/500] obj=8.568706e+06  f=8.568706e+06  g=0.000000e+00  ||x||=2.624509e-02  ||grad||=5.739247e+08  tau=1.083e-12  beta=9.593e-01
[iter   71/500] obj=8.581184e+06  f=8.581184e+06  g=0.000000e+00  ||x||=2.651012e-02  ||grad||=5.746010e+08  tau=1.083e-12  beta=9.598e-01
[iter   72/500] obj=8.593360e+06  f=8.593360e+06  g=0.000000e+00  ||x||=2.677404e-02  ||grad||=5.752579e+08  tau=1.083e-12  beta=9.603e-01
[iter   73/500] obj=8.605280e+06  f=8.605280e+06  g=0.000000e+00  ||x||=2.703685e-02  ||grad||=5.758952e+08  tau=1.083e-12  beta=9.609e-01
[iter   74/500] obj=8.617004e+06  f=8.617004e+06  g=0.000000e+00  ||x||=2.729858e-02  ||grad||=5.765229e+08  tau=1.083e-12  beta=9.614e-01
[iter   75/500] obj=8.628471e+06  f=8.628471e+06  g=0.000000e+00  ||x||=2.755924e-02  ||grad||=5.771342e+08  tau=1.083e-12  beta=9.619e-01
[iter   76/500] obj=8.639821e+06  f=8.639821e+06  g=0.000000e+00  ||x||=2.781885e-02  ||grad||=5.777482e+08  tau=1.083e-12  beta=9.623e-01
[iter   77/500] obj=8.650952e+06  f=8.650952e+06  g=0.000000e+00  ||x||=2.807741e-02  ||grad||=5.783505e+08  tau=1.083e-12  beta=9.628e-01
[iter   78/500] obj=8.661908e+06  f=8.661908e+06  g=0.000000e+00  ||x||=2.833495e-02  ||grad||=5.789459e+08  tau=1.083e-12  beta=9.633e-01
[iter   79/500] obj=8.672638e+06  f=8.672638e+06  g=0.000000e+00  ||x||=2.859146e-02  ||grad||=5.795270e+08  tau=1.083e-12  beta=9.637e-01
[iter   80/500] obj=8.683201e+06  f=8.683201e+06  g=0.000000e+00  ||x||=2.884697e-02  ||grad||=5.800989e+08  tau=1.083e-12  beta=9.642e-01
[iter   81/500] obj=8.693551e+06  f=8.693551e+06  g=0.000000e+00  ||x||=2.910148e-02  ||grad||=5.806545e+08  tau=1.083e-12  beta=9.646e-01
[iter   82/500] obj=8.703656e+06  f=8.703656e+06  g=0.000000e+00  ||x||=2.935500e-02  ||grad||=5.811923e+08  tau=1.083e-12  beta=9.650e-01
[iter   83/500] obj=8.713520e+06  f=8.713520e+06  g=0.000000e+00  ||x||=2.960756e-02  ||grad||=5.817078e+08  tau=1.083e-12  beta=9.654e-01
[iter   84/500] obj=8.723314e+06  f=8.723314e+06  g=0.000000e+00  ||x||=2.985915e-02  ||grad||=5.822289e+08  tau=1.083e-12  beta=9.658e-01
[iter   85/500] obj=8.732908e+06  f=8.732908e+06  g=0.000000e+00  ||x||=3.010980e-02  ||grad||=5.827393e+08  tau=1.083e-12  beta=9.662e-01
[iter   86/500] obj=8.742368e+06  f=8.742368e+06  g=0.000000e+00  ||x||=3.035951e-02  ||grad||=5.832416e+08  tau=1.083e-12  beta=9.666e-01
[iter   87/500] obj=8.751640e+06  f=8.751640e+06  g=0.000000e+00  ||x||=3.060829e-02  ||grad||=5.837334e+08  tau=1.083e-12  beta=9.669e-01
[iter   88/500] obj=8.760764e+06  f=8.760764e+06  g=0.000000e+00  ||x||=3.085615e-02  ||grad||=5.842162e+08  tau=1.083e-12  beta=9.673e-01
[iter   89/500] obj=8.769716e+06  f=8.769716e+06  g=0.000000e+00  ||x||=3.110310e-02  ||grad||=5.846866e+08  tau=1.083e-12  beta=9.677e-01
[iter   90/500] obj=8.778500e+06  f=8.778500e+06  g=0.000000e+00  ||x||=3.134915e-02  ||grad||=5.851452e+08  tau=1.083e-12  beta=9.680e-01
[iter   91/500] obj=8.787133e+06  f=8.787133e+06  g=0.000000e+00  ||x||=3.159432e-02  ||grad||=5.855962e+08  tau=1.083e-12  beta=9.683e-01
[iter   92/500] obj=8.795627e+06  f=8.795627e+06  g=0.000000e+00  ||x||=3.183861e-02  ||grad||=5.860362e+08  tau=1.083e-12  beta=9.687e-01
[iter   93/500] obj=8.803930e+06  f=8.803930e+06  g=0.000000e+00  ||x||=3.208203e-02  ||grad||=5.864621e+08  tau=1.083e-12  beta=9.690e-01
[iter   94/500] obj=8.812110e+06  f=8.812110e+06  g=0.000000e+00  ||x||=3.232460e-02  ||grad||=5.868829e+08  tau=1.083e-12  beta=9.693e-01
[iter   95/500] obj=8.820208e+06  f=8.820208e+06  g=0.000000e+00  ||x||=3.256632e-02  ||grad||=5.873064e+08  tau=1.083e-12  beta=9.696e-01
[iter   96/500] obj=8.828224e+06  f=8.828224e+06  g=0.000000e+00  ||x||=3.280719e-02  ||grad||=5.877238e+08  tau=1.083e-12  beta=9.699e-01
[iter   97/500] obj=8.836108e+06  f=8.836108e+06  g=0.000000e+00  ||x||=3.304724e-02  ||grad||=5.881352e+08  tau=1.083e-12  beta=9.702e-01
[iter   98/500] obj=8.843852e+06  f=8.843852e+06  g=0.000000e+00  ||x||=3.328646e-02  ||grad||=5.885372e+08  tau=1.083e-12  beta=9.705e-01
[iter   99/500] obj=8.851466e+06  f=8.851466e+06  g=0.000000e+00  ||x||=3.352487e-02  ||grad||=5.889302e+08  tau=1.083e-12  beta=9.708e-01
[iter  100/500] obj=8.858952e+06  f=8.858952e+06  g=0.000000e+00  ||x||=3.376247e-02  ||grad||=5.893156e+08  tau=1.083e-12  beta=9.711e-01
[iter  101/500] obj=8.866329e+06  f=8.866329e+06  g=0.000000e+00  ||x||=3.399926e-02  ||grad||=5.896955e+08  tau=1.083e-12  beta=9.714e-01
[iter  102/500] obj=8.873603e+06  f=8.873603e+06  g=0.000000e+00  ||x||=3.423527e-02  ||grad||=5.900705e+08  tau=1.083e-12  beta=9.716e-01
[iter  103/500] obj=8.880772e+06  f=8.880772e+06  g=0.000000e+00  ||x||=3.447048e-02  ||grad||=5.904401e+08  tau=1.083e-12  beta=9.719e-01
[iter  104/500] obj=8.887855e+06  f=8.887855e+06  g=0.000000e+00  ||x||=3.470492e-02  ||grad||=5.908063e+08  tau=1.083e-12  beta=9.722e-01
[iter  105/500] obj=8.894811e+06  f=8.894811e+06  g=0.000000e+00  ||x||=3.493858e-02  ||grad||=5.911660e+08  tau=1.083e-12  beta=9.724e-01
[iter  106/500] obj=8.901644e+06  f=8.901644e+06  g=0.000000e+00  ||x||=3.517148e-02  ||grad||=5.915151e+08  tau=1.083e-12  beta=9.727e-01
[iter  107/500] obj=8.908403e+06  f=8.908403e+06  g=0.000000e+00  ||x||=3.540362e-02  ||grad||=5.918630e+08  tau=1.083e-12  beta=9.729e-01
[iter  108/500] obj=8.915058e+06  f=8.915058e+06  g=0.000000e+00  ||x||=3.563500e-02  ||grad||=5.922054e+08  tau=1.083e-12  beta=9.732e-01
[iter  109/500] obj=8.921618e+06  f=8.921618e+06  g=0.000000e+00  ||x||=3.586564e-02  ||grad||=5.925437e+08  tau=1.083e-12  beta=9.734e-01
[iter  110/500] obj=8.928070e+06  f=8.928070e+06  g=0.000000e+00  ||x||=3.609554e-02  ||grad||=5.928742e+08  tau=1.083e-12  beta=9.736e-01
[iter  111/500] obj=8.934396e+06  f=8.934396e+06  g=0.000000e+00  ||x||=3.632470e-02  ||grad||=5.931957e+08  tau=1.083e-12  beta=9.739e-01
[iter  112/500] obj=8.940628e+06  f=8.940628e+06  g=0.000000e+00  ||x||=3.655314e-02  ||grad||=5.935128e+08  tau=1.083e-12  beta=9.741e-01
[iter  113/500] obj=8.946789e+06  f=8.946789e+06  g=0.000000e+00  ||x||=3.678086e-02  ||grad||=5.938266e+08  tau=1.083e-12  beta=9.743e-01
[iter  114/500] obj=8.952852e+06  f=8.952852e+06  g=0.000000e+00  ||x||=3.700786e-02  ||grad||=5.941315e+08  tau=1.083e-12  beta=9.745e-01
[iter  115/500] obj=8.958889e+06  f=8.958889e+06  g=0.000000e+00  ||x||=3.723416e-02  ||grad||=5.944417e+08  tau=1.083e-12  beta=9.748e-01
[iter  116/500] obj=8.964815e+06  f=8.964815e+06  g=0.000000e+00  ||x||=3.745976e-02  ||grad||=5.947416e+08  tau=1.083e-12  beta=9.750e-01
[iter  117/500] obj=8.970670e+06  f=8.970670e+06  g=0.000000e+00  ||x||=3.768467e-02  ||grad||=5.950362e+08  tau=1.083e-12  beta=9.752e-01
[iter  118/500] obj=8.976454e+06  f=8.976454e+06  g=0.000000e+00  ||x||=3.790889e-02  ||grad||=5.953290e+08  tau=1.083e-12  beta=9.754e-01
[iter  119/500] obj=8.982159e+06  f=8.982159e+06  g=0.000000e+00  ||x||=3.813243e-02  ||grad||=5.956153e+08  tau=1.083e-12  beta=9.756e-01
[iter  120/500] obj=8.987832e+06  f=8.987832e+06  g=0.000000e+00  ||x||=3.835528e-02  ||grad||=5.959012e+08  tau=1.083e-12  beta=9.758e-01
[iter  121/500] obj=8.993414e+06  f=8.993414e+06  g=0.000000e+00  ||x||=3.857746e-02  ||grad||=5.961845e+08  tau=1.083e-12  beta=9.760e-01
[iter  122/500] obj=8.998909e+06  f=8.998909e+06  g=0.000000e+00  ||x||=3.879897e-02  ||grad||=5.964625e+08  tau=1.083e-12  beta=9.762e-01
[iter  123/500] obj=9.004360e+06  f=9.004360e+06  g=0.000000e+00  ||x||=3.901982e-02  ||grad||=5.967368e+08  tau=1.083e-12  beta=9.764e-01
[iter  124/500] obj=9.009738e+06  f=9.009738e+06  g=0.000000e+00  ||x||=3.924001e-02  ||grad||=5.970097e+08  tau=1.083e-12  beta=9.765e-01
[iter  125/500] obj=9.015075e+06  f=9.015075e+06  g=0.000000e+00  ||x||=3.945954e-02  ||grad||=5.972809e+08  tau=1.083e-12  beta=9.767e-01
[iter  126/500] obj=9.020322e+06  f=9.020322e+06  g=0.000000e+00  ||x||=3.967842e-02  ||grad||=5.975414e+08  tau=1.083e-12  beta=9.769e-01
[iter  127/500] obj=9.025522e+06  f=9.025522e+06  g=0.000000e+00  ||x||=3.989666e-02  ||grad||=5.978050e+08  tau=1.083e-12  beta=9.771e-01
[iter  128/500] obj=9.030676e+06  f=9.030676e+06  g=0.000000e+00  ||x||=4.011424e-02  ||grad||=5.980664e+08  tau=1.083e-12  beta=9.773e-01
[iter  129/500] obj=9.035754e+06  f=9.035754e+06  g=0.000000e+00  ||x||=4.033119e-02  ||grad||=5.983227e+08  tau=1.083e-12  beta=9.774e-01
[iter  130/500] obj=9.040756e+06  f=9.040756e+06  g=0.000000e+00  ||x||=4.054749e-02  ||grad||=5.985720e+08  tau=1.083e-12  beta=9.776e-01
[iter  131/500] obj=9.045650e+06  f=9.045650e+06  g=0.000000e+00  ||x||=4.076317e-02  ||grad||=5.988115e+08  tau=1.083e-12  beta=9.778e-01
[iter  132/500] obj=9.050504e+06  f=9.050504e+06  g=0.000000e+00  ||x||=4.097822e-02  ||grad||=5.990508e+08  tau=1.083e-12  beta=9.779e-01
[iter  133/500] obj=9.055310e+06  f=9.055310e+06  g=0.000000e+00  ||x||=4.119264e-02  ||grad||=5.992881e+08  tau=1.083e-12  beta=9.781e-01
[iter  134/500] obj=9.060007e+06  f=9.060007e+06  g=0.000000e+00  ||x||=4.140645e-02  ||grad||=5.995160e+08  tau=1.083e-12  beta=9.783e-01
[iter  135/500] obj=9.064638e+06  f=9.064638e+06  g=0.000000e+00  ||x||=4.161965e-02  ||grad||=5.997391e+08  tau=1.083e-12  beta=9.784e-01
[iter  136/500] obj=9.069256e+06  f=9.069256e+06  g=0.000000e+00  ||x||=4.183224e-02  ||grad||=5.999656e+08  tau=1.083e-12  beta=9.786e-01
[iter  137/500] obj=9.073818e+06  f=9.073818e+06  g=0.000000e+00  ||x||=4.204422e-02  ||grad||=6.001873e+08  tau=1.083e-12  beta=9.787e-01
[iter  138/500] obj=9.078300e+06  f=9.078300e+06  g=0.000000e+00  ||x||=4.225561e-02  ||grad||=6.004032e+08  tau=1.083e-12  beta=9.789e-01
[iter  139/500] obj=9.082762e+06  f=9.082762e+06  g=0.000000e+00  ||x||=4.246640e-02  ||grad||=6.006209e+08  tau=1.083e-12  beta=9.790e-01
[iter  140/500] obj=9.087142e+06  f=9.087142e+06  g=0.000000e+00  ||x||=4.267660e-02  ||grad||=6.008338e+08  tau=1.083e-12  beta=9.792e-01
[iter  141/500] obj=9.091504e+06  f=9.091504e+06  g=0.000000e+00  ||x||=4.288621e-02  ||grad||=6.010452e+08  tau=1.083e-12  beta=9.793e-01
[iter  142/500] obj=9.095797e+06  f=9.095797e+06  g=0.000000e+00  ||x||=4.309525e-02  ||grad||=6.012508e+08  tau=1.083e-12  beta=9.794e-01
[iter  143/500] obj=9.100058e+06  f=9.100058e+06  g=0.000000e+00  ||x||=4.330370e-02  ||grad||=6.014568e+08  tau=1.083e-12  beta=9.796e-01
[iter  144/500] obj=9.104270e+06  f=9.104270e+06  g=0.000000e+00  ||x||=4.351158e-02  ||grad||=6.016596e+08  tau=1.083e-12  beta=9.797e-01
[iter  145/500] obj=9.108422e+06  f=9.108422e+06  g=0.000000e+00  ||x||=4.371889e-02  ||grad||=6.018598e+08  tau=1.083e-12  beta=9.799e-01
[iter  146/500] obj=9.112534e+06  f=9.112534e+06  g=0.000000e+00  ||x||=4.392563e-02  ||grad||=6.020584e+08  tau=1.083e-12  beta=9.800e-01
[iter  147/500] obj=9.116574e+06  f=9.116574e+06  g=0.000000e+00  ||x||=4.413181e-02  ||grad||=6.022535e+08  tau=1.083e-12  beta=9.801e-01
[iter  148/500] obj=9.120556e+06  f=9.120556e+06  g=0.000000e+00  ||x||=4.433744e-02  ||grad||=6.024438e+08  tau=1.083e-12  beta=9.803e-01
[iter  149/500] obj=9.124506e+06  f=9.124506e+06  g=0.000000e+00  ||x||=4.454250e-02  ||grad||=6.026325e+08  tau=1.083e-12  beta=9.804e-01
[iter  150/500] obj=9.128407e+06  f=9.128407e+06  g=0.000000e+00  ||x||=4.474702e-02  ||grad||=6.028193e+08  tau=1.083e-12  beta=9.805e-01
[iter  151/500] obj=9.132279e+06  f=9.132279e+06  g=0.000000e+00  ||x||=4.495100e-02  ||grad||=6.030035e+08  tau=1.083e-12  beta=9.806e-01
[iter  152/500] obj=9.136138e+06  f=9.136138e+06  g=0.000000e+00  ||x||=4.515442e-02  ||grad||=6.031914e+08  tau=1.083e-12  beta=9.808e-01
[iter  153/500] obj=9.139966e+06  f=9.139966e+06  g=0.000000e+00  ||x||=4.535731e-02  ||grad||=6.033764e+08  tau=1.083e-12  beta=9.809e-01
[iter  154/500] obj=9.143763e+06  f=9.143763e+06  g=0.000000e+00  ||x||=4.555966e-02  ||grad||=6.035615e+08  tau=1.083e-12  beta=9.810e-01
[iter  155/500] obj=9.147485e+06  f=9.147485e+06  g=0.000000e+00  ||x||=4.576147e-02  ||grad||=6.037441e+08  tau=1.083e-12  beta=9.811e-01
[iter  156/500] obj=9.151204e+06  f=9.151204e+06  g=0.000000e+00  ||x||=4.596275e-02  ||grad||=6.039248e+08  tau=1.083e-12  beta=9.813e-01
[iter  157/500] obj=9.154867e+06  f=9.154867e+06  g=0.000000e+00  ||x||=4.616351e-02  ||grad||=6.041022e+08  tau=1.083e-12  beta=9.814e-01
[iter  158/500] obj=9.158484e+06  f=9.158484e+06  g=0.000000e+00  ||x||=4.636373e-02  ||grad||=6.042797e+08  tau=1.083e-12  beta=9.815e-01
[iter  159/500] obj=9.162118e+06  f=9.162118e+06  g=0.000000e+00  ||x||=4.656343e-02  ||grad||=6.044591e+08  tau=1.083e-12  beta=9.816e-01
[iter  160/500] obj=9.165640e+06  f=9.165640e+06  g=0.000000e+00  ||x||=4.676261e-02  ||grad||=6.046285e+08  tau=1.083e-12  beta=9.817e-01
[iter  161/500] obj=9.169136e+06  f=9.169136e+06  g=0.000000e+00  ||x||=4.696127e-02  ||grad||=6.047959e+08  tau=1.083e-12  beta=9.818e-01
[iter  162/500] obj=9.172608e+06  f=9.172608e+06  g=0.000000e+00  ||x||=4.715940e-02  ||grad||=6.049651e+08  tau=1.083e-12  beta=9.819e-01
[iter  163/500] obj=9.176018e+06  f=9.176018e+06  g=0.000000e+00  ||x||=4.735704e-02  ||grad||=6.051263e+08  tau=1.083e-12  beta=9.820e-01
[iter  164/500] obj=9.179352e+06  f=9.179352e+06  g=0.000000e+00  ||x||=4.755416e-02  ||grad||=6.052858e+08  tau=1.083e-12  beta=9.821e-01
[iter  165/500] obj=9.182674e+06  f=9.182674e+06  g=0.000000e+00  ||x||=4.775078e-02  ||grad||=6.054433e+08  tau=1.083e-12  beta=9.823e-01
[iter  166/500] obj=9.185928e+06  f=9.185928e+06  g=0.000000e+00  ||x||=4.794690e-02  ||grad||=6.055949e+08  tau=1.083e-12  beta=9.824e-01
[iter  167/500] obj=9.189179e+06  f=9.189179e+06  g=0.000000e+00  ||x||=4.814252e-02  ||grad||=6.057492e+08  tau=1.083e-12  beta=9.825e-01
[iter  168/500] obj=9.192412e+06  f=9.192412e+06  g=0.000000e+00  ||x||=4.833765e-02  ||grad||=6.059016e+08  tau=1.083e-12  beta=9.826e-01
[iter  169/500] obj=9.195632e+06  f=9.195632e+06  g=0.000000e+00  ||x||=4.853229e-02  ||grad||=6.060560e+08  tau=1.083e-12  beta=9.827e-01
[iter  170/500] obj=9.198790e+06  f=9.198790e+06  g=0.000000e+00  ||x||=4.872644e-02  ||grad||=6.062070e+08  tau=1.083e-12  beta=9.828e-01
[iter  171/500] obj=9.201949e+06  f=9.201949e+06  g=0.000000e+00  ||x||=4.892011e-02  ||grad||=6.063599e+08  tau=1.083e-12  beta=9.829e-01
[iter  172/500] obj=9.205072e+06  f=9.205072e+06  g=0.000000e+00  ||x||=4.911330e-02  ||grad||=6.065098e+08  tau=1.083e-12  beta=9.830e-01
[iter  173/500] obj=9.208132e+06  f=9.208132e+06  g=0.000000e+00  ||x||=4.930600e-02  ||grad||=6.066545e+08  tau=1.083e-12  beta=9.831e-01
[iter  174/500] obj=9.211184e+06  f=9.211184e+06  g=0.000000e+00  ||x||=4.949823e-02  ||grad||=6.067978e+08  tau=1.083e-12  beta=9.832e-01
[iter  175/500] obj=9.214215e+06  f=9.214215e+06  g=0.000000e+00  ||x||=4.968999e-02  ||grad||=6.069404e+08  tau=1.083e-12  beta=9.832e-01
[iter  176/500] obj=9.217229e+06  f=9.217229e+06  g=0.000000e+00  ||x||=4.988127e-02  ||grad||=6.070847e+08  tau=1.083e-12  beta=9.833e-01
[iter  177/500] obj=9.220200e+06  f=9.220200e+06  g=0.000000e+00  ||x||=5.007209e-02  ||grad||=6.072266e+08  tau=1.083e-12  beta=9.834e-01
[iter  178/500] obj=9.223129e+06  f=9.223129e+06  g=0.000000e+00  ||x||=5.026244e-02  ||grad||=6.073646e+08  tau=1.083e-12  beta=9.835e-01
[iter  179/500] obj=9.226056e+06  f=9.226056e+06  g=0.000000e+00  ||x||=5.045233e-02  ||grad||=6.075023e+08  tau=1.083e-12  beta=9.836e-01
[iter  180/500] obj=9.229004e+06  f=9.229004e+06  g=0.000000e+00  ||x||=5.064176e-02  ||grad||=6.076460e+08  tau=1.083e-12  beta=9.837e-01
[iter  181/500] obj=9.231866e+06  f=9.231866e+06  g=0.000000e+00  ||x||=5.083073e-02  ||grad||=6.077805e+08  tau=1.083e-12  beta=9.838e-01
[iter  182/500] obj=9.234714e+06  f=9.234714e+06  g=0.000000e+00  ||x||=5.101924e-02  ||grad||=6.079148e+08  tau=1.083e-12  beta=9.839e-01
[iter  183/500] obj=9.237536e+06  f=9.237536e+06  g=0.000000e+00  ||x||=5.120729e-02  ||grad||=6.080482e+08  tau=1.083e-12  beta=9.840e-01
[iter  184/500] obj=9.240358e+06  f=9.240358e+06  g=0.000000e+00  ||x||=5.139489e-02  ||grad||=6.081826e+08  tau=1.083e-12  beta=9.841e-01
[iter  185/500] obj=9.243177e+06  f=9.243177e+06  g=0.000000e+00  ||x||=5.158204e-02  ||grad||=6.083203e+08  tau=1.083e-12  beta=9.841e-01
[iter  186/500] obj=9.245990e+06  f=9.245990e+06  g=0.000000e+00  ||x||=5.176874e-02  ||grad||=6.084586e+08  tau=1.083e-12  beta=9.842e-01
[iter  187/500] obj=9.248762e+06  f=9.248762e+06  g=0.000000e+00  ||x||=5.195498e-02  ||grad||=6.085928e+08  tau=1.083e-12  beta=9.843e-01
[iter  188/500] obj=9.251518e+06  f=9.251518e+06  g=0.000000e+00  ||x||=5.214078e-02  ||grad||=6.087257e+08  tau=1.083e-12  beta=9.844e-01
[iter  189/500] obj=9.254290e+06  f=9.254290e+06  g=0.000000e+00  ||x||=5.232613e-02  ||grad||=6.088611e+08  tau=1.083e-12  beta=9.845e-01
[iter  190/500] obj=9.257003e+06  f=9.257003e+06  g=0.000000e+00  ||x||=5.251103e-02  ||grad||=6.089922e+08  tau=1.083e-12  beta=9.845e-01
[iter  191/500] obj=9.259668e+06  f=9.259668e+06  g=0.000000e+00  ||x||=5.269548e-02  ||grad||=6.091199e+08  tau=1.083e-12  beta=9.846e-01
[iter  192/500] obj=9.262324e+06  f=9.262324e+06  g=0.000000e+00  ||x||=5.287949e-02  ||grad||=6.092470e+08  tau=1.083e-12  beta=9.847e-01
[iter  193/500] obj=9.264944e+06  f=9.264944e+06  g=0.000000e+00  ||x||=5.306305e-02  ||grad||=6.093730e+08  tau=1.083e-12  beta=9.848e-01
[iter  194/500] obj=9.267568e+06  f=9.267568e+06  g=0.000000e+00  ||x||=5.324617e-02  ||grad||=6.095000e+08  tau=1.083e-12  beta=9.849e-01
[iter  195/500] obj=9.270134e+06  f=9.270134e+06  g=0.000000e+00  ||x||=5.342885e-02  ||grad||=6.096207e+08  tau=1.083e-12  beta=9.849e-01
[iter  196/500] obj=9.272666e+06  f=9.272666e+06  g=0.000000e+00  ||x||=5.361109e-02  ||grad||=6.097387e+08  tau=1.083e-12  beta=9.850e-01
[iter  197/500] obj=9.275188e+06  f=9.275188e+06  g=0.000000e+00  ||x||=5.379289e-02  ||grad||=6.098573e+08  tau=1.083e-12  beta=9.851e-01
[iter  198/500] obj=9.277692e+06  f=9.277692e+06  g=0.000000e+00  ||x||=5.397426e-02  ||grad||=6.099755e+08  tau=1.083e-12  beta=9.852e-01
[iter  199/500] obj=9.280146e+06  f=9.280146e+06  g=0.000000e+00  ||x||=5.415519e-02  ||grad||=6.100887e+08  tau=1.083e-12  beta=9.852e-01
[iter  200/500] obj=9.282553e+06  f=9.282553e+06  g=0.000000e+00  ||x||=5.433569e-02  ||grad||=6.101985e+08  tau=1.083e-12  beta=9.853e-01
[iter  201/500] obj=9.284907e+06  f=9.284907e+06  g=0.000000e+00  ||x||=5.451576e-02  ||grad||=6.103025e+08  tau=1.083e-12  beta=9.854e-01
[iter  202/500] obj=9.287228e+06  f=9.287228e+06  g=0.000000e+00  ||x||=5.469541e-02  ||grad||=6.104023e+08  tau=1.083e-12  beta=9.854e-01
[iter  203/500] obj=9.289502e+06  f=9.289502e+06  g=0.000000e+00  ||x||=5.487463e-02  ||grad||=6.104973e+08  tau=1.083e-12  beta=9.855e-01
[iter  204/500] obj=9.291761e+06  f=9.291761e+06  g=0.000000e+00  ||x||=5.505344e-02  ||grad||=6.105905e+08  tau=1.083e-12  beta=9.856e-01
[iter  205/500] obj=9.294009e+06  f=9.294009e+06  g=0.000000e+00  ||x||=5.523182e-02  ||grad||=6.106844e+08  tau=1.083e-12  beta=9.857e-01
[iter  206/500] obj=9.296241e+06  f=9.296241e+06  g=0.000000e+00  ||x||=5.540980e-02  ||grad||=6.107748e+08  tau=1.083e-12  beta=9.857e-01
[iter  207/500] obj=9.298469e+06  f=9.298469e+06  g=0.000000e+00  ||x||=5.558737e-02  ||grad||=6.108684e+08  tau=1.083e-12  beta=9.858e-01
[iter  208/500] obj=9.300634e+06  f=9.300634e+06  g=0.000000e+00  ||x||=5.576454e-02  ||grad||=6.109581e+08  tau=1.083e-12  beta=9.859e-01
[iter  209/500] obj=9.302784e+06  f=9.302784e+06  g=0.000000e+00  ||x||=5.594130e-02  ||grad||=6.110470e+08  tau=1.083e-12  beta=9.859e-01
[iter  210/500] obj=9.304884e+06  f=9.304884e+06  g=0.000000e+00  ||x||=5.611767e-02  ||grad||=6.111296e+08  tau=1.083e-12  beta=9.860e-01
[iter  211/500] obj=9.306945e+06  f=9.306945e+06  g=0.000000e+00  ||x||=5.629363e-02  ||grad||=6.112083e+08  tau=1.083e-12  beta=9.861e-01
[iter  212/500] obj=9.308980e+06  f=9.308980e+06  g=0.000000e+00  ||x||=5.646921e-02  ||grad||=6.112844e+08  tau=1.083e-12  beta=9.861e-01
[iter  213/500] obj=9.311018e+06  f=9.311018e+06  g=0.000000e+00  ||x||=5.664441e-02  ||grad||=6.113621e+08  tau=1.083e-12  beta=9.862e-01
[iter  214/500] obj=9.313046e+06  f=9.313046e+06  g=0.000000e+00  ||x||=5.681922e-02  ||grad||=6.114399e+08  tau=1.083e-12  beta=9.862e-01
[iter  215/500] obj=9.315065e+06  f=9.315065e+06  g=0.000000e+00  ||x||=5.699365e-02  ||grad||=6.115185e+08  tau=1.083e-12  beta=9.863e-01
[iter  216/500] obj=9.317031e+06  f=9.317031e+06  g=0.000000e+00  ||x||=5.716771e-02  ||grad||=6.115928e+08  tau=1.083e-12  beta=9.864e-01
[iter  217/500] obj=9.319016e+06  f=9.319016e+06  g=0.000000e+00  ||x||=5.734140e-02  ||grad||=6.116687e+08  tau=1.083e-12  beta=9.864e-01
[iter  218/500] obj=9.320986e+06  f=9.320986e+06  g=0.000000e+00  ||x||=5.751471e-02  ||grad||=6.117464e+08  tau=1.083e-12  beta=9.865e-01
[iter  219/500] obj=9.322952e+06  f=9.322952e+06  g=0.000000e+00  ||x||=5.768766e-02  ||grad||=6.118251e+08  tau=1.083e-12  beta=9.866e-01
[iter  220/500] obj=9.324910e+06  f=9.324910e+06  g=0.000000e+00  ||x||=5.786025e-02  ||grad||=6.119052e+08  tau=1.083e-12  beta=9.866e-01
[iter  221/500] obj=9.326878e+06  f=9.326878e+06  g=0.000000e+00  ||x||=5.803247e-02  ||grad||=6.119871e+08  tau=1.083e-12  beta=9.867e-01
[iter  222/500] obj=9.328820e+06  f=9.328820e+06  g=0.000000e+00  ||x||=5.820434e-02  ||grad||=6.120687e+08  tau=1.083e-12  beta=9.867e-01
[iter  223/500] obj=9.330789e+06  f=9.330789e+06  g=0.000000e+00  ||x||=5.837584e-02  ||grad||=6.121527e+08  tau=1.083e-12  beta=9.868e-01
[iter  224/500] obj=9.332732e+06  f=9.332732e+06  g=0.000000e+00  ||x||=5.854699e-02  ||grad||=6.122365e+08  tau=1.083e-12  beta=9.869e-01
[iter  225/500] obj=9.334714e+06  f=9.334714e+06  g=0.000000e+00  ||x||=5.871778e-02  ||grad||=6.123274e+08  tau=1.083e-12  beta=9.869e-01
[iter  226/500] obj=9.336679e+06  f=9.336679e+06  g=0.000000e+00  ||x||=5.888823e-02  ||grad||=6.124180e+08  tau=1.083e-12  beta=9.870e-01
[iter  227/500] obj=9.338608e+06  f=9.338608e+06  g=0.000000e+00  ||x||=5.905831e-02  ||grad||=6.125051e+08  tau=1.083e-12  beta=9.870e-01
[iter  228/500] obj=9.340537e+06  f=9.340537e+06  g=0.000000e+00  ||x||=5.922804e-02  ||grad||=6.125920e+08  tau=1.083e-12  beta=9.871e-01
[iter  229/500] obj=9.342453e+06  f=9.342453e+06  g=0.000000e+00  ||x||=5.939742e-02  ||grad||=6.126795e+08  tau=1.083e-12  beta=9.871e-01
[iter  230/500] obj=9.344337e+06  f=9.344337e+06  g=0.000000e+00  ||x||=5.956645e-02  ||grad||=6.127652e+08  tau=1.083e-12  beta=9.872e-01
[iter  231/500] obj=9.346258e+06  f=9.346258e+06  g=0.000000e+00  ||x||=5.973512e-02  ||grad||=6.128552e+08  tau=1.083e-12  beta=9.872e-01
[iter  232/500] obj=9.348154e+06  f=9.348154e+06  g=0.000000e+00  ||x||=5.990345e-02  ||grad||=6.129434e+08  tau=1.083e-12  beta=9.873e-01
[iter  233/500] obj=9.350035e+06  f=9.350035e+06  g=0.000000e+00  ||x||=6.007142e-02  ||grad||=6.130328e+08  tau=1.083e-12  beta=9.874e-01
[iter  234/500] obj=9.351906e+06  f=9.351906e+06  g=0.000000e+00  ||x||=6.023905e-02  ||grad||=6.131203e+08  tau=1.083e-12  beta=9.874e-01
[iter  235/500] obj=9.353792e+06  f=9.353792e+06  g=0.000000e+00  ||x||=6.040633e-02  ||grad||=6.132096e+08  tau=1.083e-12  beta=9.875e-01
[iter  236/500] obj=9.355674e+06  f=9.355674e+06  g=0.000000e+00  ||x||=6.057325e-02  ||grad||=6.133010e+08  tau=1.083e-12  beta=9.875e-01
[iter  237/500] obj=9.357574e+06  f=9.357574e+06  g=0.000000e+00  ||x||=6.073983e-02  ||grad||=6.133934e+08  tau=1.083e-12  beta=9.876e-01
[iter  238/500] obj=9.359460e+06  f=9.359460e+06  g=0.000000e+00  ||x||=6.090605e-02  ||grad||=6.134857e+08  tau=1.083e-12  beta=9.876e-01
[iter  239/500] obj=9.361321e+06  f=9.361321e+06  g=0.000000e+00  ||x||=6.107191e-02  ||grad||=6.135775e+08  tau=1.083e-12  beta=9.877e-01
[iter  240/500] obj=9.363176e+06  f=9.363176e+06  g=0.000000e+00  ||x||=6.123744e-02  ||grad||=6.136692e+08  tau=1.083e-12  beta=9.877e-01
[iter  241/500] obj=9.365006e+06  f=9.365006e+06  g=0.000000e+00  ||x||=6.140260e-02  ||grad||=6.137607e+08  tau=1.083e-12  beta=9.878e-01
[iter  242/500] obj=9.366813e+06  f=9.366813e+06  g=0.000000e+00  ||x||=6.156741e-02  ||grad||=6.138488e+08  tau=1.083e-12  beta=9.878e-01
[iter  243/500] obj=9.368623e+06  f=9.368623e+06  g=0.000000e+00  ||x||=6.173187e-02  ||grad||=6.139368e+08  tau=1.083e-12  beta=9.879e-01
[iter  244/500] obj=9.370404e+06  f=9.370404e+06  g=0.000000e+00  ||x||=6.189597e-02  ||grad||=6.140213e+08  tau=1.083e-12  beta=9.879e-01
[iter  245/500] obj=9.372179e+06  f=9.372179e+06  g=0.000000e+00  ||x||=6.205973e-02  ||grad||=6.141053e+08  tau=1.083e-12  beta=9.880e-01
[iter  246/500] obj=9.373950e+06  f=9.373950e+06  g=0.000000e+00  ||x||=6.222312e-02  ||grad||=6.141903e+08  tau=1.083e-12  beta=9.880e-01
[iter  247/500] obj=9.375680e+06  f=9.375680e+06  g=0.000000e+00  ||x||=6.238617e-02  ||grad||=6.142702e+08  tau=1.083e-12  beta=9.881e-01
[iter  248/500] obj=9.377396e+06  f=9.377396e+06  g=0.000000e+00  ||x||=6.254886e-02  ||grad||=6.143485e+08  tau=1.083e-12  beta=9.881e-01
[iter  249/500] obj=9.379084e+06  f=9.379084e+06  g=0.000000e+00  ||x||=6.271120e-02  ||grad||=6.144239e+08  tau=1.083e-12  beta=9.882e-01
[iter  250/500] obj=9.380773e+06  f=9.380773e+06  g=0.000000e+00  ||x||=6.287319e-02  ||grad||=6.145007e+08  tau=1.083e-12  beta=9.882e-01
[iter  251/500] obj=9.382449e+06  f=9.382449e+06  g=0.000000e+00  ||x||=6.303483e-02  ||grad||=6.145779e+08  tau=1.083e-12  beta=9.882e-01
[iter  252/500] obj=9.384092e+06  f=9.384092e+06  g=0.000000e+00  ||x||=6.319612e-02  ||grad||=6.146512e+08  tau=1.083e-12  beta=9.883e-01
[iter  253/500] obj=9.385741e+06  f=9.385741e+06  g=0.000000e+00  ||x||=6.335705e-02  ||grad||=6.147245e+08  tau=1.083e-12  beta=9.883e-01
[iter  254/500] obj=9.387361e+06  f=9.387361e+06  g=0.000000e+00  ||x||=6.351764e-02  ||grad||=6.147948e+08  tau=1.083e-12  beta=9.884e-01
[iter  255/500] obj=9.388972e+06  f=9.388972e+06  g=0.000000e+00  ||x||=6.367788e-02  ||grad||=6.148650e+08  tau=1.083e-12  beta=9.884e-01
[iter  256/500] obj=9.390575e+06  f=9.390575e+06  g=0.000000e+00  ||x||=6.383777e-02  ||grad||=6.149344e+08  tau=1.083e-12  beta=9.885e-01
[iter  257/500] obj=9.392129e+06  f=9.392129e+06  g=0.000000e+00  ||x||=6.399731e-02  ||grad||=6.149987e+08  tau=1.083e-12  beta=9.885e-01
[iter  258/500] obj=9.393676e+06  f=9.393676e+06  g=0.000000e+00  ||x||=6.415651e-02  ||grad||=6.150612e+08  tau=1.083e-12  beta=9.886e-01
[iter  259/500] obj=9.395198e+06  f=9.395198e+06  g=0.000000e+00  ||x||=6.431536e-02  ||grad||=6.151215e+08  tau=1.083e-12  beta=9.886e-01
[iter  260/500] obj=9.396690e+06  f=9.396690e+06  g=0.000000e+00  ||x||=6.447387e-02  ||grad||=6.151786e+08  tau=1.083e-12  beta=9.886e-01
[iter  261/500] obj=9.398172e+06  f=9.398172e+06  g=0.000000e+00  ||x||=6.463205e-02  ||grad||=6.152349e+08  tau=1.083e-12  beta=9.887e-01
[iter  262/500] obj=9.399620e+06  f=9.399620e+06  g=0.000000e+00  ||x||=6.478988e-02  ||grad||=6.152890e+08  tau=1.083e-12  beta=9.887e-01
[iter  263/500] obj=9.401052e+06  f=9.401052e+06  g=0.000000e+00  ||x||=6.494738e-02  ||grad||=6.153409e+08  tau=1.083e-12  beta=9.888e-01
[iter  264/500] obj=9.402456e+06  f=9.402456e+06  g=0.000000e+00  ||x||=6.510454e-02  ||grad||=6.153900e+08  tau=1.083e-12  beta=9.888e-01
[iter  265/500] obj=9.403874e+06  f=9.403874e+06  g=0.000000e+00  ||x||=6.526137e-02  ||grad||=6.154399e+08  tau=1.083e-12  beta=9.889e-01
[iter  266/500] obj=9.405282e+06  f=9.405282e+06  g=0.000000e+00  ||x||=6.541786e-02  ||grad||=6.154907e+08  tau=1.083e-12  beta=9.889e-01
[iter  267/500] obj=9.406652e+06  f=9.406652e+06  g=0.000000e+00  ||x||=6.557404e-02  ||grad||=6.155373e+08  tau=1.083e-12  beta=9.889e-01
[iter  268/500] obj=9.408045e+06  f=9.408045e+06  g=0.000000e+00  ||x||=6.572988e-02  ||grad||=6.155868e+08  tau=1.083e-12  beta=9.890e-01
[iter  269/500] obj=9.409426e+06  f=9.409426e+06  g=0.000000e+00  ||x||=6.588539e-02  ||grad||=6.156356e+08  tau=1.083e-12  beta=9.890e-01
[iter  270/500] obj=9.410784e+06  f=9.410784e+06  g=0.000000e+00  ||x||=6.604059e-02  ||grad||=6.156819e+08  tau=1.083e-12  beta=9.891e-01
[iter  271/500] obj=9.412113e+06  f=9.412113e+06  g=0.000000e+00  ||x||=6.619547e-02  ||grad||=6.157263e+08  tau=1.083e-12  beta=9.891e-01
[iter  272/500] obj=9.413453e+06  f=9.413453e+06  g=0.000000e+00  ||x||=6.635001e-02  ||grad||=6.157713e+08  tau=1.083e-12  beta=9.891e-01
[iter  273/500] obj=9.414784e+06  f=9.414784e+06  g=0.000000e+00  ||x||=6.650425e-02  ||grad||=6.158154e+08  tau=1.083e-12  beta=9.892e-01
[iter  274/500] obj=9.416090e+06  f=9.416090e+06  g=0.000000e+00  ||x||=6.665817e-02  ||grad||=6.158598e+08  tau=1.083e-12  beta=9.892e-01
[iter  275/500] obj=9.417405e+06  f=9.417405e+06  g=0.000000e+00  ||x||=6.681177e-02  ||grad||=6.159049e+08  tau=1.083e-12  beta=9.893e-01
[iter  276/500] obj=9.418690e+06  f=9.418690e+06  g=0.000000e+00  ||x||=6.696506e-02  ||grad||=6.159464e+08  tau=1.083e-12  beta=9.893e-01
[iter  277/500] obj=9.419976e+06  f=9.419976e+06  g=0.000000e+00  ||x||=6.711803e-02  ||grad||=6.159878e+08  tau=1.083e-12  beta=9.893e-01
[iter  278/500] obj=9.421247e+06  f=9.421247e+06  g=0.000000e+00  ||x||=6.727070e-02  ||grad||=6.160283e+08  tau=1.083e-12  beta=9.894e-01
[iter  279/500] obj=9.422501e+06  f=9.422501e+06  g=0.000000e+00  ||x||=6.742307e-02  ||grad||=6.160682e+08  tau=1.083e-12  beta=9.894e-01
[iter  280/500] obj=9.423754e+06  f=9.423754e+06  g=0.000000e+00  ||x||=6.757513e-02  ||grad||=6.161095e+08  tau=1.083e-12  beta=9.894e-01
[iter  281/500] obj=9.425009e+06  f=9.425009e+06  g=0.000000e+00  ||x||=6.772688e-02  ||grad||=6.161525e+08  tau=1.083e-12  beta=9.895e-01
[iter  282/500] obj=9.426260e+06  f=9.426260e+06  g=0.000000e+00  ||x||=6.787834e-02  ||grad||=6.161947e+08  tau=1.083e-12  beta=9.895e-01
[iter  283/500] obj=9.427502e+06  f=9.427502e+06  g=0.000000e+00  ||x||=6.802949e-02  ||grad||=6.162369e+08  tau=1.083e-12  beta=9.896e-01
[iter  284/500] obj=9.428754e+06  f=9.428754e+06  g=0.000000e+00  ||x||=6.818034e-02  ||grad||=6.162792e+08  tau=1.083e-12  beta=9.896e-01
[iter  285/500] obj=9.429957e+06  f=9.429957e+06  g=0.000000e+00  ||x||=6.833089e-02  ||grad||=6.163174e+08  tau=1.083e-12  beta=9.896e-01
[iter  286/500] obj=9.431173e+06  f=9.431173e+06  g=0.000000e+00  ||x||=6.848115e-02  ||grad||=6.163567e+08  tau=1.083e-12  beta=9.897e-01
[iter  287/500] obj=9.432404e+06  f=9.432404e+06  g=0.000000e+00  ||x||=6.863112e-02  ||grad||=6.164001e+08  tau=1.083e-12  beta=9.897e-01
[iter  288/500] obj=9.433620e+06  f=9.433620e+06  g=0.000000e+00  ||x||=6.878079e-02  ||grad||=6.164415e+08  tau=1.083e-12  beta=9.897e-01
[iter  289/500] obj=9.434818e+06  f=9.434818e+06  g=0.000000e+00  ||x||=6.893017e-02  ||grad||=6.164796e+08  tau=1.083e-12  beta=9.898e-01
[iter  290/500] obj=9.436010e+06  f=9.436010e+06  g=0.000000e+00  ||x||=6.907926e-02  ||grad||=6.165188e+08  tau=1.083e-12  beta=9.898e-01
[iter  291/500] obj=9.437204e+06  f=9.437204e+06  g=0.000000e+00  ||x||=6.922806e-02  ||grad||=6.165596e+08  tau=1.083e-12  beta=9.898e-01
[iter  292/500] obj=9.438388e+06  f=9.438388e+06  g=0.000000e+00  ||x||=6.937657e-02  ||grad||=6.166002e+08  tau=1.083e-12  beta=9.899e-01
[iter  293/500] obj=9.439581e+06  f=9.439581e+06  g=0.000000e+00  ||x||=6.952479e-02  ||grad||=6.166409e+08  tau=1.083e-12  beta=9.899e-01
[iter  294/500] obj=9.440804e+06  f=9.440804e+06  g=0.000000e+00  ||x||=6.967273e-02  ||grad||=6.166856e+08  tau=1.083e-12  beta=9.899e-01
[iter  295/500] obj=9.442016e+06  f=9.442016e+06  g=0.000000e+00  ||x||=6.982037e-02  ||grad||=6.167316e+08  tau=1.083e-12  beta=9.900e-01
[iter  296/500] obj=9.443227e+06  f=9.443227e+06  g=0.000000e+00  ||x||=6.996774e-02  ||grad||=6.167782e+08  tau=1.083e-12  beta=9.900e-01
[iter  297/500] obj=9.444442e+06  f=9.444442e+06  g=0.000000e+00  ||x||=7.011481e-02  ||grad||=6.168265e+08  tau=1.083e-12  beta=9.900e-01
[iter  298/500] obj=9.445661e+06  f=9.445661e+06  g=0.000000e+00  ||x||=7.026161e-02  ||grad||=6.168764e+08  tau=1.083e-12  beta=9.901e-01
[iter  299/500] obj=9.446872e+06  f=9.446872e+06  g=0.000000e+00  ||x||=7.040811e-02  ||grad||=6.169256e+08  tau=1.083e-12  beta=9.901e-01
[iter  300/500] obj=9.448112e+06  f=9.448112e+06  g=0.000000e+00  ||x||=7.055433e-02  ||grad||=6.169791e+08  tau=1.083e-12  beta=9.901e-01
[iter  301/500] obj=9.449352e+06  f=9.449352e+06  g=0.000000e+00  ||x||=7.070026e-02  ||grad||=6.170332e+08  tau=1.083e-12  beta=9.902e-01
[iter  302/500] obj=9.450576e+06  f=9.450576e+06  g=0.000000e+00  ||x||=7.084590e-02  ||grad||=6.170852e+08  tau=1.083e-12  beta=9.902e-01
[iter  303/500] obj=9.451790e+06  f=9.451790e+06  g=0.000000e+00  ||x||=7.099126e-02  ||grad||=6.171363e+08  tau=1.083e-12  beta=9.902e-01
[iter  304/500] obj=9.452992e+06  f=9.452992e+06  g=0.000000e+00  ||x||=7.113633e-02  ||grad||=6.171869e+08  tau=1.083e-12  beta=9.903e-01
[iter  305/500] obj=9.454174e+06  f=9.454174e+06  g=0.000000e+00  ||x||=7.128111e-02  ||grad||=6.172346e+08  tau=1.083e-12  beta=9.903e-01
[iter  306/500] obj=9.455352e+06  f=9.455352e+06  g=0.000000e+00  ||x||=7.142560e-02  ||grad||=6.172821e+08  tau=1.083e-12  beta=9.903e-01
[iter  307/500] obj=9.456521e+06  f=9.456521e+06  g=0.000000e+00  ||x||=7.156981e-02  ||grad||=6.173318e+08  tau=1.083e-12  beta=9.904e-01
[iter  308/500] obj=9.457696e+06  f=9.457696e+06  g=0.000000e+00  ||x||=7.171373e-02  ||grad||=6.173793e+08  tau=1.083e-12  beta=9.904e-01
[iter  309/500] obj=9.458852e+06  f=9.458852e+06  g=0.000000e+00  ||x||=7.185736e-02  ||grad||=6.174253e+08  tau=1.083e-12  beta=9.904e-01
[iter  310/500] obj=9.460016e+06  f=9.460016e+06  g=0.000000e+00  ||x||=7.200070e-02  ||grad||=6.174737e+08  tau=1.083e-12  beta=9.905e-01
[iter  311/500] obj=9.461162e+06  f=9.461162e+06  g=0.000000e+00  ||x||=7.214376e-02  ||grad||=6.175203e+08  tau=1.083e-12  beta=9.905e-01
[iter  312/500] obj=9.462276e+06  f=9.462276e+06  g=0.000000e+00  ||x||=7.228654e-02  ||grad||=6.175642e+08  tau=1.083e-12  beta=9.905e-01
[iter  313/500] obj=9.463380e+06  f=9.463380e+06  g=0.000000e+00  ||x||=7.242902e-02  ||grad||=6.176063e+08  tau=1.083e-12  beta=9.905e-01
[iter  314/500] obj=9.464480e+06  f=9.464480e+06  g=0.000000e+00  ||x||=7.257122e-02  ||grad||=6.176479e+08  tau=1.083e-12  beta=9.906e-01
[iter  315/500] obj=9.465552e+06  f=9.465552e+06  g=0.000000e+00  ||x||=7.271313e-02  ||grad||=6.176869e+08  tau=1.083e-12  beta=9.906e-01
[iter  316/500] obj=9.466589e+06  f=9.466589e+06  g=0.000000e+00  ||x||=7.285476e-02  ||grad||=6.177228e+08  tau=1.083e-12  beta=9.906e-01
[iter  317/500] obj=9.467634e+06  f=9.467634e+06  g=0.000000e+00  ||x||=7.299611e-02  ||grad||=6.177590e+08  tau=1.083e-12  beta=9.907e-01
[iter  318/500] obj=9.468649e+06  f=9.468649e+06  g=0.000000e+00  ||x||=7.313717e-02  ||grad||=6.177930e+08  tau=1.083e-12  beta=9.907e-01
[iter  319/500] obj=9.469657e+06  f=9.469657e+06  g=0.000000e+00  ||x||=7.327795e-02  ||grad||=6.178270e+08  tau=1.083e-12  beta=9.907e-01
[iter  320/500] obj=9.470645e+06  f=9.470645e+06  g=0.000000e+00  ||x||=7.341845e-02  ||grad||=6.178596e+08  tau=1.083e-12  beta=9.908e-01
[iter  321/500] obj=9.471651e+06  f=9.471651e+06  g=0.000000e+00  ||x||=7.355867e-02  ||grad||=6.178927e+08  tau=1.083e-12  beta=9.908e-01
[iter  322/500] obj=9.472646e+06  f=9.472646e+06  g=0.000000e+00  ||x||=7.369862e-02  ||grad||=6.179250e+08  tau=1.083e-12  beta=9.908e-01
[iter  323/500] obj=9.473642e+06  f=9.473642e+06  g=0.000000e+00  ||x||=7.383829e-02  ||grad||=6.179576e+08  tau=1.083e-12  beta=9.908e-01
[iter  324/500] obj=9.474606e+06  f=9.474606e+06  g=0.000000e+00  ||x||=7.397768e-02  ||grad||=6.179876e+08  tau=1.083e-12  beta=9.909e-01
[iter  325/500] obj=9.475554e+06  f=9.475554e+06  g=0.000000e+00  ||x||=7.411680e-02  ||grad||=6.180162e+08  tau=1.083e-12  beta=9.909e-01
[iter  326/500] obj=9.476523e+06  f=9.476523e+06  g=0.000000e+00  ||x||=7.425565e-02  ||grad||=6.180460e+08  tau=1.083e-12  beta=9.909e-01
[iter  327/500] obj=9.477472e+06  f=9.477472e+06  g=0.000000e+00  ||x||=7.439421e-02  ||grad||=6.180756e+08  tau=1.083e-12  beta=9.909e-01
[iter  328/500] obj=9.478425e+06  f=9.478425e+06  g=0.000000e+00  ||x||=7.453251e-02  ||grad||=6.181055e+08  tau=1.083e-12  beta=9.910e-01
[iter  329/500] obj=9.479368e+06  f=9.479368e+06  g=0.000000e+00  ||x||=7.467054e-02  ||grad||=6.181347e+08  tau=1.083e-12  beta=9.910e-01
[iter  330/500] obj=9.480302e+06  f=9.480302e+06  g=0.000000e+00  ||x||=7.480829e-02  ||grad||=6.181633e+08  tau=1.083e-12  beta=9.910e-01
[iter  331/500] obj=9.481230e+06  f=9.481230e+06  g=0.000000e+00  ||x||=7.494579e-02  ||grad||=6.181911e+08  tau=1.083e-12  beta=9.911e-01
[iter  332/500] obj=9.482149e+06  f=9.482149e+06  g=0.000000e+00  ||x||=7.508301e-02  ||grad||=6.182189e+08  tau=1.083e-12  beta=9.911e-01
[iter  333/500] obj=9.483060e+06  f=9.483060e+06  g=0.000000e+00  ||x||=7.521996e-02  ||grad||=6.182467e+08  tau=1.083e-12  beta=9.911e-01
[iter  334/500] obj=9.483965e+06  f=9.483965e+06  g=0.000000e+00  ||x||=7.535665e-02  ||grad||=6.182739e+08  tau=1.083e-12  beta=9.911e-01
[iter  335/500] obj=9.484866e+06  f=9.484866e+06  g=0.000000e+00  ||x||=7.549307e-02  ||grad||=6.183004e+08  tau=1.083e-12  beta=9.912e-01
[iter  336/500] obj=9.485768e+06  f=9.485768e+06  g=0.000000e+00  ||x||=7.562924e-02  ||grad||=6.183289e+08  tau=1.083e-12  beta=9.912e-01
[iter  337/500] obj=9.486654e+06  f=9.486654e+06  g=0.000000e+00  ||x||=7.576514e-02  ||grad||=6.183559e+08  tau=1.083e-12  beta=9.912e-01
[iter  338/500] obj=9.487551e+06  f=9.487551e+06  g=0.000000e+00  ||x||=7.590078e-02  ||grad||=6.183845e+08  tau=1.083e-12  beta=9.912e-01
[iter  339/500] obj=9.488416e+06  f=9.488416e+06  g=0.000000e+00  ||x||=7.603616e-02  ||grad||=6.184103e+08  tau=1.083e-12  beta=9.913e-01
[iter  340/500] obj=9.489277e+06  f=9.489277e+06  g=0.000000e+00  ||x||=7.617127e-02  ||grad||=6.184359e+08  tau=1.083e-12  beta=9.913e-01
[iter  341/500] obj=9.490153e+06  f=9.490153e+06  g=0.000000e+00  ||x||=7.630613e-02  ||grad||=6.184634e+08  tau=1.083e-12  beta=9.913e-01
[iter  342/500] obj=9.491033e+06  f=9.491033e+06  g=0.000000e+00  ||x||=7.644073e-02  ||grad||=6.184918e+08  tau=1.083e-12  beta=9.913e-01
[iter  343/500] obj=9.491934e+06  f=9.491934e+06  g=0.000000e+00  ||x||=7.657508e-02  ||grad||=6.185217e+08  tau=1.083e-12  beta=9.914e-01
[iter  344/500] obj=9.492821e+06  f=9.492821e+06  g=0.000000e+00  ||x||=7.670916e-02  ||grad||=6.185513e+08  tau=1.083e-12  beta=9.914e-01
[iter  345/500] obj=9.493718e+06  f=9.493718e+06  g=0.000000e+00  ||x||=7.684299e-02  ||grad||=6.185822e+08  tau=1.083e-12  beta=9.914e-01
[iter  346/500] obj=9.494621e+06  f=9.494621e+06  g=0.000000e+00  ||x||=7.697656e-02  ||grad||=6.186151e+08  tau=1.083e-12  beta=9.914e-01
[iter  347/500] obj=9.495512e+06  f=9.495512e+06  g=0.000000e+00  ||x||=7.710987e-02  ||grad||=6.186468e+08  tau=1.083e-12  beta=9.915e-01
[iter  348/500] obj=9.496418e+06  f=9.496418e+06  g=0.000000e+00  ||x||=7.724293e-02  ||grad||=6.186803e+08  tau=1.083e-12  beta=9.915e-01
[iter  349/500] obj=9.497324e+06  f=9.497324e+06  g=0.000000e+00  ||x||=7.737573e-02  ||grad||=6.187135e+08  tau=1.083e-12  beta=9.915e-01
[iter  350/500] obj=9.498219e+06  f=9.498219e+06  g=0.000000e+00  ||x||=7.750827e-02  ||grad||=6.187464e+08  tau=1.083e-12  beta=9.915e-01
[iter  351/500] obj=9.499094e+06  f=9.499094e+06  g=0.000000e+00  ||x||=7.764056e-02  ||grad||=6.187775e+08  tau=1.083e-12  beta=9.916e-01
[iter  352/500] obj=9.499949e+06  f=9.499949e+06  g=0.000000e+00  ||x||=7.777259e-02  ||grad||=6.188071e+08  tau=1.083e-12  beta=9.916e-01
[iter  353/500] obj=9.500807e+06  f=9.500807e+06  g=0.000000e+00  ||x||=7.790436e-02  ||grad||=6.188372e+08  tau=1.083e-12  beta=9.916e-01
[iter  354/500] obj=9.501685e+06  f=9.501685e+06  g=0.000000e+00  ||x||=7.803588e-02  ||grad||=6.188693e+08  tau=1.083e-12  beta=9.916e-01
[iter  355/500] obj=9.502552e+06  f=9.502552e+06  g=0.000000e+00  ||x||=7.816714e-02  ||grad||=6.188998e+08  tau=1.083e-12  beta=9.917e-01
[iter  356/500] obj=9.503420e+06  f=9.503420e+06  g=0.000000e+00  ||x||=7.829815e-02  ||grad||=6.189311e+08  tau=1.083e-12  beta=9.917e-01
[iter  357/500] obj=9.504278e+06  f=9.504278e+06  g=0.000000e+00  ||x||=7.842890e-02  ||grad||=6.189619e+08  tau=1.083e-12  beta=9.917e-01
[iter  358/500] obj=9.505120e+06  f=9.505120e+06  g=0.000000e+00  ||x||=7.855940e-02  ||grad||=6.189916e+08  tau=1.083e-12  beta=9.917e-01
[iter  359/500] obj=9.505974e+06  f=9.505974e+06  g=0.000000e+00  ||x||=7.868964e-02  ||grad||=6.190223e+08  tau=1.083e-12  beta=9.917e-01
[iter  360/500] obj=9.506810e+06  f=9.506810e+06  g=0.000000e+00  ||x||=7.881963e-02  ||grad||=6.190519e+08  tau=1.083e-12  beta=9.918e-01
[iter  361/500] obj=9.507634e+06  f=9.507634e+06  g=0.000000e+00  ||x||=7.894936e-02  ||grad||=6.190800e+08  tau=1.083e-12  beta=9.918e-01
[iter  362/500] obj=9.508460e+06  f=9.508460e+06  g=0.000000e+00  ||x||=7.907885e-02  ||grad||=6.191079e+08  tau=1.083e-12  beta=9.918e-01
[iter  363/500] obj=9.509266e+06  f=9.509266e+06  g=0.000000e+00  ||x||=7.920807e-02  ||grad||=6.191337e+08  tau=1.083e-12  beta=9.918e-01
[iter  364/500] obj=9.510061e+06  f=9.510061e+06  g=0.000000e+00  ||x||=7.933704e-02  ||grad||=6.191593e+08  tau=1.083e-12  beta=9.919e-01
[iter  365/500] obj=9.510867e+06  f=9.510867e+06  g=0.000000e+00  ||x||=7.946576e-02  ||grad||=6.191854e+08  tau=1.083e-12  beta=9.919e-01
[iter  366/500] obj=9.511658e+06  f=9.511658e+06  g=0.000000e+00  ||x||=7.959423e-02  ||grad||=6.192100e+08  tau=1.083e-12  beta=9.919e-01
[iter  367/500] obj=9.512436e+06  f=9.512436e+06  g=0.000000e+00  ||x||=7.972245e-02  ||grad||=6.192336e+08  tau=1.083e-12  beta=9.919e-01
[iter  368/500] obj=9.513228e+06  f=9.513228e+06  g=0.000000e+00  ||x||=7.985041e-02  ||grad||=6.192584e+08  tau=1.083e-12  beta=9.919e-01
[iter  369/500] obj=9.514015e+06  f=9.514015e+06  g=0.000000e+00  ||x||=7.997812e-02  ||grad||=6.192849e+08  tau=1.083e-12  beta=9.920e-01
[iter  370/500] obj=9.514798e+06  f=9.514798e+06  g=0.000000e+00  ||x||=8.010559e-02  ||grad||=6.193100e+08  tau=1.083e-12  beta=9.920e-01
[iter  371/500] obj=9.515568e+06  f=9.515568e+06  g=0.000000e+00  ||x||=8.023280e-02  ||grad||=6.193328e+08  tau=1.083e-12  beta=9.920e-01
[iter  372/500] obj=9.516337e+06  f=9.516337e+06  g=0.000000e+00  ||x||=8.035976e-02  ||grad||=6.193569e+08  tau=1.083e-12  beta=9.920e-01
[iter  373/500] obj=9.517090e+06  f=9.517090e+06  g=0.000000e+00  ||x||=8.048648e-02  ||grad||=6.193791e+08  tau=1.083e-12  beta=9.921e-01
[iter  374/500] obj=9.517820e+06  f=9.517820e+06  g=0.000000e+00  ||x||=8.061295e-02  ||grad||=6.193983e+08  tau=1.083e-12  beta=9.921e-01
[iter  375/500] obj=9.518568e+06  f=9.518568e+06  g=0.000000e+00  ||x||=8.073916e-02  ||grad||=6.194194e+08  tau=1.083e-12  beta=9.921e-01
[iter  376/500] obj=9.519288e+06  f=9.519288e+06  g=0.000000e+00  ||x||=8.086514e-02  ||grad||=6.194381e+08  tau=1.083e-12  beta=9.921e-01
[iter  377/500] obj=9.520033e+06  f=9.520033e+06  g=0.000000e+00  ||x||=8.099087e-02  ||grad||=6.194588e+08  tau=1.083e-12  beta=9.921e-01
[iter  378/500] obj=9.520755e+06  f=9.520755e+06  g=0.000000e+00  ||x||=8.111635e-02  ||grad||=6.194781e+08  tau=1.083e-12  beta=9.922e-01
[iter  379/500] obj=9.521469e+06  f=9.521469e+06  g=0.000000e+00  ||x||=8.124159e-02  ||grad||=6.194954e+08  tau=1.083e-12  beta=9.922e-01
[iter  380/500] obj=9.522162e+06  f=9.522162e+06  g=0.000000e+00  ||x||=8.136658e-02  ||grad||=6.195107e+08  tau=1.083e-12  beta=9.922e-01
[iter  381/500] obj=9.522853e+06  f=9.522853e+06  g=0.000000e+00  ||x||=8.149134e-02  ||grad||=6.195263e+08  tau=1.083e-12  beta=9.922e-01
[iter  382/500] obj=9.523539e+06  f=9.523539e+06  g=0.000000e+00  ||x||=8.161584e-02  ||grad||=6.195409e+08  tau=1.083e-12  beta=9.922e-01
[iter  383/500] obj=9.524204e+06  f=9.524204e+06  g=0.000000e+00  ||x||=8.174011e-02  ||grad||=6.195538e+08  tau=1.083e-12  beta=9.923e-01
[iter  384/500] obj=9.524884e+06  f=9.524884e+06  g=0.000000e+00  ||x||=8.186414e-02  ||grad||=6.195670e+08  tau=1.083e-12  beta=9.923e-01
[iter  385/500] obj=9.525544e+06  f=9.525544e+06  g=0.000000e+00  ||x||=8.198794e-02  ||grad||=6.195793e+08  tau=1.083e-12  beta=9.923e-01
[iter  386/500] obj=9.526226e+06  f=9.526226e+06  g=0.000000e+00  ||x||=8.211149e-02  ||grad||=6.195949e+08  tau=1.083e-12  beta=9.923e-01
[iter  387/500] obj=9.526893e+06  f=9.526893e+06  g=0.000000e+00  ||x||=8.223481e-02  ||grad||=6.196095e+08  tau=1.083e-12  beta=9.923e-01
[iter  388/500] obj=9.527545e+06  f=9.527545e+06  g=0.000000e+00  ||x||=8.235789e-02  ||grad||=6.196234e+08  tau=1.083e-12  beta=9.924e-01
[iter  389/500] obj=9.528216e+06  f=9.528216e+06  g=0.000000e+00  ||x||=8.248074e-02  ||grad||=6.196380e+08  tau=1.083e-12  beta=9.924e-01
[iter  390/500] obj=9.528870e+06  f=9.528870e+06  g=0.000000e+00  ||x||=8.260335e-02  ||grad||=6.196520e+08  tau=1.083e-12  beta=9.924e-01
[iter  391/500] obj=9.529526e+06  f=9.529526e+06  g=0.000000e+00  ||x||=8.272573e-02  ||grad||=6.196669e+08  tau=1.083e-12  beta=9.924e-01
[iter  392/500] obj=9.530187e+06  f=9.530187e+06  g=0.000000e+00  ||x||=8.284787e-02  ||grad||=6.196812e+08  tau=1.083e-12  beta=9.924e-01
[iter  393/500] obj=9.530812e+06  f=9.530812e+06  g=0.000000e+00  ||x||=8.296979e-02  ||grad||=6.196933e+08  tau=1.083e-12  beta=9.925e-01
[iter  394/500] obj=9.531447e+06  f=9.531447e+06  g=0.000000e+00  ||x||=8.309148e-02  ||grad||=6.197073e+08  tau=1.083e-12  beta=9.925e-01
[iter  395/500] obj=9.532089e+06  f=9.532089e+06  g=0.000000e+00  ||x||=8.321293e-02  ||grad||=6.197206e+08  tau=1.083e-12  beta=9.925e-01
[iter  396/500] obj=9.532716e+06  f=9.532716e+06  g=0.000000e+00  ||x||=8.333415e-02  ||grad||=6.197341e+08  tau=1.083e-12  beta=9.925e-01
[iter  397/500] obj=9.533353e+06  f=9.533353e+06  g=0.000000e+00  ||x||=8.345514e-02  ||grad||=6.197497e+08  tau=1.083e-12  beta=9.925e-01
[iter  398/500] obj=9.533990e+06  f=9.533990e+06  g=0.000000e+00  ||x||=8.357590e-02  ||grad||=6.197636e+08  tau=1.083e-12  beta=9.925e-01
[iter  399/500] obj=9.534607e+06  f=9.534607e+06  g=0.000000e+00  ||x||=8.369644e-02  ||grad||=6.197758e+08  tau=1.083e-12  beta=9.926e-01
[iter  400/500] obj=9.535207e+06  f=9.535207e+06  g=0.000000e+00  ||x||=8.381675e-02  ||grad||=6.197872e+08  tau=1.083e-12  beta=9.926e-01
[iter  401/500] obj=9.535817e+06  f=9.535817e+06  g=0.000000e+00  ||x||=8.393683e-02  ||grad||=6.197987e+08  tau=1.083e-12  beta=9.926e-01
[iter  402/500] obj=9.536420e+06  f=9.536420e+06  g=0.000000e+00  ||x||=8.405670e-02  ||grad||=6.198104e+08  tau=1.083e-12  beta=9.926e-01
[iter  403/500] obj=9.537030e+06  f=9.537030e+06  g=0.000000e+00  ||x||=8.417633e-02  ||grad||=6.198216e+08  tau=1.083e-12  beta=9.926e-01
[iter  404/500] obj=9.537632e+06  f=9.537632e+06  g=0.000000e+00  ||x||=8.429574e-02  ||grad||=6.198335e+08  tau=1.083e-12  beta=9.927e-01
[iter  405/500] obj=9.538238e+06  f=9.538238e+06  g=0.000000e+00  ||x||=8.441494e-02  ||grad||=6.198456e+08  tau=1.083e-12  beta=9.927e-01
[iter  406/500] obj=9.538824e+06  f=9.538824e+06  g=0.000000e+00  ||x||=8.453390e-02  ||grad||=6.198557e+08  tau=1.083e-12  beta=9.927e-01
[iter  407/500] obj=9.539429e+06  f=9.539429e+06  g=0.000000e+00  ||x||=8.465265e-02  ||grad||=6.198690e+08  tau=1.083e-12  beta=9.927e-01
[iter  408/500] obj=9.540041e+06  f=9.540041e+06  g=0.000000e+00  ||x||=8.477117e-02  ||grad||=6.198825e+08  tau=1.083e-12  beta=9.927e-01
[iter  409/500] obj=9.540644e+06  f=9.540644e+06  g=0.000000e+00  ||x||=8.488948e-02  ||grad||=6.198966e+08  tau=1.083e-12  beta=9.927e-01
[iter  410/500] obj=9.541232e+06  f=9.541232e+06  g=0.000000e+00  ||x||=8.500757e-02  ||grad||=6.199085e+08  tau=1.083e-12  beta=9.928e-01
[iter  411/500] obj=9.541816e+06  f=9.541816e+06  g=0.000000e+00  ||x||=8.512543e-02  ||grad||=6.199207e+08  tau=1.083e-12  beta=9.928e-01
[iter  412/500] obj=9.542399e+06  f=9.542399e+06  g=0.000000e+00  ||x||=8.524308e-02  ||grad||=6.199331e+08  tau=1.083e-12  beta=9.928e-01
[iter  413/500] obj=9.542982e+06  f=9.542982e+06  g=0.000000e+00  ||x||=8.536050e-02  ||grad||=6.199451e+08  tau=1.083e-12  beta=9.928e-01
[iter  414/500] obj=9.543546e+06  f=9.543546e+06  g=0.000000e+00  ||x||=8.547772e-02  ||grad||=6.199559e+08  tau=1.083e-12  beta=9.928e-01
[iter  415/500] obj=9.544109e+06  f=9.544109e+06  g=0.000000e+00  ||x||=8.559472e-02  ||grad||=6.199660e+08  tau=1.083e-12  beta=9.928e-01
[iter  416/500] obj=9.544678e+06  f=9.544678e+06  g=0.000000e+00  ||x||=8.571150e-02  ||grad||=6.199775e+08  tau=1.083e-12  beta=9.929e-01
[iter  417/500] obj=9.545251e+06  f=9.545251e+06  g=0.000000e+00  ||x||=8.582807e-02  ||grad||=6.199887e+08  tau=1.083e-12  beta=9.929e-01
[iter  418/500] obj=9.545806e+06  f=9.545806e+06  g=0.000000e+00  ||x||=8.594442e-02  ||grad||=6.199991e+08  tau=1.083e-12  beta=9.929e-01
[iter  419/500] obj=9.546358e+06  f=9.546358e+06  g=0.000000e+00  ||x||=8.606056e-02  ||grad||=6.200102e+08  tau=1.083e-12  beta=9.929e-01
[iter  420/500] obj=9.546915e+06  f=9.546915e+06  g=0.000000e+00  ||x||=8.617648e-02  ||grad||=6.200213e+08  tau=1.083e-12  beta=9.929e-01
[iter  421/500] obj=9.547474e+06  f=9.547474e+06  g=0.000000e+00  ||x||=8.629219e-02  ||grad||=6.200348e+08  tau=1.083e-12  beta=9.929e-01
[iter  422/500] obj=9.548055e+06  f=9.548055e+06  g=0.000000e+00  ||x||=8.640770e-02  ||grad||=6.200495e+08  tau=1.083e-12  beta=9.930e-01
[iter  423/500] obj=9.548631e+06  f=9.548631e+06  g=0.000000e+00  ||x||=8.652299e-02  ||grad||=6.200636e+08  tau=1.083e-12  beta=9.930e-01
[iter  424/500] obj=9.549214e+06  f=9.549214e+06  g=0.000000e+00  ||x||=8.663806e-02  ||grad||=6.200790e+08  tau=1.083e-12  beta=9.930e-01
[iter  425/500] obj=9.549800e+06  f=9.549800e+06  g=0.000000e+00  ||x||=8.675294e-02  ||grad||=6.200948e+08  tau=1.083e-12  beta=9.930e-01
[iter  426/500] obj=9.550378e+06  f=9.550378e+06  g=0.000000e+00  ||x||=8.686759e-02  ||grad||=6.201105e+08  tau=1.083e-12  beta=9.930e-01
[iter  427/500] obj=9.550940e+06  f=9.550940e+06  g=0.000000e+00  ||x||=8.698203e-02  ||grad||=6.201245e+08  tau=1.083e-12  beta=9.930e-01
[iter  428/500] obj=9.551504e+06  f=9.551504e+06  g=0.000000e+00  ||x||=8.709627e-02  ||grad||=6.201390e+08  tau=1.083e-12  beta=9.931e-01
[iter  429/500] obj=9.552066e+06  f=9.552066e+06  g=0.000000e+00  ||x||=8.721028e-02  ||grad||=6.201526e+08  tau=1.083e-12  beta=9.931e-01
[iter  430/500] obj=9.552622e+06  f=9.552622e+06  g=0.000000e+00  ||x||=8.732410e-02  ||grad||=6.201672e+08  tau=1.083e-12  beta=9.931e-01
[iter  431/500] obj=9.553179e+06  f=9.553179e+06  g=0.000000e+00  ||x||=8.743770e-02  ||grad||=6.201818e+08  tau=1.083e-12  beta=9.931e-01
[iter  432/500] obj=9.553724e+06  f=9.553724e+06  g=0.000000e+00  ||x||=8.755109e-02  ||grad||=6.201955e+08  tau=1.083e-12  beta=9.931e-01
[iter  433/500] obj=9.554270e+06  f=9.554270e+06  g=0.000000e+00  ||x||=8.766427e-02  ||grad||=6.202095e+08  tau=1.083e-12  beta=9.931e-01
[iter  434/500] obj=9.554822e+06  f=9.554822e+06  g=0.000000e+00  ||x||=8.777724e-02  ||grad||=6.202237e+08  tau=1.083e-12  beta=9.932e-01
[iter  435/500] obj=9.555384e+06  f=9.555384e+06  g=0.000000e+00  ||x||=8.789001e-02  ||grad||=6.202394e+08  tau=1.083e-12  beta=9.932e-01
[iter  436/500] obj=9.555933e+06  f=9.555933e+06  g=0.000000e+00  ||x||=8.800256e-02  ||grad||=6.202543e+08  tau=1.083e-12  beta=9.932e-01
[iter  437/500] obj=9.556491e+06  f=9.556491e+06  g=0.000000e+00  ||x||=8.811491e-02  ||grad||=6.202689e+08  tau=1.083e-12  beta=9.932e-01
[iter  438/500] obj=9.557032e+06  f=9.557032e+06  g=0.000000e+00  ||x||=8.822705e-02  ||grad||=6.202827e+08  tau=1.083e-12  beta=9.932e-01
[iter  439/500] obj=9.557582e+06  f=9.557582e+06  g=0.000000e+00  ||x||=8.833898e-02  ||grad||=6.202967e+08  tau=1.083e-12  beta=9.932e-01
[iter  440/500] obj=9.558116e+06  f=9.558116e+06  g=0.000000e+00  ||x||=8.845070e-02  ||grad||=6.203100e+08  tau=1.083e-12  beta=9.933e-01
[iter  441/500] obj=9.558642e+06  f=9.558642e+06  g=0.000000e+00  ||x||=8.856221e-02  ||grad||=6.203228e+08  tau=1.083e-12  beta=9.933e-01
[iter  442/500] obj=9.559176e+06  f=9.559176e+06  g=0.000000e+00  ||x||=8.867352e-02  ||grad||=6.203361e+08  tau=1.083e-12  beta=9.933e-01
[iter  443/500] obj=9.559704e+06  f=9.559704e+06  g=0.000000e+00  ||x||=8.878462e-02  ||grad||=6.203480e+08  tau=1.083e-12  beta=9.933e-01
[iter  444/500] obj=9.560245e+06  f=9.560245e+06  g=0.000000e+00  ||x||=8.889551e-02  ||grad||=6.203617e+08  tau=1.083e-12  beta=9.933e-01
[iter  445/500] obj=9.560770e+06  f=9.560770e+06  g=0.000000e+00  ||x||=8.900619e-02  ||grad||=6.203750e+08  tau=1.083e-12  beta=9.933e-01
[iter  446/500] obj=9.561295e+06  f=9.561295e+06  g=0.000000e+00  ||x||=8.911667e-02  ||grad||=6.203877e+08  tau=1.083e-12  beta=9.933e-01
[iter  447/500] obj=9.561824e+06  f=9.561824e+06  g=0.000000e+00  ||x||=8.922695e-02  ||grad||=6.204010e+08  tau=1.083e-12  beta=9.934e-01
[iter  448/500] obj=9.562341e+06  f=9.562341e+06  g=0.000000e+00  ||x||=8.933701e-02  ||grad||=6.204140e+08  tau=1.083e-12  beta=9.934e-01
[iter  449/500] obj=9.562874e+06  f=9.562874e+06  g=0.000000e+00  ||x||=8.944687e-02  ||grad||=6.204285e+08  tau=1.083e-12  beta=9.934e-01
[iter  450/500] obj=9.563418e+06  f=9.563418e+06  g=0.000000e+00  ||x||=8.955652e-02  ||grad||=6.204435e+08  tau=1.083e-12  beta=9.934e-01
[iter  451/500] obj=9.563954e+06  f=9.563954e+06  g=0.000000e+00  ||x||=8.966597e-02  ||grad||=6.204577e+08  tau=1.083e-12  beta=9.934e-01
[iter  452/500] obj=9.564476e+06  f=9.564476e+06  g=0.000000e+00  ||x||=8.977521e-02  ||grad||=6.204714e+08  tau=1.083e-12  beta=9.934e-01
[iter  453/500] obj=9.565004e+06  f=9.565004e+06  g=0.000000e+00  ||x||=8.988424e-02  ||grad||=6.204850e+08  tau=1.083e-12  beta=9.934e-01
[iter  454/500] obj=9.565534e+06  f=9.565534e+06  g=0.000000e+00  ||x||=8.999307e-02  ||grad||=6.204995e+08  tau=1.083e-12  beta=9.935e-01
[iter  455/500] obj=9.566062e+06  f=9.566062e+06  g=0.000000e+00  ||x||=9.010170e-02  ||grad||=6.205151e+08  tau=1.083e-12  beta=9.935e-01
[iter  456/500] obj=9.566571e+06  f=9.566571e+06  g=0.000000e+00  ||x||=9.021012e-02  ||grad||=6.205283e+08  tau=1.083e-12  beta=9.935e-01
[iter  457/500] obj=9.567086e+06  f=9.567086e+06  g=0.000000e+00  ||x||=9.031832e-02  ||grad||=6.205418e+08  tau=1.083e-12  beta=9.935e-01
[iter  458/500] obj=9.567582e+06  f=9.567582e+06  g=0.000000e+00  ||x||=9.042633e-02  ||grad||=6.205541e+08  tau=1.083e-12  beta=9.935e-01
[iter  459/500] obj=9.568082e+06  f=9.568082e+06  g=0.000000e+00  ||x||=9.053413e-02  ||grad||=6.205664e+08  tau=1.083e-12  beta=9.935e-01
[iter  460/500] obj=9.568585e+06  f=9.568585e+06  g=0.000000e+00  ||x||=9.064172e-02  ||grad||=6.205786e+08  tau=1.083e-12  beta=9.935e-01
[iter  461/500] obj=9.569078e+06  f=9.569078e+06  g=0.000000e+00  ||x||=9.074911e-02  ||grad||=6.205907e+08  tau=1.083e-12  beta=9.936e-01
[iter  462/500] obj=9.569574e+06  f=9.569574e+06  g=0.000000e+00  ||x||=9.085629e-02  ||grad||=6.206031e+08  tau=1.083e-12  beta=9.936e-01
[iter  463/500] obj=9.570059e+06  f=9.570059e+06  g=0.000000e+00  ||x||=9.096327e-02  ||grad||=6.206146e+08  tau=1.083e-12  beta=9.936e-01
[iter  464/500] obj=9.570561e+06  f=9.570561e+06  g=0.000000e+00  ||x||=9.107005e-02  ||grad||=6.206276e+08  tau=1.083e-12  beta=9.936e-01
[iter  465/500] obj=9.571041e+06  f=9.571041e+06  g=0.000000e+00  ||x||=9.117661e-02  ||grad||=6.206387e+08  tau=1.083e-12  beta=9.936e-01
[iter  466/500] obj=9.571515e+06  f=9.571515e+06  g=0.000000e+00  ||x||=9.128298e-02  ||grad||=6.206484e+08  tau=1.083e-12  beta=9.936e-01
[iter  467/500] obj=9.571980e+06  f=9.571980e+06  g=0.000000e+00  ||x||=9.138914e-02  ||grad||=6.206584e+08  tau=1.083e-12  beta=9.936e-01
[iter  468/500] obj=9.572461e+06  f=9.572461e+06  g=0.000000e+00  ||x||=9.149510e-02  ||grad||=6.206700e+08  tau=1.083e-12  beta=9.937e-01
[iter  469/500] obj=9.572942e+06  f=9.572942e+06  g=0.000000e+00  ||x||=9.160085e-02  ||grad||=6.206812e+08  tau=1.083e-12  beta=9.937e-01
[iter  470/500] obj=9.573415e+06  f=9.573415e+06  g=0.000000e+00  ||x||=9.170640e-02  ||grad||=6.206923e+08  tau=1.083e-12  beta=9.937e-01
[iter  471/500] obj=9.573886e+06  f=9.573886e+06  g=0.000000e+00  ||x||=9.181174e-02  ||grad||=6.207025e+08  tau=1.083e-12  beta=9.937e-01
[iter  472/500] obj=9.574363e+06  f=9.574363e+06  g=0.000000e+00  ||x||=9.191689e-02  ||grad||=6.207127e+08  tau=1.083e-12  beta=9.937e-01
[iter  473/500] obj=9.574824e+06  f=9.574824e+06  g=0.000000e+00  ||x||=9.202183e-02  ||grad||=6.207219e+08  tau=1.083e-12  beta=9.937e-01
[iter  474/500] obj=9.575284e+06  f=9.575284e+06  g=0.000000e+00  ||x||=9.212656e-02  ||grad||=6.207299e+08  tau=1.083e-12  beta=9.937e-01
[iter  475/500] obj=9.575731e+06  f=9.575731e+06  g=0.000000e+00  ||x||=9.223110e-02  ||grad||=6.207372e+08  tau=1.083e-12  beta=9.937e-01
[iter  476/500] obj=9.576168e+06  f=9.576168e+06  g=0.000000e+00  ||x||=9.233543e-02  ||grad||=6.207442e+08  tau=1.083e-12  beta=9.938e-01
[iter  477/500] obj=9.576597e+06  f=9.576597e+06  g=0.000000e+00  ||x||=9.243957e-02  ||grad||=6.207510e+08  tau=1.083e-12  beta=9.938e-01
[iter  478/500] obj=9.577016e+06  f=9.577016e+06  g=0.000000e+00  ||x||=9.254351e-02  ||grad||=6.207551e+08  tau=1.083e-12  beta=9.938e-01
[iter  479/500] obj=9.577435e+06  f=9.577435e+06  g=0.000000e+00  ||x||=9.264723e-02  ||grad||=6.207585e+08  tau=1.083e-12  beta=9.938e-01
[iter  480/500] obj=9.577840e+06  f=9.577840e+06  g=0.000000e+00  ||x||=9.275077e-02  ||grad||=6.207610e+08  tau=1.083e-12  beta=9.938e-01
[iter  481/500] obj=9.578239e+06  f=9.578239e+06  g=0.000000e+00  ||x||=9.285410e-02  ||grad||=6.207633e+08  tau=1.083e-12  beta=9.938e-01
[iter  482/500] obj=9.578635e+06  f=9.578635e+06  g=0.000000e+00  ||x||=9.295725e-02  ||grad||=6.207653e+08  tau=1.083e-12  beta=9.938e-01
[iter  483/500] obj=9.579030e+06  f=9.579030e+06  g=0.000000e+00  ||x||=9.306019e-02  ||grad||=6.207668e+08  tau=1.083e-12  beta=9.938e-01
[iter  484/500] obj=9.579413e+06  f=9.579413e+06  g=0.000000e+00  ||x||=9.316293e-02  ||grad||=6.207674e+08  tau=1.083e-12  beta=9.939e-01
[iter  485/500] obj=9.579794e+06  f=9.579794e+06  g=0.000000e+00  ||x||=9.326549e-02  ||grad||=6.207683e+08  tau=1.083e-12  beta=9.939e-01
[iter  486/500] obj=9.580167e+06  f=9.580167e+06  g=0.000000e+00  ||x||=9.336784e-02  ||grad||=6.207684e+08  tau=1.083e-12  beta=9.939e-01
[iter  487/500] obj=9.580542e+06  f=9.580542e+06  g=0.000000e+00  ||x||=9.347001e-02  ||grad||=6.207678e+08  tau=1.083e-12  beta=9.939e-01
[iter  488/500] obj=9.580914e+06  f=9.580914e+06  g=0.000000e+00  ||x||=9.357198e-02  ||grad||=6.207682e+08  tau=1.083e-12  beta=9.939e-01
[iter  489/500] obj=9.581290e+06  f=9.581290e+06  g=0.000000e+00  ||x||=9.367376e-02  ||grad||=6.207684e+08  tau=1.083e-12  beta=9.939e-01
[iter  490/500] obj=9.581662e+06  f=9.581662e+06  g=0.000000e+00  ||x||=9.377535e-02  ||grad||=6.207688e+08  tau=1.083e-12  beta=9.939e-01
[iter  491/500] obj=9.582028e+06  f=9.582028e+06  g=0.000000e+00  ||x||=9.387675e-02  ||grad||=6.207697e+08  tau=1.083e-12  beta=9.939e-01
[iter  492/500] obj=9.582380e+06  f=9.582380e+06  g=0.000000e+00  ||x||=9.397795e-02  ||grad||=6.207683e+08  tau=1.083e-12  beta=9.940e-01
[iter  493/500] obj=9.582734e+06  f=9.582734e+06  g=0.000000e+00  ||x||=9.407898e-02  ||grad||=6.207674e+08  tau=1.083e-12  beta=9.940e-01
[iter  494/500] obj=9.583096e+06  f=9.583096e+06  g=0.000000e+00  ||x||=9.417981e-02  ||grad||=6.207667e+08  tau=1.083e-12  beta=9.940e-01
[iter  495/500] obj=9.583472e+06  f=9.583472e+06  g=0.000000e+00  ||x||=9.428046e-02  ||grad||=6.207677e+08  tau=1.083e-12  beta=9.940e-01
[iter  496/500] obj=9.583836e+06  f=9.583836e+06  g=0.000000e+00  ||x||=9.438092e-02  ||grad||=6.207686e+08  tau=1.083e-12  beta=9.940e-01
[iter  497/500] obj=9.584185e+06  f=9.584185e+06  g=0.000000e+00  ||x||=9.448119e-02  ||grad||=6.207670e+08  tau=1.083e-12  beta=9.940e-01
[iter  498/500] obj=9.584528e+06  f=9.584528e+06  g=0.000000e+00  ||x||=9.458128e-02  ||grad||=6.207661e+08  tau=1.083e-12  beta=9.940e-01
[iter  499/500] obj=9.584890e+06  f=9.584890e+06  g=0.000000e+00  ||x||=9.468118e-02  ||grad||=6.207670e+08  tau=1.083e-12  beta=9.940e-01
[iter  500/500] obj=9.585252e+06  f=9.585252e+06  g=0.000000e+00  ||x||=9.478091e-02  ||grad||=6.207689e+08  tau=1.083e-12  beta=9.941e-01
All outputs saved in: /work3/msaca/textomo_run_007

------------------------------------------------------------
Sender: LSF System <lsfadmin@hpc.dtu.dk>
Subject: Job 27595946: <TextureTomography> in cluster <dcc> Done

Job <TextureTomography> was submitted from host <gbarlogin1> by user <msaca> in cluster <dcc> at Mon Jan 12 10:28:44 2026
Job was executed on host(s) <8*n-62-12-24>, in queue <gpua100>, as user <msaca> in cluster <dcc> at Mon Jan 12 10:28:46 2026
</zhome/71/c/146676> was used as the home directory.
</zhome/71/c/146676/texture_tomography/jobscripts> was used as the working directory.
Started at Mon Jan 12 10:28:46 2026
Terminated at Mon Jan 12 11:08:01 2026
Results reported at Mon Jan 12 11:08:01 2026

Your job looked like:

------------------------------------------------------------
# LSBATCH: User input
#!/bin/bash
#BSUB -J TextureTomography
#BSUB -q gpua100
#BSUB -gpu "num=1:mode=exclusive_process"
#BSUB -n 8
#BSUB -R "span[hosts=1]"
#BSUB -R "rusage[mem=2000]"        # 40 GB host RAM
#BSUB -M 2000                      # hard memory limit
#BSUB -W 15:00
#BSUB -oo log/%J.out
#BSUB -eo error/%J.err

# initialize conda
export PATH="/zhome/71/c/146676/miniconda3/bin:$PATH"
source /zhome/71/c/146676/miniconda3/etc/profile.d/conda.sh

conda activate cil

python ../scripts/textomo1.py

------------------------------------------------------------

Successfully completed.

Resource usage summary:

    CPU time :                                   2396.41 sec.
    Max Memory :                                 4097 MB
    Average Memory :                             3537.16 MB
    Total Requested Memory :                     16000.00 MB
    Delta Memory :                               11903.00 MB
    Max Swap :                                   -
    Max Processes :                              5
    Max Threads :                                20
    Run time :                                   2368 sec.
    Turnaround time :                            2357 sec.

The output (if any) is above this job summary.



PS:

Read file <error/27595946.err> for stderr output of this job.

