INFO:Setting the number of threads to 8. If your physical cores are fewer than this number, you may want to use numba.set_num_threads(n), and os.environ["OPENBLAS_NUM_THREADS"] = f"{n}" to set the number of threads to the number of physical cores n.
INFO:Setting numba log level to WARNING.
Saving results to: /work3/msaca/textomo_run_003

=== OpenCL buffer allocation summary ===
coeffs_sino_F                 : shape=(148x500x596),   168.24 MB
coeffs_sino_C                 : shape=(500x148x596),   168.24 MB
_coeffs_batch_F               : shape=(148x148x596),    49.80 MB
_basis_batch_kmax             : shape=(500x596x180x5),  1023.10 MB
_basis_batch_transpose_kmax   : shape=(500x900x596),  1023.10 MB
_grid_inv_kmax                : shape=(596x9),     0.02 MB
_inv_sigma2_kmax              : shape=(596),     0.00 MB
_norm_factor_kmax             : shape=(596),     0.00 MB
---------------------------------------
TOTAL GPU buffer memory:  2432.52 MB
=======================================

[power 01] L_est=5.916814e+07  ||z||=2.297981e+09
[power 02] L_est=9.983800e+11  ||z||=1.718804e+12
[power 03] L_est=4.300891e+12  ||z||=4.726432e+12
[power 04] L_est=6.185920e+12  ||z||=6.852175e+12
[power 05] L_est=9.304942e+12  ||z||=1.003541e+13
[power 06] L_est=1.180508e+13  ||z||=1.205857e+13
[power 07] L_est=1.255654e+13  ||z||=1.260950e+13
[power 08] L_est=1.270909e+13  ||z||=1.271919e+13
[power 09] L_est=1.273816e+13  ||z||=1.274011e+13
[power 10] L_est=1.274380e+13  ||z||=1.274419e+13
[power 11] L_est=1.274493e+13  ||z||=1.274501e+13
[power 12] L_est=1.274516e+13  ||z||=1.274518e+13
[power 13] L_est=1.274521e+13  ||z||=1.274522e+13
[power 14] L_est=1.274523e+13  ||z||=1.274523e+13
[power 15] L_est=1.274523e+13  ||z||=1.274523e+13
[power 16] L_est=1.274523e+13  ||z||=1.274523e+13
[power 17] L_est=1.274523e+13  ||z||=1.274523e+13
[power 18] L_est=1.274523e+13  ||z||=1.274523e+13
[power 19] L_est=1.274523e+13  ||z||=1.274523e+13
[power 20] L_est=1.274523e+13  ||z||=1.274523e+13
[iter    1/500] obj=1.110572e+08  f=1.107525e+08  g=3.047343e+05  ||x||=1.847932e-04  ||grad||=6.367153e+09  tau=7.133e-14  beta=0.000e+00
[iter    2/500] obj=1.105560e+08  f=1.100004e+08  g=5.555991e+05  ||x||=3.459062e-04  ||grad||=6.022175e+09  tau=7.133e-14  beta=2.818e-01
[iter    3/500] obj=1.100690e+08  f=1.092403e+08  g=8.287091e+05  ||x||=5.306074e-04  ||grad||=5.694995e+09  tau=7.133e-14  beta=4.340e-01
[iter    4/500] obj=1.096175e+08  f=1.085078e+08  g=1.109615e+06  ||x||=7.314903e-04  ||grad||=5.401668e+09  tau=7.133e-14  beta=5.311e-01
[iter    5/500] obj=1.092048e+08  f=1.078156e+08  g=1.389206e+06  ||x||=9.435573e-04  ||grad||=5.143797e+09  tau=7.133e-14  beta=5.988e-01
[iter    6/500] obj=1.088281e+08  f=1.071662e+08  g=1.661866e+06  ||x||=1.163397e-03  ||grad||=4.917776e+09  tau=7.133e-14  beta=6.489e-01
[iter    7/500] obj=1.084833e+08  f=1.065591e+08  g=1.924209e+06  ||x||=1.388619e-03  ||grad||=4.718905e+09  tau=7.133e-14  beta=6.876e-01
[iter    8/500] obj=1.081666e+08  f=1.059924e+08  g=2.174245e+06  ||x||=1.617493e-03  ||grad||=4.543005e+09  tau=7.133e-14  beta=7.185e-01
[iter    9/500] obj=1.078746e+08  f=1.054636e+08  g=2.410989e+06  ||x||=1.848733e-03  ||grad||=4.386776e+09  tau=7.133e-14  beta=7.437e-01
[iter   10/500] obj=1.076046e+08  f=1.049705e+08  g=2.634141e+06  ||x||=2.081349e-03  ||grad||=4.247521e+09  tau=7.133e-14  beta=7.647e-01
[iter   11/500] obj=1.073542e+08  f=1.045104e+08  g=2.843804e+06  ||x||=2.314550e-03  ||grad||=4.123054e+09  tau=7.133e-14  beta=7.824e-01
[iter   12/500] obj=1.071214e+08  f=1.040810e+08  g=3.040373e+06  ||x||=2.547717e-03  ||grad||=4.011582e+09  tau=7.133e-14  beta=7.976e-01
[iter   13/500] obj=1.069040e+08  f=1.036796e+08  g=3.224433e+06  ||x||=2.780375e-03  ||grad||=3.911510e+09  tau=7.133e-14  beta=8.108e-01
[iter   14/500] obj=1.067006e+08  f=1.033039e+08  g=3.396693e+06  ||x||=3.012158e-03  ||grad||=3.821495e+09  tau=7.133e-14  beta=8.224e-01
[iter   15/500] obj=1.065096e+08  f=1.029517e+08  g=3.557897e+06  ||x||=3.242796e-03  ||grad||=3.740307e+09  tau=7.133e-14  beta=8.326e-01
[iter   16/500] obj=1.063297e+08  f=1.026208e+08  g=3.708851e+06  ||x||=3.472093e-03  ||grad||=3.666888e+09  tau=7.133e-14  beta=8.417e-01
[iter   17/500] obj=1.061599e+08  f=1.023096e+08  g=3.850338e+06  ||x||=3.699904e-03  ||grad||=3.600304e+09  tau=7.133e-14  beta=8.498e-01
[iter   18/500] obj=1.059994e+08  f=1.020163e+08  g=3.983114e+06  ||x||=3.926120e-03  ||grad||=3.539749e+09  tau=7.133e-14  beta=8.571e-01
[iter   19/500] obj=1.058473e+08  f=1.017394e+08  g=4.107900e+06  ||x||=4.150664e-03  ||grad||=3.484509e+09  tau=7.133e-14  beta=8.638e-01
[iter   20/500] obj=1.057029e+08  f=1.014775e+08  g=4.225330e+06  ||x||=4.373476e-03  ||grad||=3.433978e+09  tau=7.133e-14  beta=8.698e-01
[iter   21/500] obj=1.055656e+08  f=1.012296e+08  g=4.336004e+06  ||x||=4.594514e-03  ||grad||=3.387627e+09  tau=7.133e-14  beta=8.754e-01
[iter   22/500] obj=1.054349e+08  f=1.009944e+08  g=4.440471e+06  ||x||=4.813752e-03  ||grad||=3.344983e+09  tau=7.133e-14  beta=8.804e-01
[iter   23/500] obj=1.053103e+08  f=1.007711e+08  g=4.539238e+06  ||x||=5.031170e-03  ||grad||=3.305657e+09  tau=7.133e-14  beta=8.851e-01
[iter   24/500] obj=1.051914e+08  f=1.005586e+08  g=4.632765e+06  ||x||=5.246759e-03  ||grad||=3.269286e+09  tau=7.133e-14  beta=8.894e-01
[iter   25/500] obj=1.050778e+08  f=1.003563e+08  g=4.721463e+06  ||x||=5.460513e-03  ||grad||=3.235554e+09  tau=7.133e-14  beta=8.934e-01
[iter   26/500] obj=1.049691e+08  f=1.001634e+08  g=4.805700e+06  ||x||=5.672433e-03  ||grad||=3.204189e+09  tau=7.133e-14  beta=8.971e-01
[iter   27/500] obj=1.048650e+08  f=9.997917e+07  g=4.885791e+06  ||x||=5.882525e-03  ||grad||=3.174937e+09  tau=7.133e-14  beta=9.006e-01
[iter   28/500] obj=1.047651e+08  f=9.980310e+07  g=4.962052e+06  ||x||=6.090805e-03  ||grad||=3.147592e+09  tau=7.133e-14  beta=9.038e-01
[iter   29/500] obj=1.046694e+08  f=9.963460e+07  g=5.034759e+06  ||x||=6.297289e-03  ||grad||=3.121979e+09  tau=7.133e-14  beta=9.069e-01
[iter   30/500] obj=1.045773e+08  f=9.947318e+07  g=5.104153e+06  ||x||=6.501996e-03  ||grad||=3.097954e+09  tau=7.133e-14  beta=9.097e-01
[iter   31/500] obj=1.044888e+08  f=9.931839e+07  g=5.170445e+06  ||x||=6.704950e-03  ||grad||=3.075351e+09  tau=7.133e-14  beta=9.124e-01
[iter   32/500] obj=1.044036e+08  f=9.916978e+07  g=5.233848e+06  ||x||=6.906183e-03  ||grad||=3.054040e+09  tau=7.133e-14  beta=9.149e-01
[iter   33/500] obj=1.043216e+08  f=9.902702e+07  g=5.294559e+06  ||x||=7.105722e-03  ||grad||=3.033939e+09  tau=7.133e-14  beta=9.173e-01
[iter   34/500] obj=1.042425e+08  f=9.888973e+07  g=5.352757e+06  ||x||=7.303597e-03  ||grad||=3.014931e+09  tau=7.133e-14  beta=9.195e-01
[iter   35/500] obj=1.041662e+08  f=9.875757e+07  g=5.408596e+06  ||x||=7.499838e-03  ||grad||=2.996929e+09  tau=7.133e-14  beta=9.217e-01
[iter   36/500] obj=1.040925e+08  f=9.863028e+07  g=5.462227e+06  ||x||=7.694476e-03  ||grad||=2.979865e+09  tau=7.133e-14  beta=9.237e-01
[iter   37/500] obj=1.040213e+08  f=9.850756e+07  g=5.513780e+06  ||x||=7.887542e-03  ||grad||=2.963650e+09  tau=7.133e-14  beta=9.256e-01
[iter   38/500] obj=1.039525e+08  f=9.838917e+07  g=5.563360e+06  ||x||=8.079068e-03  ||grad||=2.948215e+09  tau=7.133e-14  beta=9.274e-01
[iter   39/500] obj=1.038859e+08  f=9.827486e+07  g=5.611076e+06  ||x||=8.269086e-03  ||grad||=2.933521e+09  tau=7.133e-14  beta=9.292e-01
[iter   40/500] obj=1.038215e+08  f=9.816443e+07  g=5.657034e+06  ||x||=8.457634e-03  ||grad||=2.919496e+09  tau=7.133e-14  beta=9.308e-01
[iter   41/500] obj=1.037590e+08  f=9.805766e+07  g=5.701341e+06  ||x||=8.644746e-03  ||grad||=2.906096e+09  tau=7.133e-14  beta=9.324e-01
[iter   42/500] obj=1.036984e+08  f=9.795434e+07  g=5.744089e+06  ||x||=8.830455e-03  ||grad||=2.893289e+09  tau=7.133e-14  beta=9.339e-01
[iter   43/500] obj=1.036397e+08  f=9.785432e+07  g=5.785347e+06  ||x||=9.014799e-03  ||grad||=2.881000e+09  tau=7.133e-14  beta=9.353e-01
[iter   44/500] obj=1.035826e+08  f=9.775744e+07  g=5.825193e+06  ||x||=9.197813e-03  ||grad||=2.869225e+09  tau=7.133e-14  beta=9.367e-01
[iter   45/500] obj=1.035273e+08  f=9.766355e+07  g=5.863703e+06  ||x||=9.379529e-03  ||grad||=2.857937e+09  tau=7.133e-14  beta=9.380e-01
[iter   46/500] obj=1.034735e+08  f=9.757251e+07  g=5.900950e+06  ||x||=9.559982e-03  ||grad||=2.847105e+09  tau=7.133e-14  beta=9.393e-01
[iter   47/500] obj=1.034212e+08  f=9.748417e+07  g=5.937006e+06  ||x||=9.739202e-03  ||grad||=2.836689e+09  tau=7.133e-14  beta=9.405e-01
[iter   48/500] obj=1.033703e+08  f=9.739840e+07  g=5.971926e+06  ||x||=9.917216e-03  ||grad||=2.826671e+09  tau=7.133e-14  beta=9.417e-01
[iter   49/500] obj=1.033209e+08  f=9.731512e+07  g=6.005764e+06  ||x||=1.009406e-02  ||grad||=2.817028e+09  tau=7.133e-14  beta=9.428e-01
[iter   50/500] obj=1.032727e+08  f=9.723418e+07  g=6.038562e+06  ||x||=1.026975e-02  ||grad||=2.807708e+09  tau=7.133e-14  beta=9.439e-01
[iter   51/500] obj=1.032259e+08  f=9.715552e+07  g=6.070361e+06  ||x||=1.044432e-02  ||grad||=2.798719e+09  tau=7.133e-14  beta=9.449e-01
[iter   52/500] obj=1.031802e+08  f=9.707904e+07  g=6.101199e+06  ||x||=1.061780e-02  ||grad||=2.790066e+09  tau=7.133e-14  beta=9.459e-01
[iter   53/500] obj=1.031357e+08  f=9.700461e+07  g=6.131122e+06  ||x||=1.079022e-02  ||grad||=2.781704e+09  tau=7.133e-14  beta=9.469e-01
[iter   54/500] obj=1.030924e+08  f=9.693218e+07  g=6.160184e+06  ||x||=1.096159e-02  ||grad||=2.773624e+09  tau=7.133e-14  beta=9.478e-01
[iter   55/500] obj=1.030500e+08  f=9.686165e+07  g=6.188401e+06  ||x||=1.113193e-02  ||grad||=2.765810e+09  tau=7.133e-14  beta=9.487e-01
[iter   56/500] obj=1.030088e+08  f=9.679296e+07  g=6.215814e+06  ||x||=1.130129e-02  ||grad||=2.758256e+09  tau=7.133e-14  beta=9.496e-01
[iter   57/500] obj=1.029685e+08  f=9.672602e+07  g=6.242457e+06  ||x||=1.146966e-02  ||grad||=2.750943e+09  tau=7.133e-14  beta=9.504e-01
[iter   58/500] obj=1.029291e+08  f=9.666077e+07  g=6.268368e+06  ||x||=1.163709e-02  ||grad||=2.743871e+09  tau=7.133e-14  beta=9.513e-01
[iter   59/500] obj=1.028907e+08  f=9.659714e+07  g=6.293574e+06  ||x||=1.180358e-02  ||grad||=2.737020e+09  tau=7.133e-14  beta=9.520e-01
[iter   60/500] obj=1.028532e+08  f=9.653509e+07  g=6.318108e+06  ||x||=1.196915e-02  ||grad||=2.730381e+09  tau=7.133e-14  beta=9.528e-01
[iter   61/500] obj=1.028165e+08  f=9.647453e+07  g=6.342002e+06  ||x||=1.213383e-02  ||grad||=2.723949e+09  tau=7.133e-14  beta=9.535e-01
[iter   62/500] obj=1.027807e+08  f=9.641540e+07  g=6.365282e+06  ||x||=1.229763e-02  ||grad||=2.717701e+09  tau=7.133e-14  beta=9.542e-01
[iter   63/500] obj=1.027456e+08  f=9.635765e+07  g=6.387969e+06  ||x||=1.246057e-02  ||grad||=2.711630e+09  tau=7.133e-14  beta=9.549e-01
[iter   64/500] obj=1.027114e+08  f=9.630126e+07  g=6.410098e+06  ||x||=1.262266e-02  ||grad||=2.705729e+09  tau=7.133e-14  beta=9.556e-01
[iter   65/500] obj=1.026778e+08  f=9.624614e+07  g=6.431681e+06  ||x||=1.278392e-02  ||grad||=2.699989e+09  tau=7.133e-14  beta=9.563e-01
[iter   66/500] obj=1.026450e+08  f=9.619227e+07  g=6.452737e+06  ||x||=1.294436e-02  ||grad||=2.694410e+09  tau=7.133e-14  beta=9.569e-01
[iter   67/500] obj=1.026129e+08  f=9.613962e+07  g=6.473286e+06  ||x||=1.310399e-02  ||grad||=2.688984e+09  tau=7.133e-14  beta=9.575e-01
[iter   68/500] obj=1.025815e+08  f=9.608813e+07  g=6.493352e+06  ||x||=1.326283e-02  ||grad||=2.683701e+09  tau=7.133e-14  beta=9.581e-01
[iter   69/500] obj=1.025507e+08  f=9.603776e+07  g=6.512950e+06  ||x||=1.342088e-02  ||grad||=2.678555e+09  tau=7.133e-14  beta=9.587e-01
[iter   70/500] obj=1.025205e+08  f=9.598846e+07  g=6.532084e+06  ||x||=1.357817e-02  ||grad||=2.673545e+09  tau=7.133e-14  beta=9.593e-01
[iter   71/500] obj=1.024910e+08  f=9.594025e+07  g=6.550769e+06  ||x||=1.373469e-02  ||grad||=2.668674e+09  tau=7.133e-14  beta=9.598e-01
[iter   72/500] obj=1.024621e+08  f=9.589304e+07  g=6.569025e+06  ||x||=1.389046e-02  ||grad||=2.663919e+09  tau=7.133e-14  beta=9.603e-01
[iter   73/500] obj=1.024337e+08  f=9.584682e+07  g=6.586878e+06  ||x||=1.404549e-02  ||grad||=2.659276e+09  tau=7.133e-14  beta=9.609e-01
[iter   74/500] obj=1.024059e+08  f=9.580152e+07  g=6.604340e+06  ||x||=1.419980e-02  ||grad||=2.654752e+09  tau=7.133e-14  beta=9.614e-01
[iter   75/500] obj=1.023786e+08  f=9.575717e+07  g=6.621418e+06  ||x||=1.435339e-02  ||grad||=2.650337e+09  tau=7.133e-14  beta=9.619e-01
[iter   76/500] obj=1.023518e+08  f=9.571370e+07  g=6.638128e+06  ||x||=1.450626e-02  ||grad||=2.646031e+09  tau=7.133e-14  beta=9.623e-01
[iter   77/500] obj=1.023256e+08  f=9.567110e+07  g=6.654485e+06  ||x||=1.465844e-02  ||grad||=2.641817e+09  tau=7.133e-14  beta=9.628e-01
[iter   78/500] obj=1.022998e+08  f=9.562932e+07  g=6.670496e+06  ||x||=1.480992e-02  ||grad||=2.637700e+09  tau=7.133e-14  beta=9.633e-01
[iter   79/500] obj=1.022746e+08  f=9.558838e+07  g=6.686175e+06  ||x||=1.496072e-02  ||grad||=2.633694e+09  tau=7.133e-14  beta=9.637e-01
[iter   80/500] obj=1.022498e+08  f=9.554822e+07  g=6.701535e+06  ||x||=1.511084e-02  ||grad||=2.629771e+09  tau=7.133e-14  beta=9.642e-01
[iter   81/500] obj=1.022254e+08  f=9.550880e+07  g=6.716595e+06  ||x||=1.526029e-02  ||grad||=2.625932e+09  tau=7.133e-14  beta=9.646e-01
[iter   82/500] obj=1.022015e+08  f=9.547014e+07  g=6.731365e+06  ||x||=1.540908e-02  ||grad||=2.622166e+09  tau=7.133e-14  beta=9.650e-01
[iter   83/500] obj=1.021780e+08  f=9.543218e+07  g=6.745852e+06  ||x||=1.555721e-02  ||grad||=2.618484e+09  tau=7.133e-14  beta=9.654e-01
[iter   84/500] obj=1.021550e+08  f=9.539493e+07  g=6.760056e+06  ||x||=1.570469e-02  ||grad||=2.614892e+09  tau=7.133e-14  beta=9.658e-01
[iter   85/500] obj=1.021323e+08  f=9.535834e+07  g=6.773987e+06  ||x||=1.585152e-02  ||grad||=2.611358e+09  tau=7.133e-14  beta=9.662e-01
[iter   86/500] obj=1.021101e+08  f=9.532242e+07  g=6.787648e+06  ||x||=1.599772e-02  ||grad||=2.607900e+09  tau=7.133e-14  beta=9.666e-01
[iter   87/500] obj=1.020882e+08  f=9.528714e+07  g=6.801050e+06  ||x||=1.614329e-02  ||grad||=2.604520e+09  tau=7.133e-14  beta=9.669e-01
[iter   88/500] obj=1.020667e+08  f=9.525251e+07  g=6.814198e+06  ||x||=1.628824e-02  ||grad||=2.601209e+09  tau=7.133e-14  beta=9.673e-01
[iter   89/500] obj=1.020456e+08  f=9.521848e+07  g=6.827092e+06  ||x||=1.643256e-02  ||grad||=2.597968e+09  tau=7.133e-14  beta=9.677e-01
[iter   90/500] obj=1.020248e+08  f=9.518505e+07  g=6.839732e+06  ||x||=1.657627e-02  ||grad||=2.594797e+09  tau=7.133e-14  beta=9.680e-01
[iter   91/500] obj=1.020044e+08  f=9.515222e+07  g=6.852142e+06  ||x||=1.671937e-02  ||grad||=2.591695e+09  tau=7.133e-14  beta=9.683e-01
[iter   92/500] obj=1.019843e+08  f=9.511993e+07  g=6.864334e+06  ||x||=1.686188e-02  ||grad||=2.588652e+09  tau=7.133e-14  beta=9.687e-01
[iter   93/500] obj=1.019645e+08  f=9.508818e+07  g=6.876311e+06  ||x||=1.700378e-02  ||grad||=2.585666e+09  tau=7.133e-14  beta=9.690e-01
[iter   94/500] obj=1.019451e+08  f=9.505698e+07  g=6.888076e+06  ||x||=1.714510e-02  ||grad||=2.582743e+09  tau=7.133e-14  beta=9.693e-01
[iter   95/500] obj=1.019259e+08  f=9.502629e+07  g=6.899644e+06  ||x||=1.728583e-02  ||grad||=2.579880e+09  tau=7.133e-14  beta=9.696e-01
[iter   96/500] obj=1.019071e+08  f=9.499610e+07  g=6.911013e+06  ||x||=1.742599e-02  ||grad||=2.577069e+09  tau=7.133e-14  beta=9.699e-01
[iter   97/500] obj=1.018886e+08  f=9.496639e+07  g=6.922189e+06  ||x||=1.756556e-02  ||grad||=2.574314e+09  tau=7.133e-14  beta=9.702e-01
[iter   98/500] obj=1.018703e+08  f=9.493716e+07  g=6.933175e+06  ||x||=1.770457e-02  ||grad||=2.571603e+09  tau=7.133e-14  beta=9.705e-01
[iter   99/500] obj=1.018524e+08  f=9.490842e+07  g=6.943968e+06  ||x||=1.784301e-02  ||grad||=2.568951e+09  tau=7.133e-14  beta=9.708e-01
[iter  100/500] obj=1.018347e+08  f=9.488012e+07  g=6.954572e+06  ||x||=1.798090e-02  ||grad||=2.566353e+09  tau=7.133e-14  beta=9.711e-01
[iter  101/500] obj=1.018173e+08  f=9.485228e+07  g=6.965000e+06  ||x||=1.811823e-02  ||grad||=2.563798e+09  tau=7.133e-14  beta=9.714e-01
[iter  102/500] obj=1.018001e+08  f=9.482487e+07  g=6.975255e+06  ||x||=1.825501e-02  ||grad||=2.561284e+09  tau=7.133e-14  beta=9.716e-01
[iter  103/500] obj=1.017832e+08  f=9.479789e+07  g=6.985338e+06  ||x||=1.839124e-02  ||grad||=2.558822e+09  tau=7.133e-14  beta=9.719e-01
[iter  104/500] obj=1.017666e+08  f=9.477134e+07  g=6.995266e+06  ||x||=1.852694e-02  ||grad||=2.556407e+09  tau=7.133e-14  beta=9.722e-01
[iter  105/500] obj=1.017502e+08  f=9.474516e+07  g=7.005037e+06  ||x||=1.866211e-02  ||grad||=2.554031e+09  tau=7.133e-14  beta=9.724e-01
[iter  106/500] obj=1.017340e+08  f=9.471938e+07  g=7.014647e+06  ||x||=1.879674e-02  ||grad||=2.551690e+09  tau=7.133e-14  beta=9.727e-01
[iter  107/500] obj=1.017181e+08  f=9.469400e+07  g=7.024115e+06  ||x||=1.893086e-02  ||grad||=2.549389e+09  tau=7.133e-14  beta=9.729e-01
[iter  108/500] obj=1.017024e+08  f=9.466898e+07  g=7.033437e+06  ||x||=1.906445e-02  ||grad||=2.547135e+09  tau=7.133e-14  beta=9.732e-01
[iter  109/500] obj=1.016869e+08  f=9.464434e+07  g=7.042609e+06  ||x||=1.919753e-02  ||grad||=2.544919e+09  tau=7.133e-14  beta=9.734e-01
[iter  110/500] obj=1.016717e+08  f=9.462006e+07  g=7.051635e+06  ||x||=1.933010e-02  ||grad||=2.542737e+09  tau=7.133e-14  beta=9.736e-01
[iter  111/500] obj=1.016566e+08  f=9.459613e+07  g=7.060521e+06  ||x||=1.946216e-02  ||grad||=2.540598e+09  tau=7.133e-14  beta=9.739e-01
[iter  112/500] obj=1.016418e+08  f=9.457255e+07  g=7.069270e+06  ||x||=1.959372e-02  ||grad||=2.538489e+09  tau=7.133e-14  beta=9.741e-01
[iter  113/500] obj=1.016272e+08  f=9.454930e+07  g=7.077888e+06  ||x||=1.972479e-02  ||grad||=2.536403e+09  tau=7.133e-14  beta=9.743e-01
[iter  114/500] obj=1.016128e+08  f=9.452638e+07  g=7.086373e+06  ||x||=1.985537e-02  ||grad||=2.534365e+09  tau=7.133e-14  beta=9.745e-01
[iter  115/500] obj=1.015985e+08  f=9.450379e+07  g=7.094731e+06  ||x||=1.998546e-02  ||grad||=2.532365e+09  tau=7.133e-14  beta=9.748e-01
[iter  116/500] obj=1.015845e+08  f=9.448152e+07  g=7.102966e+06  ||x||=2.011507e-02  ||grad||=2.530393e+09  tau=7.133e-14  beta=9.750e-01
[iter  117/500] obj=1.015706e+08  f=9.445956e+07  g=7.111082e+06  ||x||=2.024420e-02  ||grad||=2.528454e+09  tau=7.133e-14  beta=9.752e-01
[iter  118/500] obj=1.015570e+08  f=9.443790e+07  g=7.119072e+06  ||x||=2.037286e-02  ||grad||=2.526546e+09  tau=7.133e-14  beta=9.754e-01
[iter  119/500] obj=1.015435e+08  f=9.441654e+07  g=7.126947e+06  ||x||=2.050106e-02  ||grad||=2.524665e+09  tau=7.133e-14  beta=9.756e-01
[iter  120/500] obj=1.015302e+08  f=9.439547e+07  g=7.134713e+06  ||x||=2.062879e-02  ||grad||=2.522812e+09  tau=7.133e-14  beta=9.758e-01
[iter  121/500] obj=1.015170e+08  f=9.437467e+07  g=7.142360e+06  ||x||=2.075606e-02  ||grad||=2.520987e+09  tau=7.133e-14  beta=9.760e-01
[iter  122/500] obj=1.015041e+08  f=9.435418e+07  g=7.149901e+06  ||x||=2.088287e-02  ||grad||=2.519191e+09  tau=7.133e-14  beta=9.762e-01
[iter  123/500] obj=1.014913e+08  f=9.433394e+07  g=7.157343e+06  ||x||=2.100924e-02  ||grad||=2.517412e+09  tau=7.133e-14  beta=9.764e-01
[iter  124/500] obj=1.014786e+08  f=9.431395e+07  g=7.164679e+06  ||x||=2.113517e-02  ||grad||=2.515660e+09  tau=7.133e-14  beta=9.765e-01
[iter  125/500] obj=1.014661e+08  f=9.429423e+07  g=7.171908e+06  ||x||=2.126065e-02  ||grad||=2.513930e+09  tau=7.133e-14  beta=9.767e-01
[iter  126/500] obj=1.014538e+08  f=9.427478e+07  g=7.179038e+06  ||x||=2.138570e-02  ||grad||=2.512228e+09  tau=7.133e-14  beta=9.769e-01
[iter  127/500] obj=1.014416e+08  f=9.425556e+07  g=7.186075e+06  ||x||=2.151032e-02  ||grad||=2.510542e+09  tau=7.133e-14  beta=9.771e-01
[iter  128/500] obj=1.014296e+08  f=9.423659e+07  g=7.193020e+06  ||x||=2.163452e-02  ||grad||=2.508881e+09  tau=7.133e-14  beta=9.773e-01
[iter  129/500] obj=1.014177e+08  f=9.421786e+07  g=7.199879e+06  ||x||=2.175829e-02  ||grad||=2.507251e+09  tau=7.133e-14  beta=9.774e-01
[iter  130/500] obj=1.014060e+08  f=9.419935e+07  g=7.206650e+06  ||x||=2.188165e-02  ||grad||=2.505642e+09  tau=7.133e-14  beta=9.776e-01
[iter  131/500] obj=1.013944e+08  f=9.418107e+07  g=7.213334e+06  ||x||=2.200459e-02  ||grad||=2.504051e+09  tau=7.133e-14  beta=9.778e-01
[iter  132/500] obj=1.013830e+08  f=9.416302e+07  g=7.219931e+06  ||x||=2.212713e-02  ||grad||=2.502484e+09  tau=7.133e-14  beta=9.779e-01
[iter  133/500] obj=1.013716e+08  f=9.414520e+07  g=7.226439e+06  ||x||=2.224926e-02  ||grad||=2.500941e+09  tau=7.133e-14  beta=9.781e-01
[iter  134/500] obj=1.013604e+08  f=9.412758e+07  g=7.232863e+06  ||x||=2.237099e-02  ||grad||=2.499422e+09  tau=7.133e-14  beta=9.783e-01
[iter  135/500] obj=1.013494e+08  f=9.411019e+07  g=7.239199e+06  ||x||=2.249232e-02  ||grad||=2.497917e+09  tau=7.133e-14  beta=9.784e-01
[iter  136/500] obj=1.013385e+08  f=9.409301e+07  g=7.245454e+06  ||x||=2.261327e-02  ||grad||=2.496438e+09  tau=7.133e-14  beta=9.786e-01
[iter  137/500] obj=1.013277e+08  f=9.407603e+07  g=7.251629e+06  ||x||=2.273383e-02  ||grad||=2.494981e+09  tau=7.133e-14  beta=9.787e-01
[iter  138/500] obj=1.013170e+08  f=9.405925e+07  g=7.257724e+06  ||x||=2.285401e-02  ||grad||=2.493539e+09  tau=7.133e-14  beta=9.789e-01
[iter  139/500] obj=1.013064e+08  f=9.404268e+07  g=7.263741e+06  ||x||=2.297381e-02  ||grad||=2.492123e+09  tau=7.133e-14  beta=9.790e-01
[iter  140/500] obj=1.012960e+08  f=9.402629e+07  g=7.269691e+06  ||x||=2.309323e-02  ||grad||=2.490733e+09  tau=7.133e-14  beta=9.792e-01
[iter  141/500] obj=1.012857e+08  f=9.401010e+07  g=7.275574e+06  ||x||=2.321229e-02  ||grad||=2.489362e+09  tau=7.133e-14  beta=9.793e-01
[iter  142/500] obj=1.012755e+08  f=9.399407e+07  g=7.281385e+06  ||x||=2.333098e-02  ||grad||=2.488006e+09  tau=7.133e-14  beta=9.794e-01
[iter  143/500] obj=1.012654e+08  f=9.397824e+07  g=7.287129e+06  ||x||=2.344930e-02  ||grad||=2.486664e+09  tau=7.133e-14  beta=9.796e-01
[iter  144/500] obj=1.012554e+08  f=9.396259e+07  g=7.292809e+06  ||x||=2.356727e-02  ||grad||=2.485346e+09  tau=7.133e-14  beta=9.797e-01
[iter  145/500] obj=1.012455e+08  f=9.394710e+07  g=7.298421e+06  ||x||=2.368488e-02  ||grad||=2.484047e+09  tau=7.133e-14  beta=9.799e-01
[iter  146/500] obj=1.012358e+08  f=9.393181e+07  g=7.303971e+06  ||x||=2.380213e-02  ||grad||=2.482758e+09  tau=7.133e-14  beta=9.800e-01
[iter  147/500] obj=1.012261e+08  f=9.391668e+07  g=7.309462e+06  ||x||=2.391904e-02  ||grad||=2.481481e+09  tau=7.133e-14  beta=9.801e-01
[iter  148/500] obj=1.012166e+08  f=9.390171e+07  g=7.314887e+06  ||x||=2.403560e-02  ||grad||=2.480222e+09  tau=7.133e-14  beta=9.803e-01
[iter  149/500] obj=1.012072e+08  f=9.388691e+07  g=7.320246e+06  ||x||=2.415181e-02  ||grad||=2.478983e+09  tau=7.133e-14  beta=9.804e-01
[iter  150/500] obj=1.011978e+08  f=9.387227e+07  g=7.325546e+06  ||x||=2.426768e-02  ||grad||=2.477754e+09  tau=7.133e-14  beta=9.805e-01
[iter  151/500] obj=1.011886e+08  f=9.385778e+07  g=7.330790e+06  ||x||=2.438322e-02  ||grad||=2.476540e+09  tau=7.133e-14  beta=9.806e-01
[iter  152/500] obj=1.011794e+08  f=9.384345e+07  g=7.335974e+06  ||x||=2.449842e-02  ||grad||=2.475334e+09  tau=7.133e-14  beta=9.808e-01
[iter  153/500] obj=1.011704e+08  f=9.382926e+07  g=7.341097e+06  ||x||=2.461329e-02  ||grad||=2.474138e+09  tau=7.133e-14  beta=9.809e-01
[iter  154/500] obj=1.011614e+08  f=9.381525e+07  g=7.346161e+06  ||x||=2.472784e-02  ||grad||=2.472967e+09  tau=7.133e-14  beta=9.810e-01
[iter  155/500] obj=1.011525e+08  f=9.380138e+07  g=7.351171e+06  ||x||=2.484206e-02  ||grad||=2.471810e+09  tau=7.133e-14  beta=9.811e-01
[iter  156/500] obj=1.011438e+08  f=9.378765e+07  g=7.356128e+06  ||x||=2.495596e-02  ||grad||=2.470666e+09  tau=7.133e-14  beta=9.813e-01
[iter  157/500] obj=1.011351e+08  f=9.377407e+07  g=7.361033e+06  ||x||=2.506954e-02  ||grad||=2.469535e+09  tau=7.133e-14  beta=9.814e-01
[iter  158/500] obj=1.011265e+08  f=9.376062e+07  g=7.365889e+06  ||x||=2.518280e-02  ||grad||=2.468416e+09  tau=7.133e-14  beta=9.815e-01
[iter  159/500] obj=1.011180e+08  f=9.374731e+07  g=7.370683e+06  ||x||=2.529575e-02  ||grad||=2.467308e+09  tau=7.133e-14  beta=9.816e-01
[iter  160/500] obj=1.011096e+08  f=9.373415e+07  g=7.375423e+06  ||x||=2.540839e-02  ||grad||=2.466212e+09  tau=7.133e-14  beta=9.817e-01
[iter  161/500] obj=1.011012e+08  f=9.372113e+07  g=7.380110e+06  ||x||=2.552073e-02  ||grad||=2.465134e+09  tau=7.133e-14  beta=9.818e-01
[iter  162/500] obj=1.010930e+08  f=9.370824e+07  g=7.384744e+06  ||x||=2.563275e-02  ||grad||=2.464077e+09  tau=7.133e-14  beta=9.819e-01
[iter  163/500] obj=1.010848e+08  f=9.369549e+07  g=7.389318e+06  ||x||=2.574448e-02  ||grad||=2.463032e+09  tau=7.133e-14  beta=9.820e-01
[iter  164/500] obj=1.010767e+08  f=9.368288e+07  g=7.393846e+06  ||x||=2.585590e-02  ||grad||=2.462001e+09  tau=7.133e-14  beta=9.821e-01
[iter  165/500] obj=1.010687e+08  f=9.367039e+07  g=7.398328e+06  ||x||=2.596703e-02  ||grad||=2.460988e+09  tau=7.133e-14  beta=9.823e-01
[iter  166/500] obj=1.010608e+08  f=9.365802e+07  g=7.402761e+06  ||x||=2.607787e-02  ||grad||=2.459982e+09  tau=7.133e-14  beta=9.824e-01
[iter  167/500] obj=1.010529e+08  f=9.364578e+07  g=7.407148e+06  ||x||=2.618841e-02  ||grad||=2.458987e+09  tau=7.133e-14  beta=9.825e-01
[iter  168/500] obj=1.010452e+08  f=9.363366e+07  g=7.411494e+06  ||x||=2.629866e-02  ||grad||=2.458007e+09  tau=7.133e-14  beta=9.826e-01
[iter  169/500] obj=1.010375e+08  f=9.362166e+07  g=7.415793e+06  ||x||=2.640862e-02  ||grad||=2.457034e+09  tau=7.133e-14  beta=9.827e-01
[iter  170/500] obj=1.010298e+08  f=9.360978e+07  g=7.420051e+06  ||x||=2.651830e-02  ||grad||=2.456070e+09  tau=7.133e-14  beta=9.828e-01
[iter  171/500] obj=1.010223e+08  f=9.359802e+07  g=7.424261e+06  ||x||=2.662769e-02  ||grad||=2.455116e+09  tau=7.133e-14  beta=9.829e-01
[iter  172/500] obj=1.010148e+08  f=9.358637e+07  g=7.428426e+06  ||x||=2.673680e-02  ||grad||=2.454177e+09  tau=7.133e-14  beta=9.830e-01
[iter  173/500] obj=1.010074e+08  f=9.357485e+07  g=7.432546e+06  ||x||=2.684563e-02  ||grad||=2.453256e+09  tau=7.133e-14  beta=9.831e-01
[iter  174/500] obj=1.010000e+08  f=9.356342e+07  g=7.436625e+06  ||x||=2.695419e-02  ||grad||=2.452337e+09  tau=7.133e-14  beta=9.832e-01
[iter  175/500] obj=1.009928e+08  f=9.355212e+07  g=7.440656e+06  ||x||=2.706246e-02  ||grad||=2.451424e+09  tau=7.133e-14  beta=9.832e-01
[iter  176/500] obj=1.009856e+08  f=9.354093e+07  g=7.444645e+06  ||x||=2.717047e-02  ||grad||=2.450522e+09  tau=7.133e-14  beta=9.833e-01
[iter  177/500] obj=1.009784e+08  f=9.352984e+07  g=7.448598e+06  ||x||=2.727820e-02  ||grad||=2.449627e+09  tau=7.133e-14  beta=9.834e-01
[iter  178/500] obj=1.009714e+08  f=9.351886e+07  g=7.452514e+06  ||x||=2.738567e-02  ||grad||=2.448746e+09  tau=7.133e-14  beta=9.835e-01
[iter  179/500] obj=1.009644e+08  f=9.350798e+07  g=7.456397e+06  ||x||=2.749287e-02  ||grad||=2.447874e+09  tau=7.133e-14  beta=9.836e-01
[iter  180/500] obj=1.009574e+08  f=9.349719e+07  g=7.460243e+06  ||x||=2.759980e-02  ||grad||=2.447005e+09  tau=7.133e-14  beta=9.837e-01
[iter  181/500] obj=1.009506e+08  f=9.348651e+07  g=7.464048e+06  ||x||=2.770647e-02  ||grad||=2.446146e+09  tau=7.133e-14  beta=9.838e-01
[iter  182/500] obj=1.009437e+08  f=9.347594e+07  g=7.467814e+06  ||x||=2.781289e-02  ||grad||=2.445294e+09  tau=7.133e-14  beta=9.839e-01
[iter  183/500] obj=1.009370e+08  f=9.346546e+07  g=7.471544e+06  ||x||=2.791904e-02  ||grad||=2.444447e+09  tau=7.133e-14  beta=9.840e-01
[iter  184/500] obj=1.009303e+08  f=9.345508e+07  g=7.475243e+06  ||x||=2.802493e-02  ||grad||=2.443617e+09  tau=7.133e-14  beta=9.841e-01
[iter  185/500] obj=1.009237e+08  f=9.344478e+07  g=7.478908e+06  ||x||=2.813056e-02  ||grad||=2.442792e+09  tau=7.133e-14  beta=9.841e-01
[iter  186/500] obj=1.009171e+08  f=9.343459e+07  g=7.482541e+06  ||x||=2.823595e-02  ||grad||=2.441975e+09  tau=7.133e-14  beta=9.842e-01
[iter  187/500] obj=1.009106e+08  f=9.342450e+07  g=7.486138e+06  ||x||=2.834108e-02  ||grad||=2.441166e+09  tau=7.133e-14  beta=9.843e-01
[iter  188/500] obj=1.009042e+08  f=9.341448e+07  g=7.489699e+06  ||x||=2.844596e-02  ||grad||=2.440368e+09  tau=7.133e-14  beta=9.844e-01
[iter  189/500] obj=1.008978e+08  f=9.340456e+07  g=7.493224e+06  ||x||=2.855059e-02  ||grad||=2.439579e+09  tau=7.133e-14  beta=9.845e-01
[iter  190/500] obj=1.008914e+08  f=9.339474e+07  g=7.496711e+06  ||x||=2.865497e-02  ||grad||=2.438803e+09  tau=7.133e-14  beta=9.845e-01
[iter  191/500] obj=1.008852e+08  f=9.338501e+07  g=7.500163e+06  ||x||=2.875911e-02  ||grad||=2.438028e+09  tau=7.133e-14  beta=9.846e-01
[iter  192/500] obj=1.008789e+08  f=9.337536e+07  g=7.503583e+06  ||x||=2.886301e-02  ||grad||=2.437263e+09  tau=7.133e-14  beta=9.847e-01
[iter  193/500] obj=1.008728e+08  f=9.336580e+07  g=7.506973e+06  ||x||=2.896666e-02  ||grad||=2.436501e+09  tau=7.133e-14  beta=9.848e-01
[iter  194/500] obj=1.008666e+08  f=9.335632e+07  g=7.510328e+06  ||x||=2.907007e-02  ||grad||=2.435746e+09  tau=7.133e-14  beta=9.849e-01
[iter  195/500] obj=1.008606e+08  f=9.334693e+07  g=7.513652e+06  ||x||=2.917324e-02  ||grad||=2.434993e+09  tau=7.133e-14  beta=9.849e-01
[iter  196/500] obj=1.008546e+08  f=9.333762e+07  g=7.516944e+06  ||x||=2.927618e-02  ||grad||=2.434245e+09  tau=7.133e-14  beta=9.850e-01
[iter  197/500] obj=1.008486e+08  f=9.332839e+07  g=7.520199e+06  ||x||=2.937888e-02  ||grad||=2.433503e+09  tau=7.133e-14  beta=9.851e-01
[iter  198/500] obj=1.008427e+08  f=9.331926e+07  g=7.523424e+06  ||x||=2.948135e-02  ||grad||=2.432763e+09  tau=7.133e-14  beta=9.852e-01
[iter  199/500] obj=1.008368e+08  f=9.331020e+07  g=7.526621e+06  ||x||=2.958359e-02  ||grad||=2.432031e+09  tau=7.133e-14  beta=9.852e-01
[iter  200/500] obj=1.008310e+08  f=9.330122e+07  g=7.529788e+06  ||x||=2.968561e-02  ||grad||=2.431301e+09  tau=7.133e-14  beta=9.853e-01
[iter  201/500] obj=1.008252e+08  f=9.329230e+07  g=7.532926e+06  ||x||=2.978739e-02  ||grad||=2.430575e+09  tau=7.133e-14  beta=9.854e-01
[iter  202/500] obj=1.008195e+08  f=9.328349e+07  g=7.536033e+06  ||x||=2.988895e-02  ||grad||=2.429858e+09  tau=7.133e-14  beta=9.854e-01
[iter  203/500] obj=1.008138e+08  f=9.327474e+07  g=7.539111e+06  ||x||=2.999028e-02  ||grad||=2.429152e+09  tau=7.133e-14  beta=9.855e-01
[iter  204/500] obj=1.008082e+08  f=9.326606e+07  g=7.542164e+06  ||x||=3.009140e-02  ||grad||=2.428446e+09  tau=7.133e-14  beta=9.856e-01
[iter  205/500] obj=1.008027e+08  f=9.325746e+07  g=7.545194e+06  ||x||=3.019229e-02  ||grad||=2.427748e+09  tau=7.133e-14  beta=9.857e-01
[iter  206/500] obj=1.007971e+08  f=9.324893e+07  g=7.548196e+06  ||x||=3.029296e-02  ||grad||=2.427056e+09  tau=7.133e-14  beta=9.857e-01
[iter  207/500] obj=1.007916e+08  f=9.324046e+07  g=7.551173e+06  ||x||=3.039342e-02  ||grad||=2.426373e+09  tau=7.133e-14  beta=9.858e-01
[iter  208/500] obj=1.007862e+08  f=9.323208e+07  g=7.554117e+06  ||x||=3.049367e-02  ||grad||=2.425699e+09  tau=7.133e-14  beta=9.859e-01
[iter  209/500] obj=1.007808e+08  f=9.322376e+07  g=7.557034e+06  ||x||=3.059369e-02  ||grad||=2.425035e+09  tau=7.133e-14  beta=9.859e-01
[iter  210/500] obj=1.007754e+08  f=9.321552e+07  g=7.559926e+06  ||x||=3.069351e-02  ||grad||=2.424371e+09  tau=7.133e-14  beta=9.860e-01
[iter  211/500] obj=1.007701e+08  f=9.320734e+07  g=7.562787e+06  ||x||=3.079312e-02  ||grad||=2.423718e+09  tau=7.133e-14  beta=9.861e-01
[iter  212/500] obj=1.007649e+08  f=9.319925e+07  g=7.565620e+06  ||x||=3.089252e-02  ||grad||=2.423069e+09  tau=7.133e-14  beta=9.861e-01
[iter  213/500] obj=1.007597e+08  f=9.319122e+07  g=7.568427e+06  ||x||=3.099171e-02  ||grad||=2.422430e+09  tau=7.133e-14  beta=9.862e-01
[iter  214/500] obj=1.007545e+08  f=9.318326e+07  g=7.571206e+06  ||x||=3.109069e-02  ||grad||=2.421785e+09  tau=7.133e-14  beta=9.862e-01
[iter  215/500] obj=1.007493e+08  f=9.317535e+07  g=7.573959e+06  ||x||=3.118948e-02  ||grad||=2.421147e+09  tau=7.133e-14  beta=9.863e-01
[iter  216/500] obj=1.007442e+08  f=9.316752e+07  g=7.576685e+06  ||x||=3.128805e-02  ||grad||=2.420519e+09  tau=7.133e-14  beta=9.864e-01
[iter  217/500] obj=1.007391e+08  f=9.315976e+07  g=7.579388e+06  ||x||=3.138643e-02  ||grad||=2.419898e+09  tau=7.133e-14  beta=9.864e-01
[iter  218/500] obj=1.007341e+08  f=9.315205e+07  g=7.582067e+06  ||x||=3.148461e-02  ||grad||=2.419278e+09  tau=7.133e-14  beta=9.865e-01
[iter  219/500] obj=1.007291e+08  f=9.314442e+07  g=7.584722e+06  ||x||=3.158259e-02  ||grad||=2.418661e+09  tau=7.133e-14  beta=9.866e-01
[iter  220/500] obj=1.007242e+08  f=9.313682e+07  g=7.587355e+06  ||x||=3.168038e-02  ||grad||=2.418043e+09  tau=7.133e-14  beta=9.866e-01
[iter  221/500] obj=1.007193e+08  f=9.312930e+07  g=7.589969e+06  ||x||=3.177797e-02  ||grad||=2.417434e+09  tau=7.133e-14  beta=9.867e-01
[iter  222/500] obj=1.007144e+08  f=9.312184e+07  g=7.592561e+06  ||x||=3.187537e-02  ||grad||=2.416829e+09  tau=7.133e-14  beta=9.867e-01
[iter  223/500] obj=1.007096e+08  f=9.311443e+07  g=7.595134e+06  ||x||=3.197258e-02  ||grad||=2.416232e+09  tau=7.133e-14  beta=9.868e-01
[iter  224/500] obj=1.007048e+08  f=9.310708e+07  g=7.597682e+06  ||x||=3.206960e-02  ||grad||=2.415640e+09  tau=7.133e-14  beta=9.869e-01
[iter  225/500] obj=1.007000e+08  f=9.309980e+07  g=7.600206e+06  ||x||=3.216643e-02  ||grad||=2.415049e+09  tau=7.133e-14  beta=9.869e-01
[iter  226/500] obj=1.006953e+08  f=9.309256e+07  g=7.602710e+06  ||x||=3.226307e-02  ||grad||=2.414467e+09  tau=7.133e-14  beta=9.870e-01
[iter  227/500] obj=1.006906e+08  f=9.308539e+07  g=7.605185e+06  ||x||=3.235952e-02  ||grad||=2.413892e+09  tau=7.133e-14  beta=9.870e-01
[iter  228/500] obj=1.006859e+08  f=9.307829e+07  g=7.607637e+06  ||x||=3.245579e-02  ||grad||=2.413325e+09  tau=7.133e-14  beta=9.871e-01
[iter  229/500] obj=1.006813e+08  f=9.307124e+07  g=7.610070e+06  ||x||=3.255188e-02  ||grad||=2.412761e+09  tau=7.133e-14  beta=9.871e-01
[iter  230/500] obj=1.006767e+08  f=9.306424e+07  g=7.612484e+06  ||x||=3.264778e-02  ||grad||=2.412202e+09  tau=7.133e-14  beta=9.872e-01
[iter  231/500] obj=1.006722e+08  f=9.305729e+07  g=7.614883e+06  ||x||=3.274350e-02  ||grad||=2.411652e+09  tau=7.133e-14  beta=9.872e-01
[iter  232/500] obj=1.006676e+08  f=9.305038e+07  g=7.617262e+06  ||x||=3.283904e-02  ||grad||=2.411106e+09  tau=7.133e-14  beta=9.873e-01
[iter  233/500] obj=1.006632e+08  f=9.304354e+07  g=7.619625e+06  ||x||=3.293441e-02  ||grad||=2.410562e+09  tau=7.133e-14  beta=9.874e-01
[iter  234/500] obj=1.006587e+08  f=9.303675e+07  g=7.621970e+06  ||x||=3.302959e-02  ||grad||=2.410025e+09  tau=7.133e-14  beta=9.874e-01
[iter  235/500] obj=1.006543e+08  f=9.303000e+07  g=7.624295e+06  ||x||=3.312460e-02  ||grad||=2.409495e+09  tau=7.133e-14  beta=9.875e-01
[iter  236/500] obj=1.006499e+08  f=9.302331e+07  g=7.626604e+06  ||x||=3.321943e-02  ||grad||=2.408964e+09  tau=7.133e-14  beta=9.875e-01
[iter  237/500] obj=1.006456e+08  f=9.301666e+07  g=7.628896e+06  ||x||=3.331409e-02  ||grad||=2.408436e+09  tau=7.133e-14  beta=9.876e-01
[iter  238/500] obj=1.006413e+08  f=9.301008e+07  g=7.631173e+06  ||x||=3.340857e-02  ||grad||=2.407915e+09  tau=7.133e-14  beta=9.876e-01
[iter  239/500] obj=1.006370e+08  f=9.300354e+07  g=7.633430e+06  ||x||=3.350287e-02  ||grad||=2.407398e+09  tau=7.133e-14  beta=9.877e-01
[iter  240/500] obj=1.006327e+08  f=9.299703e+07  g=7.635666e+06  ||x||=3.359700e-02  ||grad||=2.406887e+09  tau=7.133e-14  beta=9.877e-01
[iter  241/500] obj=1.006285e+08  f=9.299059e+07  g=7.637887e+06  ||x||=3.369097e-02  ||grad||=2.406381e+09  tau=7.133e-14  beta=9.878e-01
[iter  242/500] obj=1.006243e+08  f=9.298418e+07  g=7.640090e+06  ||x||=3.378475e-02  ||grad||=2.405880e+09  tau=7.133e-14  beta=9.878e-01
[iter  243/500] obj=1.006201e+08  f=9.297784e+07  g=7.642276e+06  ||x||=3.387837e-02  ||grad||=2.405380e+09  tau=7.133e-14  beta=9.879e-01
[iter  244/500] obj=1.006160e+08  f=9.297153e+07  g=7.644449e+06  ||x||=3.397182e-02  ||grad||=2.404887e+09  tau=7.133e-14  beta=9.879e-01
[iter  245/500] obj=1.006119e+08  f=9.296526e+07  g=7.646609e+06  ||x||=3.406510e-02  ||grad||=2.404395e+09  tau=7.133e-14  beta=9.880e-01
[iter  246/500] obj=1.006078e+08  f=9.295904e+07  g=7.648754e+06  ||x||=3.415821e-02  ||grad||=2.403908e+09  tau=7.133e-14  beta=9.880e-01
[iter  247/500] obj=1.006037e+08  f=9.295286e+07  g=7.650882e+06  ||x||=3.425116e-02  ||grad||=2.403428e+09  tau=7.133e-14  beta=9.881e-01
[iter  248/500] obj=1.005997e+08  f=9.294674e+07  g=7.652995e+06  ||x||=3.434393e-02  ||grad||=2.402951e+09  tau=7.133e-14  beta=9.881e-01
[iter  249/500] obj=1.005957e+08  f=9.294065e+07  g=7.655090e+06  ||x||=3.443653e-02  ||grad||=2.402476e+09  tau=7.133e-14  beta=9.882e-01
[iter  250/500] obj=1.005918e+08  f=9.293461e+07  g=7.657168e+06  ||x||=3.452897e-02  ||grad||=2.402006e+09  tau=7.133e-14  beta=9.882e-01
[iter  251/500] obj=1.005878e+08  f=9.292861e+07  g=7.659227e+06  ||x||=3.462125e-02  ||grad||=2.401545e+09  tau=7.133e-14  beta=9.882e-01
[iter  252/500] obj=1.005839e+08  f=9.292266e+07  g=7.661271e+06  ||x||=3.471336e-02  ||grad||=2.401081e+09  tau=7.133e-14  beta=9.883e-01
[iter  253/500] obj=1.005801e+08  f=9.291675e+07  g=7.663299e+06  ||x||=3.480530e-02  ||grad||=2.400619e+09  tau=7.133e-14  beta=9.883e-01
[iter  254/500] obj=1.005762e+08  f=9.291088e+07  g=7.665312e+06  ||x||=3.489709e-02  ||grad||=2.400166e+09  tau=7.133e-14  beta=9.884e-01
[iter  255/500] obj=1.005724e+08  f=9.290506e+07  g=7.667310e+06  ||x||=3.498870e-02  ||grad||=2.399717e+09  tau=7.133e-14  beta=9.884e-01
[iter  256/500] obj=1.005686e+08  f=9.289928e+07  g=7.669295e+06  ||x||=3.508015e-02  ||grad||=2.399269e+09  tau=7.133e-14  beta=9.885e-01
[iter  257/500] obj=1.005648e+08  f=9.289353e+07  g=7.671266e+06  ||x||=3.517145e-02  ||grad||=2.398827e+09  tau=7.133e-14  beta=9.885e-01
[iter  258/500] obj=1.005610e+08  f=9.288782e+07  g=7.673222e+06  ||x||=3.526257e-02  ||grad||=2.398392e+09  tau=7.133e-14  beta=9.886e-01
[iter  259/500] obj=1.005573e+08  f=9.288216e+07  g=7.675164e+06  ||x||=3.535354e-02  ||grad||=2.397964e+09  tau=7.133e-14  beta=9.886e-01
[iter  260/500] obj=1.005536e+08  f=9.287654e+07  g=7.677095e+06  ||x||=3.544435e-02  ||grad||=2.397542e+09  tau=7.133e-14  beta=9.886e-01
[iter  261/500] obj=1.005500e+08  f=9.287096e+07  g=7.679009e+06  ||x||=3.553499e-02  ||grad||=2.397122e+09  tau=7.133e-14  beta=9.887e-01
[iter  262/500] obj=1.005463e+08  f=9.286541e+07  g=7.680906e+06  ||x||=3.562547e-02  ||grad||=2.396705e+09  tau=7.133e-14  beta=9.887e-01
[iter  263/500] obj=1.005427e+08  f=9.285992e+07  g=7.682787e+06  ||x||=3.571578e-02  ||grad||=2.396295e+09  tau=7.133e-14  beta=9.888e-01
[iter  264/500] obj=1.005391e+08  f=9.285446e+07  g=7.684653e+06  ||x||=3.580594e-02  ||grad||=2.395888e+09  tau=7.133e-14  beta=9.888e-01
[iter  265/500] obj=1.005355e+08  f=9.284904e+07  g=7.686502e+06  ||x||=3.589594e-02  ||grad||=2.395482e+09  tau=7.133e-14  beta=9.889e-01
[iter  266/500] obj=1.005320e+08  f=9.284365e+07  g=7.688341e+06  ||x||=3.598578e-02  ||grad||=2.395083e+09  tau=7.133e-14  beta=9.889e-01
[iter  267/500] obj=1.005285e+08  f=9.283830e+07  g=7.690166e+06  ||x||=3.607545e-02  ||grad||=2.394687e+09  tau=7.133e-14  beta=9.889e-01
[iter  268/500] obj=1.005250e+08  f=9.283299e+07  g=7.691975e+06  ||x||=3.616497e-02  ||grad||=2.394291e+09  tau=7.133e-14  beta=9.890e-01
[iter  269/500] obj=1.005215e+08  f=9.282773e+07  g=7.693769e+06  ||x||=3.625432e-02  ||grad||=2.393899e+09  tau=7.133e-14  beta=9.890e-01
[iter  270/500] obj=1.005180e+08  f=9.282249e+07  g=7.695554e+06  ||x||=3.634352e-02  ||grad||=2.393506e+09  tau=7.133e-14  beta=9.891e-01
[iter  271/500] obj=1.005146e+08  f=9.281729e+07  g=7.697324e+06  ||x||=3.643256e-02  ||grad||=2.393117e+09  tau=7.133e-14  beta=9.891e-01
[iter  272/500] obj=1.005112e+08  f=9.281213e+07  g=7.699080e+06  ||x||=3.652143e-02  ||grad||=2.392734e+09  tau=7.133e-14  beta=9.891e-01
[iter  273/500] obj=1.005078e+08  f=9.280700e+07  g=7.700820e+06  ||x||=3.661015e-02  ||grad||=2.392353e+09  tau=7.133e-14  beta=9.892e-01
[iter  274/500] obj=1.005045e+08  f=9.280191e+07  g=7.702549e+06  ||x||=3.669871e-02  ||grad||=2.391975e+09  tau=7.133e-14  beta=9.892e-01
[iter  275/500] obj=1.005011e+08  f=9.279686e+07  g=7.704268e+06  ||x||=3.678712e-02  ||grad||=2.391598e+09  tau=7.133e-14  beta=9.893e-01
[iter  276/500] obj=1.004978e+08  f=9.279182e+07  g=7.705972e+06  ||x||=3.687536e-02  ||grad||=2.391225e+09  tau=7.133e-14  beta=9.893e-01
[iter  277/500] obj=1.004945e+08  f=9.278685e+07  g=7.707659e+06  ||x||=3.696344e-02  ||grad||=2.390860e+09  tau=7.133e-14  beta=9.893e-01
[iter  278/500] obj=1.004912e+08  f=9.278189e+07  g=7.709336e+06  ||x||=3.705137e-02  ||grad||=2.390494e+09  tau=7.133e-14  beta=9.894e-01
[iter  279/500] obj=1.004880e+08  f=9.277698e+07  g=7.710999e+06  ||x||=3.713914e-02  ||grad||=2.390131e+09  tau=7.133e-14  beta=9.894e-01
[iter  280/500] obj=1.004847e+08  f=9.277210e+07  g=7.712651e+06  ||x||=3.722675e-02  ||grad||=2.389767e+09  tau=7.133e-14  beta=9.894e-01
[iter  281/500] obj=1.004815e+08  f=9.276725e+07  g=7.714290e+06  ||x||=3.731420e-02  ||grad||=2.389407e+09  tau=7.133e-14  beta=9.895e-01
[iter  282/500] obj=1.004783e+08  f=9.276243e+07  g=7.715915e+06  ||x||=3.740150e-02  ||grad||=2.389049e+09  tau=7.133e-14  beta=9.895e-01
[iter  283/500] obj=1.004752e+08  f=9.275765e+07  g=7.717528e+06  ||x||=3.748864e-02  ||grad||=2.388690e+09  tau=7.133e-14  beta=9.896e-01
[iter  284/500] obj=1.004720e+08  f=9.275290e+07  g=7.719131e+06  ||x||=3.757562e-02  ||grad||=2.388335e+09  tau=7.133e-14  beta=9.896e-01
[iter  285/500] obj=1.004689e+08  f=9.274818e+07  g=7.720720e+06  ||x||=3.766245e-02  ||grad||=2.387982e+09  tau=7.133e-14  beta=9.896e-01
[iter  286/500] obj=1.004658e+08  f=9.274349e+07  g=7.722294e+06  ||x||=3.774912e-02  ||grad||=2.387627e+09  tau=7.133e-14  beta=9.897e-01
[iter  287/500] obj=1.004627e+08  f=9.273884e+07  g=7.723855e+06  ||x||=3.783564e-02  ||grad||=2.387279e+09  tau=7.133e-14  beta=9.897e-01
[iter  288/500] obj=1.004596e+08  f=9.273422e+07  g=7.725407e+06  ||x||=3.792200e-02  ||grad||=2.386935e+09  tau=7.133e-14  beta=9.897e-01
[iter  289/500] obj=1.004566e+08  f=9.272962e+07  g=7.726947e+06  ||x||=3.800821e-02  ||grad||=2.386590e+09  tau=7.133e-14  beta=9.898e-01
[iter  290/500] obj=1.004535e+08  f=9.272506e+07  g=7.728477e+06  ||x||=3.809426e-02  ||grad||=2.386249e+09  tau=7.133e-14  beta=9.898e-01
[iter  291/500] obj=1.004505e+08  f=9.272053e+07  g=7.729994e+06  ||x||=3.818016e-02  ||grad||=2.385911e+09  tau=7.133e-14  beta=9.898e-01
[iter  292/500] obj=1.004475e+08  f=9.271603e+07  g=7.731498e+06  ||x||=3.826591e-02  ||grad||=2.385572e+09  tau=7.133e-14  beta=9.899e-01
[iter  293/500] obj=1.004446e+08  f=9.271156e+07  g=7.732993e+06  ||x||=3.835150e-02  ||grad||=2.385234e+09  tau=7.133e-14  beta=9.899e-01
[iter  294/500] obj=1.004416e+08  f=9.270712e+07  g=7.734477e+06  ||x||=3.843694e-02  ||grad||=2.384899e+09  tau=7.133e-14  beta=9.899e-01
[iter  295/500] obj=1.004387e+08  f=9.270272e+07  g=7.735946e+06  ||x||=3.852223e-02  ||grad||=2.384563e+09  tau=7.133e-14  beta=9.900e-01
[iter  296/500] obj=1.004357e+08  f=9.269834e+07  g=7.737405e+06  ||x||=3.860737e-02  ||grad||=2.384233e+09  tau=7.133e-14  beta=9.900e-01
[iter  297/500] obj=1.004328e+08  f=9.269398e+07  g=7.738855e+06  ||x||=3.869236e-02  ||grad||=2.383905e+09  tau=7.133e-14  beta=9.900e-01
[iter  298/500] obj=1.004300e+08  f=9.268966e+07  g=7.740298e+06  ||x||=3.877719e-02  ||grad||=2.383574e+09  tau=7.133e-14  beta=9.901e-01
[iter  299/500] obj=1.004271e+08  f=9.268537e+07  g=7.741731e+06  ||x||=3.886188e-02  ||grad||=2.383244e+09  tau=7.133e-14  beta=9.901e-01
[iter  300/500] obj=1.004243e+08  f=9.268110e+07  g=7.743155e+06  ||x||=3.894642e-02  ||grad||=2.382917e+09  tau=7.133e-14  beta=9.901e-01
[iter  301/500] obj=1.004214e+08  f=9.267685e+07  g=7.744567e+06  ||x||=3.903081e-02  ||grad||=2.382593e+09  tau=7.133e-14  beta=9.902e-01
[iter  302/500] obj=1.004186e+08  f=9.267264e+07  g=7.745968e+06  ||x||=3.911505e-02  ||grad||=2.382269e+09  tau=7.133e-14  beta=9.902e-01
[iter  303/500] obj=1.004158e+08  f=9.266846e+07  g=7.747360e+06  ||x||=3.919914e-02  ||grad||=2.381947e+09  tau=7.133e-14  beta=9.902e-01
[iter  304/500] obj=1.004130e+08  f=9.266429e+07  g=7.748744e+06  ||x||=3.928308e-02  ||grad||=2.381627e+09  tau=7.133e-14  beta=9.903e-01
[iter  305/500] obj=1.004103e+08  f=9.266016e+07  g=7.750116e+06  ||x||=3.936688e-02  ||grad||=2.381308e+09  tau=7.133e-14  beta=9.903e-01
[iter  306/500] obj=1.004075e+08  f=9.265605e+07  g=7.751481e+06  ||x||=3.945053e-02  ||grad||=2.380989e+09  tau=7.133e-14  beta=9.903e-01
[iter  307/500] obj=1.004048e+08  f=9.265197e+07  g=7.752837e+06  ||x||=3.953403e-02  ||grad||=2.380673e+09  tau=7.133e-14  beta=9.904e-01
[iter  308/500] obj=1.004021e+08  f=9.264791e+07  g=7.754185e+06  ||x||=3.961739e-02  ||grad||=2.380357e+09  tau=7.133e-14  beta=9.904e-01
[iter  309/500] obj=1.003994e+08  f=9.264387e+07  g=7.755522e+06  ||x||=3.970061e-02  ||grad||=2.380046e+09  tau=7.133e-14  beta=9.904e-01
[iter  310/500] obj=1.003967e+08  f=9.263987e+07  g=7.756855e+06  ||x||=3.978368e-02  ||grad||=2.379735e+09  tau=7.133e-14  beta=9.905e-01
[iter  311/500] obj=1.003941e+08  f=9.263588e+07  g=7.758181e+06  ||x||=3.986660e-02  ||grad||=2.379424e+09  tau=7.133e-14  beta=9.905e-01
[iter  312/500] obj=1.003914e+08  f=9.263192e+07  g=7.759497e+06  ||x||=3.994938e-02  ||grad||=2.379118e+09  tau=7.133e-14  beta=9.905e-01
[iter  313/500] obj=1.003888e+08  f=9.262798e+07  g=7.760802e+06  ||x||=4.003202e-02  ||grad||=2.378814e+09  tau=7.133e-14  beta=9.905e-01
[iter  314/500] obj=1.003862e+08  f=9.262407e+07  g=7.762098e+06  ||x||=4.011452e-02  ||grad||=2.378508e+09  tau=7.133e-14  beta=9.906e-01
[iter  315/500] obj=1.003836e+08  f=9.262018e+07  g=7.763387e+06  ||x||=4.019688e-02  ||grad||=2.378207e+09  tau=7.133e-14  beta=9.906e-01
[iter  316/500] obj=1.003810e+08  f=9.261632e+07  g=7.764671e+06  ||x||=4.027909e-02  ||grad||=2.377912e+09  tau=7.133e-14  beta=9.906e-01
[iter  317/500] obj=1.003784e+08  f=9.261247e+07  g=7.765946e+06  ||x||=4.036116e-02  ||grad||=2.377613e+09  tau=7.133e-14  beta=9.907e-01
[iter  318/500] obj=1.003759e+08  f=9.260866e+07  g=7.767212e+06  ||x||=4.044309e-02  ||grad||=2.377314e+09  tau=7.133e-14  beta=9.907e-01
[iter  319/500] obj=1.003733e+08  f=9.260486e+07  g=7.768471e+06  ||x||=4.052489e-02  ||grad||=2.377018e+09  tau=7.133e-14  beta=9.907e-01
[iter  320/500] obj=1.003708e+08  f=9.260109e+07  g=7.769722e+06  ||x||=4.060654e-02  ||grad||=2.376722e+09  tau=7.133e-14  beta=9.908e-01
[iter  321/500] obj=1.003683e+08  f=9.259734e+07  g=7.770967e+06  ||x||=4.068805e-02  ||grad||=2.376426e+09  tau=7.133e-14  beta=9.908e-01
[iter  322/500] obj=1.003658e+08  f=9.259360e+07  g=7.772204e+06  ||x||=4.076943e-02  ||grad||=2.376135e+09  tau=7.133e-14  beta=9.908e-01
[iter  323/500] obj=1.003633e+08  f=9.258990e+07  g=7.773437e+06  ||x||=4.085067e-02  ||grad||=2.375843e+09  tau=7.133e-14  beta=9.908e-01
[iter  324/500] obj=1.003609e+08  f=9.258621e+07  g=7.774662e+06  ||x||=4.093177e-02  ||grad||=2.375555e+09  tau=7.133e-14  beta=9.909e-01
[iter  325/500] obj=1.003584e+08  f=9.258254e+07  g=7.775880e+06  ||x||=4.101273e-02  ||grad||=2.375270e+09  tau=7.133e-14  beta=9.909e-01
[iter  326/500] obj=1.003560e+08  f=9.257890e+07  g=7.777092e+06  ||x||=4.109356e-02  ||grad||=2.374989e+09  tau=7.133e-14  beta=9.909e-01
[iter  327/500] obj=1.003536e+08  f=9.257528e+07  g=7.778296e+06  ||x||=4.117425e-02  ||grad||=2.374710e+09  tau=7.133e-14  beta=9.909e-01
[iter  328/500] obj=1.003512e+08  f=9.257167e+07  g=7.779492e+06  ||x||=4.125480e-02  ||grad||=2.374431e+09  tau=7.133e-14  beta=9.910e-01
[iter  329/500] obj=1.003488e+08  f=9.256810e+07  g=7.780681e+06  ||x||=4.133522e-02  ||grad||=2.374150e+09  tau=7.133e-14  beta=9.910e-01
[iter  330/500] obj=1.003464e+08  f=9.256454e+07  g=7.781862e+06  ||x||=4.141551e-02  ||grad||=2.373872e+09  tau=7.133e-14  beta=9.910e-01
[iter  331/500] obj=1.003440e+08  f=9.256100e+07  g=7.783036e+06  ||x||=4.149566e-02  ||grad||=2.373596e+09  tau=7.133e-14  beta=9.911e-01
[iter  332/500] obj=1.003417e+08  f=9.255748e+07  g=7.784204e+06  ||x||=4.157567e-02  ||grad||=2.373314e+09  tau=7.133e-14  beta=9.911e-01
[iter  333/500] obj=1.003394e+08  f=9.255398e+07  g=7.785367e+06  ||x||=4.165556e-02  ||grad||=2.373034e+09  tau=7.133e-14  beta=9.911e-01
[iter  334/500] obj=1.003370e+08  f=9.255050e+07  g=7.786522e+06  ||x||=4.173531e-02  ||grad||=2.372756e+09  tau=7.133e-14  beta=9.911e-01
[iter  335/500] obj=1.003347e+08  f=9.254704e+07  g=7.787670e+06  ||x||=4.181493e-02  ||grad||=2.372483e+09  tau=7.133e-14  beta=9.912e-01
[iter  336/500] obj=1.003324e+08  f=9.254360e+07  g=7.788813e+06  ||x||=4.189441e-02  ||grad||=2.372211e+09  tau=7.133e-14  beta=9.912e-01
[iter  337/500] obj=1.003301e+08  f=9.254018e+07  g=7.789949e+06  ||x||=4.197377e-02  ||grad||=2.371944e+09  tau=7.133e-14  beta=9.912e-01
[iter  338/500] obj=1.003279e+08  f=9.253678e+07  g=7.791075e+06  ||x||=4.205299e-02  ||grad||=2.371679e+09  tau=7.133e-14  beta=9.912e-01
[iter  339/500] obj=1.003256e+08  f=9.253341e+07  g=7.792195e+06  ||x||=4.213208e-02  ||grad||=2.371415e+09  tau=7.133e-14  beta=9.913e-01
[iter  340/500] obj=1.003234e+08  f=9.253005e+07  g=7.793308e+06  ||x||=4.221104e-02  ||grad||=2.371149e+09  tau=7.133e-14  beta=9.913e-01
[iter  341/500] obj=1.003211e+08  f=9.252670e+07  g=7.794413e+06  ||x||=4.228988e-02  ||grad||=2.370883e+09  tau=7.133e-14  beta=9.913e-01
[iter  342/500] obj=1.003189e+08  f=9.252338e+07  g=7.795511e+06  ||x||=4.236858e-02  ||grad||=2.370621e+09  tau=7.133e-14  beta=9.913e-01
[iter  343/500] obj=1.003167e+08  f=9.252008e+07  g=7.796598e+06  ||x||=4.244716e-02  ||grad||=2.370360e+09  tau=7.133e-14  beta=9.914e-01
[iter  344/500] obj=1.003145e+08  f=9.251681e+07  g=7.797678e+06  ||x||=4.252560e-02  ||grad||=2.370102e+09  tau=7.133e-14  beta=9.914e-01
[iter  345/500] obj=1.003123e+08  f=9.251355e+07  g=7.798751e+06  ||x||=4.260392e-02  ||grad||=2.369846e+09  tau=7.133e-14  beta=9.914e-01
[iter  346/500] obj=1.003101e+08  f=9.251030e+07  g=7.799815e+06  ||x||=4.268212e-02  ||grad||=2.369591e+09  tau=7.133e-14  beta=9.914e-01
[iter  347/500] obj=1.003080e+08  f=9.250709e+07  g=7.800872e+06  ||x||=4.276019e-02  ||grad||=2.369341e+09  tau=7.133e-14  beta=9.915e-01
[iter  348/500] obj=1.003058e+08  f=9.250389e+07  g=7.801920e+06  ||x||=4.283813e-02  ||grad||=2.369094e+09  tau=7.133e-14  beta=9.915e-01
[iter  349/500] obj=1.003037e+08  f=9.250072e+07  g=7.802961e+06  ||x||=4.291594e-02  ||grad||=2.368849e+09  tau=7.133e-14  beta=9.915e-01
[iter  350/500] obj=1.003015e+08  f=9.249755e+07  g=7.803995e+06  ||x||=4.299363e-02  ||grad||=2.368608e+09  tau=7.133e-14  beta=9.915e-01
[iter  351/500] obj=1.002994e+08  f=9.249441e+07  g=7.805022e+06  ||x||=4.307120e-02  ||grad||=2.368368e+09  tau=7.133e-14  beta=9.916e-01
[iter  352/500] obj=1.002973e+08  f=9.249128e+07  g=7.806043e+06  ||x||=4.314864e-02  ||grad||=2.368130e+09  tau=7.133e-14  beta=9.916e-01
[iter  353/500] obj=1.002952e+08  f=9.248818e+07  g=7.807059e+06  ||x||=4.322596e-02  ||grad||=2.367893e+09  tau=7.133e-14  beta=9.916e-01
[iter  354/500] obj=1.002932e+08  f=9.248509e+07  g=7.808069e+06  ||x||=4.330316e-02  ||grad||=2.367657e+09  tau=7.133e-14  beta=9.916e-01
[iter  355/500] obj=1.002911e+08  f=9.248200e+07  g=7.809071e+06  ||x||=4.338023e-02  ||grad||=2.367427e+09  tau=7.133e-14  beta=9.917e-01
[iter  356/500] obj=1.002890e+08  f=9.247896e+07  g=7.810066e+06  ||x||=4.345718e-02  ||grad||=2.367197e+09  tau=7.133e-14  beta=9.917e-01
[iter  357/500] obj=1.002870e+08  f=9.247592e+07  g=7.811056e+06  ||x||=4.353401e-02  ||grad||=2.366971e+09  tau=7.133e-14  beta=9.917e-01
[iter  358/500] obj=1.002849e+08  f=9.247290e+07  g=7.812042e+06  ||x||=4.361071e-02  ||grad||=2.366745e+09  tau=7.133e-14  beta=9.917e-01
[iter  359/500] obj=1.002829e+08  f=9.246989e+07  g=7.813023e+06  ||x||=4.368730e-02  ||grad||=2.366518e+09  tau=7.133e-14  beta=9.917e-01
[iter  360/500] obj=1.002809e+08  f=9.246690e+07  g=7.814002e+06  ||x||=4.376376e-02  ||grad||=2.366292e+09  tau=7.133e-14  beta=9.918e-01
[iter  361/500] obj=1.002789e+08  f=9.246392e+07  g=7.814976e+06  ||x||=4.384010e-02  ||grad||=2.366068e+09  tau=7.133e-14  beta=9.918e-01
[iter  362/500] obj=1.002769e+08  f=9.246096e+07  g=7.815946e+06  ||x||=4.391633e-02  ||grad||=2.365847e+09  tau=7.133e-14  beta=9.918e-01
[iter  363/500] obj=1.002749e+08  f=9.245802e+07  g=7.816908e+06  ||x||=4.399242e-02  ||grad||=2.365628e+09  tau=7.133e-14  beta=9.918e-01
[iter  364/500] obj=1.002730e+08  f=9.245510e+07  g=7.817867e+06  ||x||=4.406840e-02  ||grad||=2.365410e+09  tau=7.133e-14  beta=9.919e-01
[iter  365/500] obj=1.002710e+08  f=9.245218e+07  g=7.818820e+06  ||x||=4.414426e-02  ||grad||=2.365191e+09  tau=7.133e-14  beta=9.919e-01
[iter  366/500] obj=1.002690e+08  f=9.244928e+07  g=7.819765e+06  ||x||=4.422000e-02  ||grad||=2.364972e+09  tau=7.133e-14  beta=9.919e-01
[iter  367/500] obj=1.002671e+08  f=9.244642e+07  g=7.820706e+06  ||x||=4.429562e-02  ||grad||=2.364754e+09  tau=7.133e-14  beta=9.919e-01
[iter  368/500] obj=1.002652e+08  f=9.244355e+07  g=7.821642e+06  ||x||=4.437112e-02  ||grad||=2.364540e+09  tau=7.133e-14  beta=9.919e-01
[iter  369/500] obj=1.002633e+08  f=9.244070e+07  g=7.822573e+06  ||x||=4.444650e-02  ||grad||=2.364324e+09  tau=7.133e-14  beta=9.920e-01
[iter  370/500] obj=1.002614e+08  f=9.243787e+07  g=7.823494e+06  ||x||=4.452176e-02  ||grad||=2.364108e+09  tau=7.133e-14  beta=9.920e-01
[iter  371/500] obj=1.002595e+08  f=9.243506e+07  g=7.824411e+06  ||x||=4.459690e-02  ||grad||=2.363894e+09  tau=7.133e-14  beta=9.920e-01
[iter  372/500] obj=1.002576e+08  f=9.243226e+07  g=7.825325e+06  ||x||=4.467193e-02  ||grad||=2.363675e+09  tau=7.133e-14  beta=9.920e-01
[iter  373/500] obj=1.002557e+08  f=9.242947e+07  g=7.826236e+06  ||x||=4.474683e-02  ||grad||=2.363457e+09  tau=7.133e-14  beta=9.921e-01
[iter  374/500] obj=1.002538e+08  f=9.242670e+07  g=7.827139e+06  ||x||=4.482162e-02  ||grad||=2.363238e+09  tau=7.133e-14  beta=9.921e-01
[iter  375/500] obj=1.002520e+08  f=9.242395e+07  g=7.828038e+06  ||x||=4.489629e-02  ||grad||=2.363020e+09  tau=7.133e-14  beta=9.921e-01
[iter  376/500] obj=1.002501e+08  f=9.242120e+07  g=7.828933e+06  ||x||=4.497084e-02  ||grad||=2.362807e+09  tau=7.133e-14  beta=9.921e-01
[iter  377/500] obj=1.002483e+08  f=9.241847e+07  g=7.829825e+06  ||x||=4.504528e-02  ||grad||=2.362595e+09  tau=7.133e-14  beta=9.921e-01
[iter  378/500] obj=1.002465e+08  f=9.241576e+07  g=7.830712e+06  ||x||=4.511960e-02  ||grad||=2.362382e+09  tau=7.133e-14  beta=9.922e-01
[iter  379/500] obj=1.002447e+08  f=9.241306e+07  g=7.831595e+06  ||x||=4.519380e-02  ||grad||=2.362170e+09  tau=7.133e-14  beta=9.922e-01
[iter  380/500] obj=1.002428e+08  f=9.241037e+07  g=7.832476e+06  ||x||=4.526788e-02  ||grad||=2.361957e+09  tau=7.133e-14  beta=9.922e-01
[iter  381/500] obj=1.002410e+08  f=9.240770e+07  g=7.833347e+06  ||x||=4.534185e-02  ||grad||=2.361748e+09  tau=7.133e-14  beta=9.922e-01
[iter  382/500] obj=1.002393e+08  f=9.240504e+07  g=7.834216e+06  ||x||=4.541570e-02  ||grad||=2.361542e+09  tau=7.133e-14  beta=9.922e-01
[iter  383/500] obj=1.002375e+08  f=9.240240e+07  g=7.835081e+06  ||x||=4.548944e-02  ||grad||=2.361335e+09  tau=7.133e-14  beta=9.923e-01
[iter  384/500] obj=1.002357e+08  f=9.239976e+07  g=7.835944e+06  ||x||=4.556306e-02  ||grad||=2.361131e+09  tau=7.133e-14  beta=9.923e-01
[iter  385/500] obj=1.002339e+08  f=9.239714e+07  g=7.836804e+06  ||x||=4.563656e-02  ||grad||=2.360931e+09  tau=7.133e-14  beta=9.923e-01
[iter  386/500] obj=1.002322e+08  f=9.239453e+07  g=7.837664e+06  ||x||=4.570996e-02  ||grad||=2.360733e+09  tau=7.133e-14  beta=9.923e-01
[iter  387/500] obj=1.002305e+08  f=9.239194e+07  g=7.838518e+06  ||x||=4.578323e-02  ||grad||=2.360537e+09  tau=7.133e-14  beta=9.923e-01
[iter  388/500] obj=1.002287e+08  f=9.238934e+07  g=7.839367e+06  ||x||=4.585639e-02  ||grad||=2.360343e+09  tau=7.133e-14  beta=9.924e-01
[iter  389/500] obj=1.002270e+08  f=9.238678e+07  g=7.840205e+06  ||x||=4.592943e-02  ||grad||=2.360152e+09  tau=7.133e-14  beta=9.924e-01
[iter  390/500] obj=1.002253e+08  f=9.238424e+07  g=7.841038e+06  ||x||=4.600235e-02  ||grad||=2.359962e+09  tau=7.133e-14  beta=9.924e-01
[iter  391/500] obj=1.002236e+08  f=9.238170e+07  g=7.841861e+06  ||x||=4.607516e-02  ||grad||=2.359773e+09  tau=7.133e-14  beta=9.924e-01
[iter  392/500] obj=1.002219e+08  f=9.237918e+07  g=7.842681e+06  ||x||=4.614786e-02  ||grad||=2.359584e+09  tau=7.133e-14  beta=9.924e-01
[iter  393/500] obj=1.002202e+08  f=9.237668e+07  g=7.843497e+06  ||x||=4.622044e-02  ||grad||=2.359392e+09  tau=7.133e-14  beta=9.925e-01
[iter  394/500] obj=1.002185e+08  f=9.237419e+07  g=7.844306e+06  ||x||=4.629291e-02  ||grad||=2.359202e+09  tau=7.133e-14  beta=9.925e-01
[iter  395/500] obj=1.002168e+08  f=9.237171e+07  g=7.845110e+06  ||x||=4.636526e-02  ||grad||=2.359012e+09  tau=7.133e-14  beta=9.925e-01
[iter  396/500] obj=1.002152e+08  f=9.236925e+07  g=7.845911e+06  ||x||=4.643750e-02  ||grad||=2.358823e+09  tau=7.133e-14  beta=9.925e-01
[iter  397/500] obj=1.002135e+08  f=9.236679e+07  g=7.846706e+06  ||x||=4.650962e-02  ||grad||=2.358637e+09  tau=7.133e-14  beta=9.925e-01
[iter  398/500] obj=1.002118e+08  f=9.236435e+07  g=7.847498e+06  ||x||=4.658163e-02  ||grad||=2.358448e+09  tau=7.133e-14  beta=9.925e-01
[iter  399/500] obj=1.002102e+08  f=9.236192e+07  g=7.848285e+06  ||x||=4.665352e-02  ||grad||=2.358262e+09  tau=7.133e-14  beta=9.926e-01
[iter  400/500] obj=1.002086e+08  f=9.235950e+07  g=7.849067e+06  ||x||=4.672531e-02  ||grad||=2.358077e+09  tau=7.133e-14  beta=9.926e-01
[iter  401/500] obj=1.002069e+08  f=9.235710e+07  g=7.849844e+06  ||x||=4.679698e-02  ||grad||=2.357894e+09  tau=7.133e-14  beta=9.926e-01
[iter  402/500] obj=1.002053e+08  f=9.235472e+07  g=7.850616e+06  ||x||=4.686853e-02  ||grad||=2.357710e+09  tau=7.133e-14  beta=9.926e-01
[iter  403/500] obj=1.002037e+08  f=9.235235e+07  g=7.851382e+06  ||x||=4.693998e-02  ||grad||=2.357528e+09  tau=7.133e-14  beta=9.926e-01
[iter  404/500] obj=1.002021e+08  f=9.234998e+07  g=7.852140e+06  ||x||=4.701131e-02  ||grad||=2.357347e+09  tau=7.133e-14  beta=9.927e-01
[iter  405/500] obj=1.002005e+08  f=9.234764e+07  g=7.852897e+06  ||x||=4.708253e-02  ||grad||=2.357168e+09  tau=7.133e-14  beta=9.927e-01
[iter  406/500] obj=1.001989e+08  f=9.234530e+07  g=7.853643e+06  ||x||=4.715364e-02  ||grad||=2.356986e+09  tau=7.133e-14  beta=9.927e-01
[iter  407/500] obj=1.001974e+08  f=9.234299e+07  g=7.854384e+06  ||x||=4.722463e-02  ||grad||=2.356807e+09  tau=7.133e-14  beta=9.927e-01
[iter  408/500] obj=1.001958e+08  f=9.234069e+07  g=7.855121e+06  ||x||=4.729552e-02  ||grad||=2.356627e+09  tau=7.133e-14  beta=9.927e-01
[iter  409/500] obj=1.001942e+08  f=9.233838e+07  g=7.855851e+06  ||x||=4.736630e-02  ||grad||=2.356445e+09  tau=7.133e-14  beta=9.927e-01
[iter  410/500] obj=1.001927e+08  f=9.233611e+07  g=7.856575e+06  ||x||=4.743696e-02  ||grad||=2.356266e+09  tau=7.133e-14  beta=9.928e-01
[iter  411/500] obj=1.001911e+08  f=9.233384e+07  g=7.857296e+06  ||x||=4.750751e-02  ||grad||=2.356087e+09  tau=7.133e-14  beta=9.928e-01
[iter  412/500] obj=1.001896e+08  f=9.233159e+07  g=7.858013e+06  ||x||=4.757795e-02  ||grad||=2.355908e+09  tau=7.133e-14  beta=9.928e-01
[iter  413/500] obj=1.001881e+08  f=9.232934e+07  g=7.858726e+06  ||x||=4.764829e-02  ||grad||=2.355731e+09  tau=7.133e-14  beta=9.928e-01
[iter  414/500] obj=1.001865e+08  f=9.232711e+07  g=7.859432e+06  ||x||=4.771852e-02  ||grad||=2.355554e+09  tau=7.133e-14  beta=9.928e-01
[iter  415/500] obj=1.001850e+08  f=9.232490e+07  g=7.860135e+06  ||x||=4.778863e-02  ||grad||=2.355379e+09  tau=7.133e-14  beta=9.928e-01
[iter  416/500] obj=1.001835e+08  f=9.232269e+07  g=7.860834e+06  ||x||=4.785864e-02  ||grad||=2.355207e+09  tau=7.133e-14  beta=9.929e-01
[iter  417/500] obj=1.001820e+08  f=9.232049e+07  g=7.861529e+06  ||x||=4.792854e-02  ||grad||=2.355034e+09  tau=7.133e-14  beta=9.929e-01
[iter  418/500] obj=1.001805e+08  f=9.231830e+07  g=7.862219e+06  ||x||=4.799834e-02  ||grad||=2.354863e+09  tau=7.133e-14  beta=9.929e-01
[iter  419/500] obj=1.001790e+08  f=9.231613e+07  g=7.862903e+06  ||x||=4.806802e-02  ||grad||=2.354691e+09  tau=7.133e-14  beta=9.929e-01
[iter  420/500] obj=1.001775e+08  f=9.231397e+07  g=7.863581e+06  ||x||=4.813759e-02  ||grad||=2.354520e+09  tau=7.133e-14  beta=9.929e-01
[iter  421/500] obj=1.001761e+08  f=9.231183e+07  g=7.864256e+06  ||x||=4.820706e-02  ||grad||=2.354351e+09  tau=7.133e-14  beta=9.929e-01
[iter  422/500] obj=1.001746e+08  f=9.230970e+07  g=7.864929e+06  ||x||=4.827642e-02  ||grad||=2.354182e+09  tau=7.133e-14  beta=9.930e-01
[iter  423/500] obj=1.001732e+08  f=9.230756e+07  g=7.865595e+06  ||x||=4.834568e-02  ||grad||=2.354016e+09  tau=7.133e-14  beta=9.930e-01
[iter  424/500] obj=1.001717e+08  f=9.230544e+07  g=7.866259e+06  ||x||=4.841483e-02  ||grad||=2.353849e+09  tau=7.133e-14  beta=9.930e-01
[iter  425/500] obj=1.001703e+08  f=9.230334e+07  g=7.866918e+06  ||x||=4.848387e-02  ||grad||=2.353684e+09  tau=7.133e-14  beta=9.930e-01
[iter  426/500] obj=1.001688e+08  f=9.230125e+07  g=7.867573e+06  ||x||=4.855281e-02  ||grad||=2.353518e+09  tau=7.133e-14  beta=9.930e-01
[iter  427/500] obj=1.001674e+08  f=9.229917e+07  g=7.868223e+06  ||x||=4.862164e-02  ||grad||=2.353354e+09  tau=7.133e-14  beta=9.930e-01
[iter  428/500] obj=1.001660e+08  f=9.229710e+07  g=7.868871e+06  ||x||=4.869037e-02  ||grad||=2.353189e+09  tau=7.133e-14  beta=9.931e-01
[iter  429/500] obj=1.001646e+08  f=9.229504e+07  g=7.869514e+06  ||x||=4.875899e-02  ||grad||=2.353027e+09  tau=7.133e-14  beta=9.931e-01
[iter  430/500] obj=1.001631e+08  f=9.229298e+07  g=7.870155e+06  ||x||=4.882751e-02  ||grad||=2.352863e+09  tau=7.133e-14  beta=9.931e-01
[iter  431/500] obj=1.001617e+08  f=9.229094e+07  g=7.870791e+06  ||x||=4.889592e-02  ||grad||=2.352703e+09  tau=7.133e-14  beta=9.931e-01
[iter  432/500] obj=1.001603e+08  f=9.228891e+07  g=7.871423e+06  ||x||=4.896424e-02  ||grad||=2.352541e+09  tau=7.133e-14  beta=9.931e-01
[iter  433/500] obj=1.001589e+08  f=9.228690e+07  g=7.872048e+06  ||x||=4.903244e-02  ||grad||=2.352383e+09  tau=7.133e-14  beta=9.931e-01
[iter  434/500] obj=1.001576e+08  f=9.228489e+07  g=7.872669e+06  ||x||=4.910055e-02  ||grad||=2.352226e+09  tau=7.133e-14  beta=9.932e-01
[iter  435/500] obj=1.001562e+08  f=9.228290e+07  g=7.873287e+06  ||x||=4.916855e-02  ||grad||=2.352069e+09  tau=7.133e-14  beta=9.932e-01
[iter  436/500] obj=1.001548e+08  f=9.228091e+07  g=7.873901e+06  ||x||=4.923645e-02  ||grad||=2.351913e+09  tau=7.133e-14  beta=9.932e-01
[iter  437/500] obj=1.001534e+08  f=9.227893e+07  g=7.874510e+06  ||x||=4.930425e-02  ||grad||=2.351760e+09  tau=7.133e-14  beta=9.932e-01
[iter  438/500] obj=1.001521e+08  f=9.227696e+07  g=7.875115e+06  ||x||=4.937195e-02  ||grad||=2.351605e+09  tau=7.133e-14  beta=9.932e-01
[iter  439/500] obj=1.001507e+08  f=9.227501e+07  g=7.875717e+06  ||x||=4.943954e-02  ||grad||=2.351450e+09  tau=7.133e-14  beta=9.932e-01
[iter  440/500] obj=1.001494e+08  f=9.227306e+07  g=7.876313e+06  ||x||=4.950704e-02  ||grad||=2.351296e+09  tau=7.133e-14  beta=9.933e-01
[iter  441/500] obj=1.001480e+08  f=9.227112e+07  g=7.876906e+06  ||x||=4.957443e-02  ||grad||=2.351141e+09  tau=7.133e-14  beta=9.933e-01
[iter  442/500] obj=1.001467e+08  f=9.226920e+07  g=7.877494e+06  ||x||=4.964173e-02  ||grad||=2.350985e+09  tau=7.133e-14  beta=9.933e-01
[iter  443/500] obj=1.001454e+08  f=9.226729e+07  g=7.878080e+06  ||x||=4.970893e-02  ||grad||=2.350831e+09  tau=7.133e-14  beta=9.933e-01
[iter  444/500] obj=1.001440e+08  f=9.226538e+07  g=7.878662e+06  ||x||=4.977602e-02  ||grad||=2.350676e+09  tau=7.133e-14  beta=9.933e-01
[iter  445/500] obj=1.001427e+08  f=9.226349e+07  g=7.879241e+06  ||x||=4.984302e-02  ||grad||=2.350524e+09  tau=7.133e-14  beta=9.933e-01
[iter  446/500] obj=1.001414e+08  f=9.226160e+07  g=7.879818e+06  ||x||=4.990992e-02  ||grad||=2.350374e+09  tau=7.133e-14  beta=9.933e-01
[iter  447/500] obj=1.001401e+08  f=9.225971e+07  g=7.880391e+06  ||x||=4.997673e-02  ||grad||=2.350224e+09  tau=7.133e-14  beta=9.934e-01
[iter  448/500] obj=1.001388e+08  f=9.225784e+07  g=7.880960e+06  ||x||=5.004343e-02  ||grad||=2.350074e+09  tau=7.133e-14  beta=9.934e-01
[iter  449/500] obj=1.001375e+08  f=9.225598e+07  g=7.881529e+06  ||x||=5.011004e-02  ||grad||=2.349926e+09  tau=7.133e-14  beta=9.934e-01
[iter  450/500] obj=1.001362e+08  f=9.225414e+07  g=7.882094e+06  ||x||=5.017655e-02  ||grad||=2.349779e+09  tau=7.133e-14  beta=9.934e-01
[iter  451/500] obj=1.001349e+08  f=9.225229e+07  g=7.882657e+06  ||x||=5.024296e-02  ||grad||=2.349634e+09  tau=7.133e-14  beta=9.934e-01
[iter  452/500] obj=1.001337e+08  f=9.225046e+07  g=7.883216e+06  ||x||=5.030928e-02  ||grad||=2.349490e+09  tau=7.133e-14  beta=9.934e-01
[iter  453/500] obj=1.001324e+08  f=9.224862e+07  g=7.883772e+06  ||x||=5.037550e-02  ||grad||=2.349347e+09  tau=7.133e-14  beta=9.934e-01
[iter  454/500] obj=1.001311e+08  f=9.224681e+07  g=7.884328e+06  ||x||=5.044163e-02  ||grad||=2.349206e+09  tau=7.133e-14  beta=9.935e-01
[iter  455/500] obj=1.001299e+08  f=9.224499e+07  g=7.884882e+06  ||x||=5.050766e-02  ||grad||=2.349063e+09  tau=7.133e-14  beta=9.935e-01
[iter  456/500] obj=1.001286e+08  f=9.224320e+07  g=7.885434e+06  ||x||=5.057359e-02  ||grad||=2.348923e+09  tau=7.133e-14  beta=9.935e-01
[iter  457/500] obj=1.001274e+08  f=9.224139e+07  g=7.885984e+06  ||x||=5.063944e-02  ||grad||=2.348783e+09  tau=7.133e-14  beta=9.935e-01
[iter  458/500] obj=1.001261e+08  f=9.223960e+07  g=7.886533e+06  ||x||=5.070518e-02  ||grad||=2.348644e+09  tau=7.133e-14  beta=9.935e-01
[iter  459/500] obj=1.001249e+08  f=9.223782e+07  g=7.887076e+06  ||x||=5.077083e-02  ||grad||=2.348505e+09  tau=7.133e-14  beta=9.935e-01
[iter  460/500] obj=1.001237e+08  f=9.223606e+07  g=7.887616e+06  ||x||=5.083639e-02  ||grad||=2.348367e+09  tau=7.133e-14  beta=9.935e-01
[iter  461/500] obj=1.001224e+08  f=9.223430e+07  g=7.888151e+06  ||x||=5.090185e-02  ||grad||=2.348230e+09  tau=7.133e-14  beta=9.936e-01
[iter  462/500] obj=1.001212e+08  f=9.223254e+07  g=7.888683e+06  ||x||=5.096722e-02  ||grad||=2.348095e+09  tau=7.133e-14  beta=9.936e-01
[iter  463/500] obj=1.001200e+08  f=9.223080e+07  g=7.889212e+06  ||x||=5.103250e-02  ||grad||=2.347961e+09  tau=7.133e-14  beta=9.936e-01
[iter  464/500] obj=1.001188e+08  f=9.222906e+07  g=7.889739e+06  ||x||=5.109768e-02  ||grad||=2.347826e+09  tau=7.133e-14  beta=9.936e-01
[iter  465/500] obj=1.001176e+08  f=9.222734e+07  g=7.890265e+06  ||x||=5.116278e-02  ||grad||=2.347692e+09  tau=7.133e-14  beta=9.936e-01
[iter  466/500] obj=1.001164e+08  f=9.222562e+07  g=7.890791e+06  ||x||=5.122777e-02  ||grad||=2.347560e+09  tau=7.133e-14  beta=9.936e-01
[iter  467/500] obj=1.001152e+08  f=9.222390e+07  g=7.891315e+06  ||x||=5.129268e-02  ||grad||=2.347431e+09  tau=7.133e-14  beta=9.936e-01
[iter  468/500] obj=1.001140e+08  f=9.222219e+07  g=7.891838e+06  ||x||=5.135750e-02  ||grad||=2.347302e+09  tau=7.133e-14  beta=9.937e-01
[iter  469/500] obj=1.001129e+08  f=9.222050e+07  g=7.892358e+06  ||x||=5.142222e-02  ||grad||=2.347175e+09  tau=7.133e-14  beta=9.937e-01
[iter  470/500] obj=1.001117e+08  f=9.221880e+07  g=7.892876e+06  ||x||=5.148685e-02  ||grad||=2.347048e+09  tau=7.133e-14  beta=9.937e-01
[iter  471/500] obj=1.001105e+08  f=9.221711e+07  g=7.893394e+06  ||x||=5.155139e-02  ||grad||=2.346923e+09  tau=7.133e-14  beta=9.937e-01
[iter  472/500] obj=1.001093e+08  f=9.221543e+07  g=7.893908e+06  ||x||=5.161584e-02  ||grad||=2.346797e+09  tau=7.133e-14  beta=9.937e-01
[iter  473/500] obj=1.001082e+08  f=9.221376e+07  g=7.894420e+06  ||x||=5.168019e-02  ||grad||=2.346669e+09  tau=7.133e-14  beta=9.937e-01
[iter  474/500] obj=1.001070e+08  f=9.221210e+07  g=7.894930e+06  ||x||=5.174446e-02  ||grad||=2.346541e+09  tau=7.133e-14  beta=9.937e-01
[iter  475/500] obj=1.001059e+08  f=9.221044e+07  g=7.895436e+06  ||x||=5.180863e-02  ||grad||=2.346414e+09  tau=7.133e-14  beta=9.937e-01
[iter  476/500] obj=1.001047e+08  f=9.220879e+07  g=7.895940e+06  ||x||=5.187272e-02  ||grad||=2.346286e+09  tau=7.133e-14  beta=9.938e-01
[iter  477/500] obj=1.001036e+08  f=9.220715e+07  g=7.896440e+06  ||x||=5.193670e-02  ||grad||=2.346157e+09  tau=7.133e-14  beta=9.938e-01
[iter  478/500] obj=1.001024e+08  f=9.220551e+07  g=7.896935e+06  ||x||=5.200061e-02  ||grad||=2.346029e+09  tau=7.133e-14  beta=9.938e-01
[iter  479/500] obj=1.001013e+08  f=9.220390e+07  g=7.897429e+06  ||x||=5.206442e-02  ||grad||=2.345903e+09  tau=7.133e-14  beta=9.938e-01
[iter  480/500] obj=1.001002e+08  f=9.220228e+07  g=7.897921e+06  ||x||=5.212814e-02  ||grad||=2.345778e+09  tau=7.133e-14  beta=9.938e-01
[iter  481/500] obj=1.000991e+08  f=9.220067e+07  g=7.898408e+06  ||x||=5.219177e-02  ||grad||=2.345654e+09  tau=7.133e-14  beta=9.938e-01
[iter  482/500] obj=1.000980e+08  f=9.219906e+07  g=7.898894e+06  ||x||=5.225531e-02  ||grad||=2.345532e+09  tau=7.133e-14  beta=9.938e-01
[iter  483/500] obj=1.000969e+08  f=9.219747e+07  g=7.899379e+06  ||x||=5.231877e-02  ||grad||=2.345407e+09  tau=7.133e-14  beta=9.938e-01
[iter  484/500] obj=1.000957e+08  f=9.219589e+07  g=7.899859e+06  ||x||=5.238213e-02  ||grad||=2.345284e+09  tau=7.133e-14  beta=9.939e-01
[iter  485/500] obj=1.000947e+08  f=9.219431e+07  g=7.900339e+06  ||x||=5.244540e-02  ||grad||=2.345164e+09  tau=7.133e-14  beta=9.939e-01
[iter  486/500] obj=1.000936e+08  f=9.219274e+07  g=7.900816e+06  ||x||=5.250859e-02  ||grad||=2.345042e+09  tau=7.133e-14  beta=9.939e-01
[iter  487/500] obj=1.000925e+08  f=9.219117e+07  g=7.901294e+06  ||x||=5.257168e-02  ||grad||=2.344920e+09  tau=7.133e-14  beta=9.939e-01
[iter  488/500] obj=1.000914e+08  f=9.218960e+07  g=7.901768e+06  ||x||=5.263469e-02  ||grad||=2.344797e+09  tau=7.133e-14  beta=9.939e-01
[iter  489/500] obj=1.000903e+08  f=9.218805e+07  g=7.902239e+06  ||x||=5.269761e-02  ||grad||=2.344678e+09  tau=7.133e-14  beta=9.939e-01
[iter  490/500] obj=1.000892e+08  f=9.218650e+07  g=7.902707e+06  ||x||=5.276044e-02  ||grad||=2.344559e+09  tau=7.133e-14  beta=9.939e-01
[iter  491/500] obj=1.000881e+08  f=9.218496e+07  g=7.903173e+06  ||x||=5.282319e-02  ||grad||=2.344439e+09  tau=7.133e-14  beta=9.939e-01
[iter  492/500] obj=1.000871e+08  f=9.218344e+07  g=7.903635e+06  ||x||=5.288584e-02  ||grad||=2.344319e+09  tau=7.133e-14  beta=9.940e-01
[iter  493/500] obj=1.000860e+08  f=9.218191e+07  g=7.904095e+06  ||x||=5.294841e-02  ||grad||=2.344201e+09  tau=7.133e-14  beta=9.940e-01
[iter  494/500] obj=1.000850e+08  f=9.218040e+07  g=7.904552e+06  ||x||=5.301089e-02  ||grad||=2.344083e+09  tau=7.133e-14  beta=9.940e-01
[iter  495/500] obj=1.000839e+08  f=9.217888e+07  g=7.905006e+06  ||x||=5.307328e-02  ||grad||=2.343966e+09  tau=7.133e-14  beta=9.940e-01
[iter  496/500] obj=1.000828e+08  f=9.217738e+07  g=7.905457e+06  ||x||=5.313559e-02  ||grad||=2.343850e+09  tau=7.133e-14  beta=9.940e-01
[iter  497/500] obj=1.000818e+08  f=9.217589e+07  g=7.905904e+06  ||x||=5.319780e-02  ||grad||=2.343737e+09  tau=7.133e-14  beta=9.940e-01
[iter  498/500] obj=1.000807e+08  f=9.217440e+07  g=7.906350e+06  ||x||=5.325993e-02  ||grad||=2.343622e+09  tau=7.133e-14  beta=9.940e-01
[iter  499/500] obj=1.000797e+08  f=9.217293e+07  g=7.906794e+06  ||x||=5.332198e-02  ||grad||=2.343507e+09  tau=7.133e-14  beta=9.940e-01
[iter  500/500] obj=1.000787e+08  f=9.217145e+07  g=7.907235e+06  ||x||=5.338394e-02  ||grad||=2.343393e+09  tau=7.133e-14  beta=9.941e-01
All outputs saved in: /work3/msaca/textomo_run_003

------------------------------------------------------------
Sender: LSF System <lsfadmin@hpc.dtu.dk>
Subject: Job 27595112: <TextureTomography> in cluster <dcc> Done

Job <TextureTomography> was submitted from host <gbarlogin1> by user <msaca> in cluster <dcc> at Sun Jan 11 20:59:18 2026
Job was executed on host(s) <8*n-62-12-21>, in queue <gpua100>, as user <msaca> in cluster <dcc> at Sun Jan 11 21:00:14 2026
</zhome/71/c/146676> was used as the home directory.
</zhome/71/c/146676/texture_tomography/jobscripts> was used as the working directory.
Started at Sun Jan 11 21:00:14 2026
Terminated at Sun Jan 11 22:46:00 2026
Results reported at Sun Jan 11 22:46:00 2026

Your job looked like:

------------------------------------------------------------
# LSBATCH: User input
#!/bin/bash
#BSUB -J TextureTomography
#BSUB -q gpua100
#BSUB -gpu "num=1:mode=exclusive_process"
#BSUB -n 8
#BSUB -R "span[hosts=1]"
#BSUB -R "rusage[mem=6000]"        # 40 GB host RAM
#BSUB -M 6000                      # hard memory limit
#BSUB -W 15:00
#BSUB -oo log/%J.out
#BSUB -eo error/%J.err

# initialize conda
export PATH="/zhome/71/c/146676/miniconda3/bin:$PATH"
source /zhome/71/c/146676/miniconda3/etc/profile.d/conda.sh

conda activate cil

python ../scripts/textomo1.py

------------------------------------------------------------

Successfully completed.

Resource usage summary:

    CPU time :                                   6410.67 sec.
    Max Memory :                                 5873 MB
    Average Memory :                             2418.25 MB
    Total Requested Memory :                     48000.00 MB
    Delta Memory :                               42127.00 MB
    Max Swap :                                   -
    Max Processes :                              5
    Max Threads :                                21
    Run time :                                   6346 sec.
    Turnaround time :                            6402 sec.

The output (if any) is above this job summary.



PS:

Read file <error/27595112.err> for stderr output of this job.

