INFO:Setting the number of threads to 8. If your physical cores are fewer than this number, you may want to use numba.set_num_threads(n), and os.environ["OPENBLAS_NUM_THREADS"] = f"{n}" to set the number of threads to the number of physical cores n.
INFO:Setting numba log level to WARNING.
Saving results to: /work3/msaca/textomo_run_005

=== OpenCL buffer allocation summary ===
coeffs_sino_F                 : shape=(148x500x596),   168.24 MB
coeffs_sino_C                 : shape=(500x148x596),   168.24 MB
_coeffs_batch_F               : shape=(148x148x596),    49.80 MB
_basis_batch_kmax             : shape=(500x596x180x5),  1023.10 MB
_basis_batch_transpose_kmax   : shape=(500x900x596),  1023.10 MB
_grid_inv_kmax                : shape=(596x9),     0.02 MB
_inv_sigma2_kmax              : shape=(596),     0.00 MB
_norm_factor_kmax             : shape=(596),     0.00 MB
---------------------------------------
TOTAL GPU buffer memory:  2432.52 MB
=======================================

[power 01] L_est=4.886405e+07  ||z||=9.968828e+08
[power 02] L_est=1.479111e+11  ||z||=3.411643e+11
[power 03] L_est=1.645257e+12  ||z||=1.862510e+12
[power 04] L_est=2.346337e+12  ||z||=2.412950e+12
[power 05] L_est=2.560973e+12  ||z||=2.584449e+12
[power 06] L_est=2.636320e+12  ||z||=2.644841e+12
[power 07] L_est=2.663951e+12  ||z||=2.667310e+12
[power 08] L_est=2.675100e+12  ||z||=2.676612e+12
[power 09] L_est=2.680272e+12  ||z||=2.681063e+12
[power 10] L_est=2.683057e+12  ||z||=2.683528e+12
[power 11] L_est=2.684753e+12  ||z||=2.685059e+12
[power 12] L_est=2.685871e+12  ||z||=2.686082e+12
[power 13] L_est=2.686644e+12  ||z||=2.686792e+12
[power 14] L_est=2.687190e+12  ||z||=2.687296e+12
[power 15] L_est=2.687580e+12  ||z||=2.687657e+12
[power 16] L_est=2.687861e+12  ||z||=2.687916e+12
[power 17] L_est=2.688063e+12  ||z||=2.688102e+12
[power 18] L_est=2.688209e+12  ||z||=2.688237e+12
[power 19] L_est=2.688313e+12  ||z||=2.688334e+12
[power 20] L_est=2.688390e+12  ||z||=2.688404e+12
[iter    1/500] obj=0.000000e+00  f=0.000000e+00  g=0.000000e+00  ||x||=1.549703e-03  ||grad||=4.582824e+09  tau=3.382e-13  beta=0.000e+00
[iter    2/500] obj=2.923446e+06  f=2.923446e+06  g=0.000000e+00  ||x||=1.906847e-03  ||grad||=1.406415e+09  tau=3.382e-13  beta=2.818e-01
[iter    3/500] obj=4.211494e+06  f=4.211494e+06  g=0.000000e+00  ||x||=2.206631e-03  ||grad||=1.084422e+09  tau=3.382e-13  beta=4.340e-01
[iter    4/500] obj=4.603668e+06  f=4.603668e+06  g=0.000000e+00  ||x||=2.536153e-03  ||grad||=9.675905e+08  tau=3.382e-13  beta=5.311e-01
[iter    5/500] obj=5.149216e+06  f=5.149216e+06  g=0.000000e+00  ||x||=2.875029e-03  ||grad||=9.361581e+08  tau=3.382e-13  beta=5.988e-01
[iter    6/500] obj=5.633489e+06  f=5.633489e+06  g=0.000000e+00  ||x||=3.214116e-03  ||grad||=9.482791e+08  tau=3.382e-13  beta=6.489e-01
[iter    7/500] obj=6.050598e+06  f=6.050598e+06  g=0.000000e+00  ||x||=3.549997e-03  ||grad||=9.765476e+08  tau=3.382e-13  beta=6.876e-01
[iter    8/500] obj=6.420013e+06  f=6.420013e+06  g=0.000000e+00  ||x||=3.880864e-03  ||grad||=1.011232e+09  tau=3.382e-13  beta=7.185e-01
[iter    9/500] obj=6.748319e+06  f=6.748319e+06  g=0.000000e+00  ||x||=4.205951e-03  ||grad||=1.046560e+09  tau=3.382e-13  beta=7.437e-01
[iter   10/500] obj=7.042034e+06  f=7.042034e+06  g=0.000000e+00  ||x||=4.525054e-03  ||grad||=1.080126e+09  tau=3.382e-13  beta=7.647e-01
[iter   11/500] obj=7.307028e+06  f=7.307028e+06  g=0.000000e+00  ||x||=4.838233e-03  ||grad||=1.111139e+09  tau=3.382e-13  beta=7.824e-01
[iter   12/500] obj=7.547638e+06  f=7.547638e+06  g=0.000000e+00  ||x||=5.145690e-03  ||grad||=1.139406e+09  tau=3.382e-13  beta=7.976e-01
[iter   13/500] obj=7.767703e+06  f=7.767703e+06  g=0.000000e+00  ||x||=5.447667e-03  ||grad||=1.165112e+09  tau=3.382e-13  beta=8.108e-01
[iter   14/500] obj=7.970045e+06  f=7.970045e+06  g=0.000000e+00  ||x||=5.744424e-03  ||grad||=1.188469e+09  tau=3.382e-13  beta=8.224e-01
[iter   15/500] obj=8.156861e+06  f=8.156861e+06  g=0.000000e+00  ||x||=6.036223e-03  ||grad||=1.209705e+09  tau=3.382e-13  beta=8.326e-01
[iter   16/500] obj=8.330014e+06  f=8.330014e+06  g=0.000000e+00  ||x||=6.323319e-03  ||grad||=1.229044e+09  tau=3.382e-13  beta=8.417e-01
[iter   17/500] obj=8.491427e+06  f=8.491427e+06  g=0.000000e+00  ||x||=6.605946e-03  ||grad||=1.246797e+09  tau=3.382e-13  beta=8.498e-01
[iter   18/500] obj=8.641755e+06  f=8.641755e+06  g=0.000000e+00  ||x||=6.884329e-03  ||grad||=1.263050e+09  tau=3.382e-13  beta=8.571e-01
[iter   19/500] obj=8.782265e+06  f=8.782265e+06  g=0.000000e+00  ||x||=7.158687e-03  ||grad||=1.277993e+09  tau=3.382e-13  beta=8.638e-01
[iter   20/500] obj=8.914013e+06  f=8.914013e+06  g=0.000000e+00  ||x||=7.429219e-03  ||grad||=1.291785e+09  tau=3.382e-13  beta=8.698e-01
[iter   21/500] obj=9.038134e+06  f=9.038134e+06  g=0.000000e+00  ||x||=7.696111e-03  ||grad||=1.304588e+09  tau=3.382e-13  beta=8.754e-01
[iter   22/500] obj=9.155302e+06  f=9.155302e+06  g=0.000000e+00  ||x||=7.959529e-03  ||grad||=1.316519e+09  tau=3.382e-13  beta=8.804e-01
[iter   23/500] obj=9.266211e+06  f=9.266211e+06  g=0.000000e+00  ||x||=8.219626e-03  ||grad||=1.327672e+09  tau=3.382e-13  beta=8.851e-01
[iter   24/500] obj=9.371222e+06  f=9.371222e+06  g=0.000000e+00  ||x||=8.476548e-03  ||grad||=1.338084e+09  tau=3.382e-13  beta=8.894e-01
[iter   25/500] obj=9.470714e+06  f=9.470714e+06  g=0.000000e+00  ||x||=8.730441e-03  ||grad||=1.347806e+09  tau=3.382e-13  beta=8.934e-01
[iter   26/500] obj=9.565114e+06  f=9.565114e+06  g=0.000000e+00  ||x||=8.981444e-03  ||grad||=1.356893e+09  tau=3.382e-13  beta=8.971e-01
[iter   27/500] obj=9.654990e+06  f=9.654990e+06  g=0.000000e+00  ||x||=9.229688e-03  ||grad||=1.365440e+09  tau=3.382e-13  beta=9.006e-01
[iter   28/500] obj=9.740604e+06  f=9.740604e+06  g=0.000000e+00  ||x||=9.475295e-03  ||grad||=1.373496e+09  tau=3.382e-13  beta=9.038e-01
[iter   29/500] obj=9.822320e+06  f=9.822320e+06  g=0.000000e+00  ||x||=9.718381e-03  ||grad||=1.381104e+09  tau=3.382e-13  beta=9.069e-01
[iter   30/500] obj=9.900348e+06  f=9.900348e+06  g=0.000000e+00  ||x||=9.959055e-03  ||grad||=1.388291e+09  tau=3.382e-13  beta=9.097e-01
[iter   31/500] obj=9.975010e+06  f=9.975010e+06  g=0.000000e+00  ||x||=1.019742e-02  ||grad||=1.395102e+09  tau=3.382e-13  beta=9.124e-01
[iter   32/500] obj=1.004657e+07  f=1.004657e+07  g=0.000000e+00  ||x||=1.043358e-02  ||grad||=1.401582e+09  tau=3.382e-13  beta=9.149e-01
[iter   33/500] obj=1.011525e+07  f=1.011525e+07  g=0.000000e+00  ||x||=1.066761e-02  ||grad||=1.407752e+09  tau=3.382e-13  beta=9.173e-01
[iter   34/500] obj=1.018113e+07  f=1.018113e+07  g=0.000000e+00  ||x||=1.089960e-02  ||grad||=1.413612e+09  tau=3.382e-13  beta=9.195e-01
[iter   35/500] obj=1.024454e+07  f=1.024454e+07  g=0.000000e+00  ||x||=1.112962e-02  ||grad||=1.419219e+09  tau=3.382e-13  beta=9.217e-01
[iter   36/500] obj=1.030558e+07  f=1.030558e+07  g=0.000000e+00  ||x||=1.135776e-02  ||grad||=1.424584e+09  tau=3.382e-13  beta=9.237e-01
[iter   37/500] obj=1.036454e+07  f=1.036454e+07  g=0.000000e+00  ||x||=1.158406e-02  ||grad||=1.429740e+09  tau=3.382e-13  beta=9.256e-01
[iter   38/500] obj=1.042130e+07  f=1.042130e+07  g=0.000000e+00  ||x||=1.180859e-02  ||grad||=1.434668e+09  tau=3.382e-13  beta=9.274e-01
[iter   39/500] obj=1.047605e+07  f=1.047605e+07  g=0.000000e+00  ||x||=1.203142e-02  ||grad||=1.439383e+09  tau=3.382e-13  beta=9.292e-01
[iter   40/500] obj=1.052895e+07  f=1.052895e+07  g=0.000000e+00  ||x||=1.225259e-02  ||grad||=1.443924e+09  tau=3.382e-13  beta=9.308e-01
[iter   41/500] obj=1.058003e+07  f=1.058003e+07  g=0.000000e+00  ||x||=1.247215e-02  ||grad||=1.448272e+09  tau=3.382e-13  beta=9.324e-01
[iter   42/500] obj=1.062942e+07  f=1.062942e+07  g=0.000000e+00  ||x||=1.269017e-02  ||grad||=1.452452e+09  tau=3.382e-13  beta=9.339e-01
[iter   43/500] obj=1.067714e+07  f=1.067714e+07  g=0.000000e+00  ||x||=1.290667e-02  ||grad||=1.456466e+09  tau=3.382e-13  beta=9.353e-01
[iter   44/500] obj=1.072334e+07  f=1.072334e+07  g=0.000000e+00  ||x||=1.312173e-02  ||grad||=1.460324e+09  tau=3.382e-13  beta=9.367e-01
[iter   45/500] obj=1.076812e+07  f=1.076812e+07  g=0.000000e+00  ||x||=1.333536e-02  ||grad||=1.464042e+09  tau=3.382e-13  beta=9.380e-01
[iter   46/500] obj=1.081153e+07  f=1.081153e+07  g=0.000000e+00  ||x||=1.354762e-02  ||grad||=1.467633e+09  tau=3.382e-13  beta=9.393e-01
[iter   47/500] obj=1.085371e+07  f=1.085371e+07  g=0.000000e+00  ||x||=1.375854e-02  ||grad||=1.471103e+09  tau=3.382e-13  beta=9.405e-01
[iter   48/500] obj=1.089455e+07  f=1.089455e+07  g=0.000000e+00  ||x||=1.396816e-02  ||grad||=1.474436e+09  tau=3.382e-13  beta=9.417e-01
[iter   49/500] obj=1.093427e+07  f=1.093427e+07  g=0.000000e+00  ||x||=1.417651e-02  ||grad||=1.477673e+09  tau=3.382e-13  beta=9.428e-01
[iter   50/500] obj=1.097291e+07  f=1.097291e+07  g=0.000000e+00  ||x||=1.438362e-02  ||grad||=1.480803e+09  tau=3.382e-13  beta=9.439e-01
[iter   51/500] obj=1.101041e+07  f=1.101041e+07  g=0.000000e+00  ||x||=1.458954e-02  ||grad||=1.483819e+09  tau=3.382e-13  beta=9.449e-01
[iter   52/500] obj=1.104689e+07  f=1.104689e+07  g=0.000000e+00  ||x||=1.479428e-02  ||grad||=1.486741e+09  tau=3.382e-13  beta=9.459e-01
[iter   53/500] obj=1.108242e+07  f=1.108242e+07  g=0.000000e+00  ||x||=1.499787e-02  ||grad||=1.489574e+09  tau=3.382e-13  beta=9.469e-01
[iter   54/500] obj=1.111700e+07  f=1.111700e+07  g=0.000000e+00  ||x||=1.520035e-02  ||grad||=1.492323e+09  tau=3.382e-13  beta=9.478e-01
[iter   55/500] obj=1.115076e+07  f=1.115076e+07  g=0.000000e+00  ||x||=1.540173e-02  ||grad||=1.494999e+09  tau=3.382e-13  beta=9.487e-01
[iter   56/500] obj=1.118359e+07  f=1.118359e+07  g=0.000000e+00  ||x||=1.560204e-02  ||grad||=1.497586e+09  tau=3.382e-13  beta=9.496e-01
[iter   57/500] obj=1.121559e+07  f=1.121559e+07  g=0.000000e+00  ||x||=1.580130e-02  ||grad||=1.500097e+09  tau=3.382e-13  beta=9.504e-01
[iter   58/500] obj=1.124675e+07  f=1.124675e+07  g=0.000000e+00  ||x||=1.599954e-02  ||grad||=1.502522e+09  tau=3.382e-13  beta=9.513e-01
[iter   59/500] obj=1.127720e+07  f=1.127720e+07  g=0.000000e+00  ||x||=1.619678e-02  ||grad||=1.504893e+09  tau=3.382e-13  beta=9.520e-01
[iter   60/500] obj=1.130698e+07  f=1.130698e+07  g=0.000000e+00  ||x||=1.639303e-02  ||grad||=1.507210e+09  tau=3.382e-13  beta=9.528e-01
[iter   61/500] obj=1.133603e+07  f=1.133603e+07  g=0.000000e+00  ||x||=1.658832e-02  ||grad||=1.509460e+09  tau=3.382e-13  beta=9.535e-01
[iter   62/500] obj=1.136436e+07  f=1.136436e+07  g=0.000000e+00  ||x||=1.678265e-02  ||grad||=1.511637e+09  tau=3.382e-13  beta=9.542e-01
[iter   63/500] obj=1.139199e+07  f=1.139199e+07  g=0.000000e+00  ||x||=1.697606e-02  ||grad||=1.513752e+09  tau=3.382e-13  beta=9.549e-01
[iter   64/500] obj=1.141898e+07  f=1.141898e+07  g=0.000000e+00  ||x||=1.716856e-02  ||grad||=1.515806e+09  tau=3.382e-13  beta=9.556e-01
[iter   65/500] obj=1.144541e+07  f=1.144541e+07  g=0.000000e+00  ||x||=1.736017e-02  ||grad||=1.517816e+09  tau=3.382e-13  beta=9.563e-01
[iter   66/500] obj=1.147129e+07  f=1.147129e+07  g=0.000000e+00  ||x||=1.755090e-02  ||grad||=1.519779e+09  tau=3.382e-13  beta=9.569e-01
[iter   67/500] obj=1.149661e+07  f=1.149661e+07  g=0.000000e+00  ||x||=1.774077e-02  ||grad||=1.521697e+09  tau=3.382e-13  beta=9.575e-01
[iter   68/500] obj=1.152136e+07  f=1.152136e+07  g=0.000000e+00  ||x||=1.792979e-02  ||grad||=1.523563e+09  tau=3.382e-13  beta=9.581e-01
[iter   69/500] obj=1.154564e+07  f=1.154564e+07  g=0.000000e+00  ||x||=1.811798e-02  ||grad||=1.525392e+09  tau=3.382e-13  beta=9.587e-01
[iter   70/500] obj=1.156941e+07  f=1.156941e+07  g=0.000000e+00  ||x||=1.830534e-02  ||grad||=1.527174e+09  tau=3.382e-13  beta=9.593e-01
[iter   71/500] obj=1.159270e+07  f=1.159270e+07  g=0.000000e+00  ||x||=1.849189e-02  ||grad||=1.528923e+09  tau=3.382e-13  beta=9.598e-01
[iter   72/500] obj=1.161558e+07  f=1.161558e+07  g=0.000000e+00  ||x||=1.867764e-02  ||grad||=1.530631e+09  tau=3.382e-13  beta=9.603e-01
[iter   73/500] obj=1.163804e+07  f=1.163804e+07  g=0.000000e+00  ||x||=1.886261e-02  ||grad||=1.532313e+09  tau=3.382e-13  beta=9.609e-01
[iter   74/500] obj=1.166009e+07  f=1.166009e+07  g=0.000000e+00  ||x||=1.904679e-02  ||grad||=1.533962e+09  tau=3.382e-13  beta=9.614e-01
[iter   75/500] obj=1.168168e+07  f=1.168168e+07  g=0.000000e+00  ||x||=1.923021e-02  ||grad||=1.535565e+09  tau=3.382e-13  beta=9.619e-01
[iter   76/500] obj=1.170284e+07  f=1.170284e+07  g=0.000000e+00  ||x||=1.941287e-02  ||grad||=1.537135e+09  tau=3.382e-13  beta=9.623e-01
[iter   77/500] obj=1.172360e+07  f=1.172360e+07  g=0.000000e+00  ||x||=1.959477e-02  ||grad||=1.538669e+09  tau=3.382e-13  beta=9.628e-01
[iter   78/500] obj=1.174398e+07  f=1.174398e+07  g=0.000000e+00  ||x||=1.977593e-02  ||grad||=1.540167e+09  tau=3.382e-13  beta=9.633e-01
[iter   79/500] obj=1.176400e+07  f=1.176400e+07  g=0.000000e+00  ||x||=1.995636e-02  ||grad||=1.541639e+09  tau=3.382e-13  beta=9.637e-01
[iter   80/500] obj=1.178365e+07  f=1.178365e+07  g=0.000000e+00  ||x||=2.013607e-02  ||grad||=1.543074e+09  tau=3.382e-13  beta=9.642e-01
[iter   81/500] obj=1.180299e+07  f=1.180299e+07  g=0.000000e+00  ||x||=2.031506e-02  ||grad||=1.544485e+09  tau=3.382e-13  beta=9.646e-01
[iter   82/500] obj=1.182194e+07  f=1.182194e+07  g=0.000000e+00  ||x||=2.049334e-02  ||grad||=1.545869e+09  tau=3.382e-13  beta=9.650e-01
[iter   83/500] obj=1.184058e+07  f=1.184058e+07  g=0.000000e+00  ||x||=2.067092e-02  ||grad||=1.547220e+09  tau=3.382e-13  beta=9.654e-01
[iter   84/500] obj=1.185889e+07  f=1.185889e+07  g=0.000000e+00  ||x||=2.084781e-02  ||grad||=1.548546e+09  tau=3.382e-13  beta=9.658e-01
[iter   85/500] obj=1.187684e+07  f=1.187684e+07  g=0.000000e+00  ||x||=2.102401e-02  ||grad||=1.549835e+09  tau=3.382e-13  beta=9.662e-01
[iter   86/500] obj=1.189445e+07  f=1.189445e+07  g=0.000000e+00  ||x||=2.119953e-02  ||grad||=1.551091e+09  tau=3.382e-13  beta=9.666e-01
[iter   87/500] obj=1.191171e+07  f=1.191171e+07  g=0.000000e+00  ||x||=2.137438e-02  ||grad||=1.552313e+09  tau=3.382e-13  beta=9.669e-01
[iter   88/500] obj=1.192866e+07  f=1.192866e+07  g=0.000000e+00  ||x||=2.154858e-02  ||grad||=1.553511e+09  tau=3.382e-13  beta=9.673e-01
[iter   89/500] obj=1.194531e+07  f=1.194531e+07  g=0.000000e+00  ||x||=2.172212e-02  ||grad||=1.554685e+09  tau=3.382e-13  beta=9.677e-01
[iter   90/500] obj=1.196168e+07  f=1.196168e+07  g=0.000000e+00  ||x||=2.189501e-02  ||grad||=1.555836e+09  tau=3.382e-13  beta=9.680e-01
[iter   91/500] obj=1.197781e+07  f=1.197781e+07  g=0.000000e+00  ||x||=2.206727e-02  ||grad||=1.556970e+09  tau=3.382e-13  beta=9.683e-01
[iter   92/500] obj=1.199367e+07  f=1.199367e+07  g=0.000000e+00  ||x||=2.223890e-02  ||grad||=1.558074e+09  tau=3.382e-13  beta=9.687e-01
[iter   93/500] obj=1.200925e+07  f=1.200925e+07  g=0.000000e+00  ||x||=2.240990e-02  ||grad||=1.559164e+09  tau=3.382e-13  beta=9.690e-01
[iter   94/500] obj=1.202459e+07  f=1.202459e+07  g=0.000000e+00  ||x||=2.258029e-02  ||grad||=1.560236e+09  tau=3.382e-13  beta=9.693e-01
[iter   95/500] obj=1.203967e+07  f=1.203967e+07  g=0.000000e+00  ||x||=2.275007e-02  ||grad||=1.561284e+09  tau=3.382e-13  beta=9.696e-01
[iter   96/500] obj=1.205447e+07  f=1.205447e+07  g=0.000000e+00  ||x||=2.291925e-02  ||grad||=1.562308e+09  tau=3.382e-13  beta=9.699e-01
[iter   97/500] obj=1.206902e+07  f=1.206902e+07  g=0.000000e+00  ||x||=2.308783e-02  ||grad||=1.563318e+09  tau=3.382e-13  beta=9.702e-01
[iter   98/500] obj=1.208341e+07  f=1.208341e+07  g=0.000000e+00  ||x||=2.325583e-02  ||grad||=1.564316e+09  tau=3.382e-13  beta=9.705e-01
[iter   99/500] obj=1.209757e+07  f=1.209757e+07  g=0.000000e+00  ||x||=2.342324e-02  ||grad||=1.565301e+09  tau=3.382e-13  beta=9.708e-01
[iter  100/500] obj=1.211150e+07  f=1.211150e+07  g=0.000000e+00  ||x||=2.359007e-02  ||grad||=1.566262e+09  tau=3.382e-13  beta=9.711e-01
[iter  101/500] obj=1.212523e+07  f=1.212523e+07  g=0.000000e+00  ||x||=2.375633e-02  ||grad||=1.567214e+09  tau=3.382e-13  beta=9.714e-01
[iter  102/500] obj=1.213879e+07  f=1.213879e+07  g=0.000000e+00  ||x||=2.392202e-02  ||grad||=1.568156e+09  tau=3.382e-13  beta=9.716e-01
[iter  103/500] obj=1.215210e+07  f=1.215210e+07  g=0.000000e+00  ||x||=2.408716e-02  ||grad||=1.569076e+09  tau=3.382e-13  beta=9.719e-01
[iter  104/500] obj=1.216518e+07  f=1.216518e+07  g=0.000000e+00  ||x||=2.425173e-02  ||grad||=1.569974e+09  tau=3.382e-13  beta=9.722e-01
[iter  105/500] obj=1.217808e+07  f=1.217808e+07  g=0.000000e+00  ||x||=2.441576e-02  ||grad||=1.570860e+09  tau=3.382e-13  beta=9.724e-01
[iter  106/500] obj=1.219078e+07  f=1.219078e+07  g=0.000000e+00  ||x||=2.457924e-02  ||grad||=1.571731e+09  tau=3.382e-13  beta=9.727e-01
[iter  107/500] obj=1.220334e+07  f=1.220334e+07  g=0.000000e+00  ||x||=2.474218e-02  ||grad||=1.572593e+09  tau=3.382e-13  beta=9.729e-01
[iter  108/500] obj=1.221563e+07  f=1.221563e+07  g=0.000000e+00  ||x||=2.490459e-02  ||grad||=1.573432e+09  tau=3.382e-13  beta=9.732e-01
[iter  109/500] obj=1.222783e+07  f=1.222783e+07  g=0.000000e+00  ||x||=2.506647e-02  ||grad||=1.574264e+09  tau=3.382e-13  beta=9.734e-01
[iter  110/500] obj=1.223985e+07  f=1.223985e+07  g=0.000000e+00  ||x||=2.522782e-02  ||grad||=1.575086e+09  tau=3.382e-13  beta=9.736e-01
[iter  111/500] obj=1.225164e+07  f=1.225164e+07  g=0.000000e+00  ||x||=2.538865e-02  ||grad||=1.575882e+09  tau=3.382e-13  beta=9.739e-01
[iter  112/500] obj=1.226325e+07  f=1.226325e+07  g=0.000000e+00  ||x||=2.554897e-02  ||grad||=1.576665e+09  tau=3.382e-13  beta=9.741e-01
[iter  113/500] obj=1.227471e+07  f=1.227471e+07  g=0.000000e+00  ||x||=2.570877e-02  ||grad||=1.577438e+09  tau=3.382e-13  beta=9.743e-01
[iter  114/500] obj=1.228605e+07  f=1.228605e+07  g=0.000000e+00  ||x||=2.586807e-02  ||grad||=1.578203e+09  tau=3.382e-13  beta=9.745e-01
[iter  115/500] obj=1.229720e+07  f=1.229720e+07  g=0.000000e+00  ||x||=2.602687e-02  ||grad||=1.578951e+09  tau=3.382e-13  beta=9.748e-01
[iter  116/500] obj=1.230816e+07  f=1.230816e+07  g=0.000000e+00  ||x||=2.618518e-02  ||grad||=1.579681e+09  tau=3.382e-13  beta=9.750e-01
[iter  117/500] obj=1.231897e+07  f=1.231897e+07  g=0.000000e+00  ||x||=2.634299e-02  ||grad||=1.580399e+09  tau=3.382e-13  beta=9.752e-01
[iter  118/500] obj=1.232968e+07  f=1.232968e+07  g=0.000000e+00  ||x||=2.650032e-02  ||grad||=1.581119e+09  tau=3.382e-13  beta=9.754e-01
[iter  119/500] obj=1.234025e+07  f=1.234025e+07  g=0.000000e+00  ||x||=2.665716e-02  ||grad||=1.581822e+09  tau=3.382e-13  beta=9.756e-01
[iter  120/500] obj=1.235068e+07  f=1.235068e+07  g=0.000000e+00  ||x||=2.681353e-02  ||grad||=1.582515e+09  tau=3.382e-13  beta=9.758e-01
[iter  121/500] obj=1.236096e+07  f=1.236096e+07  g=0.000000e+00  ||x||=2.696942e-02  ||grad||=1.583194e+09  tau=3.382e-13  beta=9.760e-01
[iter  122/500] obj=1.237111e+07  f=1.237111e+07  g=0.000000e+00  ||x||=2.712484e-02  ||grad||=1.583868e+09  tau=3.382e-13  beta=9.762e-01
[iter  123/500] obj=1.238118e+07  f=1.238118e+07  g=0.000000e+00  ||x||=2.727980e-02  ||grad||=1.584538e+09  tau=3.382e-13  beta=9.764e-01
[iter  124/500] obj=1.239116e+07  f=1.239116e+07  g=0.000000e+00  ||x||=2.743429e-02  ||grad||=1.585207e+09  tau=3.382e-13  beta=9.765e-01
[iter  125/500] obj=1.240100e+07  f=1.240100e+07  g=0.000000e+00  ||x||=2.758832e-02  ||grad||=1.585860e+09  tau=3.382e-13  beta=9.767e-01
[iter  126/500] obj=1.241068e+07  f=1.241068e+07  g=0.000000e+00  ||x||=2.774189e-02  ||grad||=1.586502e+09  tau=3.382e-13  beta=9.769e-01
[iter  127/500] obj=1.242027e+07  f=1.242027e+07  g=0.000000e+00  ||x||=2.789501e-02  ||grad||=1.587144e+09  tau=3.382e-13  beta=9.771e-01
[iter  128/500] obj=1.242976e+07  f=1.242976e+07  g=0.000000e+00  ||x||=2.804768e-02  ||grad||=1.587776e+09  tau=3.382e-13  beta=9.773e-01
[iter  129/500] obj=1.243907e+07  f=1.243907e+07  g=0.000000e+00  ||x||=2.819990e-02  ||grad||=1.588391e+09  tau=3.382e-13  beta=9.774e-01
[iter  130/500] obj=1.244832e+07  f=1.244832e+07  g=0.000000e+00  ||x||=2.835167e-02  ||grad||=1.589006e+09  tau=3.382e-13  beta=9.776e-01
[iter  131/500] obj=1.245744e+07  f=1.245744e+07  g=0.000000e+00  ||x||=2.850300e-02  ||grad||=1.589611e+09  tau=3.382e-13  beta=9.778e-01
[iter  132/500] obj=1.246652e+07  f=1.246652e+07  g=0.000000e+00  ||x||=2.865389e-02  ||grad||=1.590210e+09  tau=3.382e-13  beta=9.779e-01
[iter  133/500] obj=1.247550e+07  f=1.247550e+07  g=0.000000e+00  ||x||=2.880434e-02  ||grad||=1.590803e+09  tau=3.382e-13  beta=9.781e-01
[iter  134/500] obj=1.248437e+07  f=1.248437e+07  g=0.000000e+00  ||x||=2.895435e-02  ||grad||=1.591389e+09  tau=3.382e-13  beta=9.783e-01
[iter  135/500] obj=1.249311e+07  f=1.249311e+07  g=0.000000e+00  ||x||=2.910393e-02  ||grad||=1.591963e+09  tau=3.382e-13  beta=9.784e-01
[iter  136/500] obj=1.250174e+07  f=1.250174e+07  g=0.000000e+00  ||x||=2.925308e-02  ||grad||=1.592521e+09  tau=3.382e-13  beta=9.786e-01
[iter  137/500] obj=1.251028e+07  f=1.251028e+07  g=0.000000e+00  ||x||=2.940181e-02  ||grad||=1.593080e+09  tau=3.382e-13  beta=9.787e-01
[iter  138/500] obj=1.251872e+07  f=1.251872e+07  g=0.000000e+00  ||x||=2.955010e-02  ||grad||=1.593626e+09  tau=3.382e-13  beta=9.789e-01
[iter  139/500] obj=1.252703e+07  f=1.252703e+07  g=0.000000e+00  ||x||=2.969797e-02  ||grad||=1.594162e+09  tau=3.382e-13  beta=9.790e-01
[iter  140/500] obj=1.253526e+07  f=1.253526e+07  g=0.000000e+00  ||x||=2.984542e-02  ||grad||=1.594689e+09  tau=3.382e-13  beta=9.792e-01
[iter  141/500] obj=1.254339e+07  f=1.254339e+07  g=0.000000e+00  ||x||=2.999245e-02  ||grad||=1.595210e+09  tau=3.382e-13  beta=9.793e-01
[iter  142/500] obj=1.255141e+07  f=1.255141e+07  g=0.000000e+00  ||x||=3.013907e-02  ||grad||=1.595721e+09  tau=3.382e-13  beta=9.794e-01
[iter  143/500] obj=1.255931e+07  f=1.255931e+07  g=0.000000e+00  ||x||=3.028527e-02  ||grad||=1.596227e+09  tau=3.382e-13  beta=9.796e-01
[iter  144/500] obj=1.256711e+07  f=1.256711e+07  g=0.000000e+00  ||x||=3.043107e-02  ||grad||=1.596720e+09  tau=3.382e-13  beta=9.797e-01
[iter  145/500] obj=1.257482e+07  f=1.257482e+07  g=0.000000e+00  ||x||=3.057645e-02  ||grad||=1.597206e+09  tau=3.382e-13  beta=9.799e-01
[iter  146/500] obj=1.258250e+07  f=1.258250e+07  g=0.000000e+00  ||x||=3.072144e-02  ||grad||=1.597693e+09  tau=3.382e-13  beta=9.800e-01
[iter  147/500] obj=1.259011e+07  f=1.259011e+07  g=0.000000e+00  ||x||=3.086601e-02  ||grad||=1.598177e+09  tau=3.382e-13  beta=9.801e-01
[iter  148/500] obj=1.259766e+07  f=1.259766e+07  g=0.000000e+00  ||x||=3.101019e-02  ||grad||=1.598657e+09  tau=3.382e-13  beta=9.803e-01
[iter  149/500] obj=1.260512e+07  f=1.260512e+07  g=0.000000e+00  ||x||=3.115397e-02  ||grad||=1.599132e+09  tau=3.382e-13  beta=9.804e-01
[iter  150/500] obj=1.261249e+07  f=1.261249e+07  g=0.000000e+00  ||x||=3.129735e-02  ||grad||=1.599595e+09  tau=3.382e-13  beta=9.805e-01
[iter  151/500] obj=1.261983e+07  f=1.261983e+07  g=0.000000e+00  ||x||=3.144033e-02  ||grad||=1.600061e+09  tau=3.382e-13  beta=9.806e-01
[iter  152/500] obj=1.262704e+07  f=1.262704e+07  g=0.000000e+00  ||x||=3.158292e-02  ||grad||=1.600510e+09  tau=3.382e-13  beta=9.808e-01
[iter  153/500] obj=1.263416e+07  f=1.263416e+07  g=0.000000e+00  ||x||=3.172512e-02  ||grad||=1.600952e+09  tau=3.382e-13  beta=9.809e-01
[iter  154/500] obj=1.264119e+07  f=1.264119e+07  g=0.000000e+00  ||x||=3.186694e-02  ||grad||=1.601386e+09  tau=3.382e-13  beta=9.810e-01
[iter  155/500] obj=1.264812e+07  f=1.264812e+07  g=0.000000e+00  ||x||=3.200836e-02  ||grad||=1.601809e+09  tau=3.382e-13  beta=9.811e-01
[iter  156/500] obj=1.265496e+07  f=1.265496e+07  g=0.000000e+00  ||x||=3.214941e-02  ||grad||=1.602229e+09  tau=3.382e-13  beta=9.813e-01
[iter  157/500] obj=1.266176e+07  f=1.266176e+07  g=0.000000e+00  ||x||=3.229007e-02  ||grad||=1.602643e+09  tau=3.382e-13  beta=9.814e-01
[iter  158/500] obj=1.266849e+07  f=1.266849e+07  g=0.000000e+00  ||x||=3.243035e-02  ||grad||=1.603053e+09  tau=3.382e-13  beta=9.815e-01
[iter  159/500] obj=1.267509e+07  f=1.267509e+07  g=0.000000e+00  ||x||=3.257026e-02  ||grad||=1.603451e+09  tau=3.382e-13  beta=9.816e-01
[iter  160/500] obj=1.268163e+07  f=1.268163e+07  g=0.000000e+00  ||x||=3.270979e-02  ||grad||=1.603845e+09  tau=3.382e-13  beta=9.817e-01
[iter  161/500] obj=1.268810e+07  f=1.268810e+07  g=0.000000e+00  ||x||=3.284895e-02  ||grad||=1.604231e+09  tau=3.382e-13  beta=9.818e-01
[iter  162/500] obj=1.269448e+07  f=1.269448e+07  g=0.000000e+00  ||x||=3.298774e-02  ||grad||=1.604610e+09  tau=3.382e-13  beta=9.819e-01
[iter  163/500] obj=1.270076e+07  f=1.270076e+07  g=0.000000e+00  ||x||=3.312617e-02  ||grad||=1.604978e+09  tau=3.382e-13  beta=9.820e-01
[iter  164/500] obj=1.270697e+07  f=1.270697e+07  g=0.000000e+00  ||x||=3.326423e-02  ||grad||=1.605341e+09  tau=3.382e-13  beta=9.821e-01
[iter  165/500] obj=1.271313e+07  f=1.271313e+07  g=0.000000e+00  ||x||=3.340194e-02  ||grad||=1.605706e+09  tau=3.382e-13  beta=9.823e-01
[iter  166/500] obj=1.271925e+07  f=1.271925e+07  g=0.000000e+00  ||x||=3.353928e-02  ||grad||=1.606069e+09  tau=3.382e-13  beta=9.824e-01
[iter  167/500] obj=1.272529e+07  f=1.272529e+07  g=0.000000e+00  ||x||=3.367627e-02  ||grad||=1.606425e+09  tau=3.382e-13  beta=9.825e-01
[iter  168/500] obj=1.273131e+07  f=1.273131e+07  g=0.000000e+00  ||x||=3.381291e-02  ||grad||=1.606780e+09  tau=3.382e-13  beta=9.826e-01
[iter  169/500] obj=1.273721e+07  f=1.273721e+07  g=0.000000e+00  ||x||=3.394919e-02  ||grad||=1.607126e+09  tau=3.382e-13  beta=9.827e-01
[iter  170/500] obj=1.274309e+07  f=1.274309e+07  g=0.000000e+00  ||x||=3.408512e-02  ||grad||=1.607471e+09  tau=3.382e-13  beta=9.828e-01
[iter  171/500] obj=1.274890e+07  f=1.274890e+07  g=0.000000e+00  ||x||=3.422071e-02  ||grad||=1.607813e+09  tau=3.382e-13  beta=9.829e-01
[iter  172/500] obj=1.275462e+07  f=1.275462e+07  g=0.000000e+00  ||x||=3.435595e-02  ||grad||=1.608140e+09  tau=3.382e-13  beta=9.830e-01
[iter  173/500] obj=1.276030e+07  f=1.276030e+07  g=0.000000e+00  ||x||=3.449085e-02  ||grad||=1.608467e+09  tau=3.382e-13  beta=9.831e-01
[iter  174/500] obj=1.276593e+07  f=1.276593e+07  g=0.000000e+00  ||x||=3.462540e-02  ||grad||=1.608792e+09  tau=3.382e-13  beta=9.832e-01
[iter  175/500] obj=1.277149e+07  f=1.277149e+07  g=0.000000e+00  ||x||=3.475962e-02  ||grad||=1.609114e+09  tau=3.382e-13  beta=9.832e-01
[iter  176/500] obj=1.277700e+07  f=1.277700e+07  g=0.000000e+00  ||x||=3.489351e-02  ||grad||=1.609430e+09  tau=3.382e-13  beta=9.833e-01
[iter  177/500] obj=1.278249e+07  f=1.278249e+07  g=0.000000e+00  ||x||=3.502705e-02  ||grad||=1.609747e+09  tau=3.382e-13  beta=9.834e-01
[iter  178/500] obj=1.278793e+07  f=1.278793e+07  g=0.000000e+00  ||x||=3.516027e-02  ||grad||=1.610060e+09  tau=3.382e-13  beta=9.835e-01
[iter  179/500] obj=1.279334e+07  f=1.279334e+07  g=0.000000e+00  ||x||=3.529315e-02  ||grad||=1.610376e+09  tau=3.382e-13  beta=9.836e-01
[iter  180/500] obj=1.279868e+07  f=1.279868e+07  g=0.000000e+00  ||x||=3.542571e-02  ||grad||=1.610682e+09  tau=3.382e-13  beta=9.837e-01
[iter  181/500] obj=1.280393e+07  f=1.280393e+07  g=0.000000e+00  ||x||=3.555794e-02  ||grad||=1.610979e+09  tau=3.382e-13  beta=9.838e-01
[iter  182/500] obj=1.280917e+07  f=1.280917e+07  g=0.000000e+00  ||x||=3.568984e-02  ||grad||=1.611279e+09  tau=3.382e-13  beta=9.839e-01
[iter  183/500] obj=1.281438e+07  f=1.281438e+07  g=0.000000e+00  ||x||=3.582142e-02  ||grad||=1.611580e+09  tau=3.382e-13  beta=9.840e-01
[iter  184/500] obj=1.281951e+07  f=1.281951e+07  g=0.000000e+00  ||x||=3.595268e-02  ||grad||=1.611876e+09  tau=3.382e-13  beta=9.841e-01
[iter  185/500] obj=1.282462e+07  f=1.282462e+07  g=0.000000e+00  ||x||=3.608361e-02  ||grad||=1.612169e+09  tau=3.382e-13  beta=9.841e-01
[iter  186/500] obj=1.282967e+07  f=1.282967e+07  g=0.000000e+00  ||x||=3.621423e-02  ||grad||=1.612457e+09  tau=3.382e-13  beta=9.842e-01
[iter  187/500] obj=1.283469e+07  f=1.283469e+07  g=0.000000e+00  ||x||=3.634452e-02  ||grad||=1.612748e+09  tau=3.382e-13  beta=9.843e-01
[iter  188/500] obj=1.283970e+07  f=1.283970e+07  g=0.000000e+00  ||x||=3.647451e-02  ||grad||=1.613038e+09  tau=3.382e-13  beta=9.844e-01
[iter  189/500] obj=1.284463e+07  f=1.284463e+07  g=0.000000e+00  ||x||=3.660417e-02  ||grad||=1.613318e+09  tau=3.382e-13  beta=9.845e-01
[iter  190/500] obj=1.284952e+07  f=1.284952e+07  g=0.000000e+00  ||x||=3.673352e-02  ||grad||=1.613595e+09  tau=3.382e-13  beta=9.845e-01
[iter  191/500] obj=1.285435e+07  f=1.285435e+07  g=0.000000e+00  ||x||=3.686256e-02  ||grad||=1.613868e+09  tau=3.382e-13  beta=9.846e-01
[iter  192/500] obj=1.285915e+07  f=1.285915e+07  g=0.000000e+00  ||x||=3.699129e-02  ||grad||=1.614139e+09  tau=3.382e-13  beta=9.847e-01
[iter  193/500] obj=1.286391e+07  f=1.286391e+07  g=0.000000e+00  ||x||=3.711971e-02  ||grad||=1.614408e+09  tau=3.382e-13  beta=9.848e-01
[iter  194/500] obj=1.286863e+07  f=1.286863e+07  g=0.000000e+00  ||x||=3.724781e-02  ||grad||=1.614676e+09  tau=3.382e-13  beta=9.849e-01
[iter  195/500] obj=1.287334e+07  f=1.287334e+07  g=0.000000e+00  ||x||=3.737561e-02  ||grad||=1.614943e+09  tau=3.382e-13  beta=9.849e-01
[iter  196/500] obj=1.287801e+07  f=1.287801e+07  g=0.000000e+00  ||x||=3.750311e-02  ||grad||=1.615207e+09  tau=3.382e-13  beta=9.850e-01
[iter  197/500] obj=1.288262e+07  f=1.288262e+07  g=0.000000e+00  ||x||=3.763030e-02  ||grad||=1.615471e+09  tau=3.382e-13  beta=9.851e-01
[iter  198/500] obj=1.288723e+07  f=1.288723e+07  g=0.000000e+00  ||x||=3.775718e-02  ||grad||=1.615735e+09  tau=3.382e-13  beta=9.852e-01
[iter  199/500] obj=1.289182e+07  f=1.289182e+07  g=0.000000e+00  ||x||=3.788376e-02  ||grad||=1.616001e+09  tau=3.382e-13  beta=9.852e-01
[iter  200/500] obj=1.289640e+07  f=1.289640e+07  g=0.000000e+00  ||x||=3.801003e-02  ||grad||=1.616265e+09  tau=3.382e-13  beta=9.853e-01
[iter  201/500] obj=1.290094e+07  f=1.290094e+07  g=0.000000e+00  ||x||=3.813601e-02  ||grad||=1.616527e+09  tau=3.382e-13  beta=9.854e-01
[iter  202/500] obj=1.290543e+07  f=1.290543e+07  g=0.000000e+00  ||x||=3.826167e-02  ||grad||=1.616790e+09  tau=3.382e-13  beta=9.854e-01
[iter  203/500] obj=1.290993e+07  f=1.290993e+07  g=0.000000e+00  ||x||=3.838704e-02  ||grad||=1.617051e+09  tau=3.382e-13  beta=9.855e-01
[iter  204/500] obj=1.291440e+07  f=1.291440e+07  g=0.000000e+00  ||x||=3.851210e-02  ||grad||=1.617313e+09  tau=3.382e-13  beta=9.856e-01
[iter  205/500] obj=1.291877e+07  f=1.291877e+07  g=0.000000e+00  ||x||=3.863687e-02  ||grad||=1.617567e+09  tau=3.382e-13  beta=9.857e-01
[iter  206/500] obj=1.292315e+07  f=1.292315e+07  g=0.000000e+00  ||x||=3.876133e-02  ||grad||=1.617821e+09  tau=3.382e-13  beta=9.857e-01
[iter  207/500] obj=1.292746e+07  f=1.292746e+07  g=0.000000e+00  ||x||=3.888549e-02  ||grad||=1.618068e+09  tau=3.382e-13  beta=9.858e-01
[iter  208/500] obj=1.293172e+07  f=1.293172e+07  g=0.000000e+00  ||x||=3.900936e-02  ||grad||=1.618309e+09  tau=3.382e-13  beta=9.859e-01
[iter  209/500] obj=1.293592e+07  f=1.293592e+07  g=0.000000e+00  ||x||=3.913292e-02  ||grad||=1.618547e+09  tau=3.382e-13  beta=9.859e-01
[iter  210/500] obj=1.294012e+07  f=1.294012e+07  g=0.000000e+00  ||x||=3.925619e-02  ||grad||=1.618784e+09  tau=3.382e-13  beta=9.860e-01
[iter  211/500] obj=1.294428e+07  f=1.294428e+07  g=0.000000e+00  ||x||=3.937916e-02  ||grad||=1.619020e+09  tau=3.382e-13  beta=9.861e-01
[iter  212/500] obj=1.294842e+07  f=1.294842e+07  g=0.000000e+00  ||x||=3.950183e-02  ||grad||=1.619251e+09  tau=3.382e-13  beta=9.861e-01
[iter  213/500] obj=1.295248e+07  f=1.295248e+07  g=0.000000e+00  ||x||=3.962421e-02  ||grad||=1.619476e+09  tau=3.382e-13  beta=9.862e-01
[iter  214/500] obj=1.295653e+07  f=1.295653e+07  g=0.000000e+00  ||x||=3.974630e-02  ||grad||=1.619699e+09  tau=3.382e-13  beta=9.862e-01
[iter  215/500] obj=1.296054e+07  f=1.296054e+07  g=0.000000e+00  ||x||=3.986809e-02  ||grad||=1.619921e+09  tau=3.382e-13  beta=9.863e-01
[iter  216/500] obj=1.296450e+07  f=1.296450e+07  g=0.000000e+00  ||x||=3.998959e-02  ||grad||=1.620139e+09  tau=3.382e-13  beta=9.864e-01
[iter  217/500] obj=1.296841e+07  f=1.296841e+07  g=0.000000e+00  ||x||=4.011079e-02  ||grad||=1.620350e+09  tau=3.382e-13  beta=9.864e-01
[iter  218/500] obj=1.297225e+07  f=1.297225e+07  g=0.000000e+00  ||x||=4.023170e-02  ||grad||=1.620553e+09  tau=3.382e-13  beta=9.865e-01
[iter  219/500] obj=1.297604e+07  f=1.297604e+07  g=0.000000e+00  ||x||=4.035233e-02  ||grad||=1.620748e+09  tau=3.382e-13  beta=9.866e-01
[iter  220/500] obj=1.297981e+07  f=1.297981e+07  g=0.000000e+00  ||x||=4.047267e-02  ||grad||=1.620942e+09  tau=3.382e-13  beta=9.866e-01
[iter  221/500] obj=1.298357e+07  f=1.298357e+07  g=0.000000e+00  ||x||=4.059272e-02  ||grad||=1.621134e+09  tau=3.382e-13  beta=9.867e-01
[iter  222/500] obj=1.298731e+07  f=1.298731e+07  g=0.000000e+00  ||x||=4.071249e-02  ||grad||=1.621325e+09  tau=3.382e-13  beta=9.867e-01
[iter  223/500] obj=1.299097e+07  f=1.299097e+07  g=0.000000e+00  ||x||=4.083197e-02  ||grad||=1.621508e+09  tau=3.382e-13  beta=9.868e-01
[iter  224/500] obj=1.299462e+07  f=1.299462e+07  g=0.000000e+00  ||x||=4.095117e-02  ||grad||=1.621692e+09  tau=3.382e-13  beta=9.869e-01
[iter  225/500] obj=1.299823e+07  f=1.299823e+07  g=0.000000e+00  ||x||=4.107008e-02  ||grad||=1.621869e+09  tau=3.382e-13  beta=9.869e-01
[iter  226/500] obj=1.300178e+07  f=1.300178e+07  g=0.000000e+00  ||x||=4.118872e-02  ||grad||=1.622040e+09  tau=3.382e-13  beta=9.870e-01
[iter  227/500] obj=1.300530e+07  f=1.300530e+07  g=0.000000e+00  ||x||=4.130708e-02  ||grad||=1.622210e+09  tau=3.382e-13  beta=9.870e-01
[iter  228/500] obj=1.300877e+07  f=1.300877e+07  g=0.000000e+00  ||x||=4.142516e-02  ||grad||=1.622375e+09  tau=3.382e-13  beta=9.871e-01
[iter  229/500] obj=1.301224e+07  f=1.301224e+07  g=0.000000e+00  ||x||=4.154296e-02  ||grad||=1.622540e+09  tau=3.382e-13  beta=9.871e-01
[iter  230/500] obj=1.301569e+07  f=1.301569e+07  g=0.000000e+00  ||x||=4.166050e-02  ||grad||=1.622708e+09  tau=3.382e-13  beta=9.872e-01
[iter  231/500] obj=1.301909e+07  f=1.301909e+07  g=0.000000e+00  ||x||=4.177775e-02  ||grad||=1.622869e+09  tau=3.382e-13  beta=9.872e-01
[iter  232/500] obj=1.302247e+07  f=1.302247e+07  g=0.000000e+00  ||x||=4.189474e-02  ||grad||=1.623026e+09  tau=3.382e-13  beta=9.873e-01
[iter  233/500] obj=1.302584e+07  f=1.302584e+07  g=0.000000e+00  ||x||=4.201145e-02  ||grad||=1.623185e+09  tau=3.382e-13  beta=9.874e-01
[iter  234/500] obj=1.302917e+07  f=1.302917e+07  g=0.000000e+00  ||x||=4.212790e-02  ||grad||=1.623342e+09  tau=3.382e-13  beta=9.874e-01
[iter  235/500] obj=1.303246e+07  f=1.303246e+07  g=0.000000e+00  ||x||=4.224408e-02  ||grad||=1.623495e+09  tau=3.382e-13  beta=9.875e-01
[iter  236/500] obj=1.303573e+07  f=1.303573e+07  g=0.000000e+00  ||x||=4.236000e-02  ||grad||=1.623644e+09  tau=3.382e-13  beta=9.875e-01
[iter  237/500] obj=1.303897e+07  f=1.303897e+07  g=0.000000e+00  ||x||=4.247565e-02  ||grad||=1.623795e+09  tau=3.382e-13  beta=9.876e-01
[iter  238/500] obj=1.304219e+07  f=1.304219e+07  g=0.000000e+00  ||x||=4.259103e-02  ||grad||=1.623944e+09  tau=3.382e-13  beta=9.876e-01
[iter  239/500] obj=1.304539e+07  f=1.304539e+07  g=0.000000e+00  ||x||=4.270615e-02  ||grad||=1.624092e+09  tau=3.382e-13  beta=9.877e-01
[iter  240/500] obj=1.304854e+07  f=1.304854e+07  g=0.000000e+00  ||x||=4.282102e-02  ||grad||=1.624237e+09  tau=3.382e-13  beta=9.877e-01
[iter  241/500] obj=1.305164e+07  f=1.305164e+07  g=0.000000e+00  ||x||=4.293562e-02  ||grad||=1.624374e+09  tau=3.382e-13  beta=9.878e-01
[iter  242/500] obj=1.305472e+07  f=1.305472e+07  g=0.000000e+00  ||x||=4.304996e-02  ||grad||=1.624509e+09  tau=3.382e-13  beta=9.878e-01
[iter  243/500] obj=1.305779e+07  f=1.305779e+07  g=0.000000e+00  ||x||=4.316405e-02  ||grad||=1.624645e+09  tau=3.382e-13  beta=9.879e-01
[iter  244/500] obj=1.306081e+07  f=1.306081e+07  g=0.000000e+00  ||x||=4.327789e-02  ||grad||=1.624775e+09  tau=3.382e-13  beta=9.879e-01
[iter  245/500] obj=1.306383e+07  f=1.306383e+07  g=0.000000e+00  ||x||=4.339147e-02  ||grad||=1.624908e+09  tau=3.382e-13  beta=9.880e-01
[iter  246/500] obj=1.306682e+07  f=1.306682e+07  g=0.000000e+00  ||x||=4.350479e-02  ||grad||=1.625040e+09  tau=3.382e-13  beta=9.880e-01
[iter  247/500] obj=1.306981e+07  f=1.306981e+07  g=0.000000e+00  ||x||=4.361787e-02  ||grad||=1.625174e+09  tau=3.382e-13  beta=9.881e-01
[iter  248/500] obj=1.307278e+07  f=1.307278e+07  g=0.000000e+00  ||x||=4.373069e-02  ||grad||=1.625306e+09  tau=3.382e-13  beta=9.881e-01
[iter  249/500] obj=1.307576e+07  f=1.307576e+07  g=0.000000e+00  ||x||=4.384327e-02  ||grad||=1.625439e+09  tau=3.382e-13  beta=9.882e-01
[iter  250/500] obj=1.307872e+07  f=1.307872e+07  g=0.000000e+00  ||x||=4.395559e-02  ||grad||=1.625573e+09  tau=3.382e-13  beta=9.882e-01
[iter  251/500] obj=1.308165e+07  f=1.308165e+07  g=0.000000e+00  ||x||=4.406767e-02  ||grad||=1.625706e+09  tau=3.382e-13  beta=9.882e-01
[iter  252/500] obj=1.308458e+07  f=1.308458e+07  g=0.000000e+00  ||x||=4.417951e-02  ||grad||=1.625841e+09  tau=3.382e-13  beta=9.883e-01
[iter  253/500] obj=1.308752e+07  f=1.308752e+07  g=0.000000e+00  ||x||=4.429109e-02  ||grad||=1.625977e+09  tau=3.382e-13  beta=9.883e-01
[iter  254/500] obj=1.309042e+07  f=1.309042e+07  g=0.000000e+00  ||x||=4.440244e-02  ||grad||=1.626109e+09  tau=3.382e-13  beta=9.884e-01
[iter  255/500] obj=1.309331e+07  f=1.309331e+07  g=0.000000e+00  ||x||=4.451353e-02  ||grad||=1.626243e+09  tau=3.382e-13  beta=9.884e-01
[iter  256/500] obj=1.309616e+07  f=1.309616e+07  g=0.000000e+00  ||x||=4.462439e-02  ||grad||=1.626375e+09  tau=3.382e-13  beta=9.885e-01
[iter  257/500] obj=1.309901e+07  f=1.309901e+07  g=0.000000e+00  ||x||=4.473500e-02  ||grad||=1.626505e+09  tau=3.382e-13  beta=9.885e-01
[iter  258/500] obj=1.310182e+07  f=1.310182e+07  g=0.000000e+00  ||x||=4.484537e-02  ||grad||=1.626631e+09  tau=3.382e-13  beta=9.886e-01
[iter  259/500] obj=1.310462e+07  f=1.310462e+07  g=0.000000e+00  ||x||=4.495550e-02  ||grad||=1.626758e+09  tau=3.382e-13  beta=9.886e-01
[iter  260/500] obj=1.310740e+07  f=1.310740e+07  g=0.000000e+00  ||x||=4.506539e-02  ||grad||=1.626884e+09  tau=3.382e-13  beta=9.886e-01
[iter  261/500] obj=1.311017e+07  f=1.311017e+07  g=0.000000e+00  ||x||=4.517503e-02  ||grad||=1.627011e+09  tau=3.382e-13  beta=9.887e-01
[iter  262/500] obj=1.311295e+07  f=1.311295e+07  g=0.000000e+00  ||x||=4.528444e-02  ||grad||=1.627143e+09  tau=3.382e-13  beta=9.887e-01
[iter  263/500] obj=1.311573e+07  f=1.311573e+07  g=0.000000e+00  ||x||=4.539361e-02  ||grad||=1.627275e+09  tau=3.382e-13  beta=9.888e-01
[iter  264/500] obj=1.311846e+07  f=1.311846e+07  g=0.000000e+00  ||x||=4.550254e-02  ||grad||=1.627402e+09  tau=3.382e-13  beta=9.888e-01
[iter  265/500] obj=1.312116e+07  f=1.312116e+07  g=0.000000e+00  ||x||=4.561123e-02  ||grad||=1.627527e+09  tau=3.382e-13  beta=9.889e-01
[iter  266/500] obj=1.312384e+07  f=1.312384e+07  g=0.000000e+00  ||x||=4.571968e-02  ||grad||=1.627651e+09  tau=3.382e-13  beta=9.889e-01
[iter  267/500] obj=1.312649e+07  f=1.312649e+07  g=0.000000e+00  ||x||=4.582790e-02  ||grad||=1.627770e+09  tau=3.382e-13  beta=9.889e-01
[iter  268/500] obj=1.312915e+07  f=1.312915e+07  g=0.000000e+00  ||x||=4.593587e-02  ||grad||=1.627891e+09  tau=3.382e-13  beta=9.890e-01
[iter  269/500] obj=1.313177e+07  f=1.313177e+07  g=0.000000e+00  ||x||=4.604362e-02  ||grad||=1.628010e+09  tau=3.382e-13  beta=9.890e-01
[iter  270/500] obj=1.313438e+07  f=1.313438e+07  g=0.000000e+00  ||x||=4.615113e-02  ||grad||=1.628126e+09  tau=3.382e-13  beta=9.891e-01
[iter  271/500] obj=1.313697e+07  f=1.313697e+07  g=0.000000e+00  ||x||=4.625840e-02  ||grad||=1.628244e+09  tau=3.382e-13  beta=9.891e-01
[iter  272/500] obj=1.313956e+07  f=1.313956e+07  g=0.000000e+00  ||x||=4.636544e-02  ||grad||=1.628365e+09  tau=3.382e-13  beta=9.891e-01
[iter  273/500] obj=1.314212e+07  f=1.314212e+07  g=0.000000e+00  ||x||=4.647225e-02  ||grad||=1.628481e+09  tau=3.382e-13  beta=9.892e-01
[iter  274/500] obj=1.314468e+07  f=1.314468e+07  g=0.000000e+00  ||x||=4.657882e-02  ||grad||=1.628596e+09  tau=3.382e-13  beta=9.892e-01
[iter  275/500] obj=1.314719e+07  f=1.314719e+07  g=0.000000e+00  ||x||=4.668516e-02  ||grad||=1.628709e+09  tau=3.382e-13  beta=9.893e-01
[iter  276/500] obj=1.314972e+07  f=1.314972e+07  g=0.000000e+00  ||x||=4.679127e-02  ||grad||=1.628826e+09  tau=3.382e-13  beta=9.893e-01
[iter  277/500] obj=1.315221e+07  f=1.315221e+07  g=0.000000e+00  ||x||=4.689715e-02  ||grad||=1.628939e+09  tau=3.382e-13  beta=9.893e-01
[iter  278/500] obj=1.315468e+07  f=1.315468e+07  g=0.000000e+00  ||x||=4.700279e-02  ||grad||=1.629048e+09  tau=3.382e-13  beta=9.894e-01
[iter  279/500] obj=1.315715e+07  f=1.315715e+07  g=0.000000e+00  ||x||=4.710821e-02  ||grad||=1.629159e+09  tau=3.382e-13  beta=9.894e-01
[iter  280/500] obj=1.315965e+07  f=1.315965e+07  g=0.000000e+00  ||x||=4.721339e-02  ||grad||=1.629275e+09  tau=3.382e-13  beta=9.894e-01
[iter  281/500] obj=1.316213e+07  f=1.316213e+07  g=0.000000e+00  ||x||=4.731834e-02  ||grad||=1.629391e+09  tau=3.382e-13  beta=9.895e-01
[iter  282/500] obj=1.316458e+07  f=1.316458e+07  g=0.000000e+00  ||x||=4.742307e-02  ||grad||=1.629505e+09  tau=3.382e-13  beta=9.895e-01
[iter  283/500] obj=1.316704e+07  f=1.316704e+07  g=0.000000e+00  ||x||=4.752756e-02  ||grad||=1.629620e+09  tau=3.382e-13  beta=9.896e-01
[iter  284/500] obj=1.316947e+07  f=1.316947e+07  g=0.000000e+00  ||x||=4.763183e-02  ||grad||=1.629733e+09  tau=3.382e-13  beta=9.896e-01
[iter  285/500] obj=1.317188e+07  f=1.317188e+07  g=0.000000e+00  ||x||=4.773586e-02  ||grad||=1.629844e+09  tau=3.382e-13  beta=9.896e-01
[iter  286/500] obj=1.317424e+07  f=1.317424e+07  g=0.000000e+00  ||x||=4.783966e-02  ||grad||=1.629948e+09  tau=3.382e-13  beta=9.897e-01
[iter  287/500] obj=1.317656e+07  f=1.317656e+07  g=0.000000e+00  ||x||=4.794325e-02  ||grad||=1.630049e+09  tau=3.382e-13  beta=9.897e-01
[iter  288/500] obj=1.317887e+07  f=1.317887e+07  g=0.000000e+00  ||x||=4.804659e-02  ||grad||=1.630149e+09  tau=3.382e-13  beta=9.897e-01
[iter  289/500] obj=1.318116e+07  f=1.318116e+07  g=0.000000e+00  ||x||=4.814972e-02  ||grad||=1.630248e+09  tau=3.382e-13  beta=9.898e-01
[iter  290/500] obj=1.318344e+07  f=1.318344e+07  g=0.000000e+00  ||x||=4.825262e-02  ||grad||=1.630344e+09  tau=3.382e-13  beta=9.898e-01
[iter  291/500] obj=1.318570e+07  f=1.318570e+07  g=0.000000e+00  ||x||=4.835529e-02  ||grad||=1.630439e+09  tau=3.382e-13  beta=9.898e-01
[iter  292/500] obj=1.318794e+07  f=1.318794e+07  g=0.000000e+00  ||x||=4.845773e-02  ||grad||=1.630530e+09  tau=3.382e-13  beta=9.899e-01
[iter  293/500] obj=1.319016e+07  f=1.319016e+07  g=0.000000e+00  ||x||=4.855996e-02  ||grad||=1.630622e+09  tau=3.382e-13  beta=9.899e-01
[iter  294/500] obj=1.319236e+07  f=1.319236e+07  g=0.000000e+00  ||x||=4.866195e-02  ||grad||=1.630712e+09  tau=3.382e-13  beta=9.899e-01
[iter  295/500] obj=1.319454e+07  f=1.319454e+07  g=0.000000e+00  ||x||=4.876373e-02  ||grad||=1.630797e+09  tau=3.382e-13  beta=9.900e-01
[iter  296/500] obj=1.319669e+07  f=1.319669e+07  g=0.000000e+00  ||x||=4.886528e-02  ||grad||=1.630882e+09  tau=3.382e-13  beta=9.900e-01
[iter  297/500] obj=1.319884e+07  f=1.319884e+07  g=0.000000e+00  ||x||=4.896661e-02  ||grad||=1.630967e+09  tau=3.382e-13  beta=9.900e-01
[iter  298/500] obj=1.320098e+07  f=1.320098e+07  g=0.000000e+00  ||x||=4.906772e-02  ||grad||=1.631050e+09  tau=3.382e-13  beta=9.901e-01
[iter  299/500] obj=1.320309e+07  f=1.320309e+07  g=0.000000e+00  ||x||=4.916862e-02  ||grad||=1.631130e+09  tau=3.382e-13  beta=9.901e-01
[iter  300/500] obj=1.320516e+07  f=1.320516e+07  g=0.000000e+00  ||x||=4.926929e-02  ||grad||=1.631207e+09  tau=3.382e-13  beta=9.901e-01
[iter  301/500] obj=1.320721e+07  f=1.320721e+07  g=0.000000e+00  ||x||=4.936974e-02  ||grad||=1.631282e+09  tau=3.382e-13  beta=9.902e-01
[iter  302/500] obj=1.320927e+07  f=1.320927e+07  g=0.000000e+00  ||x||=4.946998e-02  ||grad||=1.631359e+09  tau=3.382e-13  beta=9.902e-01
[iter  303/500] obj=1.321130e+07  f=1.321130e+07  g=0.000000e+00  ||x||=4.957000e-02  ||grad||=1.631433e+09  tau=3.382e-13  beta=9.902e-01
[iter  304/500] obj=1.321331e+07  f=1.321331e+07  g=0.000000e+00  ||x||=4.966981e-02  ||grad||=1.631506e+09  tau=3.382e-13  beta=9.903e-01
[iter  305/500] obj=1.321534e+07  f=1.321534e+07  g=0.000000e+00  ||x||=4.976940e-02  ||grad||=1.631582e+09  tau=3.382e-13  beta=9.903e-01
[iter  306/500] obj=1.321733e+07  f=1.321733e+07  g=0.000000e+00  ||x||=4.986877e-02  ||grad||=1.631657e+09  tau=3.382e-13  beta=9.903e-01
[iter  307/500] obj=1.321932e+07  f=1.321932e+07  g=0.000000e+00  ||x||=4.996794e-02  ||grad||=1.631731e+09  tau=3.382e-13  beta=9.904e-01
[iter  308/500] obj=1.322129e+07  f=1.322129e+07  g=0.000000e+00  ||x||=5.006688e-02  ||grad||=1.631802e+09  tau=3.382e-13  beta=9.904e-01
[iter  309/500] obj=1.322325e+07  f=1.322325e+07  g=0.000000e+00  ||x||=5.016562e-02  ||grad||=1.631874e+09  tau=3.382e-13  beta=9.904e-01
[iter  310/500] obj=1.322520e+07  f=1.322520e+07  g=0.000000e+00  ||x||=5.026415e-02  ||grad||=1.631944e+09  tau=3.382e-13  beta=9.905e-01
[iter  311/500] obj=1.322711e+07  f=1.322711e+07  g=0.000000e+00  ||x||=5.036247e-02  ||grad||=1.632010e+09  tau=3.382e-13  beta=9.905e-01
[iter  312/500] obj=1.322904e+07  f=1.322904e+07  g=0.000000e+00  ||x||=5.046057e-02  ||grad||=1.632077e+09  tau=3.382e-13  beta=9.905e-01
[iter  313/500] obj=1.323095e+07  f=1.323095e+07  g=0.000000e+00  ||x||=5.055847e-02  ||grad||=1.632145e+09  tau=3.382e-13  beta=9.905e-01
[iter  314/500] obj=1.323285e+07  f=1.323285e+07  g=0.000000e+00  ||x||=5.065616e-02  ||grad||=1.632212e+09  tau=3.382e-13  beta=9.906e-01
[iter  315/500] obj=1.323474e+07  f=1.323474e+07  g=0.000000e+00  ||x||=5.075364e-02  ||grad||=1.632276e+09  tau=3.382e-13  beta=9.906e-01
[iter  316/500] obj=1.323659e+07  f=1.323659e+07  g=0.000000e+00  ||x||=5.085091e-02  ||grad||=1.632337e+09  tau=3.382e-13  beta=9.906e-01
[iter  317/500] obj=1.323843e+07  f=1.323843e+07  g=0.000000e+00  ||x||=5.094798e-02  ||grad||=1.632399e+09  tau=3.382e-13  beta=9.907e-01
[iter  318/500] obj=1.324026e+07  f=1.324026e+07  g=0.000000e+00  ||x||=5.104484e-02  ||grad||=1.632460e+09  tau=3.382e-13  beta=9.907e-01
[iter  319/500] obj=1.324209e+07  f=1.324209e+07  g=0.000000e+00  ||x||=5.114150e-02  ||grad||=1.632520e+09  tau=3.382e-13  beta=9.907e-01
[iter  320/500] obj=1.324390e+07  f=1.324390e+07  g=0.000000e+00  ||x||=5.123796e-02  ||grad||=1.632579e+09  tau=3.382e-13  beta=9.908e-01
[iter  321/500] obj=1.324568e+07  f=1.324568e+07  g=0.000000e+00  ||x||=5.133421e-02  ||grad||=1.632637e+09  tau=3.382e-13  beta=9.908e-01
[iter  322/500] obj=1.324745e+07  f=1.324745e+07  g=0.000000e+00  ||x||=5.143026e-02  ||grad||=1.632693e+09  tau=3.382e-13  beta=9.908e-01
[iter  323/500] obj=1.324922e+07  f=1.324922e+07  g=0.000000e+00  ||x||=5.152611e-02  ||grad||=1.632749e+09  tau=3.382e-13  beta=9.908e-01
[iter  324/500] obj=1.325098e+07  f=1.325098e+07  g=0.000000e+00  ||x||=5.162175e-02  ||grad||=1.632805e+09  tau=3.382e-13  beta=9.909e-01
[iter  325/500] obj=1.325274e+07  f=1.325274e+07  g=0.000000e+00  ||x||=5.171720e-02  ||grad||=1.632860e+09  tau=3.382e-13  beta=9.909e-01
[iter  326/500] obj=1.325449e+07  f=1.325449e+07  g=0.000000e+00  ||x||=5.181245e-02  ||grad||=1.632916e+09  tau=3.382e-13  beta=9.909e-01
[iter  327/500] obj=1.325623e+07  f=1.325623e+07  g=0.000000e+00  ||x||=5.190750e-02  ||grad||=1.632974e+09  tau=3.382e-13  beta=9.909e-01
[iter  328/500] obj=1.325797e+07  f=1.325797e+07  g=0.000000e+00  ||x||=5.200235e-02  ||grad||=1.633031e+09  tau=3.382e-13  beta=9.910e-01
[iter  329/500] obj=1.325968e+07  f=1.325968e+07  g=0.000000e+00  ||x||=5.209700e-02  ||grad||=1.633084e+09  tau=3.382e-13  beta=9.910e-01
[iter  330/500] obj=1.326138e+07  f=1.326138e+07  g=0.000000e+00  ||x||=5.219145e-02  ||grad||=1.633135e+09  tau=3.382e-13  beta=9.910e-01
[iter  331/500] obj=1.326307e+07  f=1.326307e+07  g=0.000000e+00  ||x||=5.228572e-02  ||grad||=1.633187e+09  tau=3.382e-13  beta=9.911e-01
[iter  332/500] obj=1.326477e+07  f=1.326477e+07  g=0.000000e+00  ||x||=5.237978e-02  ||grad||=1.633238e+09  tau=3.382e-13  beta=9.911e-01
[iter  333/500] obj=1.326644e+07  f=1.326644e+07  g=0.000000e+00  ||x||=5.247365e-02  ||grad||=1.633286e+09  tau=3.382e-13  beta=9.911e-01
[iter  334/500] obj=1.326807e+07  f=1.326807e+07  g=0.000000e+00  ||x||=5.256732e-02  ||grad||=1.633331e+09  tau=3.382e-13  beta=9.911e-01
[iter  335/500] obj=1.326972e+07  f=1.326972e+07  g=0.000000e+00  ||x||=5.266081e-02  ||grad||=1.633379e+09  tau=3.382e-13  beta=9.912e-01
[iter  336/500] obj=1.327139e+07  f=1.327139e+07  g=0.000000e+00  ||x||=5.275409e-02  ||grad||=1.633433e+09  tau=3.382e-13  beta=9.912e-01
[iter  337/500] obj=1.327306e+07  f=1.327306e+07  g=0.000000e+00  ||x||=5.284719e-02  ||grad||=1.633486e+09  tau=3.382e-13  beta=9.912e-01
[iter  338/500] obj=1.327472e+07  f=1.327472e+07  g=0.000000e+00  ||x||=5.294009e-02  ||grad||=1.633537e+09  tau=3.382e-13  beta=9.912e-01
[iter  339/500] obj=1.327635e+07  f=1.327635e+07  g=0.000000e+00  ||x||=5.303280e-02  ||grad||=1.633585e+09  tau=3.382e-13  beta=9.913e-01
[iter  340/500] obj=1.327799e+07  f=1.327799e+07  g=0.000000e+00  ||x||=5.312532e-02  ||grad||=1.633635e+09  tau=3.382e-13  beta=9.913e-01
[iter  341/500] obj=1.327963e+07  f=1.327963e+07  g=0.000000e+00  ||x||=5.321765e-02  ||grad||=1.633689e+09  tau=3.382e-13  beta=9.913e-01
[iter  342/500] obj=1.328124e+07  f=1.328124e+07  g=0.000000e+00  ||x||=5.330978e-02  ||grad||=1.633739e+09  tau=3.382e-13  beta=9.913e-01
[iter  343/500] obj=1.328284e+07  f=1.328284e+07  g=0.000000e+00  ||x||=5.340173e-02  ||grad||=1.633788e+09  tau=3.382e-13  beta=9.914e-01
[iter  344/500] obj=1.328444e+07  f=1.328444e+07  g=0.000000e+00  ||x||=5.349349e-02  ||grad||=1.633838e+09  tau=3.382e-13  beta=9.914e-01
[iter  345/500] obj=1.328603e+07  f=1.328603e+07  g=0.000000e+00  ||x||=5.358506e-02  ||grad||=1.633888e+09  tau=3.382e-13  beta=9.914e-01
[iter  346/500] obj=1.328762e+07  f=1.328762e+07  g=0.000000e+00  ||x||=5.367644e-02  ||grad||=1.633938e+09  tau=3.382e-13  beta=9.914e-01
[iter  347/500] obj=1.328920e+07  f=1.328920e+07  g=0.000000e+00  ||x||=5.376763e-02  ||grad||=1.633986e+09  tau=3.382e-13  beta=9.915e-01
[iter  348/500] obj=1.329075e+07  f=1.329075e+07  g=0.000000e+00  ||x||=5.385863e-02  ||grad||=1.634032e+09  tau=3.382e-13  beta=9.915e-01
[iter  349/500] obj=1.329230e+07  f=1.329230e+07  g=0.000000e+00  ||x||=5.394945e-02  ||grad||=1.634077e+09  tau=3.382e-13  beta=9.915e-01
[iter  350/500] obj=1.329383e+07  f=1.329383e+07  g=0.000000e+00  ||x||=5.404007e-02  ||grad||=1.634123e+09  tau=3.382e-13  beta=9.915e-01
[iter  351/500] obj=1.329536e+07  f=1.329536e+07  g=0.000000e+00  ||x||=5.413051e-02  ||grad||=1.634170e+09  tau=3.382e-13  beta=9.916e-01
[iter  352/500] obj=1.329690e+07  f=1.329690e+07  g=0.000000e+00  ||x||=5.422077e-02  ||grad||=1.634215e+09  tau=3.382e-13  beta=9.916e-01
[iter  353/500] obj=1.329840e+07  f=1.329840e+07  g=0.000000e+00  ||x||=5.431084e-02  ||grad||=1.634260e+09  tau=3.382e-13  beta=9.916e-01
[iter  354/500] obj=1.329990e+07  f=1.329990e+07  g=0.000000e+00  ||x||=5.440072e-02  ||grad||=1.634307e+09  tau=3.382e-13  beta=9.916e-01
[iter  355/500] obj=1.330142e+07  f=1.330142e+07  g=0.000000e+00  ||x||=5.449041e-02  ||grad||=1.634356e+09  tau=3.382e-13  beta=9.917e-01
[iter  356/500] obj=1.330292e+07  f=1.330292e+07  g=0.000000e+00  ||x||=5.457992e-02  ||grad||=1.634402e+09  tau=3.382e-13  beta=9.917e-01
[iter  357/500] obj=1.330440e+07  f=1.330440e+07  g=0.000000e+00  ||x||=5.466925e-02  ||grad||=1.634449e+09  tau=3.382e-13  beta=9.917e-01
[iter  358/500] obj=1.330588e+07  f=1.330588e+07  g=0.000000e+00  ||x||=5.475839e-02  ||grad||=1.634494e+09  tau=3.382e-13  beta=9.917e-01
[iter  359/500] obj=1.330736e+07  f=1.330736e+07  g=0.000000e+00  ||x||=5.484734e-02  ||grad||=1.634538e+09  tau=3.382e-13  beta=9.917e-01
[iter  360/500] obj=1.330883e+07  f=1.330883e+07  g=0.000000e+00  ||x||=5.493612e-02  ||grad||=1.634582e+09  tau=3.382e-13  beta=9.918e-01
[iter  361/500] obj=1.331029e+07  f=1.331029e+07  g=0.000000e+00  ||x||=5.502471e-02  ||grad||=1.634625e+09  tau=3.382e-13  beta=9.918e-01
[iter  362/500] obj=1.331173e+07  f=1.331173e+07  g=0.000000e+00  ||x||=5.511311e-02  ||grad||=1.634664e+09  tau=3.382e-13  beta=9.918e-01
[iter  363/500] obj=1.331314e+07  f=1.331314e+07  g=0.000000e+00  ||x||=5.520134e-02  ||grad||=1.634701e+09  tau=3.382e-13  beta=9.918e-01
[iter  364/500] obj=1.331456e+07  f=1.331456e+07  g=0.000000e+00  ||x||=5.528938e-02  ||grad||=1.634739e+09  tau=3.382e-13  beta=9.919e-01
[iter  365/500] obj=1.331595e+07  f=1.331595e+07  g=0.000000e+00  ||x||=5.537724e-02  ||grad||=1.634777e+09  tau=3.382e-13  beta=9.919e-01
[iter  366/500] obj=1.331734e+07  f=1.331734e+07  g=0.000000e+00  ||x||=5.546493e-02  ||grad||=1.634814e+09  tau=3.382e-13  beta=9.919e-01
[iter  367/500] obj=1.331874e+07  f=1.331874e+07  g=0.000000e+00  ||x||=5.555243e-02  ||grad||=1.634853e+09  tau=3.382e-13  beta=9.919e-01
[iter  368/500] obj=1.332014e+07  f=1.332014e+07  g=0.000000e+00  ||x||=5.563975e-02  ||grad||=1.634893e+09  tau=3.382e-13  beta=9.919e-01
[iter  369/500] obj=1.332154e+07  f=1.332154e+07  g=0.000000e+00  ||x||=5.572689e-02  ||grad||=1.634935e+09  tau=3.382e-13  beta=9.920e-01
[iter  370/500] obj=1.332296e+07  f=1.332296e+07  g=0.000000e+00  ||x||=5.581385e-02  ||grad||=1.634978e+09  tau=3.382e-13  beta=9.920e-01
[iter  371/500] obj=1.332436e+07  f=1.332436e+07  g=0.000000e+00  ||x||=5.590064e-02  ||grad||=1.635021e+09  tau=3.382e-13  beta=9.920e-01
[iter  372/500] obj=1.332575e+07  f=1.332575e+07  g=0.000000e+00  ||x||=5.598724e-02  ||grad||=1.635064e+09  tau=3.382e-13  beta=9.920e-01
[iter  373/500] obj=1.332711e+07  f=1.332711e+07  g=0.000000e+00  ||x||=5.607366e-02  ||grad||=1.635106e+09  tau=3.382e-13  beta=9.921e-01
[iter  374/500] obj=1.332848e+07  f=1.332848e+07  g=0.000000e+00  ||x||=5.615991e-02  ||grad||=1.635146e+09  tau=3.382e-13  beta=9.921e-01
[iter  375/500] obj=1.332984e+07  f=1.332984e+07  g=0.000000e+00  ||x||=5.624598e-02  ||grad||=1.635188e+09  tau=3.382e-13  beta=9.921e-01
[iter  376/500] obj=1.333117e+07  f=1.333117e+07  g=0.000000e+00  ||x||=5.633187e-02  ||grad||=1.635226e+09  tau=3.382e-13  beta=9.921e-01
[iter  377/500] obj=1.333250e+07  f=1.333250e+07  g=0.000000e+00  ||x||=5.641758e-02  ||grad||=1.635264e+09  tau=3.382e-13  beta=9.921e-01
[iter  378/500] obj=1.333381e+07  f=1.333381e+07  g=0.000000e+00  ||x||=5.650311e-02  ||grad||=1.635303e+09  tau=3.382e-13  beta=9.922e-01
[iter  379/500] obj=1.333512e+07  f=1.333512e+07  g=0.000000e+00  ||x||=5.658847e-02  ||grad||=1.635338e+09  tau=3.382e-13  beta=9.922e-01
[iter  380/500] obj=1.333643e+07  f=1.333643e+07  g=0.000000e+00  ||x||=5.667365e-02  ||grad||=1.635375e+09  tau=3.382e-13  beta=9.922e-01
[iter  381/500] obj=1.333772e+07  f=1.333772e+07  g=0.000000e+00  ||x||=5.675866e-02  ||grad||=1.635410e+09  tau=3.382e-13  beta=9.922e-01
[iter  382/500] obj=1.333898e+07  f=1.333898e+07  g=0.000000e+00  ||x||=5.684349e-02  ||grad||=1.635442e+09  tau=3.382e-13  beta=9.922e-01
[iter  383/500] obj=1.334026e+07  f=1.334026e+07  g=0.000000e+00  ||x||=5.692815e-02  ||grad||=1.635476e+09  tau=3.382e-13  beta=9.923e-01
[iter  384/500] obj=1.334153e+07  f=1.334153e+07  g=0.000000e+00  ||x||=5.701263e-02  ||grad||=1.635507e+09  tau=3.382e-13  beta=9.923e-01
[iter  385/500] obj=1.334278e+07  f=1.334278e+07  g=0.000000e+00  ||x||=5.709694e-02  ||grad||=1.635538e+09  tau=3.382e-13  beta=9.923e-01
[iter  386/500] obj=1.334404e+07  f=1.334404e+07  g=0.000000e+00  ||x||=5.718108e-02  ||grad||=1.635568e+09  tau=3.382e-13  beta=9.923e-01
[iter  387/500] obj=1.334527e+07  f=1.334527e+07  g=0.000000e+00  ||x||=5.726503e-02  ||grad||=1.635598e+09  tau=3.382e-13  beta=9.923e-01
[iter  388/500] obj=1.334649e+07  f=1.334649e+07  g=0.000000e+00  ||x||=5.734882e-02  ||grad||=1.635625e+09  tau=3.382e-13  beta=9.924e-01
[iter  389/500] obj=1.334770e+07  f=1.334770e+07  g=0.000000e+00  ||x||=5.743244e-02  ||grad||=1.635652e+09  tau=3.382e-13  beta=9.924e-01
[iter  390/500] obj=1.334888e+07  f=1.334888e+07  g=0.000000e+00  ||x||=5.751588e-02  ||grad||=1.635677e+09  tau=3.382e-13  beta=9.924e-01
[iter  391/500] obj=1.335007e+07  f=1.335007e+07  g=0.000000e+00  ||x||=5.759916e-02  ||grad||=1.635703e+09  tau=3.382e-13  beta=9.924e-01
[iter  392/500] obj=1.335125e+07  f=1.335125e+07  g=0.000000e+00  ||x||=5.768226e-02  ||grad||=1.635728e+09  tau=3.382e-13  beta=9.924e-01
[iter  393/500] obj=1.335244e+07  f=1.335244e+07  g=0.000000e+00  ||x||=5.776519e-02  ||grad||=1.635753e+09  tau=3.382e-13  beta=9.925e-01
[iter  394/500] obj=1.335364e+07  f=1.335364e+07  g=0.000000e+00  ||x||=5.784796e-02  ||grad||=1.635782e+09  tau=3.382e-13  beta=9.925e-01
[iter  395/500] obj=1.335481e+07  f=1.335481e+07  g=0.000000e+00  ||x||=5.793055e-02  ||grad||=1.635810e+09  tau=3.382e-13  beta=9.925e-01
[iter  396/500] obj=1.335600e+07  f=1.335600e+07  g=0.000000e+00  ||x||=5.801297e-02  ||grad||=1.635838e+09  tau=3.382e-13  beta=9.925e-01
[iter  397/500] obj=1.335717e+07  f=1.335717e+07  g=0.000000e+00  ||x||=5.809523e-02  ||grad||=1.635866e+09  tau=3.382e-13  beta=9.925e-01
[iter  398/500] obj=1.335830e+07  f=1.335830e+07  g=0.000000e+00  ||x||=5.817732e-02  ||grad||=1.635892e+09  tau=3.382e-13  beta=9.925e-01
[iter  399/500] obj=1.335945e+07  f=1.335945e+07  g=0.000000e+00  ||x||=5.825924e-02  ||grad||=1.635916e+09  tau=3.382e-13  beta=9.926e-01
[iter  400/500] obj=1.336059e+07  f=1.336059e+07  g=0.000000e+00  ||x||=5.834100e-02  ||grad||=1.635942e+09  tau=3.382e-13  beta=9.926e-01
[iter  401/500] obj=1.336173e+07  f=1.336173e+07  g=0.000000e+00  ||x||=5.842258e-02  ||grad||=1.635966e+09  tau=3.382e-13  beta=9.926e-01
[iter  402/500] obj=1.336285e+07  f=1.336285e+07  g=0.000000e+00  ||x||=5.850400e-02  ||grad||=1.635991e+09  tau=3.382e-13  beta=9.926e-01
[iter  403/500] obj=1.336395e+07  f=1.336395e+07  g=0.000000e+00  ||x||=5.858526e-02  ||grad||=1.636011e+09  tau=3.382e-13  beta=9.926e-01
[iter  404/500] obj=1.336502e+07  f=1.336502e+07  g=0.000000e+00  ||x||=5.866635e-02  ||grad||=1.636030e+09  tau=3.382e-13  beta=9.927e-01
[iter  405/500] obj=1.336610e+07  f=1.336610e+07  g=0.000000e+00  ||x||=5.874727e-02  ||grad||=1.636049e+09  tau=3.382e-13  beta=9.927e-01
[iter  406/500] obj=1.336717e+07  f=1.336717e+07  g=0.000000e+00  ||x||=5.882803e-02  ||grad||=1.636067e+09  tau=3.382e-13  beta=9.927e-01
[iter  407/500] obj=1.336826e+07  f=1.336826e+07  g=0.000000e+00  ||x||=5.890863e-02  ||grad||=1.636088e+09  tau=3.382e-13  beta=9.927e-01
[iter  408/500] obj=1.336931e+07  f=1.336931e+07  g=0.000000e+00  ||x||=5.898907e-02  ||grad||=1.636104e+09  tau=3.382e-13  beta=9.927e-01
[iter  409/500] obj=1.337036e+07  f=1.337036e+07  g=0.000000e+00  ||x||=5.906934e-02  ||grad||=1.636120e+09  tau=3.382e-13  beta=9.927e-01
[iter  410/500] obj=1.337141e+07  f=1.337141e+07  g=0.000000e+00  ||x||=5.914945e-02  ||grad||=1.636138e+09  tau=3.382e-13  beta=9.928e-01
[iter  411/500] obj=1.337245e+07  f=1.337245e+07  g=0.000000e+00  ||x||=5.922940e-02  ||grad||=1.636154e+09  tau=3.382e-13  beta=9.928e-01
[iter  412/500] obj=1.337348e+07  f=1.337348e+07  g=0.000000e+00  ||x||=5.930919e-02  ||grad||=1.636170e+09  tau=3.382e-13  beta=9.928e-01
[iter  413/500] obj=1.337450e+07  f=1.337450e+07  g=0.000000e+00  ||x||=5.938881e-02  ||grad||=1.636186e+09  tau=3.382e-13  beta=9.928e-01
[iter  414/500] obj=1.337553e+07  f=1.337553e+07  g=0.000000e+00  ||x||=5.946828e-02  ||grad||=1.636200e+09  tau=3.382e-13  beta=9.928e-01
[iter  415/500] obj=1.337655e+07  f=1.337655e+07  g=0.000000e+00  ||x||=5.954760e-02  ||grad||=1.636216e+09  tau=3.382e-13  beta=9.928e-01
[iter  416/500] obj=1.337756e+07  f=1.337756e+07  g=0.000000e+00  ||x||=5.962674e-02  ||grad||=1.636232e+09  tau=3.382e-13  beta=9.929e-01
[iter  417/500] obj=1.337857e+07  f=1.337857e+07  g=0.000000e+00  ||x||=5.970574e-02  ||grad||=1.636249e+09  tau=3.382e-13  beta=9.929e-01
[iter  418/500] obj=1.337958e+07  f=1.337958e+07  g=0.000000e+00  ||x||=5.978457e-02  ||grad||=1.636268e+09  tau=3.382e-13  beta=9.929e-01
[iter  419/500] obj=1.338060e+07  f=1.338060e+07  g=0.000000e+00  ||x||=5.986325e-02  ||grad||=1.636288e+09  tau=3.382e-13  beta=9.929e-01
[iter  420/500] obj=1.338160e+07  f=1.338160e+07  g=0.000000e+00  ||x||=5.994177e-02  ||grad||=1.636304e+09  tau=3.382e-13  beta=9.929e-01
[iter  421/500] obj=1.338258e+07  f=1.338258e+07  g=0.000000e+00  ||x||=6.002014e-02  ||grad||=1.636321e+09  tau=3.382e-13  beta=9.929e-01
[iter  422/500] obj=1.338355e+07  f=1.338355e+07  g=0.000000e+00  ||x||=6.009834e-02  ||grad||=1.636336e+09  tau=3.382e-13  beta=9.930e-01
[iter  423/500] obj=1.338454e+07  f=1.338454e+07  g=0.000000e+00  ||x||=6.017639e-02  ||grad||=1.636355e+09  tau=3.382e-13  beta=9.930e-01
[iter  424/500] obj=1.338552e+07  f=1.338552e+07  g=0.000000e+00  ||x||=6.025429e-02  ||grad||=1.636373e+09  tau=3.382e-13  beta=9.930e-01
[iter  425/500] obj=1.338650e+07  f=1.338650e+07  g=0.000000e+00  ||x||=6.033204e-02  ||grad||=1.636392e+09  tau=3.382e-13  beta=9.930e-01
[iter  426/500] obj=1.338748e+07  f=1.338748e+07  g=0.000000e+00  ||x||=6.040962e-02  ||grad||=1.636413e+09  tau=3.382e-13  beta=9.930e-01
[iter  427/500] obj=1.338845e+07  f=1.338845e+07  g=0.000000e+00  ||x||=6.048706e-02  ||grad||=1.636432e+09  tau=3.382e-13  beta=9.930e-01
[iter  428/500] obj=1.338944e+07  f=1.338944e+07  g=0.000000e+00  ||x||=6.056434e-02  ||grad||=1.636453e+09  tau=3.382e-13  beta=9.931e-01
[iter  429/500] obj=1.339041e+07  f=1.339041e+07  g=0.000000e+00  ||x||=6.064146e-02  ||grad||=1.636475e+09  tau=3.382e-13  beta=9.931e-01
[iter  430/500] obj=1.339137e+07  f=1.339137e+07  g=0.000000e+00  ||x||=6.071844e-02  ||grad||=1.636494e+09  tau=3.382e-13  beta=9.931e-01
[iter  431/500] obj=1.339233e+07  f=1.339233e+07  g=0.000000e+00  ||x||=6.079526e-02  ||grad||=1.636513e+09  tau=3.382e-13  beta=9.931e-01
[iter  432/500] obj=1.339328e+07  f=1.339328e+07  g=0.000000e+00  ||x||=6.087192e-02  ||grad||=1.636533e+09  tau=3.382e-13  beta=9.931e-01
[iter  433/500] obj=1.339422e+07  f=1.339422e+07  g=0.000000e+00  ||x||=6.094844e-02  ||grad||=1.636551e+09  tau=3.382e-13  beta=9.931e-01
[iter  434/500] obj=1.339517e+07  f=1.339517e+07  g=0.000000e+00  ||x||=6.102480e-02  ||grad||=1.636571e+09  tau=3.382e-13  beta=9.932e-01
[iter  435/500] obj=1.339613e+07  f=1.339613e+07  g=0.000000e+00  ||x||=6.110101e-02  ||grad||=1.636593e+09  tau=3.382e-13  beta=9.932e-01
[iter  436/500] obj=1.339710e+07  f=1.339710e+07  g=0.000000e+00  ||x||=6.117707e-02  ||grad||=1.636617e+09  tau=3.382e-13  beta=9.932e-01
[iter  437/500] obj=1.339807e+07  f=1.339807e+07  g=0.000000e+00  ||x||=6.125298e-02  ||grad||=1.636643e+09  tau=3.382e-13  beta=9.932e-01
[iter  438/500] obj=1.339904e+07  f=1.339904e+07  g=0.000000e+00  ||x||=6.132874e-02  ||grad||=1.636667e+09  tau=3.382e-13  beta=9.932e-01
[iter  439/500] obj=1.339999e+07  f=1.339999e+07  g=0.000000e+00  ||x||=6.140434e-02  ||grad||=1.636691e+09  tau=3.382e-13  beta=9.932e-01
[iter  440/500] obj=1.340094e+07  f=1.340094e+07  g=0.000000e+00  ||x||=6.147980e-02  ||grad||=1.636715e+09  tau=3.382e-13  beta=9.933e-01
[iter  441/500] obj=1.340190e+07  f=1.340190e+07  g=0.000000e+00  ||x||=6.155510e-02  ||grad||=1.636740e+09  tau=3.382e-13  beta=9.933e-01
[iter  442/500] obj=1.340284e+07  f=1.340284e+07  g=0.000000e+00  ||x||=6.163025e-02  ||grad||=1.636764e+09  tau=3.382e-13  beta=9.933e-01
[iter  443/500] obj=1.340376e+07  f=1.340376e+07  g=0.000000e+00  ||x||=6.170525e-02  ||grad||=1.636789e+09  tau=3.382e-13  beta=9.933e-01
[iter  444/500] obj=1.340472e+07  f=1.340472e+07  g=0.000000e+00  ||x||=6.178011e-02  ||grad||=1.636813e+09  tau=3.382e-13  beta=9.933e-01
[iter  445/500] obj=1.340564e+07  f=1.340564e+07  g=0.000000e+00  ||x||=6.185481e-02  ||grad||=1.636836e+09  tau=3.382e-13  beta=9.933e-01
[iter  446/500] obj=1.340657e+07  f=1.340657e+07  g=0.000000e+00  ||x||=6.192936e-02  ||grad||=1.636860e+09  tau=3.382e-13  beta=9.933e-01
[iter  447/500] obj=1.340749e+07  f=1.340749e+07  g=0.000000e+00  ||x||=6.200376e-02  ||grad||=1.636883e+09  tau=3.382e-13  beta=9.934e-01
[iter  448/500] obj=1.340840e+07  f=1.340840e+07  g=0.000000e+00  ||x||=6.207802e-02  ||grad||=1.636906e+09  tau=3.382e-13  beta=9.934e-01
[iter  449/500] obj=1.340930e+07  f=1.340930e+07  g=0.000000e+00  ||x||=6.215212e-02  ||grad||=1.636927e+09  tau=3.382e-13  beta=9.934e-01
[iter  450/500] obj=1.341021e+07  f=1.341021e+07  g=0.000000e+00  ||x||=6.222608e-02  ||grad||=1.636950e+09  tau=3.382e-13  beta=9.934e-01
[iter  451/500] obj=1.341110e+07  f=1.341110e+07  g=0.000000e+00  ||x||=6.229988e-02  ||grad||=1.636972e+09  tau=3.382e-13  beta=9.934e-01
[iter  452/500] obj=1.341201e+07  f=1.341201e+07  g=0.000000e+00  ||x||=6.237354e-02  ||grad||=1.636994e+09  tau=3.382e-13  beta=9.934e-01
[iter  453/500] obj=1.341290e+07  f=1.341290e+07  g=0.000000e+00  ||x||=6.244704e-02  ||grad||=1.637017e+09  tau=3.382e-13  beta=9.934e-01
[iter  454/500] obj=1.341379e+07  f=1.341379e+07  g=0.000000e+00  ||x||=6.252041e-02  ||grad||=1.637040e+09  tau=3.382e-13  beta=9.935e-01
[iter  455/500] obj=1.341468e+07  f=1.341468e+07  g=0.000000e+00  ||x||=6.259362e-02  ||grad||=1.637063e+09  tau=3.382e-13  beta=9.935e-01
[iter  456/500] obj=1.341557e+07  f=1.341557e+07  g=0.000000e+00  ||x||=6.266668e-02  ||grad||=1.637085e+09  tau=3.382e-13  beta=9.935e-01
[iter  457/500] obj=1.341645e+07  f=1.341645e+07  g=0.000000e+00  ||x||=6.273960e-02  ||grad||=1.637106e+09  tau=3.382e-13  beta=9.935e-01
[iter  458/500] obj=1.341732e+07  f=1.341732e+07  g=0.000000e+00  ||x||=6.281237e-02  ||grad||=1.637126e+09  tau=3.382e-13  beta=9.935e-01
[iter  459/500] obj=1.341819e+07  f=1.341819e+07  g=0.000000e+00  ||x||=6.288499e-02  ||grad||=1.637145e+09  tau=3.382e-13  beta=9.935e-01
[iter  460/500] obj=1.341904e+07  f=1.341904e+07  g=0.000000e+00  ||x||=6.295747e-02  ||grad||=1.637163e+09  tau=3.382e-13  beta=9.935e-01
[iter  461/500] obj=1.341992e+07  f=1.341992e+07  g=0.000000e+00  ||x||=6.302980e-02  ||grad||=1.637185e+09  tau=3.382e-13  beta=9.936e-01
[iter  462/500] obj=1.342078e+07  f=1.342078e+07  g=0.000000e+00  ||x||=6.310197e-02  ||grad||=1.637203e+09  tau=3.382e-13  beta=9.936e-01
[iter  463/500] obj=1.342161e+07  f=1.342161e+07  g=0.000000e+00  ||x||=6.317400e-02  ||grad||=1.637220e+09  tau=3.382e-13  beta=9.936e-01
[iter  464/500] obj=1.342243e+07  f=1.342243e+07  g=0.000000e+00  ||x||=6.324589e-02  ||grad||=1.637234e+09  tau=3.382e-13  beta=9.936e-01
[iter  465/500] obj=1.342325e+07  f=1.342325e+07  g=0.000000e+00  ||x||=6.331763e-02  ||grad||=1.637247e+09  tau=3.382e-13  beta=9.936e-01
[iter  466/500] obj=1.342404e+07  f=1.342404e+07  g=0.000000e+00  ||x||=6.338923e-02  ||grad||=1.637258e+09  tau=3.382e-13  beta=9.936e-01
[iter  467/500] obj=1.342484e+07  f=1.342484e+07  g=0.000000e+00  ||x||=6.346069e-02  ||grad||=1.637270e+09  tau=3.382e-13  beta=9.936e-01
[iter  468/500] obj=1.342566e+07  f=1.342566e+07  g=0.000000e+00  ||x||=6.353199e-02  ||grad||=1.637283e+09  tau=3.382e-13  beta=9.937e-01
[iter  469/500] obj=1.342646e+07  f=1.342646e+07  g=0.000000e+00  ||x||=6.360316e-02  ||grad||=1.637294e+09  tau=3.382e-13  beta=9.937e-01
[iter  470/500] obj=1.342724e+07  f=1.342724e+07  g=0.000000e+00  ||x||=6.367417e-02  ||grad||=1.637303e+09  tau=3.382e-13  beta=9.937e-01
[iter  471/500] obj=1.342802e+07  f=1.342802e+07  g=0.000000e+00  ||x||=6.374506e-02  ||grad||=1.637312e+09  tau=3.382e-13  beta=9.937e-01
[iter  472/500] obj=1.342879e+07  f=1.342879e+07  g=0.000000e+00  ||x||=6.381579e-02  ||grad||=1.637320e+09  tau=3.382e-13  beta=9.937e-01
[iter  473/500] obj=1.342957e+07  f=1.342957e+07  g=0.000000e+00  ||x||=6.388637e-02  ||grad||=1.637328e+09  tau=3.382e-13  beta=9.937e-01
[iter  474/500] obj=1.343034e+07  f=1.343034e+07  g=0.000000e+00  ||x||=6.395683e-02  ||grad||=1.637336e+09  tau=3.382e-13  beta=9.937e-01
[iter  475/500] obj=1.343112e+07  f=1.343112e+07  g=0.000000e+00  ||x||=6.402713e-02  ||grad||=1.637346e+09  tau=3.382e-13  beta=9.937e-01
[iter  476/500] obj=1.343188e+07  f=1.343188e+07  g=0.000000e+00  ||x||=6.409730e-02  ||grad||=1.637354e+09  tau=3.382e-13  beta=9.938e-01
[iter  477/500] obj=1.343264e+07  f=1.343264e+07  g=0.000000e+00  ||x||=6.416732e-02  ||grad||=1.637361e+09  tau=3.382e-13  beta=9.938e-01
[iter  478/500] obj=1.343339e+07  f=1.343339e+07  g=0.000000e+00  ||x||=6.423721e-02  ||grad||=1.637368e+09  tau=3.382e-13  beta=9.938e-01
[iter  479/500] obj=1.343416e+07  f=1.343416e+07  g=0.000000e+00  ||x||=6.430694e-02  ||grad||=1.637377e+09  tau=3.382e-13  beta=9.938e-01
[iter  480/500] obj=1.343491e+07  f=1.343491e+07  g=0.000000e+00  ||x||=6.437655e-02  ||grad||=1.637384e+09  tau=3.382e-13  beta=9.938e-01
[iter  481/500] obj=1.343565e+07  f=1.343565e+07  g=0.000000e+00  ||x||=6.444601e-02  ||grad||=1.637393e+09  tau=3.382e-13  beta=9.938e-01
[iter  482/500] obj=1.343639e+07  f=1.343639e+07  g=0.000000e+00  ||x||=6.451533e-02  ||grad||=1.637400e+09  tau=3.382e-13  beta=9.938e-01
[iter  483/500] obj=1.343712e+07  f=1.343712e+07  g=0.000000e+00  ||x||=6.458452e-02  ||grad||=1.637407e+09  tau=3.382e-13  beta=9.938e-01
[iter  484/500] obj=1.343786e+07  f=1.343786e+07  g=0.000000e+00  ||x||=6.465356e-02  ||grad||=1.637413e+09  tau=3.382e-13  beta=9.939e-01
[iter  485/500] obj=1.343857e+07  f=1.343857e+07  g=0.000000e+00  ||x||=6.472246e-02  ||grad||=1.637417e+09  tau=3.382e-13  beta=9.939e-01
[iter  486/500] obj=1.343928e+07  f=1.343928e+07  g=0.000000e+00  ||x||=6.479123e-02  ||grad||=1.637423e+09  tau=3.382e-13  beta=9.939e-01
[iter  487/500] obj=1.343998e+07  f=1.343998e+07  g=0.000000e+00  ||x||=6.485986e-02  ||grad||=1.637430e+09  tau=3.382e-13  beta=9.939e-01
[iter  488/500] obj=1.344069e+07  f=1.344069e+07  g=0.000000e+00  ||x||=6.492835e-02  ||grad||=1.637435e+09  tau=3.382e-13  beta=9.939e-01
[iter  489/500] obj=1.344139e+07  f=1.344139e+07  g=0.000000e+00  ||x||=6.499671e-02  ||grad||=1.637440e+09  tau=3.382e-13  beta=9.939e-01
[iter  490/500] obj=1.344207e+07  f=1.344207e+07  g=0.000000e+00  ||x||=6.506494e-02  ||grad||=1.637445e+09  tau=3.382e-13  beta=9.939e-01
[iter  491/500] obj=1.344275e+07  f=1.344275e+07  g=0.000000e+00  ||x||=6.513302e-02  ||grad||=1.637448e+09  tau=3.382e-13  beta=9.939e-01
[iter  492/500] obj=1.344340e+07  f=1.344340e+07  g=0.000000e+00  ||x||=6.520097e-02  ||grad||=1.637449e+09  tau=3.382e-13  beta=9.940e-01
[iter  493/500] obj=1.344406e+07  f=1.344406e+07  g=0.000000e+00  ||x||=6.526878e-02  ||grad||=1.637449e+09  tau=3.382e-13  beta=9.940e-01
[iter  494/500] obj=1.344472e+07  f=1.344472e+07  g=0.000000e+00  ||x||=6.533646e-02  ||grad||=1.637449e+09  tau=3.382e-13  beta=9.940e-01
[iter  495/500] obj=1.344537e+07  f=1.344537e+07  g=0.000000e+00  ||x||=6.540400e-02  ||grad||=1.637449e+09  tau=3.382e-13  beta=9.940e-01
[iter  496/500] obj=1.344601e+07  f=1.344601e+07  g=0.000000e+00  ||x||=6.547141e-02  ||grad||=1.637449e+09  tau=3.382e-13  beta=9.940e-01
[iter  497/500] obj=1.344664e+07  f=1.344664e+07  g=0.000000e+00  ||x||=6.553869e-02  ||grad||=1.637448e+09  tau=3.382e-13  beta=9.940e-01
[iter  498/500] obj=1.344727e+07  f=1.344727e+07  g=0.000000e+00  ||x||=6.560583e-02  ||grad||=1.637445e+09  tau=3.382e-13  beta=9.940e-01
[iter  499/500] obj=1.344789e+07  f=1.344789e+07  g=0.000000e+00  ||x||=6.567284e-02  ||grad||=1.637442e+09  tau=3.382e-13  beta=9.940e-01
[iter  500/500] obj=1.344852e+07  f=1.344852e+07  g=0.000000e+00  ||x||=6.573973e-02  ||grad||=1.637437e+09  tau=3.382e-13  beta=9.941e-01
All outputs saved in: /work3/msaca/textomo_run_005

------------------------------------------------------------
Sender: LSF System <lsfadmin@hpc.dtu.dk>
Subject: Job 27595181: <TextureTomography> in cluster <dcc> Done

Job <TextureTomography> was submitted from host <gbarlogin1> by user <msaca> in cluster <dcc> at Sun Jan 11 21:54:50 2026
Job was executed on host(s) <8*n-62-12-23>, in queue <gpua100>, as user <msaca> in cluster <dcc> at Sun Jan 11 23:09:34 2026
</zhome/71/c/146676> was used as the home directory.
</zhome/71/c/146676/texture_tomography/jobscripts> was used as the working directory.
Started at Sun Jan 11 23:09:34 2026
Terminated at Mon Jan 12 01:05:35 2026
Results reported at Mon Jan 12 01:05:35 2026

Your job looked like:

------------------------------------------------------------
# LSBATCH: User input
#!/bin/bash
#BSUB -J TextureTomography
#BSUB -q gpua100
#BSUB -gpu "num=1:mode=exclusive_process"
#BSUB -n 8
#BSUB -R "span[hosts=1]"
#BSUB -R "rusage[mem=2000]"        # 40 GB host RAM
#BSUB -M 2000                      # hard memory limit
#BSUB -W 15:00
#BSUB -oo log/%J.out
#BSUB -eo error/%J.err

# initialize conda
export PATH="/zhome/71/c/146676/miniconda3/bin:$PATH"
source /zhome/71/c/146676/miniconda3/etc/profile.d/conda.sh

conda activate cil

python ../scripts/textomo1.py

------------------------------------------------------------

Successfully completed.

Resource usage summary:

    CPU time :                                   7061.00 sec.
    Max Memory :                                 8627 MB
    Average Memory :                             4046.13 MB
    Total Requested Memory :                     16000.00 MB
    Delta Memory :                               7373.00 MB
    Max Swap :                                   -
    Max Processes :                              5
    Max Threads :                                21
    Run time :                                   6961 sec.
    Turnaround time :                            11445 sec.

The output (if any) is above this job summary.



PS:

Read file <error/27595181.err> for stderr output of this job.

