INFO:Setting the number of threads to 8. If your physical cores are fewer than this number, you may want to use numba.set_num_threads(n), and os.environ["OPENBLAS_NUM_THREADS"] = f"{n}" to set the number of threads to the number of physical cores n.
INFO:Setting numba log level to WARNING.
Saving results to: /work3/msaca/textomo_run_002
INFO:build program: kernel 'batched_gemm_rmn' was part of a lengthy uncached source build (assuming cached by ICD) (0.28 s)

=== OpenCL buffer allocation summary ===
coeffs_sino_F                 : shape=(148x500x89),    25.12 MB
coeffs_sino_C                 : shape=(500x148x89),    25.12 MB
_coeffs_batch_F               : shape=(148x148x89),     7.44 MB
_basis_batch_kmax             : shape=(500x89x720x5),   611.11 MB
_basis_batch_transpose_kmax   : shape=(500x3600x89),   611.11 MB
_grid_inv_kmax                : shape=(89x9),     0.00 MB
_inv_sigma2_kmax              : shape=(89),     0.00 MB
_norm_factor_kmax             : shape=(89),     0.00 MB
---------------------------------------
TOTAL GPU buffer memory:  1279.92 MB
=======================================

[power 01] L_est=2.366650e+08  ||z||=9.185381e+09
[power 02] L_est=3.997299e+12  ||z||=6.878533e+12
[power 03] L_est=1.722248e+13  ||z||=1.894625e+13
[power 04] L_est=2.489056e+13  ||z||=2.759689e+13
[power 05] L_est=3.748150e+13  ||z||=4.037456e+13
[power 06] L_est=4.733429e+13  ||z||=4.832056e+13
[power 07] L_est=5.025457e+13  ||z||=5.045990e+13
[power 08] L_est=5.084606e+13  ||z||=5.088528e+13
[power 09] L_est=5.095908e+13  ||z||=5.096670e+13
[power 10] L_est=5.098117e+13  ||z||=5.098268e+13
[power 11] L_est=5.098563e+13  ||z||=5.098594e+13
[power 12] L_est=5.098658e+13  ||z||=5.098664e+13
[power 13] L_est=5.098680e+13  ||z||=5.098681e+13
[power 14] L_est=5.098685e+13  ||z||=5.098685e+13
[power 15] L_est=5.098686e+13  ||z||=5.098686e+13
[power 16] L_est=5.098686e+13  ||z||=5.098686e+13
[power 17] L_est=5.098687e+13  ||z||=5.098686e+13
[power 18] L_est=5.098687e+13  ||z||=5.098686e+13
[power 19] L_est=5.098687e+13  ||z||=5.098686e+13
[power 20] L_est=5.098687e+13  ||z||=5.098686e+13
[iter    1/200] obj=7.227532e+08  f=7.227512e+08  g=1.995259e+03  ||x||=5.416405e-04  ||grad||=3.038189e+10  tau=1.783e-14  beta=0.000e+00
[iter    2/200] obj=7.089483e+08  f=7.089451e+08  g=3.197223e+03  ||x||=9.174334e-04  ||grad||=2.176730e+10  tau=1.783e-14  beta=2.818e-01
[iter    3/200] obj=6.995282e+08  f=6.995239e+08  g=4.255524e+03  ||x||=1.303219e-03  ||grad||=1.670773e+10  tau=1.783e-14  beta=4.340e-01
[iter    4/200] obj=6.925180e+08  f=6.925129e+08  g=5.133717e+03  ||x||=1.686779e-03  ||grad||=1.372213e+10  tau=1.783e-14  beta=5.311e-01
[iter    5/200] obj=6.868793e+08  f=6.868735e+08  g=5.846619e+03  ||x||=2.065810e-03  ||grad||=1.208786e+10  tau=1.783e-14  beta=5.988e-01
[iter    6/200] obj=6.820779e+08  f=6.820715e+08  g=6.429859e+03  ||x||=2.441224e-03  ||grad||=1.122008e+10  tau=1.783e-14  beta=6.489e-01
[iter    7/200] obj=6.778643e+08  f=6.778574e+08  g=6.915433e+03  ||x||=2.814017e-03  ||grad||=1.079946e+10  tau=1.783e-14  beta=6.876e-01
[iter    8/200] obj=6.740972e+08  f=6.740899e+08  g=7.327767e+03  ||x||=3.184836e-03  ||grad||=1.064815e+10  tau=1.783e-14  beta=7.185e-01
[iter    9/200] obj=6.706849e+08  f=6.706772e+08  g=7.684435e+03  ||x||=3.554042e-03  ||grad||=1.066097e+10  tau=1.783e-14  beta=7.437e-01
[iter   10/200] obj=6.675649e+08  f=6.675569e+08  g=7.997843e+03  ||x||=3.921786e-03  ||grad||=1.077367e+10  tau=1.783e-14  beta=7.647e-01
[iter   11/200] obj=6.646921e+08  f=6.646838e+08  g=8.276873e+03  ||x||=4.288075e-03  ||grad||=1.094747e+10  tau=1.783e-14  beta=7.824e-01
[iter   12/200] obj=6.620316e+08  f=6.620230e+08  g=8.527963e+03  ||x||=4.652839e-03  ||grad||=1.115725e+10  tau=1.783e-14  beta=7.976e-01
[iter   13/200] obj=6.595554e+08  f=6.595467e+08  g=8.755885e+03  ||x||=5.015986e-03  ||grad||=1.138650e+10  tau=1.783e-14  beta=8.108e-01
[iter   14/200] obj=6.572407e+08  f=6.572317e+08  g=8.964285e+03  ||x||=5.377422e-03  ||grad||=1.162395e+10  tau=1.783e-14  beta=8.224e-01
[iter   15/200] obj=6.550696e+08  f=6.550605e+08  g=9.156028e+03  ||x||=5.737066e-03  ||grad||=1.186257e+10  tau=1.783e-14  beta=8.326e-01
[iter   16/200] obj=6.530272e+08  f=6.530179e+08  g=9.333392e+03  ||x||=6.094842e-03  ||grad||=1.209729e+10  tau=1.783e-14  beta=8.417e-01
[iter   17/200] obj=6.511012e+08  f=6.510917e+08  g=9.498240e+03  ||x||=6.450683e-03  ||grad||=1.232502e+10  tau=1.783e-14  beta=8.498e-01
[iter   18/200] obj=6.492818e+08  f=6.492721e+08  g=9.652026e+03  ||x||=6.804517e-03  ||grad||=1.254450e+10  tau=1.783e-14  beta=8.571e-01
[iter   19/200] obj=6.475598e+08  f=6.475500e+08  g=9.795946e+03  ||x||=7.156275e-03  ||grad||=1.275441e+10  tau=1.783e-14  beta=8.638e-01
[iter   20/200] obj=6.459272e+08  f=6.459172e+08  g=9.931004e+03  ||x||=7.505890e-03  ||grad||=1.295425e+10  tau=1.783e-14  beta=8.698e-01
[iter   21/200] obj=6.443772e+08  f=6.443671e+08  g=1.005807e+04  ||x||=7.853298e-03  ||grad||=1.314437e+10  tau=1.783e-14  beta=8.754e-01
[iter   22/200] obj=6.429032e+08  f=6.428931e+08  g=1.017787e+04  ||x||=8.198437e-03  ||grad||=1.332515e+10  tau=1.783e-14  beta=8.804e-01
[iter   23/200] obj=6.414997e+08  f=6.414894e+08  g=1.029103e+04  ||x||=8.541253e-03  ||grad||=1.349659e+10  tau=1.783e-14  beta=8.851e-01
[iter   24/200] obj=6.401618e+08  f=6.401514e+08  g=1.039808e+04  ||x||=8.881695e-03  ||grad||=1.365947e+10  tau=1.783e-14  beta=8.894e-01
[iter   25/200] obj=6.388845e+08  f=6.388740e+08  g=1.049950e+04  ||x||=9.219719e-03  ||grad||=1.381376e+10  tau=1.783e-14  beta=8.934e-01
[iter   26/200] obj=6.376636e+08  f=6.376530e+08  g=1.059575e+04  ||x||=9.555297e-03  ||grad||=1.396005e+10  tau=1.783e-14  beta=8.971e-01
[iter   27/200] obj=6.364954e+08  f=6.364847e+08  g=1.068722e+04  ||x||=9.888402e-03  ||grad||=1.409868e+10  tau=1.783e-14  beta=9.006e-01
[iter   28/200] obj=6.353764e+08  f=6.353656e+08  g=1.077423e+04  ||x||=1.021902e-02  ||grad||=1.423020e+10  tau=1.783e-14  beta=9.038e-01
[iter   29/200] obj=6.343033e+08  f=6.342925e+08  g=1.085711e+04  ||x||=1.054714e-02  ||grad||=1.435480e+10  tau=1.783e-14  beta=9.069e-01
[iter   30/200] obj=6.332733e+08  f=6.332623e+08  g=1.093613e+04  ||x||=1.087276e-02  ||grad||=1.447301e+10  tau=1.783e-14  beta=9.097e-01
[iter   31/200] obj=6.322831e+08  f=6.322721e+08  g=1.101155e+04  ||x||=1.119590e-02  ||grad||=1.458485e+10  tau=1.783e-14  beta=9.124e-01
[iter   32/200] obj=6.313306e+08  f=6.313196e+08  g=1.108363e+04  ||x||=1.151658e-02  ||grad||=1.469085e+10  tau=1.783e-14  beta=9.149e-01
[iter   33/200] obj=6.304136e+08  f=6.304024e+08  g=1.115258e+04  ||x||=1.183481e-02  ||grad||=1.479170e+10  tau=1.783e-14  beta=9.173e-01
[iter   34/200] obj=6.295298e+08  f=6.295186e+08  g=1.121861e+04  ||x||=1.215063e-02  ||grad||=1.488738e+10  tau=1.783e-14  beta=9.195e-01
[iter   35/200] obj=6.286774e+08  f=6.286661e+08  g=1.128189e+04  ||x||=1.246408e-02  ||grad||=1.497821e+10  tau=1.783e-14  beta=9.217e-01
[iter   36/200] obj=6.278544e+08  f=6.278431e+08  g=1.134261e+04  ||x||=1.277519e-02  ||grad||=1.506454e+10  tau=1.783e-14  beta=9.237e-01
[iter   37/200] obj=6.270595e+08  f=6.270481e+08  g=1.140095e+04  ||x||=1.308400e-02  ||grad||=1.514685e+10  tau=1.783e-14  beta=9.256e-01
[iter   38/200] obj=6.262911e+08  f=6.262796e+08  g=1.145703e+04  ||x||=1.339056e-02  ||grad||=1.522542e+10  tau=1.783e-14  beta=9.274e-01
[iter   39/200] obj=6.255476e+08  f=6.255361e+08  g=1.151102e+04  ||x||=1.369492e-02  ||grad||=1.530053e+10  tau=1.783e-14  beta=9.292e-01
[iter   40/200] obj=6.248278e+08  f=6.248163e+08  g=1.156303e+04  ||x||=1.399711e-02  ||grad||=1.537223e+10  tau=1.783e-14  beta=9.308e-01
[iter   41/200] obj=6.241307e+08  f=6.241190e+08  g=1.161318e+04  ||x||=1.429719e-02  ||grad||=1.544093e+10  tau=1.783e-14  beta=9.324e-01
[iter   42/200] obj=6.234547e+08  f=6.234431e+08  g=1.166159e+04  ||x||=1.459521e-02  ||grad||=1.550664e+10  tau=1.783e-14  beta=9.339e-01
[iter   43/200] obj=6.227992e+08  f=6.227875e+08  g=1.170834e+04  ||x||=1.489120e-02  ||grad||=1.556958e+10  tau=1.783e-14  beta=9.353e-01
[iter   44/200] obj=6.221630e+08  f=6.221513e+08  g=1.175354e+04  ||x||=1.518522e-02  ||grad||=1.563002e+10  tau=1.783e-14  beta=9.367e-01
[iter   45/200] obj=6.215454e+08  f=6.215336e+08  g=1.179729e+04  ||x||=1.547731e-02  ||grad||=1.568824e+10  tau=1.783e-14  beta=9.380e-01
[iter   46/200] obj=6.209455e+08  f=6.209337e+08  g=1.183964e+04  ||x||=1.576751e-02  ||grad||=1.574449e+10  tau=1.783e-14  beta=9.393e-01
[iter   47/200] obj=6.203625e+08  f=6.203507e+08  g=1.188067e+04  ||x||=1.605587e-02  ||grad||=1.579856e+10  tau=1.783e-14  beta=9.405e-01
[iter   48/200] obj=6.197956e+08  f=6.197837e+08  g=1.192044e+04  ||x||=1.634242e-02  ||grad||=1.585071e+10  tau=1.783e-14  beta=9.417e-01
[iter   49/200] obj=6.192441e+08  f=6.192321e+08  g=1.195902e+04  ||x||=1.662721e-02  ||grad||=1.590099e+10  tau=1.783e-14  beta=9.428e-01
[iter   50/200] obj=6.187072e+08  f=6.186952e+08  g=1.199646e+04  ||x||=1.691028e-02  ||grad||=1.594945e+10  tau=1.783e-14  beta=9.439e-01
[iter   51/200] obj=6.181844e+08  f=6.181724e+08  g=1.203283e+04  ||x||=1.719166e-02  ||grad||=1.599627e+10  tau=1.783e-14  beta=9.449e-01
[iter   52/200] obj=6.176753e+08  f=6.176632e+08  g=1.206817e+04  ||x||=1.747139e-02  ||grad||=1.604153e+10  tau=1.783e-14  beta=9.459e-01
[iter   53/200] obj=6.171790e+08  f=6.171669e+08  g=1.210255e+04  ||x||=1.774951e-02  ||grad||=1.608531e+10  tau=1.783e-14  beta=9.469e-01
[iter   54/200] obj=6.166953e+08  f=6.166831e+08  g=1.213598e+04  ||x||=1.802605e-02  ||grad||=1.612766e+10  tau=1.783e-14  beta=9.478e-01
[iter   55/200] obj=6.162235e+08  f=6.162113e+08  g=1.216852e+04  ||x||=1.830104e-02  ||grad||=1.616862e+10  tau=1.783e-14  beta=9.487e-01
[iter   56/200] obj=6.157632e+08  f=6.157510e+08  g=1.220021e+04  ||x||=1.857452e-02  ||grad||=1.620834e+10  tau=1.783e-14  beta=9.496e-01
[iter   57/200] obj=6.153141e+08  f=6.153018e+08  g=1.223109e+04  ||x||=1.884651e-02  ||grad||=1.624678e+10  tau=1.783e-14  beta=9.504e-01
[iter   58/200] obj=6.148755e+08  f=6.148632e+08  g=1.226119e+04  ||x||=1.911704e-02  ||grad||=1.628418e+10  tau=1.783e-14  beta=9.513e-01
[iter   59/200] obj=6.144474e+08  f=6.144351e+08  g=1.229053e+04  ||x||=1.938615e-02  ||grad||=1.632047e+10  tau=1.783e-14  beta=9.520e-01
[iter   60/200] obj=6.140289e+08  f=6.140166e+08  g=1.231917e+04  ||x||=1.965386e-02  ||grad||=1.635566e+10  tau=1.783e-14  beta=9.528e-01
[iter   61/200] obj=6.136201e+08  f=6.136077e+08  g=1.234710e+04  ||x||=1.992019e-02  ||grad||=1.638993e+10  tau=1.783e-14  beta=9.535e-01
[iter   62/200] obj=6.132204e+08  f=6.132080e+08  g=1.237435e+04  ||x||=2.018517e-02  ||grad||=1.642308e+10  tau=1.783e-14  beta=9.542e-01
[iter   63/200] obj=6.128294e+08  f=6.128170e+08  g=1.240096e+04  ||x||=2.044882e-02  ||grad||=1.645519e+10  tau=1.783e-14  beta=9.549e-01
[iter   64/200] obj=6.124471e+08  f=6.124347e+08  g=1.242695e+04  ||x||=2.071117e-02  ||grad||=1.648643e+10  tau=1.783e-14  beta=9.556e-01
[iter   65/200] obj=6.120731e+08  f=6.120607e+08  g=1.245234e+04  ||x||=2.097224e-02  ||grad||=1.651679e+10  tau=1.783e-14  beta=9.563e-01
[iter   66/200] obj=6.117071e+08  f=6.116946e+08  g=1.247716e+04  ||x||=2.123205e-02  ||grad||=1.654634e+10  tau=1.783e-14  beta=9.569e-01
[iter   67/200] obj=6.113488e+08  f=6.113363e+08  g=1.250142e+04  ||x||=2.149063e-02  ||grad||=1.657522e+10  tau=1.783e-14  beta=9.575e-01
[iter   68/200] obj=6.109979e+08  f=6.109854e+08  g=1.252515e+04  ||x||=2.174798e-02  ||grad||=1.660330e+10  tau=1.783e-14  beta=9.581e-01
[iter   69/200] obj=6.106544e+08  f=6.106419e+08  g=1.254835e+04  ||x||=2.200413e-02  ||grad||=1.663064e+10  tau=1.783e-14  beta=9.587e-01
[iter   70/200] obj=6.103179e+08  f=6.103053e+08  g=1.257105e+04  ||x||=2.225910e-02  ||grad||=1.665729e+10  tau=1.783e-14  beta=9.593e-01
[iter   71/200] obj=6.099881e+08  f=6.099756e+08  g=1.259327e+04  ||x||=2.251291e-02  ||grad||=1.668334e+10  tau=1.783e-14  beta=9.598e-01
[iter   72/200] obj=6.096651e+08  f=6.096525e+08  g=1.261502e+04  ||x||=2.276556e-02  ||grad||=1.670882e+10  tau=1.783e-14  beta=9.603e-01
[iter   73/200] obj=6.093484e+08  f=6.093357e+08  g=1.263631e+04  ||x||=2.301707e-02  ||grad||=1.673369e+10  tau=1.783e-14  beta=9.609e-01
[iter   74/200] obj=6.090378e+08  f=6.090252e+08  g=1.265716e+04  ||x||=2.326747e-02  ||grad||=1.675785e+10  tau=1.783e-14  beta=9.614e-01
[iter   75/200] obj=6.087332e+08  f=6.087205e+08  g=1.267759e+04  ||x||=2.351676e-02  ||grad||=1.678130e+10  tau=1.783e-14  beta=9.619e-01
[iter   76/200] obj=6.084343e+08  f=6.084216e+08  g=1.269760e+04  ||x||=2.376495e-02  ||grad||=1.680428e+10  tau=1.783e-14  beta=9.623e-01
[iter   77/200] obj=6.081412e+08  f=6.081284e+08  g=1.271721e+04  ||x||=2.401207e-02  ||grad||=1.682668e+10  tau=1.783e-14  beta=9.628e-01
[iter   78/200] obj=6.078535e+08  f=6.078408e+08  g=1.273644e+04  ||x||=2.425813e-02  ||grad||=1.684865e+10  tau=1.783e-14  beta=9.633e-01
[iter   79/200] obj=6.075710e+08  f=6.075583e+08  g=1.275530e+04  ||x||=2.450313e-02  ||grad||=1.687004e+10  tau=1.783e-14  beta=9.637e-01
[iter   80/200] obj=6.072939e+08  f=6.072811e+08  g=1.277381e+04  ||x||=2.474709e-02  ||grad||=1.689103e+10  tau=1.783e-14  beta=9.642e-01
[iter   81/200] obj=6.070217e+08  f=6.070089e+08  g=1.279198e+04  ||x||=2.499003e-02  ||grad||=1.691160e+10  tau=1.783e-14  beta=9.646e-01
[iter   82/200] obj=6.067542e+08  f=6.067414e+08  g=1.280980e+04  ||x||=2.523195e-02  ||grad||=1.693159e+10  tau=1.783e-14  beta=9.650e-01
[iter   83/200] obj=6.064917e+08  f=6.064788e+08  g=1.282729e+04  ||x||=2.547287e-02  ||grad||=1.695112e+10  tau=1.783e-14  beta=9.654e-01
[iter   84/200] obj=6.062336e+08  f=6.062208e+08  g=1.284445e+04  ||x||=2.571280e-02  ||grad||=1.697023e+10  tau=1.783e-14  beta=9.658e-01
[iter   85/200] obj=6.059801e+08  f=6.059672e+08  g=1.286130e+04  ||x||=2.595174e-02  ||grad||=1.698885e+10  tau=1.783e-14  beta=9.662e-01
[iter   86/200] obj=6.057310e+08  f=6.057181e+08  g=1.287786e+04  ||x||=2.618972e-02  ||grad||=1.700711e+10  tau=1.783e-14  beta=9.666e-01
[iter   87/200] obj=6.054860e+08  f=6.054732e+08  g=1.289412e+04  ||x||=2.642674e-02  ||grad||=1.702501e+10  tau=1.783e-14  beta=9.669e-01
[iter   88/200] obj=6.052453e+08  f=6.052324e+08  g=1.291009e+04  ||x||=2.666281e-02  ||grad||=1.704248e+10  tau=1.783e-14  beta=9.673e-01
[iter   89/200] obj=6.050085e+08  f=6.049956e+08  g=1.292579e+04  ||x||=2.689794e-02  ||grad||=1.705954e+10  tau=1.783e-14  beta=9.677e-01
[iter   90/200] obj=6.047758e+08  f=6.047629e+08  g=1.294122e+04  ||x||=2.713215e-02  ||grad||=1.707628e+10  tau=1.783e-14  beta=9.680e-01
[iter   91/200] obj=6.045468e+08  f=6.045339e+08  g=1.295638e+04  ||x||=2.736543e-02  ||grad||=1.709266e+10  tau=1.783e-14  beta=9.683e-01
[iter   92/200] obj=6.043216e+08  f=6.043086e+08  g=1.297129e+04  ||x||=2.759781e-02  ||grad||=1.710862e+10  tau=1.783e-14  beta=9.687e-01
[iter   93/200] obj=6.040999e+08  f=6.040869e+08  g=1.298594e+04  ||x||=2.782930e-02  ||grad||=1.712420e+10  tau=1.783e-14  beta=9.690e-01
[iter   94/200] obj=6.038818e+08  f=6.038688e+08  g=1.300035e+04  ||x||=2.805989e-02  ||grad||=1.713948e+10  tau=1.783e-14  beta=9.693e-01
[iter   95/200] obj=6.036670e+08  f=6.036540e+08  g=1.301454e+04  ||x||=2.828960e-02  ||grad||=1.715449e+10  tau=1.783e-14  beta=9.696e-01
[iter   96/200] obj=6.034557e+08  f=6.034427e+08  g=1.302849e+04  ||x||=2.851845e-02  ||grad||=1.716922e+10  tau=1.783e-14  beta=9.699e-01
[iter   97/200] obj=6.032477e+08  f=6.032347e+08  g=1.304222e+04  ||x||=2.874644e-02  ||grad||=1.718364e+10  tau=1.783e-14  beta=9.702e-01
[iter   98/200] obj=6.030429e+08  f=6.030298e+08  g=1.305573e+04  ||x||=2.897358e-02  ||grad||=1.719771e+10  tau=1.783e-14  beta=9.705e-01
[iter   99/200] obj=6.028412e+08  f=6.028281e+08  g=1.306904e+04  ||x||=2.919987e-02  ||grad||=1.721151e+10  tau=1.783e-14  beta=9.708e-01
[iter  100/200] obj=6.026425e+08  f=6.026294e+08  g=1.308214e+04  ||x||=2.942534e-02  ||grad||=1.722507e+10  tau=1.783e-14  beta=9.711e-01
[iter  101/200] obj=6.024470e+08  f=6.024339e+08  g=1.309505e+04  ||x||=2.964998e-02  ||grad||=1.723851e+10  tau=1.783e-14  beta=9.714e-01
[iter  102/200] obj=6.022543e+08  f=6.022412e+08  g=1.310778e+04  ||x||=2.987380e-02  ||grad||=1.725172e+10  tau=1.783e-14  beta=9.716e-01
[iter  103/200] obj=6.020645e+08  f=6.020514e+08  g=1.312031e+04  ||x||=3.009682e-02  ||grad||=1.726470e+10  tau=1.783e-14  beta=9.719e-01
[iter  104/200] obj=6.018774e+08  f=6.018643e+08  g=1.313265e+04  ||x||=3.031904e-02  ||grad||=1.727736e+10  tau=1.783e-14  beta=9.722e-01
[iter  105/200] obj=6.016930e+08  f=6.016799e+08  g=1.314481e+04  ||x||=3.054046e-02  ||grad||=1.728980e+10  tau=1.783e-14  beta=9.724e-01
[iter  106/200] obj=6.015113e+08  f=6.014982e+08  g=1.315679e+04  ||x||=3.076110e-02  ||grad||=1.730209e+10  tau=1.783e-14  beta=9.727e-01
[iter  107/200] obj=6.013322e+08  f=6.013190e+08  g=1.316859e+04  ||x||=3.098097e-02  ||grad||=1.731414e+10  tau=1.783e-14  beta=9.729e-01
[iter  108/200] obj=6.011557e+08  f=6.011425e+08  g=1.318023e+04  ||x||=3.120006e-02  ||grad||=1.732601e+10  tau=1.783e-14  beta=9.732e-01
[iter  109/200] obj=6.009816e+08  f=6.009684e+08  g=1.319169e+04  ||x||=3.141839e-02  ||grad||=1.733768e+10  tau=1.783e-14  beta=9.734e-01
[iter  110/200] obj=6.008101e+08  f=6.007969e+08  g=1.320299e+04  ||x||=3.163597e-02  ||grad||=1.734913e+10  tau=1.783e-14  beta=9.736e-01
[iter  111/200] obj=6.006408e+08  f=6.006276e+08  g=1.321414e+04  ||x||=3.185280e-02  ||grad||=1.736044e+10  tau=1.783e-14  beta=9.739e-01
[iter  112/200] obj=6.004740e+08  f=6.004608e+08  g=1.322513e+04  ||x||=3.206889e-02  ||grad||=1.737165e+10  tau=1.783e-14  beta=9.741e-01
[iter  113/200] obj=6.003094e+08  f=6.002962e+08  g=1.323597e+04  ||x||=3.228425e-02  ||grad||=1.738266e+10  tau=1.783e-14  beta=9.743e-01
[iter  114/200] obj=6.001471e+08  f=6.001338e+08  g=1.324666e+04  ||x||=3.249887e-02  ||grad||=1.739349e+10  tau=1.783e-14  beta=9.745e-01
[iter  115/200] obj=5.999869e+08  f=5.999736e+08  g=1.325718e+04  ||x||=3.271278e-02  ||grad||=1.740419e+10  tau=1.783e-14  beta=9.748e-01
[iter  116/200] obj=5.998288e+08  f=5.998156e+08  g=1.326756e+04  ||x||=3.292596e-02  ||grad||=1.741467e+10  tau=1.783e-14  beta=9.750e-01
[iter  117/200] obj=5.996729e+08  f=5.996596e+08  g=1.327781e+04  ||x||=3.313844e-02  ||grad||=1.742496e+10  tau=1.783e-14  beta=9.752e-01
[iter  118/200] obj=5.995190e+08  f=5.995057e+08  g=1.328791e+04  ||x||=3.335021e-02  ||grad||=1.743524e+10  tau=1.783e-14  beta=9.754e-01
[iter  119/200] obj=5.993671e+08  f=5.993538e+08  g=1.329788e+04  ||x||=3.356129e-02  ||grad||=1.744531e+10  tau=1.783e-14  beta=9.756e-01
[iter  120/200] obj=5.992171e+08  f=5.992038e+08  g=1.330771e+04  ||x||=3.377168e-02  ||grad||=1.745520e+10  tau=1.783e-14  beta=9.758e-01
[iter  121/200] obj=5.990692e+08  f=5.990559e+08  g=1.331742e+04  ||x||=3.398138e-02  ||grad||=1.746504e+10  tau=1.783e-14  beta=9.760e-01
[iter  122/200] obj=5.989232e+08  f=5.989098e+08  g=1.332699e+04  ||x||=3.419039e-02  ||grad||=1.747474e+10  tau=1.783e-14  beta=9.762e-01
[iter  123/200] obj=5.987789e+08  f=5.987656e+08  g=1.333644e+04  ||x||=3.439874e-02  ||grad||=1.748428e+10  tau=1.783e-14  beta=9.764e-01
[iter  124/200] obj=5.986365e+08  f=5.986232e+08  g=1.334576e+04  ||x||=3.460641e-02  ||grad||=1.749369e+10  tau=1.783e-14  beta=9.765e-01
[iter  125/200] obj=5.984959e+08  f=5.984826e+08  g=1.335496e+04  ||x||=3.481342e-02  ||grad||=1.750295e+10  tau=1.783e-14  beta=9.767e-01
[iter  126/200] obj=5.983570e+08  f=5.983436e+08  g=1.336402e+04  ||x||=3.501977e-02  ||grad||=1.751206e+10  tau=1.783e-14  beta=9.769e-01
[iter  127/200] obj=5.982197e+08  f=5.982063e+08  g=1.337296e+04  ||x||=3.522547e-02  ||grad||=1.752100e+10  tau=1.783e-14  beta=9.771e-01
[iter  128/200] obj=5.980842e+08  f=5.980708e+08  g=1.338178e+04  ||x||=3.543052e-02  ||grad||=1.752978e+10  tau=1.783e-14  beta=9.773e-01
[iter  129/200] obj=5.979502e+08  f=5.979368e+08  g=1.339049e+04  ||x||=3.563493e-02  ||grad||=1.753846e+10  tau=1.783e-14  beta=9.774e-01
[iter  130/200] obj=5.978179e+08  f=5.978045e+08  g=1.339908e+04  ||x||=3.583871e-02  ||grad||=1.754704e+10  tau=1.783e-14  beta=9.776e-01
[iter  131/200] obj=5.976873e+08  f=5.976739e+08  g=1.340757e+04  ||x||=3.604185e-02  ||grad||=1.755548e+10  tau=1.783e-14  beta=9.778e-01
[iter  132/200] obj=5.975581e+08  f=5.975447e+08  g=1.341594e+04  ||x||=3.624437e-02  ||grad||=1.756380e+10  tau=1.783e-14  beta=9.779e-01
[iter  133/200] obj=5.974304e+08  f=5.974170e+08  g=1.342421e+04  ||x||=3.644627e-02  ||grad||=1.757198e+10  tau=1.783e-14  beta=9.781e-01
[iter  134/200] obj=5.973042e+08  f=5.972908e+08  g=1.343238e+04  ||x||=3.664756e-02  ||grad||=1.758004e+10  tau=1.783e-14  beta=9.783e-01
[iter  135/200] obj=5.971796e+08  f=5.971662e+08  g=1.344046e+04  ||x||=3.684823e-02  ||grad||=1.758804e+10  tau=1.783e-14  beta=9.784e-01
[iter  136/200] obj=5.970565e+08  f=5.970430e+08  g=1.344843e+04  ||x||=3.704831e-02  ||grad||=1.759592e+10  tau=1.783e-14  beta=9.786e-01
[iter  137/200] obj=5.969347e+08  f=5.969213e+08  g=1.345631e+04  ||x||=3.724778e-02  ||grad||=1.760370e+10  tau=1.783e-14  beta=9.787e-01
[iter  138/200] obj=5.968144e+08  f=5.968010e+08  g=1.346409e+04  ||x||=3.744665e-02  ||grad||=1.761135e+10  tau=1.783e-14  beta=9.789e-01
[iter  139/200] obj=5.966955e+08  f=5.966820e+08  g=1.347179e+04  ||x||=3.764493e-02  ||grad||=1.761892e+10  tau=1.783e-14  beta=9.790e-01
[iter  140/200] obj=5.965778e+08  f=5.965644e+08  g=1.347938e+04  ||x||=3.784264e-02  ||grad||=1.762638e+10  tau=1.783e-14  beta=9.792e-01
[iter  141/200] obj=5.964615e+08  f=5.964480e+08  g=1.348690e+04  ||x||=3.803975e-02  ||grad||=1.763366e+10  tau=1.783e-14  beta=9.793e-01
[iter  142/200] obj=5.963464e+08  f=5.963329e+08  g=1.349432e+04  ||x||=3.823629e-02  ||grad||=1.764088e+10  tau=1.783e-14  beta=9.794e-01
[iter  143/200] obj=5.962327e+08  f=5.962192e+08  g=1.350165e+04  ||x||=3.843226e-02  ||grad||=1.764801e+10  tau=1.783e-14  beta=9.796e-01
[iter  144/200] obj=5.961201e+08  f=5.961066e+08  g=1.350888e+04  ||x||=3.862766e-02  ||grad||=1.765495e+10  tau=1.783e-14  beta=9.797e-01
[iter  145/200] obj=5.960088e+08  f=5.959953e+08  g=1.351603e+04  ||x||=3.882250e-02  ||grad||=1.766178e+10  tau=1.783e-14  beta=9.799e-01
[iter  146/200] obj=5.958986e+08  f=5.958851e+08  g=1.352310e+04  ||x||=3.901678e-02  ||grad||=1.766857e+10  tau=1.783e-14  beta=9.800e-01
[iter  147/200] obj=5.957898e+08  f=5.957763e+08  g=1.353008e+04  ||x||=3.921052e-02  ||grad||=1.767530e+10  tau=1.783e-14  beta=9.801e-01
[iter  148/200] obj=5.956820e+08  f=5.956685e+08  g=1.353697e+04  ||x||=3.940370e-02  ||grad||=1.768189e+10  tau=1.783e-14  beta=9.803e-01
[iter  149/200] obj=5.955753e+08  f=5.955618e+08  g=1.354379e+04  ||x||=3.959635e-02  ||grad||=1.768838e+10  tau=1.783e-14  beta=9.804e-01
[iter  150/200] obj=5.954698e+08  f=5.954563e+08  g=1.355052e+04  ||x||=3.978845e-02  ||grad||=1.769480e+10  tau=1.783e-14  beta=9.805e-01
[iter  151/200] obj=5.953655e+08  f=5.953519e+08  g=1.355717e+04  ||x||=3.998003e-02  ||grad||=1.770107e+10  tau=1.783e-14  beta=9.806e-01
[iter  152/200] obj=5.952621e+08  f=5.952485e+08  g=1.356375e+04  ||x||=4.017108e-02  ||grad||=1.770723e+10  tau=1.783e-14  beta=9.808e-01
[iter  153/200] obj=5.951598e+08  f=5.951462e+08  g=1.357024e+04  ||x||=4.036160e-02  ||grad||=1.771329e+10  tau=1.783e-14  beta=9.809e-01
[iter  154/200] obj=5.950586e+08  f=5.950451e+08  g=1.357667e+04  ||x||=4.055161e-02  ||grad||=1.771920e+10  tau=1.783e-14  beta=9.810e-01
[iter  155/200] obj=5.949585e+08  f=5.949449e+08  g=1.358302e+04  ||x||=4.074110e-02  ||grad||=1.772504e+10  tau=1.783e-14  beta=9.811e-01
[iter  156/200] obj=5.948593e+08  f=5.948458e+08  g=1.358931e+04  ||x||=4.093009e-02  ||grad||=1.773079e+10  tau=1.783e-14  beta=9.813e-01
[iter  157/200] obj=5.947612e+08  f=5.947476e+08  g=1.359552e+04  ||x||=4.111857e-02  ||grad||=1.773650e+10  tau=1.783e-14  beta=9.814e-01
[iter  158/200] obj=5.946640e+08  f=5.946504e+08  g=1.360166e+04  ||x||=4.130656e-02  ||grad||=1.774211e+10  tau=1.783e-14  beta=9.815e-01
[iter  159/200] obj=5.945678e+08  f=5.945542e+08  g=1.360774e+04  ||x||=4.149405e-02  ||grad||=1.774767e+10  tau=1.783e-14  beta=9.816e-01
[iter  160/200] obj=5.944727e+08  f=5.944591e+08  g=1.361374e+04  ||x||=4.168105e-02  ||grad||=1.775311e+10  tau=1.783e-14  beta=9.817e-01
[iter  161/200] obj=5.943784e+08  f=5.943648e+08  g=1.361968e+04  ||x||=4.186757e-02  ||grad||=1.775847e+10  tau=1.783e-14  beta=9.818e-01
[iter  162/200] obj=5.942850e+08  f=5.942714e+08  g=1.362557e+04  ||x||=4.205361e-02  ||grad||=1.776376e+10  tau=1.783e-14  beta=9.819e-01
[iter  163/200] obj=5.941926e+08  f=5.941790e+08  g=1.363139e+04  ||x||=4.223917e-02  ||grad||=1.776899e+10  tau=1.783e-14  beta=9.820e-01
[iter  164/200] obj=5.941011e+08  f=5.940875e+08  g=1.363716e+04  ||x||=4.242427e-02  ||grad||=1.777422e+10  tau=1.783e-14  beta=9.821e-01
[iter  165/200] obj=5.940105e+08  f=5.939969e+08  g=1.364286e+04  ||x||=4.260889e-02  ||grad||=1.777940e+10  tau=1.783e-14  beta=9.823e-01
[iter  166/200] obj=5.939208e+08  f=5.939072e+08  g=1.364851e+04  ||x||=4.279305e-02  ||grad||=1.778450e+10  tau=1.783e-14  beta=9.824e-01
[iter  167/200] obj=5.938319e+08  f=5.938182e+08  g=1.365411e+04  ||x||=4.297675e-02  ||grad||=1.778954e+10  tau=1.783e-14  beta=9.825e-01
[iter  168/200] obj=5.937440e+08  f=5.937303e+08  g=1.365966e+04  ||x||=4.316000e-02  ||grad||=1.779456e+10  tau=1.783e-14  beta=9.826e-01
[iter  169/200] obj=5.936568e+08  f=5.936431e+08  g=1.366514e+04  ||x||=4.334280e-02  ||grad||=1.779950e+10  tau=1.783e-14  beta=9.827e-01
[iter  170/200] obj=5.935705e+08  f=5.935569e+08  g=1.367056e+04  ||x||=4.352514e-02  ||grad||=1.780433e+10  tau=1.783e-14  beta=9.828e-01
[iter  171/200] obj=5.934850e+08  f=5.934713e+08  g=1.367593e+04  ||x||=4.370705e-02  ||grad||=1.780909e+10  tau=1.783e-14  beta=9.829e-01
[iter  172/200] obj=5.934003e+08  f=5.933866e+08  g=1.368124e+04  ||x||=4.388851e-02  ||grad||=1.781386e+10  tau=1.783e-14  beta=9.830e-01
[iter  173/200] obj=5.933164e+08  f=5.933027e+08  g=1.368650e+04  ||x||=4.406954e-02  ||grad||=1.781858e+10  tau=1.783e-14  beta=9.831e-01
[iter  174/200] obj=5.932333e+08  f=5.932196e+08  g=1.369171e+04  ||x||=4.425013e-02  ||grad||=1.782321e+10  tau=1.783e-14  beta=9.832e-01
[iter  175/200] obj=5.931510e+08  f=5.931373e+08  g=1.369687e+04  ||x||=4.443029e-02  ||grad||=1.782779e+10  tau=1.783e-14  beta=9.832e-01
[iter  176/200] obj=5.930694e+08  f=5.930557e+08  g=1.370199e+04  ||x||=4.461003e-02  ||grad||=1.783239e+10  tau=1.783e-14  beta=9.833e-01
[iter  177/200] obj=5.929886e+08  f=5.929749e+08  g=1.370705e+04  ||x||=4.478935e-02  ||grad||=1.783694e+10  tau=1.783e-14  beta=9.834e-01
[iter  178/200] obj=5.929086e+08  f=5.928948e+08  g=1.371208e+04  ||x||=4.496824e-02  ||grad||=1.784146e+10  tau=1.783e-14  beta=9.835e-01
[iter  179/200] obj=5.928292e+08  f=5.928155e+08  g=1.371705e+04  ||x||=4.514672e-02  ||grad||=1.784597e+10  tau=1.783e-14  beta=9.836e-01
[iter  180/200] obj=5.927506e+08  f=5.927369e+08  g=1.372198e+04  ||x||=4.532478e-02  ||grad||=1.785045e+10  tau=1.783e-14  beta=9.837e-01
[iter  181/200] obj=5.926728e+08  f=5.926591e+08  g=1.372687e+04  ||x||=4.550244e-02  ||grad||=1.785485e+10  tau=1.783e-14  beta=9.838e-01
[iter  182/200] obj=5.925956e+08  f=5.925819e+08  g=1.373170e+04  ||x||=4.567968e-02  ||grad||=1.785920e+10  tau=1.783e-14  beta=9.839e-01
[iter  183/200] obj=5.925191e+08  f=5.925053e+08  g=1.373648e+04  ||x||=4.585652e-02  ||grad||=1.786349e+10  tau=1.783e-14  beta=9.840e-01
[iter  184/200] obj=5.924433e+08  f=5.924296e+08  g=1.374123e+04  ||x||=4.603296e-02  ||grad||=1.786772e+10  tau=1.783e-14  beta=9.841e-01
[iter  185/200] obj=5.923682e+08  f=5.923544e+08  g=1.374593e+04  ||x||=4.620900e-02  ||grad||=1.787194e+10  tau=1.783e-14  beta=9.841e-01
[iter  186/200] obj=5.922937e+08  f=5.922799e+08  g=1.375057e+04  ||x||=4.638464e-02  ||grad||=1.787608e+10  tau=1.783e-14  beta=9.842e-01
[iter  187/200] obj=5.922198e+08  f=5.922061e+08  g=1.375518e+04  ||x||=4.655989e-02  ||grad||=1.788015e+10  tau=1.783e-14  beta=9.843e-01
[iter  188/200] obj=5.921467e+08  f=5.921329e+08  g=1.375975e+04  ||x||=4.673475e-02  ||grad||=1.788425e+10  tau=1.783e-14  beta=9.844e-01
[iter  189/200] obj=5.920741e+08  f=5.920604e+08  g=1.376427e+04  ||x||=4.690922e-02  ||grad||=1.788826e+10  tau=1.783e-14  beta=9.845e-01
[iter  190/200] obj=5.920022e+08  f=5.919884e+08  g=1.376875e+04  ||x||=4.708331e-02  ||grad||=1.789224e+10  tau=1.783e-14  beta=9.845e-01
[iter  191/200] obj=5.919308e+08  f=5.919171e+08  g=1.377320e+04  ||x||=4.725701e-02  ||grad||=1.789618e+10  tau=1.783e-14  beta=9.846e-01
[iter  192/200] obj=5.918602e+08  f=5.918464e+08  g=1.377761e+04  ||x||=4.743033e-02  ||grad||=1.790008e+10  tau=1.783e-14  beta=9.847e-01
[iter  193/200] obj=5.917902e+08  f=5.917764e+08  g=1.378198e+04  ||x||=4.760328e-02  ||grad||=1.790395e+10  tau=1.783e-14  beta=9.848e-01
[iter  194/200] obj=5.917207e+08  f=5.917069e+08  g=1.378630e+04  ||x||=4.777585e-02  ||grad||=1.790775e+10  tau=1.783e-14  beta=9.849e-01
[iter  195/200] obj=5.916518e+08  f=5.916380e+08  g=1.379059e+04  ||x||=4.794805e-02  ||grad||=1.791152e+10  tau=1.783e-14  beta=9.849e-01
[iter  196/200] obj=5.915835e+08  f=5.915697e+08  g=1.379484e+04  ||x||=4.811988e-02  ||grad||=1.791524e+10  tau=1.783e-14  beta=9.850e-01
[iter  197/200] obj=5.915157e+08  f=5.915019e+08  g=1.379904e+04  ||x||=4.829134e-02  ||grad||=1.791889e+10  tau=1.783e-14  beta=9.851e-01
[iter  198/200] obj=5.914484e+08  f=5.914346e+08  g=1.380321e+04  ||x||=4.846245e-02  ||grad||=1.792251e+10  tau=1.783e-14  beta=9.852e-01
[iter  199/200] obj=5.913819e+08  f=5.913681e+08  g=1.380734e+04  ||x||=4.863318e-02  ||grad||=1.792606e+10  tau=1.783e-14  beta=9.852e-01
[iter  200/200] obj=5.913158e+08  f=5.913020e+08  g=1.381144e+04  ||x||=4.880356e-02  ||grad||=1.792963e+10  tau=1.783e-14  beta=9.853e-01
All outputs saved in: /work3/msaca/textomo_run_002

------------------------------------------------------------
Sender: LSF System <lsfadmin@hpc.dtu.dk>
Subject: Job 27593412: <TextureTomography> in cluster <dcc> Done

Job <TextureTomography> was submitted from host <gbarlogin1> by user <msaca> in cluster <dcc> at Sat Jan 10 14:27:58 2026
Job was executed on host(s) <8*n-62-12-24>, in queue <gpua100>, as user <msaca> in cluster <dcc> at Sat Jan 10 14:27:59 2026
</zhome/71/c/146676> was used as the home directory.
</zhome/71/c/146676/texture_tomography/jobscripts> was used as the working directory.
Started at Sat Jan 10 14:27:59 2026
Terminated at Sat Jan 10 16:15:16 2026
Results reported at Sat Jan 10 16:15:16 2026

Your job looked like:

------------------------------------------------------------
# LSBATCH: User input
#!/bin/bash
#BSUB -J TextureTomography
#BSUB -q gpua100
#BSUB -gpu "num=1:mode=exclusive_process"
#BSUB -n 8
#BSUB -R "span[hosts=1]"
#BSUB -R "rusage[mem=6000]"        # 40 GB host RAM
#BSUB -M 6000                      # hard memory limit
#BSUB -W 15:00
#BSUB -oo log/%J.out
#BSUB -eo error/%J.err

# initialize conda
export PATH="/zhome/71/c/146676/miniconda3/bin:$PATH"
source /zhome/71/c/146676/miniconda3/etc/profile.d/conda.sh

conda activate cil

python ../scripts/textomo1.py

------------------------------------------------------------

Successfully completed.

Resource usage summary:

    CPU time :                                   6492.00 sec.
    Max Memory :                                 13528 MB
    Average Memory :                             8128.68 MB
    Total Requested Memory :                     48000.00 MB
    Delta Memory :                               34472.00 MB
    Max Swap :                                   -
    Max Processes :                              5
    Max Threads :                                21
    Run time :                                   6528 sec.
    Turnaround time :                            6438 sec.

The output (if any) is above this job summary.



PS:

Read file <error/27593412.err> for stderr output of this job.

