INFO:Setting the number of threads to 8. If your physical cores are fewer than this number, you may want to use numba.set_num_threads(n), and os.environ["OPENBLAS_NUM_THREADS"] = f"{n}" to set the number of threads to the number of physical cores n.
INFO:Setting numba log level to WARNING.
Saving results to: /work3/msaca/textomo_run_009
0.3562848439565492
[0.15253486 0.17618918 0.24949357 0.29284424 0.3858888 ]

=== OpenCL buffer allocation summary ===
coeffs_sino_F                 : shape=(148x500x596),   168.24 MB
coeffs_sino_C                 : shape=(500x148x596),   168.24 MB
_coeffs_batch_F               : shape=(148x148x596),    49.80 MB
_basis_batch_kmax             : shape=(500x596x180x5),  1023.10 MB
_basis_batch_transpose_kmax   : shape=(500x900x596),  1023.10 MB
_grid_inv_kmax                : shape=(596x9),     0.02 MB
_inv_sigma2_kmax              : shape=(596),     0.00 MB
_norm_factor_kmax             : shape=(596),     0.00 MB
---------------------------------------
TOTAL GPU buffer memory:  2432.52 MB
=======================================

[power 01] L_est=3.780340e+07  ||z||=7.981799e+08
[power 02] L_est=1.369603e+11  ||z||=3.594160e+11
[power 03] L_est=2.024543e+12  ||z||=2.203852e+12
[power 04] L_est=2.500379e+12  ||z||=2.516682e+12
[power 05] L_est=2.545702e+12  ||z||=2.548425e+12
[power 06] L_est=2.553660e+12  ||z||=2.554259e+12
[power 07] L_est=2.555444e+12  ||z||=2.555588e+12
[power 08] L_est=2.555876e+12  ||z||=2.555912e+12
[power 09] L_est=2.555984e+12  ||z||=2.555993e+12
[power 10] L_est=2.556011e+12  ||z||=2.556014e+12
[power 11] L_est=2.556018e+12  ||z||=2.556019e+12
[power 12] L_est=2.556020e+12  ||z||=2.556020e+12
[power 13] L_est=2.556021e+12  ||z||=2.556021e+12
[power 14] L_est=2.556021e+12  ||z||=2.556021e+12
[power 15] L_est=2.556021e+12  ||z||=2.556021e+12
[power 16] L_est=2.556021e+12  ||z||=2.556021e+12
[power 17] L_est=2.556021e+12  ||z||=2.556021e+12
[power 18] L_est=2.556021e+12  ||z||=2.556021e+12
[power 19] L_est=2.556021e+12  ||z||=2.556021e+12
[power 20] L_est=2.556021e+12  ||z||=2.556021e+12
[iter    1/500] obj=0.000000e+00  f=0.000000e+00  g=0.000000e+00  ||x||=2.432319e-03  ||grad||=6.838764e+09  tau=3.557e-13  beta=0.000e+00
[iter    2/500] obj=6.098678e+06  f=6.098678e+06  g=0.000000e+00  ||x||=3.182017e-03  ||grad||=2.885869e+09  tau=3.557e-13  beta=2.818e-01
[iter    3/500] obj=8.342106e+06  f=8.342106e+06  g=0.000000e+00  ||x||=4.049811e-03  ||grad||=2.483505e+09  tau=3.557e-13  beta=4.340e-01
[iter    4/500] obj=1.001326e+07  f=1.001326e+07  g=0.000000e+00  ||x||=5.019834e-03  ||grad||=2.289855e+09  tau=3.557e-13  beta=5.311e-01
[iter    5/500] obj=1.222609e+07  f=1.222609e+07  g=0.000000e+00  ||x||=6.018921e-03  ||grad||=2.291182e+09  tau=3.557e-13  beta=5.988e-01
[iter    6/500] obj=1.415166e+07  f=1.415166e+07  g=0.000000e+00  ||x||=7.028317e-03  ||grad||=2.366934e+09  tau=3.557e-13  beta=6.489e-01
[iter    7/500] obj=1.590091e+07  f=1.590091e+07  g=0.000000e+00  ||x||=8.039113e-03  ||grad||=2.471038e+09  tau=3.557e-13  beta=6.876e-01
[iter    8/500] obj=1.750850e+07  f=1.750850e+07  g=0.000000e+00  ||x||=9.045869e-03  ||grad||=2.581512e+09  tau=3.557e-13  beta=7.185e-01
[iter    9/500] obj=1.898547e+07  f=1.898547e+07  g=0.000000e+00  ||x||=1.004521e-02  ||grad||=2.687420e+09  tau=3.557e-13  beta=7.437e-01
[iter   10/500] obj=2.034611e+07  f=2.034611e+07  g=0.000000e+00  ||x||=1.103510e-02  ||grad||=2.784161e+09  tau=3.557e-13  beta=7.647e-01
[iter   11/500] obj=2.160196e+07  f=2.160196e+07  g=0.000000e+00  ||x||=1.201444e-02  ||grad||=2.870186e+09  tau=3.557e-13  beta=7.824e-01
[iter   12/500] obj=2.276115e+07  f=2.276115e+07  g=0.000000e+00  ||x||=1.298280e-02  ||grad||=2.945373e+09  tau=3.557e-13  beta=7.976e-01
[iter   13/500] obj=2.383137e+07  f=2.383137e+07  g=0.000000e+00  ||x||=1.394018e-02  ||grad||=3.010415e+09  tau=3.557e-13  beta=8.108e-01
[iter   14/500] obj=2.482267e+07  f=2.482267e+07  g=0.000000e+00  ||x||=1.488681e-02  ||grad||=3.066446e+09  tau=3.557e-13  beta=8.224e-01
[iter   15/500] obj=2.574362e+07  f=2.574362e+07  g=0.000000e+00  ||x||=1.582309e-02  ||grad||=3.114584e+09  tau=3.557e-13  beta=8.326e-01
[iter   16/500] obj=2.660200e+07  f=2.660200e+07  g=0.000000e+00  ||x||=1.674951e-02  ||grad||=3.155818e+09  tau=3.557e-13  beta=8.417e-01
[iter   17/500] obj=2.740304e+07  f=2.740304e+07  g=0.000000e+00  ||x||=1.766662e-02  ||grad||=3.190939e+09  tau=3.557e-13  beta=8.498e-01
[iter   18/500] obj=2.815266e+07  f=2.815266e+07  g=0.000000e+00  ||x||=1.857500e-02  ||grad||=3.220772e+09  tau=3.557e-13  beta=8.571e-01
[iter   19/500] obj=2.885492e+07  f=2.885492e+07  g=0.000000e+00  ||x||=1.947525e-02  ||grad||=3.245906e+09  tau=3.557e-13  beta=8.638e-01
[iter   20/500] obj=2.951448e+07  f=2.951448e+07  g=0.000000e+00  ||x||=2.036800e-02  ||grad||=3.266975e+09  tau=3.557e-13  beta=8.698e-01
[iter   21/500] obj=3.013446e+07  f=3.013446e+07  g=0.000000e+00  ||x||=2.125388e-02  ||grad||=3.284354e+09  tau=3.557e-13  beta=8.754e-01
[iter   22/500] obj=3.071974e+07  f=3.071974e+07  g=0.000000e+00  ||x||=2.213348e-02  ||grad||=3.298669e+09  tau=3.557e-13  beta=8.804e-01
[iter   23/500] obj=3.127394e+07  f=3.127394e+07  g=0.000000e+00  ||x||=2.300735e-02  ||grad||=3.310350e+09  tau=3.557e-13  beta=8.851e-01
[iter   24/500] obj=3.179912e+07  f=3.179912e+07  g=0.000000e+00  ||x||=2.387601e-02  ||grad||=3.319644e+09  tau=3.557e-13  beta=8.894e-01
[iter   25/500] obj=3.229772e+07  f=3.229772e+07  g=0.000000e+00  ||x||=2.473996e-02  ||grad||=3.326824e+09  tau=3.557e-13  beta=8.934e-01
[iter   26/500] obj=3.277206e+07  f=3.277206e+07  g=0.000000e+00  ||x||=2.559966e-02  ||grad||=3.332119e+09  tau=3.557e-13  beta=8.971e-01
[iter   27/500] obj=3.322448e+07  f=3.322448e+07  g=0.000000e+00  ||x||=2.645555e-02  ||grad||=3.335784e+09  tau=3.557e-13  beta=9.006e-01
[iter   28/500] obj=3.365638e+07  f=3.365638e+07  g=0.000000e+00  ||x||=2.730801e-02  ||grad||=3.338005e+09  tau=3.557e-13  beta=9.038e-01
[iter   29/500] obj=3.406953e+07  f=3.406953e+07  g=0.000000e+00  ||x||=2.815740e-02  ||grad||=3.339004e+09  tau=3.557e-13  beta=9.069e-01
[iter   30/500] obj=3.446542e+07  f=3.446542e+07  g=0.000000e+00  ||x||=2.900404e-02  ||grad||=3.338833e+09  tau=3.557e-13  beta=9.097e-01
[iter   31/500] obj=3.484630e+07  f=3.484630e+07  g=0.000000e+00  ||x||=2.984822e-02  ||grad||=3.337653e+09  tau=3.557e-13  beta=9.124e-01
[iter   32/500] obj=3.521301e+07  f=3.521301e+07  g=0.000000e+00  ||x||=3.069018e-02  ||grad||=3.335596e+09  tau=3.557e-13  beta=9.149e-01
[iter   33/500] obj=3.556595e+07  f=3.556595e+07  g=0.000000e+00  ||x||=3.153017e-02  ||grad||=3.332664e+09  tau=3.557e-13  beta=9.173e-01
[iter   34/500] obj=3.590651e+07  f=3.590651e+07  g=0.000000e+00  ||x||=3.236840e-02  ||grad||=3.328954e+09  tau=3.557e-13  beta=9.195e-01
[iter   35/500] obj=3.623594e+07  f=3.623594e+07  g=0.000000e+00  ||x||=3.320505e-02  ||grad||=3.324648e+09  tau=3.557e-13  beta=9.217e-01
[iter   36/500] obj=3.655470e+07  f=3.655470e+07  g=0.000000e+00  ||x||=3.404030e-02  ||grad||=3.319745e+09  tau=3.557e-13  beta=9.237e-01
[iter   37/500] obj=3.686418e+07  f=3.686418e+07  g=0.000000e+00  ||x||=3.487426e-02  ||grad||=3.314334e+09  tau=3.557e-13  beta=9.256e-01
[iter   38/500] obj=3.716486e+07  f=3.716486e+07  g=0.000000e+00  ||x||=3.570707e-02  ||grad||=3.308484e+09  tau=3.557e-13  beta=9.274e-01
[iter   39/500] obj=3.745811e+07  f=3.745811e+07  g=0.000000e+00  ||x||=3.653879e-02  ||grad||=3.302309e+09  tau=3.557e-13  beta=9.292e-01
[iter   40/500] obj=3.774297e+07  f=3.774297e+07  g=0.000000e+00  ||x||=3.736950e-02  ||grad||=3.295693e+09  tau=3.557e-13  beta=9.308e-01
[iter   41/500] obj=3.802029e+07  f=3.802029e+07  g=0.000000e+00  ||x||=3.819928e-02  ||grad||=3.288741e+09  tau=3.557e-13  beta=9.324e-01
[iter   42/500] obj=3.829149e+07  f=3.829149e+07  g=0.000000e+00  ||x||=3.902815e-02  ||grad||=3.281534e+09  tau=3.557e-13  beta=9.339e-01
[iter   43/500] obj=3.855619e+07  f=3.855619e+07  g=0.000000e+00  ||x||=3.985615e-02  ||grad||=3.274054e+09  tau=3.557e-13  beta=9.353e-01
[iter   44/500] obj=3.881439e+07  f=3.881439e+07  g=0.000000e+00  ||x||=4.068331e-02  ||grad||=3.266297e+09  tau=3.557e-13  beta=9.367e-01
[iter   45/500] obj=3.906768e+07  f=3.906768e+07  g=0.000000e+00  ||x||=4.150962e-02  ||grad||=3.258389e+09  tau=3.557e-13  beta=9.380e-01
[iter   46/500] obj=3.931534e+07  f=3.931534e+07  g=0.000000e+00  ||x||=4.233509e-02  ||grad||=3.250270e+09  tau=3.557e-13  beta=9.393e-01
[iter   47/500] obj=3.955798e+07  f=3.955798e+07  g=0.000000e+00  ||x||=4.315971e-02  ||grad||=3.241985e+09  tau=3.557e-13  beta=9.405e-01
[iter   48/500] obj=3.979569e+07  f=3.979569e+07  g=0.000000e+00  ||x||=4.398347e-02  ||grad||=3.233545e+09  tau=3.557e-13  beta=9.417e-01
[iter   49/500] obj=4.002834e+07  f=4.002834e+07  g=0.000000e+00  ||x||=4.480634e-02  ||grad||=3.224933e+09  tau=3.557e-13  beta=9.428e-01
[iter   50/500] obj=4.025650e+07  f=4.025650e+07  g=0.000000e+00  ||x||=4.562830e-02  ||grad||=3.216173e+09  tau=3.557e-13  beta=9.439e-01
[iter   51/500] obj=4.048049e+07  f=4.048049e+07  g=0.000000e+00  ||x||=4.644932e-02  ||grad||=3.207296e+09  tau=3.557e-13  beta=9.449e-01
[iter   52/500] obj=4.069978e+07  f=4.069978e+07  g=0.000000e+00  ||x||=4.726939e-02  ||grad||=3.198271e+09  tau=3.557e-13  beta=9.459e-01
[iter   53/500] obj=4.091489e+07  f=4.091489e+07  g=0.000000e+00  ||x||=4.808845e-02  ||grad||=3.189117e+09  tau=3.557e-13  beta=9.469e-01
[iter   54/500] obj=4.112644e+07  f=4.112644e+07  g=0.000000e+00  ||x||=4.890650e-02  ||grad||=3.179899e+09  tau=3.557e-13  beta=9.478e-01
[iter   55/500] obj=4.133416e+07  f=4.133416e+07  g=0.000000e+00  ||x||=4.972349e-02  ||grad||=3.170599e+09  tau=3.557e-13  beta=9.487e-01
[iter   56/500] obj=4.153800e+07  f=4.153800e+07  g=0.000000e+00  ||x||=5.053939e-02  ||grad||=3.161211e+09  tau=3.557e-13  beta=9.496e-01
[iter   57/500] obj=4.173882e+07  f=4.173882e+07  g=0.000000e+00  ||x||=5.135415e-02  ||grad||=3.151792e+09  tau=3.557e-13  beta=9.504e-01
[iter   58/500] obj=4.193650e+07  f=4.193650e+07  g=0.000000e+00  ||x||=5.216773e-02  ||grad||=3.142357e+09  tau=3.557e-13  beta=9.513e-01
[iter   59/500] obj=4.213088e+07  f=4.213088e+07  g=0.000000e+00  ||x||=5.298010e-02  ||grad||=3.132888e+09  tau=3.557e-13  beta=9.520e-01
[iter   60/500] obj=4.232219e+07  f=4.232219e+07  g=0.000000e+00  ||x||=5.379120e-02  ||grad||=3.123408e+09  tau=3.557e-13  beta=9.528e-01
[iter   61/500] obj=4.250999e+07  f=4.250999e+07  g=0.000000e+00  ||x||=5.460101e-02  ||grad||=3.113867e+09  tau=3.557e-13  beta=9.535e-01
[iter   62/500] obj=4.269525e+07  f=4.269525e+07  g=0.000000e+00  ||x||=5.540946e-02  ||grad||=3.104355e+09  tau=3.557e-13  beta=9.542e-01
[iter   63/500] obj=4.287766e+07  f=4.287766e+07  g=0.000000e+00  ||x||=5.621653e-02  ||grad||=3.094827e+09  tau=3.557e-13  beta=9.549e-01
[iter   64/500] obj=4.305740e+07  f=4.305740e+07  g=0.000000e+00  ||x||=5.702215e-02  ||grad||=3.085319e+09  tau=3.557e-13  beta=9.556e-01
[iter   65/500] obj=4.323472e+07  f=4.323472e+07  g=0.000000e+00  ||x||=5.782631e-02  ||grad||=3.075852e+09  tau=3.557e-13  beta=9.563e-01
[iter   66/500] obj=4.340955e+07  f=4.340955e+07  g=0.000000e+00  ||x||=5.862893e-02  ||grad||=3.066401e+09  tau=3.557e-13  beta=9.569e-01
[iter   67/500] obj=4.358180e+07  f=4.358180e+07  g=0.000000e+00  ||x||=5.942998e-02  ||grad||=3.056966e+09  tau=3.557e-13  beta=9.575e-01
[iter   68/500] obj=4.375150e+07  f=4.375150e+07  g=0.000000e+00  ||x||=6.022942e-02  ||grad||=3.047546e+09  tau=3.557e-13  beta=9.581e-01
[iter   69/500] obj=4.391873e+07  f=4.391873e+07  g=0.000000e+00  ||x||=6.102721e-02  ||grad||=3.038149e+09  tau=3.557e-13  beta=9.587e-01
[iter   70/500] obj=4.408351e+07  f=4.408351e+07  g=0.000000e+00  ||x||=6.182330e-02  ||grad||=3.028804e+09  tau=3.557e-13  beta=9.593e-01
[iter   71/500] obj=4.424627e+07  f=4.424627e+07  g=0.000000e+00  ||x||=6.261765e-02  ||grad||=3.019517e+09  tau=3.557e-13  beta=9.598e-01
[iter   72/500] obj=4.440639e+07  f=4.440639e+07  g=0.000000e+00  ||x||=6.341023e-02  ||grad||=3.010223e+09  tau=3.557e-13  beta=9.603e-01
[iter   73/500] obj=4.456450e+07  f=4.456450e+07  g=0.000000e+00  ||x||=6.420099e-02  ||grad||=3.000991e+09  tau=3.557e-13  beta=9.609e-01
[iter   74/500] obj=4.472052e+07  f=4.472052e+07  g=0.000000e+00  ||x||=6.498990e-02  ||grad||=2.991818e+09  tau=3.557e-13  beta=9.614e-01
[iter   75/500] obj=4.487450e+07  f=4.487450e+07  g=0.000000e+00  ||x||=6.577691e-02  ||grad||=2.982698e+09  tau=3.557e-13  beta=9.619e-01
[iter   76/500] obj=4.502629e+07  f=4.502629e+07  g=0.000000e+00  ||x||=6.656200e-02  ||grad||=2.973605e+09  tau=3.557e-13  beta=9.623e-01
[iter   77/500] obj=4.517604e+07  f=4.517604e+07  g=0.000000e+00  ||x||=6.734513e-02  ||grad||=2.964574e+09  tau=3.557e-13  beta=9.628e-01
[iter   78/500] obj=4.532378e+07  f=4.532378e+07  g=0.000000e+00  ||x||=6.812626e-02  ||grad||=2.955600e+09  tau=3.557e-13  beta=9.633e-01
[iter   79/500] obj=4.546938e+07  f=4.546938e+07  g=0.000000e+00  ||x||=6.890537e-02  ||grad||=2.946667e+09  tau=3.557e-13  beta=9.637e-01
[iter   80/500] obj=4.561286e+07  f=4.561286e+07  g=0.000000e+00  ||x||=6.968243e-02  ||grad||=2.937766e+09  tau=3.557e-13  beta=9.642e-01
[iter   81/500] obj=4.575419e+07  f=4.575419e+07  g=0.000000e+00  ||x||=7.045739e-02  ||grad||=2.928902e+09  tau=3.557e-13  beta=9.646e-01
[iter   82/500] obj=4.589386e+07  f=4.589386e+07  g=0.000000e+00  ||x||=7.123026e-02  ||grad||=2.920115e+09  tau=3.557e-13  beta=9.650e-01
[iter   83/500] obj=4.603153e+07  f=4.603153e+07  g=0.000000e+00  ||x||=7.200100e-02  ||grad||=2.911378e+09  tau=3.557e-13  beta=9.654e-01
[iter   84/500] obj=4.616752e+07  f=4.616752e+07  g=0.000000e+00  ||x||=7.276958e-02  ||grad||=2.902705e+09  tau=3.557e-13  beta=9.658e-01
[iter   85/500] obj=4.630195e+07  f=4.630195e+07  g=0.000000e+00  ||x||=7.353598e-02  ||grad||=2.894117e+09  tau=3.557e-13  beta=9.662e-01
[iter   86/500] obj=4.643489e+07  f=4.643489e+07  g=0.000000e+00  ||x||=7.430018e-02  ||grad||=2.885616e+09  tau=3.557e-13  beta=9.666e-01
[iter   87/500] obj=4.656645e+07  f=4.656645e+07  g=0.000000e+00  ||x||=7.506215e-02  ||grad||=2.877202e+09  tau=3.557e-13  beta=9.669e-01
[iter   88/500] obj=4.669610e+07  f=4.669610e+07  g=0.000000e+00  ||x||=7.582185e-02  ||grad||=2.868845e+09  tau=3.557e-13  beta=9.673e-01
[iter   89/500] obj=4.682415e+07  f=4.682415e+07  g=0.000000e+00  ||x||=7.657929e-02  ||grad||=2.860559e+09  tau=3.557e-13  beta=9.677e-01
[iter   90/500] obj=4.695076e+07  f=4.695076e+07  g=0.000000e+00  ||x||=7.733443e-02  ||grad||=2.852349e+09  tau=3.557e-13  beta=9.680e-01
[iter   91/500] obj=4.707599e+07  f=4.707599e+07  g=0.000000e+00  ||x||=7.808725e-02  ||grad||=2.844224e+09  tau=3.557e-13  beta=9.683e-01
[iter   92/500] obj=4.719983e+07  f=4.719983e+07  g=0.000000e+00  ||x||=7.883772e-02  ||grad||=2.836182e+09  tau=3.557e-13  beta=9.687e-01
[iter   93/500] obj=4.732210e+07  f=4.732210e+07  g=0.000000e+00  ||x||=7.958583e-02  ||grad||=2.828201e+09  tau=3.557e-13  beta=9.690e-01
[iter   94/500] obj=4.744313e+07  f=4.744313e+07  g=0.000000e+00  ||x||=8.033156e-02  ||grad||=2.820334e+09  tau=3.557e-13  beta=9.693e-01
[iter   95/500] obj=4.756286e+07  f=4.756286e+07  g=0.000000e+00  ||x||=8.107489e-02  ||grad||=2.812542e+09  tau=3.557e-13  beta=9.696e-01
[iter   96/500] obj=4.768106e+07  f=4.768106e+07  g=0.000000e+00  ||x||=8.181579e-02  ||grad||=2.804825e+09  tau=3.557e-13  beta=9.699e-01
[iter   97/500] obj=4.779735e+07  f=4.779735e+07  g=0.000000e+00  ||x||=8.255426e-02  ||grad||=2.797147e+09  tau=3.557e-13  beta=9.702e-01
[iter   98/500] obj=4.791210e+07  f=4.791210e+07  g=0.000000e+00  ||x||=8.329028e-02  ||grad||=2.789522e+09  tau=3.557e-13  beta=9.705e-01
[iter   99/500] obj=4.802550e+07  f=4.802550e+07  g=0.000000e+00  ||x||=8.402384e-02  ||grad||=2.781967e+09  tau=3.557e-13  beta=9.708e-01
[iter  100/500] obj=4.813766e+07  f=4.813766e+07  g=0.000000e+00  ||x||=8.475492e-02  ||grad||=2.774487e+09  tau=3.557e-13  beta=9.711e-01
[iter  101/500] obj=4.824843e+07  f=4.824843e+07  g=0.000000e+00  ||x||=8.548352e-02  ||grad||=2.767088e+09  tau=3.557e-13  beta=9.714e-01
[iter  102/500] obj=4.835769e+07  f=4.835769e+07  g=0.000000e+00  ||x||=8.620963e-02  ||grad||=2.759739e+09  tau=3.557e-13  beta=9.716e-01
[iter  103/500] obj=4.846555e+07  f=4.846555e+07  g=0.000000e+00  ||x||=8.693323e-02  ||grad||=2.752448e+09  tau=3.557e-13  beta=9.719e-01
[iter  104/500] obj=4.857150e+07  f=4.857150e+07  g=0.000000e+00  ||x||=8.765432e-02  ||grad||=2.745191e+09  tau=3.557e-13  beta=9.722e-01
[iter  105/500] obj=4.867646e+07  f=4.867646e+07  g=0.000000e+00  ||x||=8.837290e-02  ||grad||=2.738011e+09  tau=3.557e-13  beta=9.724e-01
[iter  106/500] obj=4.878021e+07  f=4.878021e+07  g=0.000000e+00  ||x||=8.908896e-02  ||grad||=2.730904e+09  tau=3.557e-13  beta=9.727e-01
[iter  107/500] obj=4.888244e+07  f=4.888244e+07  g=0.000000e+00  ||x||=8.980250e-02  ||grad||=2.723857e+09  tau=3.557e-13  beta=9.729e-01
[iter  108/500] obj=4.898375e+07  f=4.898375e+07  g=0.000000e+00  ||x||=9.051352e-02  ||grad||=2.716904e+09  tau=3.557e-13  beta=9.732e-01
[iter  109/500] obj=4.908382e+07  f=4.908382e+07  g=0.000000e+00  ||x||=9.122200e-02  ||grad||=2.710011e+09  tau=3.557e-13  beta=9.734e-01
[iter  110/500] obj=4.918276e+07  f=4.918276e+07  g=0.000000e+00  ||x||=9.192795e-02  ||grad||=2.703200e+09  tau=3.557e-13  beta=9.736e-01
[iter  111/500] obj=4.928030e+07  f=4.928030e+07  g=0.000000e+00  ||x||=9.263136e-02  ||grad||=2.696439e+09  tau=3.557e-13  beta=9.739e-01
[iter  112/500] obj=4.937664e+07  f=4.937664e+07  g=0.000000e+00  ||x||=9.333222e-02  ||grad||=2.689745e+09  tau=3.557e-13  beta=9.741e-01
[iter  113/500] obj=4.947166e+07  f=4.947166e+07  g=0.000000e+00  ||x||=9.403056e-02  ||grad||=2.683107e+09  tau=3.557e-13  beta=9.743e-01
[iter  114/500] obj=4.956571e+07  f=4.956571e+07  g=0.000000e+00  ||x||=9.472635e-02  ||grad||=2.676550e+09  tau=3.557e-13  beta=9.745e-01
[iter  115/500] obj=4.965854e+07  f=4.965854e+07  g=0.000000e+00  ||x||=9.541961e-02  ||grad||=2.670066e+09  tau=3.557e-13  beta=9.748e-01
[iter  116/500] obj=4.975061e+07  f=4.975061e+07  g=0.000000e+00  ||x||=9.611031e-02  ||grad||=2.663678e+09  tau=3.557e-13  beta=9.750e-01
[iter  117/500] obj=4.984158e+07  f=4.984158e+07  g=0.000000e+00  ||x||=9.679849e-02  ||grad||=2.657348e+09  tau=3.557e-13  beta=9.752e-01
[iter  118/500] obj=4.993124e+07  f=4.993124e+07  g=0.000000e+00  ||x||=9.748411e-02  ||grad||=2.651078e+09  tau=3.557e-13  beta=9.754e-01
[iter  119/500] obj=5.001974e+07  f=5.001974e+07  g=0.000000e+00  ||x||=9.816721e-02  ||grad||=2.644858e+09  tau=3.557e-13  beta=9.756e-01
[iter  120/500] obj=5.010702e+07  f=5.010702e+07  g=0.000000e+00  ||x||=9.884777e-02  ||grad||=2.638696e+09  tau=3.557e-13  beta=9.758e-01
[iter  121/500] obj=5.019316e+07  f=5.019316e+07  g=0.000000e+00  ||x||=9.952581e-02  ||grad||=2.632588e+09  tau=3.557e-13  beta=9.760e-01
[iter  122/500] obj=5.027806e+07  f=5.027806e+07  g=0.000000e+00  ||x||=1.002013e-01  ||grad||=2.626541e+09  tau=3.557e-13  beta=9.762e-01
[iter  123/500] obj=5.036206e+07  f=5.036206e+07  g=0.000000e+00  ||x||=1.008743e-01  ||grad||=2.620551e+09  tau=3.557e-13  beta=9.764e-01
[iter  124/500] obj=5.044544e+07  f=5.044544e+07  g=0.000000e+00  ||x||=1.015448e-01  ||grad||=2.614642e+09  tau=3.557e-13  beta=9.765e-01
[iter  125/500] obj=5.052777e+07  f=5.052777e+07  g=0.000000e+00  ||x||=1.022128e-01  ||grad||=2.608801e+09  tau=3.557e-13  beta=9.767e-01
[iter  126/500] obj=5.060914e+07  f=5.060914e+07  g=0.000000e+00  ||x||=1.028783e-01  ||grad||=2.603014e+09  tau=3.557e-13  beta=9.769e-01
[iter  127/500] obj=5.068947e+07  f=5.068947e+07  g=0.000000e+00  ||x||=1.035413e-01  ||grad||=2.597287e+09  tau=3.557e-13  beta=9.771e-01
[iter  128/500] obj=5.076915e+07  f=5.076915e+07  g=0.000000e+00  ||x||=1.042017e-01  ||grad||=2.591639e+09  tau=3.557e-13  beta=9.773e-01
[iter  129/500] obj=5.084763e+07  f=5.084763e+07  g=0.000000e+00  ||x||=1.048597e-01  ||grad||=2.586030e+09  tau=3.557e-13  beta=9.774e-01
[iter  130/500] obj=5.092552e+07  f=5.092552e+07  g=0.000000e+00  ||x||=1.055153e-01  ||grad||=2.580508e+09  tau=3.557e-13  beta=9.776e-01
[iter  131/500] obj=5.100270e+07  f=5.100270e+07  g=0.000000e+00  ||x||=1.061683e-01  ||grad||=2.575062e+09  tau=3.557e-13  beta=9.778e-01
[iter  132/500] obj=5.107861e+07  f=5.107861e+07  g=0.000000e+00  ||x||=1.068189e-01  ||grad||=2.569652e+09  tau=3.557e-13  beta=9.779e-01
[iter  133/500] obj=5.115367e+07  f=5.115367e+07  g=0.000000e+00  ||x||=1.074670e-01  ||grad||=2.564301e+09  tau=3.557e-13  beta=9.781e-01
[iter  134/500] obj=5.122799e+07  f=5.122799e+07  g=0.000000e+00  ||x||=1.081126e-01  ||grad||=2.559021e+09  tau=3.557e-13  beta=9.783e-01
[iter  135/500] obj=5.130119e+07  f=5.130119e+07  g=0.000000e+00  ||x||=1.087558e-01  ||grad||=2.553776e+09  tau=3.557e-13  beta=9.784e-01
[iter  136/500] obj=5.137387e+07  f=5.137387e+07  g=0.000000e+00  ||x||=1.093966e-01  ||grad||=2.548611e+09  tau=3.557e-13  beta=9.786e-01
[iter  137/500] obj=5.144627e+07  f=5.144627e+07  g=0.000000e+00  ||x||=1.100349e-01  ||grad||=2.543529e+09  tau=3.557e-13  beta=9.787e-01
[iter  138/500] obj=5.151758e+07  f=5.151758e+07  g=0.000000e+00  ||x||=1.106708e-01  ||grad||=2.538500e+09  tau=3.557e-13  beta=9.789e-01
[iter  139/500] obj=5.158841e+07  f=5.158841e+07  g=0.000000e+00  ||x||=1.113042e-01  ||grad||=2.533553e+09  tau=3.557e-13  beta=9.790e-01
[iter  140/500] obj=5.165834e+07  f=5.165834e+07  g=0.000000e+00  ||x||=1.119352e-01  ||grad||=2.528666e+09  tau=3.557e-13  beta=9.792e-01
[iter  141/500] obj=5.172755e+07  f=5.172755e+07  g=0.000000e+00  ||x||=1.125638e-01  ||grad||=2.523827e+09  tau=3.557e-13  beta=9.793e-01
[iter  142/500] obj=5.179579e+07  f=5.179579e+07  g=0.000000e+00  ||x||=1.131900e-01  ||grad||=2.519020e+09  tau=3.557e-13  beta=9.794e-01
[iter  143/500] obj=5.186277e+07  f=5.186277e+07  g=0.000000e+00  ||x||=1.138138e-01  ||grad||=2.514238e+09  tau=3.557e-13  beta=9.796e-01
[iter  144/500] obj=5.192880e+07  f=5.192880e+07  g=0.000000e+00  ||x||=1.144352e-01  ||grad||=2.509494e+09  tau=3.557e-13  beta=9.797e-01
[iter  145/500] obj=5.199417e+07  f=5.199417e+07  g=0.000000e+00  ||x||=1.150542e-01  ||grad||=2.504813e+09  tau=3.557e-13  beta=9.799e-01
[iter  146/500] obj=5.205899e+07  f=5.205899e+07  g=0.000000e+00  ||x||=1.156709e-01  ||grad||=2.500200e+09  tau=3.557e-13  beta=9.800e-01
[iter  147/500] obj=5.212320e+07  f=5.212320e+07  g=0.000000e+00  ||x||=1.162852e-01  ||grad||=2.495646e+09  tau=3.557e-13  beta=9.801e-01
[iter  148/500] obj=5.218666e+07  f=5.218666e+07  g=0.000000e+00  ||x||=1.168971e-01  ||grad||=2.491135e+09  tau=3.557e-13  beta=9.803e-01
[iter  149/500] obj=5.224914e+07  f=5.224914e+07  g=0.000000e+00  ||x||=1.175067e-01  ||grad||=2.486662e+09  tau=3.557e-13  beta=9.804e-01
[iter  150/500] obj=5.231110e+07  f=5.231110e+07  g=0.000000e+00  ||x||=1.181139e-01  ||grad||=2.482242e+09  tau=3.557e-13  beta=9.805e-01
[iter  151/500] obj=5.237223e+07  f=5.237223e+07  g=0.000000e+00  ||x||=1.187188e-01  ||grad||=2.477871e+09  tau=3.557e-13  beta=9.806e-01
[iter  152/500] obj=5.243264e+07  f=5.243264e+07  g=0.000000e+00  ||x||=1.193215e-01  ||grad||=2.473537e+09  tau=3.557e-13  beta=9.808e-01
[iter  153/500] obj=5.249238e+07  f=5.249238e+07  g=0.000000e+00  ||x||=1.199218e-01  ||grad||=2.469239e+09  tau=3.557e-13  beta=9.809e-01
[iter  154/500] obj=5.255123e+07  f=5.255123e+07  g=0.000000e+00  ||x||=1.205198e-01  ||grad||=2.464979e+09  tau=3.557e-13  beta=9.810e-01
[iter  155/500] obj=5.260952e+07  f=5.260952e+07  g=0.000000e+00  ||x||=1.211155e-01  ||grad||=2.460775e+09  tau=3.557e-13  beta=9.811e-01
[iter  156/500] obj=5.266695e+07  f=5.266695e+07  g=0.000000e+00  ||x||=1.217089e-01  ||grad||=2.456604e+09  tau=3.557e-13  beta=9.813e-01
[iter  157/500] obj=5.272397e+07  f=5.272397e+07  g=0.000000e+00  ||x||=1.223001e-01  ||grad||=2.452490e+09  tau=3.557e-13  beta=9.814e-01
[iter  158/500] obj=5.278050e+07  f=5.278050e+07  g=0.000000e+00  ||x||=1.228891e-01  ||grad||=2.448428e+09  tau=3.557e-13  beta=9.815e-01
[iter  159/500] obj=5.283622e+07  f=5.283622e+07  g=0.000000e+00  ||x||=1.234758e-01  ||grad||=2.444406e+09  tau=3.557e-13  beta=9.816e-01
[iter  160/500] obj=5.289147e+07  f=5.289147e+07  g=0.000000e+00  ||x||=1.240603e-01  ||grad||=2.440438e+09  tau=3.557e-13  beta=9.817e-01
[iter  161/500] obj=5.294577e+07  f=5.294577e+07  g=0.000000e+00  ||x||=1.246425e-01  ||grad||=2.436495e+09  tau=3.557e-13  beta=9.818e-01
[iter  162/500] obj=5.299960e+07  f=5.299960e+07  g=0.000000e+00  ||x||=1.252226e-01  ||grad||=2.432596e+09  tau=3.557e-13  beta=9.819e-01
[iter  163/500] obj=5.305309e+07  f=5.305309e+07  g=0.000000e+00  ||x||=1.258004e-01  ||grad||=2.428759e+09  tau=3.557e-13  beta=9.820e-01
[iter  164/500] obj=5.310599e+07  f=5.310599e+07  g=0.000000e+00  ||x||=1.263761e-01  ||grad||=2.424954e+09  tau=3.557e-13  beta=9.821e-01
[iter  165/500] obj=5.315834e+07  f=5.315834e+07  g=0.000000e+00  ||x||=1.269496e-01  ||grad||=2.421191e+09  tau=3.557e-13  beta=9.823e-01
[iter  166/500] obj=5.321013e+07  f=5.321013e+07  g=0.000000e+00  ||x||=1.275210e-01  ||grad||=2.417479e+09  tau=3.557e-13  beta=9.824e-01
[iter  167/500] obj=5.326130e+07  f=5.326130e+07  g=0.000000e+00  ||x||=1.280902e-01  ||grad||=2.413807e+09  tau=3.557e-13  beta=9.825e-01
[iter  168/500] obj=5.331205e+07  f=5.331205e+07  g=0.000000e+00  ||x||=1.286572e-01  ||grad||=2.410185e+09  tau=3.557e-13  beta=9.826e-01
[iter  169/500] obj=5.336204e+07  f=5.336204e+07  g=0.000000e+00  ||x||=1.292222e-01  ||grad||=2.406585e+09  tau=3.557e-13  beta=9.827e-01
[iter  170/500] obj=5.341121e+07  f=5.341121e+07  g=0.000000e+00  ||x||=1.297850e-01  ||grad||=2.403013e+09  tau=3.557e-13  beta=9.828e-01
[iter  171/500] obj=5.345977e+07  f=5.345977e+07  g=0.000000e+00  ||x||=1.303457e-01  ||grad||=2.399475e+09  tau=3.557e-13  beta=9.829e-01
[iter  172/500] obj=5.350778e+07  f=5.350778e+07  g=0.000000e+00  ||x||=1.309043e-01  ||grad||=2.395971e+09  tau=3.557e-13  beta=9.830e-01
[iter  173/500] obj=5.355510e+07  f=5.355510e+07  g=0.000000e+00  ||x||=1.314608e-01  ||grad||=2.392493e+09  tau=3.557e-13  beta=9.831e-01
[iter  174/500] obj=5.360210e+07  f=5.360210e+07  g=0.000000e+00  ||x||=1.320153e-01  ||grad||=2.389066e+09  tau=3.557e-13  beta=9.832e-01
[iter  175/500] obj=5.364856e+07  f=5.364856e+07  g=0.000000e+00  ||x||=1.325678e-01  ||grad||=2.385682e+09  tau=3.557e-13  beta=9.832e-01
[iter  176/500] obj=5.369453e+07  f=5.369453e+07  g=0.000000e+00  ||x||=1.331182e-01  ||grad||=2.382334e+09  tau=3.557e-13  beta=9.833e-01
[iter  177/500] obj=5.374036e+07  f=5.374036e+07  g=0.000000e+00  ||x||=1.336665e-01  ||grad||=2.379047e+09  tau=3.557e-13  beta=9.834e-01
[iter  178/500] obj=5.378598e+07  f=5.378598e+07  g=0.000000e+00  ||x||=1.342129e-01  ||grad||=2.375821e+09  tau=3.557e-13  beta=9.835e-01
[iter  179/500] obj=5.383084e+07  f=5.383084e+07  g=0.000000e+00  ||x||=1.347572e-01  ||grad||=2.372613e+09  tau=3.557e-13  beta=9.836e-01
[iter  180/500] obj=5.387538e+07  f=5.387538e+07  g=0.000000e+00  ||x||=1.352996e-01  ||grad||=2.369439e+09  tau=3.557e-13  beta=9.837e-01
[iter  181/500] obj=5.391920e+07  f=5.391920e+07  g=0.000000e+00  ||x||=1.358399e-01  ||grad||=2.366291e+09  tau=3.557e-13  beta=9.838e-01
[iter  182/500] obj=5.396231e+07  f=5.396231e+07  g=0.000000e+00  ||x||=1.363783e-01  ||grad||=2.363156e+09  tau=3.557e-13  beta=9.839e-01
[iter  183/500] obj=5.400492e+07  f=5.400492e+07  g=0.000000e+00  ||x||=1.369148e-01  ||grad||=2.360055e+09  tau=3.557e-13  beta=9.840e-01
[iter  184/500] obj=5.404756e+07  f=5.404756e+07  g=0.000000e+00  ||x||=1.374493e-01  ||grad||=2.357013e+09  tau=3.557e-13  beta=9.841e-01
[iter  185/500] obj=5.408950e+07  f=5.408950e+07  g=0.000000e+00  ||x||=1.379818e-01  ||grad||=2.353998e+09  tau=3.557e-13  beta=9.841e-01
[iter  186/500] obj=5.413118e+07  f=5.413118e+07  g=0.000000e+00  ||x||=1.385125e-01  ||grad||=2.351029e+09  tau=3.557e-13  beta=9.842e-01
[iter  187/500] obj=5.417261e+07  f=5.417261e+07  g=0.000000e+00  ||x||=1.390412e-01  ||grad||=2.348101e+09  tau=3.557e-13  beta=9.843e-01
[iter  188/500] obj=5.421327e+07  f=5.421327e+07  g=0.000000e+00  ||x||=1.395680e-01  ||grad||=2.345180e+09  tau=3.557e-13  beta=9.844e-01
[iter  189/500] obj=5.425366e+07  f=5.425366e+07  g=0.000000e+00  ||x||=1.400930e-01  ||grad||=2.342307e+09  tau=3.557e-13  beta=9.845e-01
[iter  190/500] obj=5.429372e+07  f=5.429372e+07  g=0.000000e+00  ||x||=1.406160e-01  ||grad||=2.339467e+09  tau=3.557e-13  beta=9.845e-01
[iter  191/500] obj=5.433326e+07  f=5.433326e+07  g=0.000000e+00  ||x||=1.411372e-01  ||grad||=2.336654e+09  tau=3.557e-13  beta=9.846e-01
[iter  192/500] obj=5.437251e+07  f=5.437251e+07  g=0.000000e+00  ||x||=1.416566e-01  ||grad||=2.333874e+09  tau=3.557e-13  beta=9.847e-01
[iter  193/500] obj=5.441112e+07  f=5.441112e+07  g=0.000000e+00  ||x||=1.421741e-01  ||grad||=2.331118e+09  tau=3.557e-13  beta=9.848e-01
[iter  194/500] obj=5.444946e+07  f=5.444946e+07  g=0.000000e+00  ||x||=1.426897e-01  ||grad||=2.328394e+09  tau=3.557e-13  beta=9.849e-01
[iter  195/500] obj=5.448711e+07  f=5.448711e+07  g=0.000000e+00  ||x||=1.432035e-01  ||grad||=2.325688e+09  tau=3.557e-13  beta=9.849e-01
[iter  196/500] obj=5.452431e+07  f=5.452431e+07  g=0.000000e+00  ||x||=1.437155e-01  ||grad||=2.323005e+09  tau=3.557e-13  beta=9.850e-01
[iter  197/500] obj=5.456158e+07  f=5.456158e+07  g=0.000000e+00  ||x||=1.442258e-01  ||grad||=2.320367e+09  tau=3.557e-13  beta=9.851e-01
[iter  198/500] obj=5.459849e+07  f=5.459849e+07  g=0.000000e+00  ||x||=1.447342e-01  ||grad||=2.317767e+09  tau=3.557e-13  beta=9.852e-01
[iter  199/500] obj=5.463510e+07  f=5.463510e+07  g=0.000000e+00  ||x||=1.452408e-01  ||grad||=2.315194e+09  tau=3.557e-13  beta=9.852e-01
[iter  200/500] obj=5.467142e+07  f=5.467142e+07  g=0.000000e+00  ||x||=1.457457e-01  ||grad||=2.312649e+09  tau=3.557e-13  beta=9.853e-01
[iter  201/500] obj=5.470738e+07  f=5.470738e+07  g=0.000000e+00  ||x||=1.462488e-01  ||grad||=2.310135e+09  tau=3.557e-13  beta=9.854e-01
[iter  202/500] obj=5.474288e+07  f=5.474288e+07  g=0.000000e+00  ||x||=1.467502e-01  ||grad||=2.307644e+09  tau=3.557e-13  beta=9.854e-01
[iter  203/500] obj=5.477807e+07  f=5.477807e+07  g=0.000000e+00  ||x||=1.472498e-01  ||grad||=2.305175e+09  tau=3.557e-13  beta=9.855e-01
[iter  204/500] obj=5.481318e+07  f=5.481318e+07  g=0.000000e+00  ||x||=1.477477e-01  ||grad||=2.302751e+09  tau=3.557e-13  beta=9.856e-01
[iter  205/500] obj=5.484806e+07  f=5.484806e+07  g=0.000000e+00  ||x||=1.482439e-01  ||grad||=2.300365e+09  tau=3.557e-13  beta=9.857e-01
[iter  206/500] obj=5.488218e+07  f=5.488218e+07  g=0.000000e+00  ||x||=1.487384e-01  ||grad||=2.297981e+09  tau=3.557e-13  beta=9.857e-01
[iter  207/500] obj=5.491626e+07  f=5.491626e+07  g=0.000000e+00  ||x||=1.492311e-01  ||grad||=2.295643e+09  tau=3.557e-13  beta=9.858e-01
[iter  208/500] obj=5.494989e+07  f=5.494989e+07  g=0.000000e+00  ||x||=1.497222e-01  ||grad||=2.293327e+09  tau=3.557e-13  beta=9.859e-01
[iter  209/500] obj=5.498294e+07  f=5.498294e+07  g=0.000000e+00  ||x||=1.502116e-01  ||grad||=2.291024e+09  tau=3.557e-13  beta=9.859e-01
[iter  210/500] obj=5.501589e+07  f=5.501589e+07  g=0.000000e+00  ||x||=1.506993e-01  ||grad||=2.288758e+09  tau=3.557e-13  beta=9.860e-01
[iter  211/500] obj=5.504862e+07  f=5.504862e+07  g=0.000000e+00  ||x||=1.511853e-01  ||grad||=2.286524e+09  tau=3.557e-13  beta=9.861e-01
[iter  212/500] obj=5.508108e+07  f=5.508108e+07  g=0.000000e+00  ||x||=1.516697e-01  ||grad||=2.284322e+09  tau=3.557e-13  beta=9.861e-01
[iter  213/500] obj=5.511323e+07  f=5.511323e+07  g=0.000000e+00  ||x||=1.521524e-01  ||grad||=2.282143e+09  tau=3.557e-13  beta=9.862e-01
[iter  214/500] obj=5.514465e+07  f=5.514465e+07  g=0.000000e+00  ||x||=1.526336e-01  ||grad||=2.279964e+09  tau=3.557e-13  beta=9.862e-01
[iter  215/500] obj=5.517558e+07  f=5.517558e+07  g=0.000000e+00  ||x||=1.531130e-01  ||grad||=2.277801e+09  tau=3.557e-13  beta=9.863e-01
[iter  216/500] obj=5.520626e+07  f=5.520626e+07  g=0.000000e+00  ||x||=1.535909e-01  ||grad||=2.275667e+09  tau=3.557e-13  beta=9.864e-01
[iter  217/500] obj=5.523667e+07  f=5.523667e+07  g=0.000000e+00  ||x||=1.540672e-01  ||grad||=2.273555e+09  tau=3.557e-13  beta=9.864e-01
[iter  218/500] obj=5.526671e+07  f=5.526671e+07  g=0.000000e+00  ||x||=1.545419e-01  ||grad||=2.271462e+09  tau=3.557e-13  beta=9.865e-01
[iter  219/500] obj=5.529626e+07  f=5.529626e+07  g=0.000000e+00  ||x||=1.550150e-01  ||grad||=2.269381e+09  tau=3.557e-13  beta=9.866e-01
[iter  220/500] obj=5.532539e+07  f=5.532539e+07  g=0.000000e+00  ||x||=1.554865e-01  ||grad||=2.267313e+09  tau=3.557e-13  beta=9.866e-01
[iter  221/500] obj=5.535431e+07  f=5.535431e+07  g=0.000000e+00  ||x||=1.559565e-01  ||grad||=2.265282e+09  tau=3.557e-13  beta=9.867e-01
[iter  222/500] obj=5.538302e+07  f=5.538302e+07  g=0.000000e+00  ||x||=1.564249e-01  ||grad||=2.263271e+09  tau=3.557e-13  beta=9.867e-01
[iter  223/500] obj=5.541134e+07  f=5.541134e+07  g=0.000000e+00  ||x||=1.568918e-01  ||grad||=2.261277e+09  tau=3.557e-13  beta=9.868e-01
[iter  224/500] obj=5.543934e+07  f=5.543934e+07  g=0.000000e+00  ||x||=1.573572e-01  ||grad||=2.259303e+09  tau=3.557e-13  beta=9.869e-01
[iter  225/500] obj=5.546690e+07  f=5.546690e+07  g=0.000000e+00  ||x||=1.578211e-01  ||grad||=2.257341e+09  tau=3.557e-13  beta=9.869e-01
[iter  226/500] obj=5.549436e+07  f=5.549436e+07  g=0.000000e+00  ||x||=1.582835e-01  ||grad||=2.255408e+09  tau=3.557e-13  beta=9.870e-01
[iter  227/500] obj=5.552173e+07  f=5.552173e+07  g=0.000000e+00  ||x||=1.587443e-01  ||grad||=2.253503e+09  tau=3.557e-13  beta=9.870e-01
[iter  228/500] obj=5.554878e+07  f=5.554878e+07  g=0.000000e+00  ||x||=1.592037e-01  ||grad||=2.251619e+09  tau=3.557e-13  beta=9.871e-01
[iter  229/500] obj=5.557574e+07  f=5.557574e+07  g=0.000000e+00  ||x||=1.596616e-01  ||grad||=2.249765e+09  tau=3.557e-13  beta=9.871e-01
[iter  230/500] obj=5.560227e+07  f=5.560227e+07  g=0.000000e+00  ||x||=1.601181e-01  ||grad||=2.247916e+09  tau=3.557e-13  beta=9.872e-01
[iter  231/500] obj=5.562828e+07  f=5.562828e+07  g=0.000000e+00  ||x||=1.605731e-01  ||grad||=2.246086e+09  tau=3.557e-13  beta=9.872e-01
[iter  232/500] obj=5.565402e+07  f=5.565402e+07  g=0.000000e+00  ||x||=1.610266e-01  ||grad||=2.244266e+09  tau=3.557e-13  beta=9.873e-01
[iter  233/500] obj=5.567965e+07  f=5.567965e+07  g=0.000000e+00  ||x||=1.614788e-01  ||grad||=2.242470e+09  tau=3.557e-13  beta=9.874e-01
[iter  234/500] obj=5.570519e+07  f=5.570519e+07  g=0.000000e+00  ||x||=1.619295e-01  ||grad||=2.240708e+09  tau=3.557e-13  beta=9.874e-01
[iter  235/500] obj=5.573037e+07  f=5.573037e+07  g=0.000000e+00  ||x||=1.623788e-01  ||grad||=2.238962e+09  tau=3.557e-13  beta=9.875e-01
[iter  236/500] obj=5.575528e+07  f=5.575528e+07  g=0.000000e+00  ||x||=1.628267e-01  ||grad||=2.237232e+09  tau=3.557e-13  beta=9.875e-01
[iter  237/500] obj=5.578010e+07  f=5.578010e+07  g=0.000000e+00  ||x||=1.632732e-01  ||grad||=2.235525e+09  tau=3.557e-13  beta=9.876e-01
[iter  238/500] obj=5.580475e+07  f=5.580475e+07  g=0.000000e+00  ||x||=1.637183e-01  ||grad||=2.233845e+09  tau=3.557e-13  beta=9.876e-01
[iter  239/500] obj=5.582939e+07  f=5.582939e+07  g=0.000000e+00  ||x||=1.641621e-01  ||grad||=2.232190e+09  tau=3.557e-13  beta=9.877e-01
[iter  240/500] obj=5.585366e+07  f=5.585366e+07  g=0.000000e+00  ||x||=1.646045e-01  ||grad||=2.230549e+09  tau=3.557e-13  beta=9.877e-01
[iter  241/500] obj=5.587760e+07  f=5.587760e+07  g=0.000000e+00  ||x||=1.650455e-01  ||grad||=2.228919e+09  tau=3.557e-13  beta=9.878e-01
[iter  242/500] obj=5.590140e+07  f=5.590140e+07  g=0.000000e+00  ||x||=1.654852e-01  ||grad||=2.227309e+09  tau=3.557e-13  beta=9.878e-01
[iter  243/500] obj=5.592512e+07  f=5.592512e+07  g=0.000000e+00  ||x||=1.659235e-01  ||grad||=2.225720e+09  tau=3.557e-13  beta=9.879e-01
[iter  244/500] obj=5.594882e+07  f=5.594882e+07  g=0.000000e+00  ||x||=1.663605e-01  ||grad||=2.224153e+09  tau=3.557e-13  beta=9.879e-01
[iter  245/500] obj=5.597262e+07  f=5.597262e+07  g=0.000000e+00  ||x||=1.667962e-01  ||grad||=2.222620e+09  tau=3.557e-13  beta=9.880e-01
[iter  246/500] obj=5.599595e+07  f=5.599595e+07  g=0.000000e+00  ||x||=1.672305e-01  ||grad||=2.221083e+09  tau=3.557e-13  beta=9.880e-01
[iter  247/500] obj=5.601919e+07  f=5.601919e+07  g=0.000000e+00  ||x||=1.676636e-01  ||grad||=2.219577e+09  tau=3.557e-13  beta=9.881e-01
[iter  248/500] obj=5.604234e+07  f=5.604234e+07  g=0.000000e+00  ||x||=1.680953e-01  ||grad||=2.218090e+09  tau=3.557e-13  beta=9.881e-01
[iter  249/500] obj=5.606546e+07  f=5.606546e+07  g=0.000000e+00  ||x||=1.685258e-01  ||grad||=2.216631e+09  tau=3.557e-13  beta=9.882e-01
[iter  250/500] obj=5.608845e+07  f=5.608845e+07  g=0.000000e+00  ||x||=1.689549e-01  ||grad||=2.215185e+09  tau=3.557e-13  beta=9.882e-01
[iter  251/500] obj=5.611114e+07  f=5.611114e+07  g=0.000000e+00  ||x||=1.693828e-01  ||grad||=2.213751e+09  tau=3.557e-13  beta=9.882e-01
[iter  252/500] obj=5.613361e+07  f=5.613361e+07  g=0.000000e+00  ||x||=1.698094e-01  ||grad||=2.212329e+09  tau=3.557e-13  beta=9.883e-01
[iter  253/500] obj=5.615572e+07  f=5.615572e+07  g=0.000000e+00  ||x||=1.702347e-01  ||grad||=2.210911e+09  tau=3.557e-13  beta=9.883e-01
[iter  254/500] obj=5.617781e+07  f=5.617781e+07  g=0.000000e+00  ||x||=1.706587e-01  ||grad||=2.209509e+09  tau=3.557e-13  beta=9.884e-01
[iter  255/500] obj=5.619990e+07  f=5.619990e+07  g=0.000000e+00  ||x||=1.710815e-01  ||grad||=2.208130e+09  tau=3.557e-13  beta=9.884e-01
[iter  256/500] obj=5.622208e+07  f=5.622208e+07  g=0.000000e+00  ||x||=1.715030e-01  ||grad||=2.206770e+09  tau=3.557e-13  beta=9.885e-01
[iter  257/500] obj=5.624403e+07  f=5.624403e+07  g=0.000000e+00  ||x||=1.719233e-01  ||grad||=2.205427e+09  tau=3.557e-13  beta=9.885e-01
[iter  258/500] obj=5.626575e+07  f=5.626575e+07  g=0.000000e+00  ||x||=1.723423e-01  ||grad||=2.204084e+09  tau=3.557e-13  beta=9.886e-01
[iter  259/500] obj=5.628742e+07  f=5.628742e+07  g=0.000000e+00  ||x||=1.727601e-01  ||grad||=2.202765e+09  tau=3.557e-13  beta=9.886e-01
[iter  260/500] obj=5.630878e+07  f=5.630878e+07  g=0.000000e+00  ||x||=1.731767e-01  ||grad||=2.201441e+09  tau=3.557e-13  beta=9.886e-01
[iter  261/500] obj=5.633016e+07  f=5.633016e+07  g=0.000000e+00  ||x||=1.735920e-01  ||grad||=2.200142e+09  tau=3.557e-13  beta=9.887e-01
[iter  262/500] obj=5.635154e+07  f=5.635154e+07  g=0.000000e+00  ||x||=1.740061e-01  ||grad||=2.198857e+09  tau=3.557e-13  beta=9.887e-01
[iter  263/500] obj=5.637251e+07  f=5.637251e+07  g=0.000000e+00  ||x||=1.744190e-01  ||grad||=2.197574e+09  tau=3.557e-13  beta=9.888e-01
[iter  264/500] obj=5.639345e+07  f=5.639345e+07  g=0.000000e+00  ||x||=1.748307e-01  ||grad||=2.196312e+09  tau=3.557e-13  beta=9.888e-01
[iter  265/500] obj=5.641424e+07  f=5.641424e+07  g=0.000000e+00  ||x||=1.752412e-01  ||grad||=2.195064e+09  tau=3.557e-13  beta=9.889e-01
[iter  266/500] obj=5.643444e+07  f=5.643444e+07  g=0.000000e+00  ||x||=1.756504e-01  ||grad||=2.193802e+09  tau=3.557e-13  beta=9.889e-01
[iter  267/500] obj=5.645477e+07  f=5.645477e+07  g=0.000000e+00  ||x||=1.760585e-01  ||grad||=2.192561e+09  tau=3.557e-13  beta=9.889e-01
[iter  268/500] obj=5.647521e+07  f=5.647521e+07  g=0.000000e+00  ||x||=1.764654e-01  ||grad||=2.191346e+09  tau=3.557e-13  beta=9.890e-01
[iter  269/500] obj=5.649537e+07  f=5.649537e+07  g=0.000000e+00  ||x||=1.768711e-01  ||grad||=2.190133e+09  tau=3.557e-13  beta=9.890e-01
[iter  270/500] obj=5.651539e+07  f=5.651539e+07  g=0.000000e+00  ||x||=1.772756e-01  ||grad||=2.188934e+09  tau=3.557e-13  beta=9.891e-01
[iter  271/500] obj=5.653517e+07  f=5.653517e+07  g=0.000000e+00  ||x||=1.776789e-01  ||grad||=2.187746e+09  tau=3.557e-13  beta=9.891e-01
[iter  272/500] obj=5.655452e+07  f=5.655452e+07  g=0.000000e+00  ||x||=1.780811e-01  ||grad||=2.186544e+09  tau=3.557e-13  beta=9.891e-01
[iter  273/500] obj=5.657360e+07  f=5.657360e+07  g=0.000000e+00  ||x||=1.784821e-01  ||grad||=2.185349e+09  tau=3.557e-13  beta=9.892e-01
[iter  274/500] obj=5.659259e+07  f=5.659259e+07  g=0.000000e+00  ||x||=1.788819e-01  ||grad||=2.184163e+09  tau=3.557e-13  beta=9.892e-01
[iter  275/500] obj=5.661153e+07  f=5.661153e+07  g=0.000000e+00  ||x||=1.792805e-01  ||grad||=2.182992e+09  tau=3.557e-13  beta=9.893e-01
[iter  276/500] obj=5.663033e+07  f=5.663033e+07  g=0.000000e+00  ||x||=1.796781e-01  ||grad||=2.181826e+09  tau=3.557e-13  beta=9.893e-01
[iter  277/500] obj=5.664906e+07  f=5.664906e+07  g=0.000000e+00  ||x||=1.800744e-01  ||grad||=2.180674e+09  tau=3.557e-13  beta=9.893e-01
[iter  278/500] obj=5.666758e+07  f=5.666758e+07  g=0.000000e+00  ||x||=1.804697e-01  ||grad||=2.179527e+09  tau=3.557e-13  beta=9.894e-01
[iter  279/500] obj=5.668569e+07  f=5.668569e+07  g=0.000000e+00  ||x||=1.808638e-01  ||grad||=2.178376e+09  tau=3.557e-13  beta=9.894e-01
[iter  280/500] obj=5.670350e+07  f=5.670350e+07  g=0.000000e+00  ||x||=1.812567e-01  ||grad||=2.177225e+09  tau=3.557e-13  beta=9.894e-01
[iter  281/500] obj=5.672146e+07  f=5.672146e+07  g=0.000000e+00  ||x||=1.816486e-01  ||grad||=2.176095e+09  tau=3.557e-13  beta=9.895e-01
[iter  282/500] obj=5.673925e+07  f=5.673925e+07  g=0.000000e+00  ||x||=1.820393e-01  ||grad||=2.174972e+09  tau=3.557e-13  beta=9.895e-01
[iter  283/500] obj=5.675694e+07  f=5.675694e+07  g=0.000000e+00  ||x||=1.824289e-01  ||grad||=2.173860e+09  tau=3.557e-13  beta=9.896e-01
[iter  284/500] obj=5.677447e+07  f=5.677447e+07  g=0.000000e+00  ||x||=1.828174e-01  ||grad||=2.172754e+09  tau=3.557e-13  beta=9.896e-01
[iter  285/500] obj=5.679198e+07  f=5.679198e+07  g=0.000000e+00  ||x||=1.832048e-01  ||grad||=2.171658e+09  tau=3.557e-13  beta=9.896e-01
[iter  286/500] obj=5.680928e+07  f=5.680928e+07  g=0.000000e+00  ||x||=1.835911e-01  ||grad||=2.170572e+09  tau=3.557e-13  beta=9.897e-01
[iter  287/500] obj=5.682642e+07  f=5.682642e+07  g=0.000000e+00  ||x||=1.839763e-01  ||grad||=2.169488e+09  tau=3.557e-13  beta=9.897e-01
[iter  288/500] obj=5.684348e+07  f=5.684348e+07  g=0.000000e+00  ||x||=1.843605e-01  ||grad||=2.168403e+09  tau=3.557e-13  beta=9.897e-01
[iter  289/500] obj=5.686040e+07  f=5.686040e+07  g=0.000000e+00  ||x||=1.847435e-01  ||grad||=2.167334e+09  tau=3.557e-13  beta=9.898e-01
[iter  290/500] obj=5.687725e+07  f=5.687725e+07  g=0.000000e+00  ||x||=1.851255e-01  ||grad||=2.166275e+09  tau=3.557e-13  beta=9.898e-01
[iter  291/500] obj=5.689402e+07  f=5.689402e+07  g=0.000000e+00  ||x||=1.855063e-01  ||grad||=2.165226e+09  tau=3.557e-13  beta=9.898e-01
[iter  292/500] obj=5.691053e+07  f=5.691053e+07  g=0.000000e+00  ||x||=1.858861e-01  ||grad||=2.164170e+09  tau=3.557e-13  beta=9.899e-01
[iter  293/500] obj=5.692697e+07  f=5.692697e+07  g=0.000000e+00  ||x||=1.862649e-01  ||grad||=2.163125e+09  tau=3.557e-13  beta=9.899e-01
[iter  294/500] obj=5.694320e+07  f=5.694320e+07  g=0.000000e+00  ||x||=1.866425e-01  ||grad||=2.162089e+09  tau=3.557e-13  beta=9.899e-01
[iter  295/500] obj=5.695923e+07  f=5.695923e+07  g=0.000000e+00  ||x||=1.870191e-01  ||grad||=2.161048e+09  tau=3.557e-13  beta=9.900e-01
[iter  296/500] obj=5.697529e+07  f=5.697529e+07  g=0.000000e+00  ||x||=1.873947e-01  ||grad||=2.160022e+09  tau=3.557e-13  beta=9.900e-01
[iter  297/500] obj=5.699121e+07  f=5.699121e+07  g=0.000000e+00  ||x||=1.877692e-01  ||grad||=2.158998e+09  tau=3.557e-13  beta=9.900e-01
[iter  298/500] obj=5.700690e+07  f=5.700690e+07  g=0.000000e+00  ||x||=1.881427e-01  ||grad||=2.157984e+09  tau=3.557e-13  beta=9.901e-01
[iter  299/500] obj=5.702252e+07  f=5.702252e+07  g=0.000000e+00  ||x||=1.885151e-01  ||grad||=2.156980e+09  tau=3.557e-13  beta=9.901e-01
[iter  300/500] obj=5.703774e+07  f=5.703774e+07  g=0.000000e+00  ||x||=1.888865e-01  ||grad||=2.155967e+09  tau=3.557e-13  beta=9.901e-01
[iter  301/500] obj=5.705276e+07  f=5.705276e+07  g=0.000000e+00  ||x||=1.892569e-01  ||grad||=2.154957e+09  tau=3.557e-13  beta=9.902e-01
[iter  302/500] obj=5.706784e+07  f=5.706784e+07  g=0.000000e+00  ||x||=1.896262e-01  ||grad||=2.153959e+09  tau=3.557e-13  beta=9.902e-01
[iter  303/500] obj=5.708284e+07  f=5.708284e+07  g=0.000000e+00  ||x||=1.899945e-01  ||grad||=2.152966e+09  tau=3.557e-13  beta=9.902e-01
[iter  304/500] obj=5.709750e+07  f=5.709750e+07  g=0.000000e+00  ||x||=1.903619e-01  ||grad||=2.151974e+09  tau=3.557e-13  beta=9.903e-01
[iter  305/500] obj=5.711219e+07  f=5.711219e+07  g=0.000000e+00  ||x||=1.907282e-01  ||grad||=2.150991e+09  tau=3.557e-13  beta=9.903e-01
[iter  306/500] obj=5.712676e+07  f=5.712676e+07  g=0.000000e+00  ||x||=1.910935e-01  ||grad||=2.150013e+09  tau=3.557e-13  beta=9.903e-01
[iter  307/500] obj=5.714122e+07  f=5.714122e+07  g=0.000000e+00  ||x||=1.914578e-01  ||grad||=2.149045e+09  tau=3.557e-13  beta=9.904e-01
[iter  308/500] obj=5.715564e+07  f=5.715564e+07  g=0.000000e+00  ||x||=1.918211e-01  ||grad||=2.148081e+09  tau=3.557e-13  beta=9.904e-01
[iter  309/500] obj=5.717006e+07  f=5.717006e+07  g=0.000000e+00  ||x||=1.921834e-01  ||grad||=2.147132e+09  tau=3.557e-13  beta=9.904e-01
[iter  310/500] obj=5.718457e+07  f=5.718457e+07  g=0.000000e+00  ||x||=1.925448e-01  ||grad||=2.146200e+09  tau=3.557e-13  beta=9.905e-01
[iter  311/500] obj=5.719889e+07  f=5.719889e+07  g=0.000000e+00  ||x||=1.929051e-01  ||grad||=2.145276e+09  tau=3.557e-13  beta=9.905e-01
[iter  312/500] obj=5.721305e+07  f=5.721305e+07  g=0.000000e+00  ||x||=1.932645e-01  ||grad||=2.144354e+09  tau=3.557e-13  beta=9.905e-01
[iter  313/500] obj=5.722721e+07  f=5.722721e+07  g=0.000000e+00  ||x||=1.936229e-01  ||grad||=2.143439e+09  tau=3.557e-13  beta=9.905e-01
[iter  314/500] obj=5.724113e+07  f=5.724113e+07  g=0.000000e+00  ||x||=1.939804e-01  ||grad||=2.142528e+09  tau=3.557e-13  beta=9.906e-01
[iter  315/500] obj=5.725483e+07  f=5.725483e+07  g=0.000000e+00  ||x||=1.943369e-01  ||grad||=2.141616e+09  tau=3.557e-13  beta=9.906e-01
[iter  316/500] obj=5.726849e+07  f=5.726849e+07  g=0.000000e+00  ||x||=1.946924e-01  ||grad||=2.140708e+09  tau=3.557e-13  beta=9.906e-01
[iter  317/500] obj=5.728206e+07  f=5.728206e+07  g=0.000000e+00  ||x||=1.950469e-01  ||grad||=2.139814e+09  tau=3.557e-13  beta=9.907e-01
[iter  318/500] obj=5.729556e+07  f=5.729556e+07  g=0.000000e+00  ||x||=1.954005e-01  ||grad||=2.138924e+09  tau=3.557e-13  beta=9.907e-01
[iter  319/500] obj=5.730902e+07  f=5.730902e+07  g=0.000000e+00  ||x||=1.957532e-01  ||grad||=2.138035e+09  tau=3.557e-13  beta=9.907e-01
[iter  320/500] obj=5.732228e+07  f=5.732228e+07  g=0.000000e+00  ||x||=1.961049e-01  ||grad||=2.137152e+09  tau=3.557e-13  beta=9.908e-01
[iter  321/500] obj=5.733550e+07  f=5.733550e+07  g=0.000000e+00  ||x||=1.964557e-01  ||grad||=2.136280e+09  tau=3.557e-13  beta=9.908e-01
[iter  322/500] obj=5.734850e+07  f=5.734850e+07  g=0.000000e+00  ||x||=1.968055e-01  ||grad||=2.135406e+09  tau=3.557e-13  beta=9.908e-01
[iter  323/500] obj=5.736158e+07  f=5.736158e+07  g=0.000000e+00  ||x||=1.971544e-01  ||grad||=2.134543e+09  tau=3.557e-13  beta=9.908e-01
[iter  324/500] obj=5.737451e+07  f=5.737451e+07  g=0.000000e+00  ||x||=1.975024e-01  ||grad||=2.133685e+09  tau=3.557e-13  beta=9.909e-01
[iter  325/500] obj=5.738737e+07  f=5.738737e+07  g=0.000000e+00  ||x||=1.978494e-01  ||grad||=2.132831e+09  tau=3.557e-13  beta=9.909e-01
[iter  326/500] obj=5.739999e+07  f=5.739999e+07  g=0.000000e+00  ||x||=1.981955e-01  ||grad||=2.131979e+09  tau=3.557e-13  beta=9.909e-01
[iter  327/500] obj=5.741270e+07  f=5.741270e+07  g=0.000000e+00  ||x||=1.985407e-01  ||grad||=2.131140e+09  tau=3.557e-13  beta=9.909e-01
[iter  328/500] obj=5.742541e+07  f=5.742541e+07  g=0.000000e+00  ||x||=1.988850e-01  ||grad||=2.130312e+09  tau=3.557e-13  beta=9.910e-01
[iter  329/500] obj=5.743799e+07  f=5.743799e+07  g=0.000000e+00  ||x||=1.992284e-01  ||grad||=2.129490e+09  tau=3.557e-13  beta=9.910e-01
[iter  330/500] obj=5.745049e+07  f=5.745049e+07  g=0.000000e+00  ||x||=1.995709e-01  ||grad||=2.128673e+09  tau=3.557e-13  beta=9.910e-01
[iter  331/500] obj=5.746286e+07  f=5.746286e+07  g=0.000000e+00  ||x||=1.999125e-01  ||grad||=2.127855e+09  tau=3.557e-13  beta=9.911e-01
[iter  332/500] obj=5.747505e+07  f=5.747505e+07  g=0.000000e+00  ||x||=2.002531e-01  ||grad||=2.127040e+09  tau=3.557e-13  beta=9.911e-01
[iter  333/500] obj=5.748715e+07  f=5.748715e+07  g=0.000000e+00  ||x||=2.005929e-01  ||grad||=2.126235e+09  tau=3.557e-13  beta=9.911e-01
[iter  334/500] obj=5.749918e+07  f=5.749918e+07  g=0.000000e+00  ||x||=2.009318e-01  ||grad||=2.125435e+09  tau=3.557e-13  beta=9.911e-01
[iter  335/500] obj=5.751094e+07  f=5.751094e+07  g=0.000000e+00  ||x||=2.012698e-01  ||grad||=2.124635e+09  tau=3.557e-13  beta=9.912e-01
[iter  336/500] obj=5.752262e+07  f=5.752262e+07  g=0.000000e+00  ||x||=2.016069e-01  ||grad||=2.123840e+09  tau=3.557e-13  beta=9.912e-01
[iter  337/500] obj=5.753422e+07  f=5.753422e+07  g=0.000000e+00  ||x||=2.019432e-01  ||grad||=2.123047e+09  tau=3.557e-13  beta=9.912e-01
[iter  338/500] obj=5.754574e+07  f=5.754574e+07  g=0.000000e+00  ||x||=2.022786e-01  ||grad||=2.122257e+09  tau=3.557e-13  beta=9.912e-01
[iter  339/500] obj=5.755714e+07  f=5.755714e+07  g=0.000000e+00  ||x||=2.026131e-01  ||grad||=2.121468e+09  tau=3.557e-13  beta=9.913e-01
[iter  340/500] obj=5.756838e+07  f=5.756838e+07  g=0.000000e+00  ||x||=2.029467e-01  ||grad||=2.120686e+09  tau=3.557e-13  beta=9.913e-01
[iter  341/500] obj=5.757972e+07  f=5.757972e+07  g=0.000000e+00  ||x||=2.032795e-01  ||grad||=2.119918e+09  tau=3.557e-13  beta=9.913e-01
[iter  342/500] obj=5.759095e+07  f=5.759095e+07  g=0.000000e+00  ||x||=2.036114e-01  ||grad||=2.119151e+09  tau=3.557e-13  beta=9.913e-01
[iter  343/500] obj=5.760212e+07  f=5.760212e+07  g=0.000000e+00  ||x||=2.039424e-01  ||grad||=2.118396e+09  tau=3.557e-13  beta=9.914e-01
[iter  344/500] obj=5.761324e+07  f=5.761324e+07  g=0.000000e+00  ||x||=2.042726e-01  ||grad||=2.117644e+09  tau=3.557e-13  beta=9.914e-01
[iter  345/500] obj=5.762432e+07  f=5.762432e+07  g=0.000000e+00  ||x||=2.046020e-01  ||grad||=2.116900e+09  tau=3.557e-13  beta=9.914e-01
[iter  346/500] obj=5.763542e+07  f=5.763542e+07  g=0.000000e+00  ||x||=2.049305e-01  ||grad||=2.116172e+09  tau=3.557e-13  beta=9.914e-01
[iter  347/500] obj=5.764647e+07  f=5.764647e+07  g=0.000000e+00  ||x||=2.052582e-01  ||grad||=2.115452e+09  tau=3.557e-13  beta=9.915e-01
[iter  348/500] obj=5.765736e+07  f=5.765736e+07  g=0.000000e+00  ||x||=2.055850e-01  ||grad||=2.114733e+09  tau=3.557e-13  beta=9.915e-01
[iter  349/500] obj=5.766854e+07  f=5.766854e+07  g=0.000000e+00  ||x||=2.059110e-01  ||grad||=2.114035e+09  tau=3.557e-13  beta=9.915e-01
[iter  350/500] obj=5.767966e+07  f=5.767966e+07  g=0.000000e+00  ||x||=2.062362e-01  ||grad||=2.113349e+09  tau=3.557e-13  beta=9.915e-01
[iter  351/500] obj=5.769050e+07  f=5.769050e+07  g=0.000000e+00  ||x||=2.065606e-01  ||grad||=2.112657e+09  tau=3.557e-13  beta=9.916e-01
[iter  352/500] obj=5.770127e+07  f=5.770127e+07  g=0.000000e+00  ||x||=2.068841e-01  ||grad||=2.111975e+09  tau=3.557e-13  beta=9.916e-01
[iter  353/500] obj=5.771194e+07  f=5.771194e+07  g=0.000000e+00  ||x||=2.072068e-01  ||grad||=2.111297e+09  tau=3.557e-13  beta=9.916e-01
[iter  354/500] obj=5.772264e+07  f=5.772264e+07  g=0.000000e+00  ||x||=2.075286e-01  ||grad||=2.110627e+09  tau=3.557e-13  beta=9.916e-01
[iter  355/500] obj=5.773332e+07  f=5.773332e+07  g=0.000000e+00  ||x||=2.078497e-01  ||grad||=2.109960e+09  tau=3.557e-13  beta=9.917e-01
[iter  356/500] obj=5.774388e+07  f=5.774388e+07  g=0.000000e+00  ||x||=2.081699e-01  ||grad||=2.109304e+09  tau=3.557e-13  beta=9.917e-01
[iter  357/500] obj=5.775448e+07  f=5.775448e+07  g=0.000000e+00  ||x||=2.084894e-01  ||grad||=2.108656e+09  tau=3.557e-13  beta=9.917e-01
[iter  358/500] obj=5.776491e+07  f=5.776491e+07  g=0.000000e+00  ||x||=2.088080e-01  ||grad||=2.108012e+09  tau=3.557e-13  beta=9.917e-01
[iter  359/500] obj=5.777539e+07  f=5.777539e+07  g=0.000000e+00  ||x||=2.091258e-01  ||grad||=2.107376e+09  tau=3.557e-13  beta=9.917e-01
[iter  360/500] obj=5.778562e+07  f=5.778562e+07  g=0.000000e+00  ||x||=2.094428e-01  ||grad||=2.106742e+09  tau=3.557e-13  beta=9.918e-01
[iter  361/500] obj=5.779569e+07  f=5.779569e+07  g=0.000000e+00  ||x||=2.097590e-01  ||grad||=2.106106e+09  tau=3.557e-13  beta=9.918e-01
[iter  362/500] obj=5.780597e+07  f=5.780597e+07  g=0.000000e+00  ||x||=2.100744e-01  ||grad||=2.105490e+09  tau=3.557e-13  beta=9.918e-01
[iter  363/500] obj=5.781610e+07  f=5.781610e+07  g=0.000000e+00  ||x||=2.103890e-01  ||grad||=2.104875e+09  tau=3.557e-13  beta=9.918e-01
[iter  364/500] obj=5.782608e+07  f=5.782608e+07  g=0.000000e+00  ||x||=2.107029e-01  ||grad||=2.104262e+09  tau=3.557e-13  beta=9.919e-01
[iter  365/500] obj=5.783606e+07  f=5.783606e+07  g=0.000000e+00  ||x||=2.110159e-01  ||grad||=2.103656e+09  tau=3.557e-13  beta=9.919e-01
[iter  366/500] obj=5.784617e+07  f=5.784617e+07  g=0.000000e+00  ||x||=2.113281e-01  ||grad||=2.103062e+09  tau=3.557e-13  beta=9.919e-01
[iter  367/500] obj=5.785635e+07  f=5.785635e+07  g=0.000000e+00  ||x||=2.116396e-01  ||grad||=2.102481e+09  tau=3.557e-13  beta=9.919e-01
[iter  368/500] obj=5.786612e+07  f=5.786612e+07  g=0.000000e+00  ||x||=2.119502e-01  ||grad||=2.101884e+09  tau=3.557e-13  beta=9.919e-01
[iter  369/500] obj=5.787588e+07  f=5.787588e+07  g=0.000000e+00  ||x||=2.122601e-01  ||grad||=2.101294e+09  tau=3.557e-13  beta=9.920e-01
[iter  370/500] obj=5.788566e+07  f=5.788566e+07  g=0.000000e+00  ||x||=2.125693e-01  ||grad||=2.100710e+09  tau=3.557e-13  beta=9.920e-01
[iter  371/500] obj=5.789537e+07  f=5.789537e+07  g=0.000000e+00  ||x||=2.128776e-01  ||grad||=2.100137e+09  tau=3.557e-13  beta=9.920e-01
[iter  372/500] obj=5.790518e+07  f=5.790518e+07  g=0.000000e+00  ||x||=2.131851e-01  ||grad||=2.099574e+09  tau=3.557e-13  beta=9.920e-01
[iter  373/500] obj=5.791474e+07  f=5.791474e+07  g=0.000000e+00  ||x||=2.134919e-01  ||grad||=2.098999e+09  tau=3.557e-13  beta=9.921e-01
[iter  374/500] obj=5.792412e+07  f=5.792412e+07  g=0.000000e+00  ||x||=2.137979e-01  ||grad||=2.098424e+09  tau=3.557e-13  beta=9.921e-01
[iter  375/500] obj=5.793366e+07  f=5.793366e+07  g=0.000000e+00  ||x||=2.141032e-01  ||grad||=2.097863e+09  tau=3.557e-13  beta=9.921e-01
[iter  376/500] obj=5.794293e+07  f=5.794293e+07  g=0.000000e+00  ||x||=2.144077e-01  ||grad||=2.097300e+09  tau=3.557e-13  beta=9.921e-01
[iter  377/500] obj=5.795207e+07  f=5.795207e+07  g=0.000000e+00  ||x||=2.147114e-01  ||grad||=2.096740e+09  tau=3.557e-13  beta=9.921e-01
[iter  378/500] obj=5.796110e+07  f=5.796110e+07  g=0.000000e+00  ||x||=2.150144e-01  ||grad||=2.096179e+09  tau=3.557e-13  beta=9.922e-01
[iter  379/500] obj=5.797015e+07  f=5.797015e+07  g=0.000000e+00  ||x||=2.153166e-01  ||grad||=2.095623e+09  tau=3.557e-13  beta=9.922e-01
[iter  380/500] obj=5.797913e+07  f=5.797913e+07  g=0.000000e+00  ||x||=2.156181e-01  ||grad||=2.095073e+09  tau=3.557e-13  beta=9.922e-01
[iter  381/500] obj=5.798798e+07  f=5.798798e+07  g=0.000000e+00  ||x||=2.159188e-01  ||grad||=2.094520e+09  tau=3.557e-13  beta=9.922e-01
[iter  382/500] obj=5.799675e+07  f=5.799675e+07  g=0.000000e+00  ||x||=2.162187e-01  ||grad||=2.093971e+09  tau=3.557e-13  beta=9.922e-01
[iter  383/500] obj=5.800553e+07  f=5.800553e+07  g=0.000000e+00  ||x||=2.165180e-01  ||grad||=2.093427e+09  tau=3.557e-13  beta=9.923e-01
[iter  384/500] obj=5.801429e+07  f=5.801429e+07  g=0.000000e+00  ||x||=2.168164e-01  ||grad||=2.092891e+09  tau=3.557e-13  beta=9.923e-01
[iter  385/500] obj=5.802269e+07  f=5.802269e+07  g=0.000000e+00  ||x||=2.171142e-01  ||grad||=2.092344e+09  tau=3.557e-13  beta=9.923e-01
[iter  386/500] obj=5.803118e+07  f=5.803118e+07  g=0.000000e+00  ||x||=2.174112e-01  ||grad||=2.091807e+09  tau=3.557e-13  beta=9.923e-01
[iter  387/500] obj=5.803995e+07  f=5.803995e+07  g=0.000000e+00  ||x||=2.177075e-01  ||grad||=2.091286e+09  tau=3.557e-13  beta=9.923e-01
[iter  388/500] obj=5.804865e+07  f=5.804865e+07  g=0.000000e+00  ||x||=2.180030e-01  ||grad||=2.090768e+09  tau=3.557e-13  beta=9.924e-01
[iter  389/500] obj=5.805726e+07  f=5.805726e+07  g=0.000000e+00  ||x||=2.182979e-01  ||grad||=2.090260e+09  tau=3.557e-13  beta=9.924e-01
[iter  390/500] obj=5.806571e+07  f=5.806571e+07  g=0.000000e+00  ||x||=2.185919e-01  ||grad||=2.089750e+09  tau=3.557e-13  beta=9.924e-01
[iter  391/500] obj=5.807410e+07  f=5.807410e+07  g=0.000000e+00  ||x||=2.188853e-01  ||grad||=2.089246e+09  tau=3.557e-13  beta=9.924e-01
[iter  392/500] obj=5.808240e+07  f=5.808240e+07  g=0.000000e+00  ||x||=2.191779e-01  ||grad||=2.088739e+09  tau=3.557e-13  beta=9.924e-01
[iter  393/500] obj=5.809058e+07  f=5.809058e+07  g=0.000000e+00  ||x||=2.194699e-01  ||grad||=2.088232e+09  tau=3.557e-13  beta=9.925e-01
[iter  394/500] obj=5.809882e+07  f=5.809882e+07  g=0.000000e+00  ||x||=2.197611e-01  ||grad||=2.087735e+09  tau=3.557e-13  beta=9.925e-01
[iter  395/500] obj=5.810713e+07  f=5.810713e+07  g=0.000000e+00  ||x||=2.200516e-01  ||grad||=2.087243e+09  tau=3.557e-13  beta=9.925e-01
[iter  396/500] obj=5.811534e+07  f=5.811534e+07  g=0.000000e+00  ||x||=2.203414e-01  ||grad||=2.086747e+09  tau=3.557e-13  beta=9.925e-01
[iter  397/500] obj=5.812336e+07  f=5.812336e+07  g=0.000000e+00  ||x||=2.206304e-01  ||grad||=2.086250e+09  tau=3.557e-13  beta=9.925e-01
[iter  398/500] obj=5.813130e+07  f=5.813130e+07  g=0.000000e+00  ||x||=2.209188e-01  ||grad||=2.085757e+09  tau=3.557e-13  beta=9.925e-01
[iter  399/500] obj=5.813930e+07  f=5.813930e+07  g=0.000000e+00  ||x||=2.212064e-01  ||grad||=2.085272e+09  tau=3.557e-13  beta=9.926e-01
[iter  400/500] obj=5.814718e+07  f=5.814718e+07  g=0.000000e+00  ||x||=2.214934e-01  ||grad||=2.084786e+09  tau=3.557e-13  beta=9.926e-01
[iter  401/500] obj=5.815494e+07  f=5.815494e+07  g=0.000000e+00  ||x||=2.217797e-01  ||grad||=2.084299e+09  tau=3.557e-13  beta=9.926e-01
[iter  402/500] obj=5.816263e+07  f=5.816263e+07  g=0.000000e+00  ||x||=2.220652e-01  ||grad||=2.083815e+09  tau=3.557e-13  beta=9.926e-01
[iter  403/500] obj=5.817034e+07  f=5.817034e+07  g=0.000000e+00  ||x||=2.223501e-01  ||grad||=2.083337e+09  tau=3.557e-13  beta=9.926e-01
[iter  404/500] obj=5.817781e+07  f=5.817781e+07  g=0.000000e+00  ||x||=2.226342e-01  ||grad||=2.082853e+09  tau=3.557e-13  beta=9.927e-01
[iter  405/500] obj=5.818522e+07  f=5.818522e+07  g=0.000000e+00  ||x||=2.229177e-01  ||grad||=2.082371e+09  tau=3.557e-13  beta=9.927e-01
[iter  406/500] obj=5.819266e+07  f=5.819266e+07  g=0.000000e+00  ||x||=2.232005e-01  ||grad||=2.081893e+09  tau=3.557e-13  beta=9.927e-01
[iter  407/500] obj=5.819989e+07  f=5.819989e+07  g=0.000000e+00  ||x||=2.234827e-01  ||grad||=2.081413e+09  tau=3.557e-13  beta=9.927e-01
[iter  408/500] obj=5.820706e+07  f=5.820706e+07  g=0.000000e+00  ||x||=2.237641e-01  ||grad||=2.080935e+09  tau=3.557e-13  beta=9.927e-01
[iter  409/500] obj=5.821419e+07  f=5.821419e+07  g=0.000000e+00  ||x||=2.240448e-01  ||grad||=2.080464e+09  tau=3.557e-13  beta=9.927e-01
[iter  410/500] obj=5.822151e+07  f=5.822151e+07  g=0.000000e+00  ||x||=2.243249e-01  ||grad||=2.080007e+09  tau=3.557e-13  beta=9.928e-01
[iter  411/500] obj=5.822892e+07  f=5.822892e+07  g=0.000000e+00  ||x||=2.246043e-01  ||grad||=2.079560e+09  tau=3.557e-13  beta=9.928e-01
[iter  412/500] obj=5.823626e+07  f=5.823626e+07  g=0.000000e+00  ||x||=2.248831e-01  ||grad||=2.079113e+09  tau=3.557e-13  beta=9.928e-01
[iter  413/500] obj=5.824341e+07  f=5.824341e+07  g=0.000000e+00  ||x||=2.251612e-01  ||grad||=2.078663e+09  tau=3.557e-13  beta=9.928e-01
[iter  414/500] obj=5.825058e+07  f=5.825058e+07  g=0.000000e+00  ||x||=2.254385e-01  ||grad||=2.078218e+09  tau=3.557e-13  beta=9.928e-01
[iter  415/500] obj=5.825804e+07  f=5.825804e+07  g=0.000000e+00  ||x||=2.257153e-01  ||grad||=2.077793e+09  tau=3.557e-13  beta=9.928e-01
[iter  416/500] obj=5.826519e+07  f=5.826519e+07  g=0.000000e+00  ||x||=2.259913e-01  ||grad||=2.077357e+09  tau=3.557e-13  beta=9.929e-01
[iter  417/500] obj=5.827218e+07  f=5.827218e+07  g=0.000000e+00  ||x||=2.262668e-01  ||grad||=2.076917e+09  tau=3.557e-13  beta=9.929e-01
[iter  418/500] obj=5.827930e+07  f=5.827930e+07  g=0.000000e+00  ||x||=2.265415e-01  ||grad||=2.076489e+09  tau=3.557e-13  beta=9.929e-01
[iter  419/500] obj=5.828610e+07  f=5.828610e+07  g=0.000000e+00  ||x||=2.268156e-01  ||grad||=2.076050e+09  tau=3.557e-13  beta=9.929e-01
[iter  420/500] obj=5.829305e+07  f=5.829305e+07  g=0.000000e+00  ||x||=2.270890e-01  ||grad||=2.075616e+09  tau=3.557e-13  beta=9.929e-01
[iter  421/500] obj=5.829991e+07  f=5.829991e+07  g=0.000000e+00  ||x||=2.273618e-01  ||grad||=2.075184e+09  tau=3.557e-13  beta=9.929e-01
[iter  422/500] obj=5.830677e+07  f=5.830677e+07  g=0.000000e+00  ||x||=2.276340e-01  ||grad||=2.074761e+09  tau=3.557e-13  beta=9.930e-01
[iter  423/500] obj=5.831356e+07  f=5.831356e+07  g=0.000000e+00  ||x||=2.279055e-01  ||grad||=2.074340e+09  tau=3.557e-13  beta=9.930e-01
[iter  424/500] obj=5.832042e+07  f=5.832042e+07  g=0.000000e+00  ||x||=2.281763e-01  ||grad||=2.073925e+09  tau=3.557e-13  beta=9.930e-01
[iter  425/500] obj=5.832726e+07  f=5.832726e+07  g=0.000000e+00  ||x||=2.284465e-01  ||grad||=2.073518e+09  tau=3.557e-13  beta=9.930e-01
[iter  426/500] obj=5.833393e+07  f=5.833393e+07  g=0.000000e+00  ||x||=2.287161e-01  ||grad||=2.073105e+09  tau=3.557e-13  beta=9.930e-01
[iter  427/500] obj=5.834046e+07  f=5.834046e+07  g=0.000000e+00  ||x||=2.289850e-01  ||grad||=2.072690e+09  tau=3.557e-13  beta=9.930e-01
[iter  428/500] obj=5.834715e+07  f=5.834715e+07  g=0.000000e+00  ||x||=2.292533e-01  ||grad||=2.072285e+09  tau=3.557e-13  beta=9.931e-01
[iter  429/500] obj=5.835376e+07  f=5.835376e+07  g=0.000000e+00  ||x||=2.295209e-01  ||grad||=2.071884e+09  tau=3.557e-13  beta=9.931e-01
[iter  430/500] obj=5.836026e+07  f=5.836026e+07  g=0.000000e+00  ||x||=2.297879e-01  ||grad||=2.071484e+09  tau=3.557e-13  beta=9.931e-01
[iter  431/500] obj=5.836684e+07  f=5.836684e+07  g=0.000000e+00  ||x||=2.300543e-01  ||grad||=2.071091e+09  tau=3.557e-13  beta=9.931e-01
[iter  432/500] obj=5.837336e+07  f=5.837336e+07  g=0.000000e+00  ||x||=2.303201e-01  ||grad||=2.070694e+09  tau=3.557e-13  beta=9.931e-01
[iter  433/500] obj=5.837978e+07  f=5.837978e+07  g=0.000000e+00  ||x||=2.305852e-01  ||grad||=2.070299e+09  tau=3.557e-13  beta=9.931e-01
[iter  434/500] obj=5.838606e+07  f=5.838606e+07  g=0.000000e+00  ||x||=2.308497e-01  ||grad||=2.069904e+09  tau=3.557e-13  beta=9.932e-01
[iter  435/500] obj=5.839234e+07  f=5.839234e+07  g=0.000000e+00  ||x||=2.311136e-01  ||grad||=2.069512e+09  tau=3.557e-13  beta=9.932e-01
[iter  436/500] obj=5.839859e+07  f=5.839859e+07  g=0.000000e+00  ||x||=2.313769e-01  ||grad||=2.069122e+09  tau=3.557e-13  beta=9.932e-01
[iter  437/500] obj=5.840502e+07  f=5.840502e+07  g=0.000000e+00  ||x||=2.316395e-01  ||grad||=2.068746e+09  tau=3.557e-13  beta=9.932e-01
[iter  438/500] obj=5.841122e+07  f=5.841122e+07  g=0.000000e+00  ||x||=2.319016e-01  ||grad||=2.068364e+09  tau=3.557e-13  beta=9.932e-01
[iter  439/500] obj=5.841751e+07  f=5.841751e+07  g=0.000000e+00  ||x||=2.321630e-01  ||grad||=2.067988e+09  tau=3.557e-13  beta=9.932e-01
[iter  440/500] obj=5.842368e+07  f=5.842368e+07  g=0.000000e+00  ||x||=2.324238e-01  ||grad||=2.067611e+09  tau=3.557e-13  beta=9.933e-01
[iter  441/500] obj=5.842978e+07  f=5.842978e+07  g=0.000000e+00  ||x||=2.326840e-01  ||grad||=2.067234e+09  tau=3.557e-13  beta=9.933e-01
[iter  442/500] obj=5.843584e+07  f=5.843584e+07  g=0.000000e+00  ||x||=2.329436e-01  ||grad||=2.066862e+09  tau=3.557e-13  beta=9.933e-01
[iter  443/500] obj=5.844206e+07  f=5.844206e+07  g=0.000000e+00  ||x||=2.332025e-01  ||grad||=2.066498e+09  tau=3.557e-13  beta=9.933e-01
[iter  444/500] obj=5.844815e+07  f=5.844815e+07  g=0.000000e+00  ||x||=2.334609e-01  ||grad||=2.066134e+09  tau=3.557e-13  beta=9.933e-01
[iter  445/500] obj=5.845420e+07  f=5.845420e+07  g=0.000000e+00  ||x||=2.337187e-01  ||grad||=2.065771e+09  tau=3.557e-13  beta=9.933e-01
[iter  446/500] obj=5.846030e+07  f=5.846030e+07  g=0.000000e+00  ||x||=2.339759e-01  ||grad||=2.065414e+09  tau=3.557e-13  beta=9.933e-01
[iter  447/500] obj=5.846644e+07  f=5.846644e+07  g=0.000000e+00  ||x||=2.342324e-01  ||grad||=2.065059e+09  tau=3.557e-13  beta=9.934e-01
[iter  448/500] obj=5.847246e+07  f=5.847246e+07  g=0.000000e+00  ||x||=2.344884e-01  ||grad||=2.064699e+09  tau=3.557e-13  beta=9.934e-01
[iter  449/500] obj=5.847836e+07  f=5.847836e+07  g=0.000000e+00  ||x||=2.347438e-01  ||grad||=2.064339e+09  tau=3.557e-13  beta=9.934e-01
[iter  450/500] obj=5.848440e+07  f=5.848440e+07  g=0.000000e+00  ||x||=2.349985e-01  ||grad||=2.063990e+09  tau=3.557e-13  beta=9.934e-01
[iter  451/500] obj=5.849041e+07  f=5.849041e+07  g=0.000000e+00  ||x||=2.352527e-01  ||grad||=2.063643e+09  tau=3.557e-13  beta=9.934e-01
[iter  452/500] obj=5.849632e+07  f=5.849632e+07  g=0.000000e+00  ||x||=2.355063e-01  ||grad||=2.063295e+09  tau=3.557e-13  beta=9.934e-01
[iter  453/500] obj=5.850217e+07  f=5.850217e+07  g=0.000000e+00  ||x||=2.357593e-01  ||grad||=2.062947e+09  tau=3.557e-13  beta=9.934e-01
[iter  454/500] obj=5.850803e+07  f=5.850803e+07  g=0.000000e+00  ||x||=2.360117e-01  ||grad||=2.062606e+09  tau=3.557e-13  beta=9.935e-01
[iter  455/500] obj=5.851394e+07  f=5.851394e+07  g=0.000000e+00  ||x||=2.362635e-01  ||grad||=2.062269e+09  tau=3.557e-13  beta=9.935e-01
[iter  456/500] obj=5.851984e+07  f=5.851984e+07  g=0.000000e+00  ||x||=2.365147e-01  ||grad||=2.061937e+09  tau=3.557e-13  beta=9.935e-01
[iter  457/500] obj=5.852562e+07  f=5.852562e+07  g=0.000000e+00  ||x||=2.367654e-01  ||grad||=2.061597e+09  tau=3.557e-13  beta=9.935e-01
[iter  458/500] obj=5.853145e+07  f=5.853145e+07  g=0.000000e+00  ||x||=2.370154e-01  ||grad||=2.061263e+09  tau=3.557e-13  beta=9.935e-01
[iter  459/500] obj=5.853731e+07  f=5.853731e+07  g=0.000000e+00  ||x||=2.372649e-01  ||grad||=2.060935e+09  tau=3.557e-13  beta=9.935e-01
[iter  460/500] obj=5.854308e+07  f=5.854308e+07  g=0.000000e+00  ||x||=2.375138e-01  ||grad||=2.060609e+09  tau=3.557e-13  beta=9.935e-01
[iter  461/500] obj=5.854879e+07  f=5.854879e+07  g=0.000000e+00  ||x||=2.377621e-01  ||grad||=2.060282e+09  tau=3.557e-13  beta=9.936e-01
[iter  462/500] obj=5.855437e+07  f=5.855437e+07  g=0.000000e+00  ||x||=2.380098e-01  ||grad||=2.059954e+09  tau=3.557e-13  beta=9.936e-01
[iter  463/500] obj=5.855999e+07  f=5.855999e+07  g=0.000000e+00  ||x||=2.382570e-01  ||grad||=2.059628e+09  tau=3.557e-13  beta=9.936e-01
[iter  464/500] obj=5.856562e+07  f=5.856562e+07  g=0.000000e+00  ||x||=2.385036e-01  ||grad||=2.059309e+09  tau=3.557e-13  beta=9.936e-01
[iter  465/500] obj=5.857117e+07  f=5.857117e+07  g=0.000000e+00  ||x||=2.387496e-01  ||grad||=2.058989e+09  tau=3.557e-13  beta=9.936e-01
[iter  466/500] obj=5.857666e+07  f=5.857666e+07  g=0.000000e+00  ||x||=2.389950e-01  ||grad||=2.058673e+09  tau=3.557e-13  beta=9.936e-01
[iter  467/500] obj=5.858213e+07  f=5.858213e+07  g=0.000000e+00  ||x||=2.392399e-01  ||grad||=2.058356e+09  tau=3.557e-13  beta=9.936e-01
[iter  468/500] obj=5.858755e+07  f=5.858755e+07  g=0.000000e+00  ||x||=2.394842e-01  ||grad||=2.058042e+09  tau=3.557e-13  beta=9.937e-01
[iter  469/500] obj=5.859296e+07  f=5.859296e+07  g=0.000000e+00  ||x||=2.397279e-01  ||grad||=2.057727e+09  tau=3.557e-13  beta=9.937e-01
[iter  470/500] obj=5.859836e+07  f=5.859836e+07  g=0.000000e+00  ||x||=2.399711e-01  ||grad||=2.057421e+09  tau=3.557e-13  beta=9.937e-01
[iter  471/500] obj=5.860383e+07  f=5.860383e+07  g=0.000000e+00  ||x||=2.402137e-01  ||grad||=2.057120e+09  tau=3.557e-13  beta=9.937e-01
[iter  472/500] obj=5.860917e+07  f=5.860917e+07  g=0.000000e+00  ||x||=2.404557e-01  ||grad||=2.056814e+09  tau=3.557e-13  beta=9.937e-01
[iter  473/500] obj=5.861442e+07  f=5.861442e+07  g=0.000000e+00  ||x||=2.406972e-01  ||grad||=2.056508e+09  tau=3.557e-13  beta=9.937e-01
[iter  474/500] obj=5.861967e+07  f=5.861967e+07  g=0.000000e+00  ||x||=2.409381e-01  ||grad||=2.056203e+09  tau=3.557e-13  beta=9.937e-01
[iter  475/500] obj=5.862486e+07  f=5.862486e+07  g=0.000000e+00  ||x||=2.411784e-01  ||grad||=2.055897e+09  tau=3.557e-13  beta=9.937e-01
[iter  476/500] obj=5.863011e+07  f=5.863011e+07  g=0.000000e+00  ||x||=2.414182e-01  ||grad||=2.055595e+09  tau=3.557e-13  beta=9.938e-01
[iter  477/500] obj=5.863517e+07  f=5.863517e+07  g=0.000000e+00  ||x||=2.416574e-01  ||grad||=2.055288e+09  tau=3.557e-13  beta=9.938e-01
[iter  478/500] obj=5.864022e+07  f=5.864022e+07  g=0.000000e+00  ||x||=2.418961e-01  ||grad||=2.054985e+09  tau=3.557e-13  beta=9.938e-01
[iter  479/500] obj=5.864514e+07  f=5.864514e+07  g=0.000000e+00  ||x||=2.421342e-01  ||grad||=2.054679e+09  tau=3.557e-13  beta=9.938e-01
[iter  480/500] obj=5.865010e+07  f=5.865010e+07  g=0.000000e+00  ||x||=2.423718e-01  ||grad||=2.054377e+09  tau=3.557e-13  beta=9.938e-01
[iter  481/500] obj=5.865502e+07  f=5.865502e+07  g=0.000000e+00  ||x||=2.426088e-01  ||grad||=2.054076e+09  tau=3.557e-13  beta=9.938e-01
[iter  482/500] obj=5.865977e+07  f=5.865977e+07  g=0.000000e+00  ||x||=2.428452e-01  ||grad||=2.053768e+09  tau=3.557e-13  beta=9.938e-01
[iter  483/500] obj=5.866462e+07  f=5.866462e+07  g=0.000000e+00  ||x||=2.430812e-01  ||grad||=2.053464e+09  tau=3.557e-13  beta=9.938e-01
[iter  484/500] obj=5.866946e+07  f=5.866946e+07  g=0.000000e+00  ||x||=2.433165e-01  ||grad||=2.053162e+09  tau=3.557e-13  beta=9.939e-01
[iter  485/500] obj=5.867442e+07  f=5.867442e+07  g=0.000000e+00  ||x||=2.435513e-01  ||grad||=2.052865e+09  tau=3.557e-13  beta=9.939e-01
[iter  486/500] obj=5.867914e+07  f=5.867914e+07  g=0.000000e+00  ||x||=2.437856e-01  ||grad||=2.052562e+09  tau=3.557e-13  beta=9.939e-01
[iter  487/500] obj=5.868391e+07  f=5.868391e+07  g=0.000000e+00  ||x||=2.440193e-01  ||grad||=2.052260e+09  tau=3.557e-13  beta=9.939e-01
[iter  488/500] obj=5.868871e+07  f=5.868871e+07  g=0.000000e+00  ||x||=2.442525e-01  ||grad||=2.051968e+09  tau=3.557e-13  beta=9.939e-01
[iter  489/500] obj=5.869341e+07  f=5.869341e+07  g=0.000000e+00  ||x||=2.444852e-01  ||grad||=2.051676e+09  tau=3.557e-13  beta=9.939e-01
[iter  490/500] obj=5.869815e+07  f=5.869815e+07  g=0.000000e+00  ||x||=2.447173e-01  ||grad||=2.051384e+09  tau=3.557e-13  beta=9.939e-01
[iter  491/500] obj=5.870290e+07  f=5.870290e+07  g=0.000000e+00  ||x||=2.449489e-01  ||grad||=2.051094e+09  tau=3.557e-13  beta=9.939e-01
[iter  492/500] obj=5.870750e+07  f=5.870750e+07  g=0.000000e+00  ||x||=2.451799e-01  ||grad||=2.050799e+09  tau=3.557e-13  beta=9.940e-01
[iter  493/500] obj=5.871204e+07  f=5.871204e+07  g=0.000000e+00  ||x||=2.454104e-01  ||grad||=2.050505e+09  tau=3.557e-13  beta=9.940e-01
[iter  494/500] obj=5.871666e+07  f=5.871666e+07  g=0.000000e+00  ||x||=2.456404e-01  ||grad||=2.050214e+09  tau=3.557e-13  beta=9.940e-01
[iter  495/500] obj=5.872126e+07  f=5.872126e+07  g=0.000000e+00  ||x||=2.458698e-01  ||grad||=2.049924e+09  tau=3.557e-13  beta=9.940e-01
[iter  496/500] obj=5.872586e+07  f=5.872586e+07  g=0.000000e+00  ||x||=2.460988e-01  ||grad||=2.049636e+09  tau=3.557e-13  beta=9.940e-01
[iter  497/500] obj=5.873029e+07  f=5.873029e+07  g=0.000000e+00  ||x||=2.463271e-01  ||grad||=2.049343e+09  tau=3.557e-13  beta=9.940e-01
[iter  498/500] obj=5.873471e+07  f=5.873471e+07  g=0.000000e+00  ||x||=2.465550e-01  ||grad||=2.049055e+09  tau=3.557e-13  beta=9.940e-01
[iter  499/500] obj=5.873932e+07  f=5.873932e+07  g=0.000000e+00  ||x||=2.467823e-01  ||grad||=2.048777e+09  tau=3.557e-13  beta=9.940e-01
[iter  500/500] obj=5.874395e+07  f=5.874395e+07  g=0.000000e+00  ||x||=2.470091e-01  ||grad||=2.048503e+09  tau=3.557e-13  beta=9.941e-01
All outputs saved in: /work3/msaca/textomo_run_009

------------------------------------------------------------
Sender: LSF System <lsfadmin@hpc.dtu.dk>
Subject: Job 27605569: <TextureTomography> in cluster <dcc> Done

Job <TextureTomography> was submitted from host <gbarlogin1> by user <msaca> in cluster <dcc> at Wed Jan 14 11:31:07 2026
Job was executed on host(s) <8*n-62-12-21>, in queue <gpua100>, as user <msaca> in cluster <dcc> at Wed Jan 14 12:10:24 2026
</zhome/71/c/146676> was used as the home directory.
</zhome/71/c/146676/texture_tomography/jobscripts> was used as the working directory.
Started at Wed Jan 14 12:10:24 2026
Terminated at Wed Jan 14 14:06:43 2026
Results reported at Wed Jan 14 14:06:43 2026

Your job looked like:

------------------------------------------------------------
# LSBATCH: User input
#!/bin/bash
#BSUB -J TextureTomography
#BSUB -q gpua100
#BSUB -gpu "num=1:mode=exclusive_process"
#BSUB -n 8
#BSUB -R "span[hosts=1]"
#BSUB -R "rusage[mem=2000]"        # 40 GB host RAM
#BSUB -M 2000                      # hard memory limit
#BSUB -W 15:00
#BSUB -oo log/%J.out
#BSUB -eo error/%J.err

# initialize conda
export PATH="/zhome/71/c/146676/miniconda3/bin:$PATH"
source /zhome/71/c/146676/miniconda3/etc/profile.d/conda.sh

conda activate cil

python ../scripts/textomo1.py

------------------------------------------------------------

Successfully completed.

Resource usage summary:

    CPU time :                                   7109.34 sec.
    Max Memory :                                 5740 MB
    Average Memory :                             3830.32 MB
    Total Requested Memory :                     16000.00 MB
    Delta Memory :                               10260.00 MB
    Max Swap :                                   -
    Max Processes :                              5
    Max Threads :                                20
    Run time :                                   6979 sec.
    Turnaround time :                            9336 sec.

The output (if any) is above this job summary.



PS:

Read file <error/27605569.err> for stderr output of this job.

