INFO:Setting the number of threads to 8. If your physical cores are fewer than this number, you may want to use numba.set_num_threads(n), and os.environ["OPENBLAS_NUM_THREADS"] = f"{n}" to set the number of threads to the number of physical cores n.
INFO:Setting numba log level to WARNING.

------------------------------------------------------------
Sender: LSF System <lsfadmin@hpc.dtu.dk>
Subject: Job 27608305: <TextureTomography> in cluster <dcc> Exited

Job <TextureTomography> was submitted from host <gbarlogin1> by user <msaca> in cluster <dcc> at Wed Jan 14 15:43:54 2026
Job was executed on host(s) <8*n-62-18-12>, in queue <gpua100>, as user <msaca> in cluster <dcc> at Wed Jan 14 17:30:55 2026
</zhome/71/c/146676> was used as the home directory.
</zhome/71/c/146676/texture_tomography/jobscripts> was used as the working directory.
Started at Wed Jan 14 17:30:55 2026
Terminated at Wed Jan 14 17:33:26 2026
Results reported at Wed Jan 14 17:33:26 2026

Your job looked like:

------------------------------------------------------------
# LSBATCH: User input
#!/bin/bash
#BSUB -J TextureTomography
#BSUB -q gpua100
#BSUB -gpu "num=1:mode=exclusive_process"
#BSUB -n 8
#BSUB -R "span[hosts=1]"
#BSUB -R "rusage[mem=2000]"        # 40 GB host RAM
#BSUB -M 2000                      # hard memory limit
#BSUB -W 15:00
#BSUB -oo log/%J.out
#BSUB -eo error/%J.err

# initialize conda
export PATH="/zhome/71/c/146676/miniconda3/bin:$PATH"
source /zhome/71/c/146676/miniconda3/etc/profile.d/conda.sh

conda activate cil

python ../scripts/textomo1.py

------------------------------------------------------------

TERM_MEMLIMIT: job killed after reaching LSF memory usage limit.
Exited with exit code 137.

Resource usage summary:

    CPU time :                                   72.52 sec.
    Max Memory :                                 16000 MB
    Average Memory :                             10675.00 MB
    Total Requested Memory :                     16000.00 MB
    Delta Memory :                               0.00 MB
    Max Swap :                                   -
    Max Processes :                              4
    Max Threads :                                12
    Run time :                                   152 sec.
    Turnaround time :                            6572 sec.

The output (if any) is above this job summary.



PS:

Read file <error/27608305.err> for stderr output of this job.

