INFO:Setting the number of threads to 8. If your physical cores are fewer than this number, you may want to use numba.set_num_threads(n), and os.environ["OPENBLAS_NUM_THREADS"] = f"{n}" to set the number of threads to the number of physical cores n.
INFO:Setting numba log level to WARNING.
Saving results to: /work3/msaca/textomo_run_011
0.3562848439565492
[0.15253486 0.17618918 0.24949357 0.29284424 0.3858888 ]

=== OpenCL buffer allocation summary ===
coeffs_sino_F                 : shape=(148x500x596),   168.24 MB
coeffs_sino_C                 : shape=(500x148x596),   168.24 MB
_coeffs_batch_F               : shape=(148x148x596),    49.80 MB
_basis_batch_kmax             : shape=(500x596x180x5),  1023.10 MB
_basis_batch_transpose_kmax   : shape=(500x900x596),  1023.10 MB
_grid_inv_kmax                : shape=(596x9),     0.02 MB
_inv_sigma2_kmax              : shape=(596),     0.00 MB
_norm_factor_kmax             : shape=(596),     0.00 MB
---------------------------------------
TOTAL GPU buffer memory:  2432.52 MB
=======================================

[power 01] L_est=5.846833e+07  ||z||=2.142465e+09
[power 02] L_est=8.952614e+11  ||z||=1.652696e+12
[power 03] L_est=4.554951e+12  ||z||=4.963081e+12
[power 04] L_est=6.113137e+12  ||z||=6.473407e+12
[power 05] L_est=7.640541e+12  ||z||=8.002831e+12
[power 06] L_est=8.986303e+12  ||z||=9.199181e+12
[power 07] L_est=9.696010e+12  ||z||=9.780446e+12
[power 08] L_est=9.965161e+12  ||z||=9.993781e+12
[power 09] L_est=1.005525e+13  ||z||=1.006456e+13
[power 10] L_est=1.008455e+13  ||z||=1.008760e+13
[power 11] L_est=1.009415e+13  ||z||=1.009517e+13
[power 12] L_est=1.009736e+13  ||z||=1.009771e+13
[power 13] L_est=1.009846e+13  ||z||=1.009858e+13
[power 14] L_est=1.009885e+13  ||z||=1.009890e+13
[power 15] L_est=1.009899e+13  ||z||=1.009901e+13
[power 16] L_est=1.009905e+13  ||z||=1.009905e+13
[power 17] L_est=1.009907e+13  ||z||=1.009907e+13
[power 18] L_est=1.009908e+13  ||z||=1.009908e+13
[power 19] L_est=1.009908e+13  ||z||=1.009909e+13
[power 20] L_est=1.009909e+13  ||z||=1.009909e+13
[iter    1/500] obj=1.107525e+08  f=1.107525e+08  g=0.000000e+00  ||x||=5.847512e-04  ||grad||=6.495997e+09  tau=9.002e-14  beta=0.000e+00
[iter    2/500] obj=1.076749e+08  f=1.076749e+08  g=0.000000e+00  ||x||=9.587866e-04  ||grad||=4.346380e+09  tau=9.002e-14  beta=2.818e-01
[iter    3/500] obj=1.057934e+08  f=1.057934e+08  g=0.000000e+00  ||x||=1.335770e-03  ||grad||=3.335825e+09  tau=9.002e-14  beta=4.340e-01
[iter    4/500] obj=1.043710e+08  f=1.043710e+08  g=0.000000e+00  ||x||=1.716326e-03  ||grad||=2.834148e+09  tau=9.002e-14  beta=5.311e-01
[iter    5/500] obj=1.031763e+08  f=1.031763e+08  g=0.000000e+00  ||x||=2.101848e-03  ||grad||=2.567621e+09  tau=9.002e-14  beta=5.988e-01
[iter    6/500] obj=1.021340e+08  f=1.021340e+08  g=0.000000e+00  ||x||=2.491922e-03  ||grad||=2.425363e+09  tau=9.002e-14  beta=6.489e-01
[iter    7/500] obj=1.012089e+08  f=1.012089e+08  g=0.000000e+00  ||x||=2.885138e-03  ||grad||=2.360453e+09  tau=9.002e-14  beta=6.876e-01
[iter    8/500] obj=1.003769e+08  f=1.003769e+08  g=0.000000e+00  ||x||=3.280090e-03  ||grad||=2.344192e+09  tau=9.002e-14  beta=7.185e-01
[iter    9/500] obj=9.962138e+07  f=9.962138e+07  g=0.000000e+00  ||x||=3.675630e-03  ||grad||=2.357531e+09  tau=9.002e-14  beta=7.437e-01
[iter   10/500] obj=9.893029e+07  f=9.893029e+07  g=0.000000e+00  ||x||=4.070847e-03  ||grad||=2.388378e+09  tau=9.002e-14  beta=7.647e-01
[iter   11/500] obj=9.829442e+07  f=9.829442e+07  g=0.000000e+00  ||x||=4.465031e-03  ||grad||=2.428962e+09  tau=9.002e-14  beta=7.824e-01
[iter   12/500] obj=9.770637e+07  f=9.770637e+07  g=0.000000e+00  ||x||=4.857644e-03  ||grad||=2.474488e+09  tau=9.002e-14  beta=7.976e-01
[iter   13/500] obj=9.715985e+07  f=9.715985e+07  g=0.000000e+00  ||x||=5.248303e-03  ||grad||=2.521740e+09  tau=9.002e-14  beta=8.108e-01
[iter   14/500] obj=9.664978e+07  f=9.664978e+07  g=0.000000e+00  ||x||=5.636747e-03  ||grad||=2.568772e+09  tau=9.002e-14  beta=8.224e-01
[iter   15/500] obj=9.617194e+07  f=9.617194e+07  g=0.000000e+00  ||x||=6.022813e-03  ||grad||=2.614415e+09  tau=9.002e-14  beta=8.326e-01
[iter   16/500] obj=9.572288e+07  f=9.572288e+07  g=0.000000e+00  ||x||=6.406400e-03  ||grad||=2.658099e+09  tau=9.002e-14  beta=8.417e-01
[iter   17/500] obj=9.529967e+07  f=9.529967e+07  g=0.000000e+00  ||x||=6.787460e-03  ||grad||=2.699476e+09  tau=9.002e-14  beta=8.498e-01
[iter   18/500] obj=9.489977e+07  f=9.489977e+07  g=0.000000e+00  ||x||=7.165977e-03  ||grad||=2.738399e+09  tau=9.002e-14  beta=8.571e-01
[iter   19/500] obj=9.452107e+07  f=9.452107e+07  g=0.000000e+00  ||x||=7.541957e-03  ||grad||=2.774901e+09  tau=9.002e-14  beta=8.638e-01
[iter   20/500] obj=9.416180e+07  f=9.416180e+07  g=0.000000e+00  ||x||=7.915415e-03  ||grad||=2.809118e+09  tau=9.002e-14  beta=8.698e-01
[iter   21/500] obj=9.382029e+07  f=9.382029e+07  g=0.000000e+00  ||x||=8.286379e-03  ||grad||=2.841162e+09  tau=9.002e-14  beta=8.754e-01
[iter   22/500] obj=9.349504e+07  f=9.349504e+07  g=0.000000e+00  ||x||=8.654887e-03  ||grad||=2.871069e+09  tau=9.002e-14  beta=8.804e-01
[iter   23/500] obj=9.318480e+07  f=9.318480e+07  g=0.000000e+00  ||x||=9.020977e-03  ||grad||=2.899055e+09  tau=9.002e-14  beta=8.851e-01
[iter   24/500] obj=9.288845e+07  f=9.288845e+07  g=0.000000e+00  ||x||=9.384695e-03  ||grad||=2.925216e+09  tau=9.002e-14  beta=8.894e-01
[iter   25/500] obj=9.260490e+07  f=9.260490e+07  g=0.000000e+00  ||x||=9.746090e-03  ||grad||=2.949639e+09  tau=9.002e-14  beta=8.934e-01
[iter   26/500] obj=9.233331e+07  f=9.233331e+07  g=0.000000e+00  ||x||=1.010521e-02  ||grad||=2.972546e+09  tau=9.002e-14  beta=8.971e-01
[iter   27/500] obj=9.207288e+07  f=9.207288e+07  g=0.000000e+00  ||x||=1.046210e-02  ||grad||=2.994019e+09  tau=9.002e-14  beta=9.006e-01
[iter   28/500] obj=9.182278e+07  f=9.182278e+07  g=0.000000e+00  ||x||=1.081682e-02  ||grad||=3.014142e+09  tau=9.002e-14  beta=9.038e-01
[iter   29/500] obj=9.158235e+07  f=9.158235e+07  g=0.000000e+00  ||x||=1.116941e-02  ||grad||=3.033062e+09  tau=9.002e-14  beta=9.069e-01
[iter   30/500] obj=9.135099e+07  f=9.135099e+07  g=0.000000e+00  ||x||=1.151993e-02  ||grad||=3.050870e+09  tau=9.002e-14  beta=9.097e-01
[iter   31/500] obj=9.112812e+07  f=9.112812e+07  g=0.000000e+00  ||x||=1.186841e-02  ||grad||=3.067603e+09  tau=9.002e-14  beta=9.124e-01
[iter   32/500] obj=9.091322e+07  f=9.091322e+07  g=0.000000e+00  ||x||=1.221492e-02  ||grad||=3.083356e+09  tau=9.002e-14  beta=9.149e-01
[iter   33/500] obj=9.070586e+07  f=9.070586e+07  g=0.000000e+00  ||x||=1.255949e-02  ||grad||=3.098244e+09  tau=9.002e-14  beta=9.173e-01
[iter   34/500] obj=9.050565e+07  f=9.050565e+07  g=0.000000e+00  ||x||=1.290217e-02  ||grad||=3.112361e+09  tau=9.002e-14  beta=9.195e-01
[iter   35/500] obj=9.031210e+07  f=9.031210e+07  g=0.000000e+00  ||x||=1.324301e-02  ||grad||=3.125656e+09  tau=9.002e-14  beta=9.217e-01
[iter   36/500] obj=9.012490e+07  f=9.012490e+07  g=0.000000e+00  ||x||=1.358204e-02  ||grad||=3.138275e+09  tau=9.002e-14  beta=9.237e-01
[iter   37/500] obj=8.994370e+07  f=8.994370e+07  g=0.000000e+00  ||x||=1.391931e-02  ||grad||=3.150246e+09  tau=9.002e-14  beta=9.256e-01
[iter   38/500] obj=8.976816e+07  f=8.976816e+07  g=0.000000e+00  ||x||=1.425485e-02  ||grad||=3.161616e+09  tau=9.002e-14  beta=9.274e-01
[iter   39/500] obj=8.959799e+07  f=8.959799e+07  g=0.000000e+00  ||x||=1.458871e-02  ||grad||=3.172388e+09  tau=9.002e-14  beta=9.292e-01
[iter   40/500] obj=8.943296e+07  f=8.943296e+07  g=0.000000e+00  ||x||=1.492091e-02  ||grad||=3.182656e+09  tau=9.002e-14  beta=9.308e-01
[iter   41/500] obj=8.927283e+07  f=8.927283e+07  g=0.000000e+00  ||x||=1.525150e-02  ||grad||=3.192454e+09  tau=9.002e-14  beta=9.324e-01
[iter   42/500] obj=8.911737e+07  f=8.911737e+07  g=0.000000e+00  ||x||=1.558050e-02  ||grad||=3.201829e+09  tau=9.002e-14  beta=9.339e-01
[iter   43/500] obj=8.896638e+07  f=8.896638e+07  g=0.000000e+00  ||x||=1.590794e-02  ||grad||=3.210815e+09  tau=9.002e-14  beta=9.353e-01
[iter   44/500] obj=8.881963e+07  f=8.881963e+07  g=0.000000e+00  ||x||=1.623384e-02  ||grad||=3.219401e+09  tau=9.002e-14  beta=9.367e-01
[iter   45/500] obj=8.867690e+07  f=8.867690e+07  g=0.000000e+00  ||x||=1.655823e-02  ||grad||=3.227612e+09  tau=9.002e-14  beta=9.380e-01
[iter   46/500] obj=8.853803e+07  f=8.853803e+07  g=0.000000e+00  ||x||=1.688114e-02  ||grad||=3.235451e+09  tau=9.002e-14  beta=9.393e-01
[iter   47/500] obj=8.840285e+07  f=8.840285e+07  g=0.000000e+00  ||x||=1.720258e-02  ||grad||=3.242947e+09  tau=9.002e-14  beta=9.405e-01
[iter   48/500] obj=8.827118e+07  f=8.827118e+07  g=0.000000e+00  ||x||=1.752259e-02  ||grad||=3.250143e+09  tau=9.002e-14  beta=9.417e-01
[iter   49/500] obj=8.814294e+07  f=8.814294e+07  g=0.000000e+00  ||x||=1.784118e-02  ||grad||=3.257092e+09  tau=9.002e-14  beta=9.428e-01
[iter   50/500] obj=8.801795e+07  f=8.801795e+07  g=0.000000e+00  ||x||=1.815838e-02  ||grad||=3.263781e+09  tau=9.002e-14  beta=9.439e-01
[iter   51/500] obj=8.789606e+07  f=8.789606e+07  g=0.000000e+00  ||x||=1.847419e-02  ||grad||=3.270202e+09  tau=9.002e-14  beta=9.449e-01
[iter   52/500] obj=8.777716e+07  f=8.777716e+07  g=0.000000e+00  ||x||=1.878865e-02  ||grad||=3.276390e+09  tau=9.002e-14  beta=9.459e-01
[iter   53/500] obj=8.766113e+07  f=8.766113e+07  g=0.000000e+00  ||x||=1.910176e-02  ||grad||=3.282331e+09  tau=9.002e-14  beta=9.469e-01
[iter   54/500] obj=8.754787e+07  f=8.754787e+07  g=0.000000e+00  ||x||=1.941355e-02  ||grad||=3.288067e+09  tau=9.002e-14  beta=9.478e-01
[iter   55/500] obj=8.743723e+07  f=8.743723e+07  g=0.000000e+00  ||x||=1.972403e-02  ||grad||=3.293560e+09  tau=9.002e-14  beta=9.487e-01
[iter   56/500] obj=8.732918e+07  f=8.732918e+07  g=0.000000e+00  ||x||=2.003322e-02  ||grad||=3.298870e+09  tau=9.002e-14  beta=9.496e-01
[iter   57/500] obj=8.722358e+07  f=8.722358e+07  g=0.000000e+00  ||x||=2.034114e-02  ||grad||=3.303983e+09  tau=9.002e-14  beta=9.504e-01
[iter   58/500] obj=8.712038e+07  f=8.712038e+07  g=0.000000e+00  ||x||=2.064779e-02  ||grad||=3.308931e+09  tau=9.002e-14  beta=9.513e-01
[iter   59/500] obj=8.701947e+07  f=8.701947e+07  g=0.000000e+00  ||x||=2.095320e-02  ||grad||=3.313727e+09  tau=9.002e-14  beta=9.520e-01
[iter   60/500] obj=8.692078e+07  f=8.692078e+07  g=0.000000e+00  ||x||=2.125737e-02  ||grad||=3.318377e+09  tau=9.002e-14  beta=9.528e-01
[iter   61/500] obj=8.682422e+07  f=8.682422e+07  g=0.000000e+00  ||x||=2.156032e-02  ||grad||=3.322864e+09  tau=9.002e-14  beta=9.535e-01
[iter   62/500] obj=8.672970e+07  f=8.672970e+07  g=0.000000e+00  ||x||=2.186205e-02  ||grad||=3.327180e+09  tau=9.002e-14  beta=9.542e-01
[iter   63/500] obj=8.663718e+07  f=8.663718e+07  g=0.000000e+00  ||x||=2.216260e-02  ||grad||=3.331364e+09  tau=9.002e-14  beta=9.549e-01
[iter   64/500] obj=8.654660e+07  f=8.654660e+07  g=0.000000e+00  ||x||=2.246195e-02  ||grad||=3.335412e+09  tau=9.002e-14  beta=9.556e-01
[iter   65/500] obj=8.645788e+07  f=8.645788e+07  g=0.000000e+00  ||x||=2.276013e-02  ||grad||=3.339342e+09  tau=9.002e-14  beta=9.563e-01
[iter   66/500] obj=8.637094e+07  f=8.637094e+07  g=0.000000e+00  ||x||=2.305714e-02  ||grad||=3.343129e+09  tau=9.002e-14  beta=9.569e-01
[iter   67/500] obj=8.628576e+07  f=8.628576e+07  g=0.000000e+00  ||x||=2.335300e-02  ||grad||=3.346790e+09  tau=9.002e-14  beta=9.575e-01
[iter   68/500] obj=8.620227e+07  f=8.620227e+07  g=0.000000e+00  ||x||=2.364772e-02  ||grad||=3.350355e+09  tau=9.002e-14  beta=9.581e-01
[iter   69/500] obj=8.612041e+07  f=8.612041e+07  g=0.000000e+00  ||x||=2.394131e-02  ||grad||=3.353791e+09  tau=9.002e-14  beta=9.587e-01
[iter   70/500] obj=8.604016e+07  f=8.604016e+07  g=0.000000e+00  ||x||=2.423377e-02  ||grad||=3.357140e+09  tau=9.002e-14  beta=9.593e-01
[iter   71/500] obj=8.596143e+07  f=8.596143e+07  g=0.000000e+00  ||x||=2.452511e-02  ||grad||=3.360375e+09  tau=9.002e-14  beta=9.598e-01
[iter   72/500] obj=8.588418e+07  f=8.588418e+07  g=0.000000e+00  ||x||=2.481536e-02  ||grad||=3.363504e+09  tau=9.002e-14  beta=9.603e-01
[iter   73/500] obj=8.580837e+07  f=8.580837e+07  g=0.000000e+00  ||x||=2.510451e-02  ||grad||=3.366518e+09  tau=9.002e-14  beta=9.609e-01
[iter   74/500] obj=8.573395e+07  f=8.573395e+07  g=0.000000e+00  ||x||=2.539258e-02  ||grad||=3.369438e+09  tau=9.002e-14  beta=9.614e-01
[iter   75/500] obj=8.566090e+07  f=8.566090e+07  g=0.000000e+00  ||x||=2.567958e-02  ||grad||=3.372250e+09  tau=9.002e-14  beta=9.619e-01
[iter   76/500] obj=8.558917e+07  f=8.558917e+07  g=0.000000e+00  ||x||=2.596551e-02  ||grad||=3.374979e+09  tau=9.002e-14  beta=9.623e-01
[iter   77/500] obj=8.551872e+07  f=8.551872e+07  g=0.000000e+00  ||x||=2.625040e-02  ||grad||=3.377619e+09  tau=9.002e-14  beta=9.628e-01
[iter   78/500] obj=8.544952e+07  f=8.544952e+07  g=0.000000e+00  ||x||=2.653425e-02  ||grad||=3.380174e+09  tau=9.002e-14  beta=9.633e-01
[iter   79/500] obj=8.538154e+07  f=8.538154e+07  g=0.000000e+00  ||x||=2.681706e-02  ||grad||=3.382641e+09  tau=9.002e-14  beta=9.637e-01
[iter   80/500] obj=8.531470e+07  f=8.531470e+07  g=0.000000e+00  ||x||=2.709886e-02  ||grad||=3.385003e+09  tau=9.002e-14  beta=9.642e-01
[iter   81/500] obj=8.524902e+07  f=8.524902e+07  g=0.000000e+00  ||x||=2.737964e-02  ||grad||=3.387277e+09  tau=9.002e-14  beta=9.646e-01
[iter   82/500] obj=8.518445e+07  f=8.518445e+07  g=0.000000e+00  ||x||=2.765943e-02  ||grad||=3.389501e+09  tau=9.002e-14  beta=9.650e-01
[iter   83/500] obj=8.512097e+07  f=8.512097e+07  g=0.000000e+00  ||x||=2.793823e-02  ||grad||=3.391643e+09  tau=9.002e-14  beta=9.654e-01
[iter   84/500] obj=8.505854e+07  f=8.505854e+07  g=0.000000e+00  ||x||=2.821605e-02  ||grad||=3.393729e+09  tau=9.002e-14  beta=9.658e-01
[iter   85/500] obj=8.499715e+07  f=8.499715e+07  g=0.000000e+00  ||x||=2.849290e-02  ||grad||=3.395734e+09  tau=9.002e-14  beta=9.662e-01
[iter   86/500] obj=8.493677e+07  f=8.493677e+07  g=0.000000e+00  ||x||=2.876879e-02  ||grad||=3.397682e+09  tau=9.002e-14  beta=9.666e-01
[iter   87/500] obj=8.487737e+07  f=8.487737e+07  g=0.000000e+00  ||x||=2.904373e-02  ||grad||=3.399575e+09  tau=9.002e-14  beta=9.669e-01
[iter   88/500] obj=8.481893e+07  f=8.481893e+07  g=0.000000e+00  ||x||=2.931774e-02  ||grad||=3.401412e+09  tau=9.002e-14  beta=9.673e-01
[iter   89/500] obj=8.476141e+07  f=8.476141e+07  g=0.000000e+00  ||x||=2.959081e-02  ||grad||=3.403197e+09  tau=9.002e-14  beta=9.677e-01
[iter   90/500] obj=8.470480e+07  f=8.470480e+07  g=0.000000e+00  ||x||=2.986296e-02  ||grad||=3.404923e+09  tau=9.002e-14  beta=9.680e-01
[iter   91/500] obj=8.464909e+07  f=8.464909e+07  g=0.000000e+00  ||x||=3.013419e-02  ||grad||=3.406612e+09  tau=9.002e-14  beta=9.683e-01
[iter   92/500] obj=8.459426e+07  f=8.459426e+07  g=0.000000e+00  ||x||=3.040452e-02  ||grad||=3.408277e+09  tau=9.002e-14  beta=9.687e-01
[iter   93/500] obj=8.454026e+07  f=8.454026e+07  g=0.000000e+00  ||x||=3.067395e-02  ||grad||=3.409891e+09  tau=9.002e-14  beta=9.690e-01
[iter   94/500] obj=8.448708e+07  f=8.448708e+07  g=0.000000e+00  ||x||=3.094250e-02  ||grad||=3.411468e+09  tau=9.002e-14  beta=9.693e-01
[iter   95/500] obj=8.443472e+07  f=8.443472e+07  g=0.000000e+00  ||x||=3.121015e-02  ||grad||=3.413011e+09  tau=9.002e-14  beta=9.696e-01
[iter   96/500] obj=8.438314e+07  f=8.438314e+07  g=0.000000e+00  ||x||=3.147694e-02  ||grad||=3.414496e+09  tau=9.002e-14  beta=9.699e-01
[iter   97/500] obj=8.433232e+07  f=8.433232e+07  g=0.000000e+00  ||x||=3.174286e-02  ||grad||=3.415939e+09  tau=9.002e-14  beta=9.702e-01
[iter   98/500] obj=8.428224e+07  f=8.428224e+07  g=0.000000e+00  ||x||=3.200791e-02  ||grad||=3.417338e+09  tau=9.002e-14  beta=9.705e-01
[iter   99/500] obj=8.423289e+07  f=8.423289e+07  g=0.000000e+00  ||x||=3.227212e-02  ||grad||=3.418689e+09  tau=9.002e-14  beta=9.708e-01
[iter  100/500] obj=8.418427e+07  f=8.418427e+07  g=0.000000e+00  ||x||=3.253548e-02  ||grad||=3.420018e+09  tau=9.002e-14  beta=9.711e-01
[iter  101/500] obj=8.413635e+07  f=8.413635e+07  g=0.000000e+00  ||x||=3.279801e-02  ||grad||=3.421320e+09  tau=9.002e-14  beta=9.714e-01
[iter  102/500] obj=8.408914e+07  f=8.408914e+07  g=0.000000e+00  ||x||=3.305970e-02  ||grad||=3.422590e+09  tau=9.002e-14  beta=9.716e-01
[iter  103/500] obj=8.404259e+07  f=8.404259e+07  g=0.000000e+00  ||x||=3.332057e-02  ||grad||=3.423834e+09  tau=9.002e-14  beta=9.719e-01
[iter  104/500] obj=8.399670e+07  f=8.399670e+07  g=0.000000e+00  ||x||=3.358062e-02  ||grad||=3.425039e+09  tau=9.002e-14  beta=9.722e-01
[iter  105/500] obj=8.395146e+07  f=8.395146e+07  g=0.000000e+00  ||x||=3.383986e-02  ||grad||=3.426217e+09  tau=9.002e-14  beta=9.724e-01
[iter  106/500] obj=8.390684e+07  f=8.390684e+07  g=0.000000e+00  ||x||=3.409829e-02  ||grad||=3.427356e+09  tau=9.002e-14  beta=9.727e-01
[iter  107/500] obj=8.386285e+07  f=8.386285e+07  g=0.000000e+00  ||x||=3.435593e-02  ||grad||=3.428472e+09  tau=9.002e-14  beta=9.729e-01
[iter  108/500] obj=8.381947e+07  f=8.381947e+07  g=0.000000e+00  ||x||=3.461277e-02  ||grad||=3.429561e+09  tau=9.002e-14  beta=9.732e-01
[iter  109/500] obj=8.377668e+07  f=8.377668e+07  g=0.000000e+00  ||x||=3.486882e-02  ||grad||=3.430633e+09  tau=9.002e-14  beta=9.734e-01
[iter  110/500] obj=8.373449e+07  f=8.373449e+07  g=0.000000e+00  ||x||=3.512409e-02  ||grad||=3.431698e+09  tau=9.002e-14  beta=9.736e-01
[iter  111/500] obj=8.369286e+07  f=8.369286e+07  g=0.000000e+00  ||x||=3.537857e-02  ||grad||=3.432733e+09  tau=9.002e-14  beta=9.739e-01
[iter  112/500] obj=8.365178e+07  f=8.365178e+07  g=0.000000e+00  ||x||=3.563229e-02  ||grad||=3.433734e+09  tau=9.002e-14  beta=9.741e-01
[iter  113/500] obj=8.361126e+07  f=8.361126e+07  g=0.000000e+00  ||x||=3.588523e-02  ||grad||=3.434729e+09  tau=9.002e-14  beta=9.743e-01
[iter  114/500] obj=8.357128e+07  f=8.357128e+07  g=0.000000e+00  ||x||=3.613741e-02  ||grad||=3.435688e+09  tau=9.002e-14  beta=9.745e-01
[iter  115/500] obj=8.353182e+07  f=8.353182e+07  g=0.000000e+00  ||x||=3.638883e-02  ||grad||=3.436625e+09  tau=9.002e-14  beta=9.748e-01
[iter  116/500] obj=8.349289e+07  f=8.349289e+07  g=0.000000e+00  ||x||=3.663949e-02  ||grad||=3.437554e+09  tau=9.002e-14  beta=9.750e-01
[iter  117/500] obj=8.345446e+07  f=8.345446e+07  g=0.000000e+00  ||x||=3.688940e-02  ||grad||=3.438454e+09  tau=9.002e-14  beta=9.752e-01
[iter  118/500] obj=8.341650e+07  f=8.341650e+07  g=0.000000e+00  ||x||=3.713856e-02  ||grad||=3.439324e+09  tau=9.002e-14  beta=9.754e-01
[iter  119/500] obj=8.337905e+07  f=8.337905e+07  g=0.000000e+00  ||x||=3.738698e-02  ||grad||=3.440175e+09  tau=9.002e-14  beta=9.756e-01
[iter  120/500] obj=8.334206e+07  f=8.334206e+07  g=0.000000e+00  ||x||=3.763466e-02  ||grad||=3.441011e+09  tau=9.002e-14  beta=9.758e-01
[iter  121/500] obj=8.330555e+07  f=8.330555e+07  g=0.000000e+00  ||x||=3.788161e-02  ||grad||=3.441823e+09  tau=9.002e-14  beta=9.760e-01
[iter  122/500] obj=8.326950e+07  f=8.326950e+07  g=0.000000e+00  ||x||=3.812783e-02  ||grad||=3.442614e+09  tau=9.002e-14  beta=9.762e-01
[iter  123/500] obj=8.323388e+07  f=8.323388e+07  g=0.000000e+00  ||x||=3.837333e-02  ||grad||=3.443370e+09  tau=9.002e-14  beta=9.764e-01
[iter  124/500] obj=8.319871e+07  f=8.319871e+07  g=0.000000e+00  ||x||=3.861810e-02  ||grad||=3.444106e+09  tau=9.002e-14  beta=9.765e-01
[iter  125/500] obj=8.316398e+07  f=8.316398e+07  g=0.000000e+00  ||x||=3.886215e-02  ||grad||=3.444817e+09  tau=9.002e-14  beta=9.767e-01
[iter  126/500] obj=8.312966e+07  f=8.312966e+07  g=0.000000e+00  ||x||=3.910550e-02  ||grad||=3.445509e+09  tau=9.002e-14  beta=9.769e-01
[iter  127/500] obj=8.309575e+07  f=8.309575e+07  g=0.000000e+00  ||x||=3.934814e-02  ||grad||=3.446187e+09  tau=9.002e-14  beta=9.771e-01
[iter  128/500] obj=8.306226e+07  f=8.306226e+07  g=0.000000e+00  ||x||=3.959007e-02  ||grad||=3.446840e+09  tau=9.002e-14  beta=9.773e-01
[iter  129/500] obj=8.302915e+07  f=8.302915e+07  g=0.000000e+00  ||x||=3.983131e-02  ||grad||=3.447480e+09  tau=9.002e-14  beta=9.774e-01
[iter  130/500] obj=8.299646e+07  f=8.299646e+07  g=0.000000e+00  ||x||=4.007185e-02  ||grad||=3.448100e+09  tau=9.002e-14  beta=9.776e-01
[iter  131/500] obj=8.296414e+07  f=8.296414e+07  g=0.000000e+00  ||x||=4.031170e-02  ||grad||=3.448715e+09  tau=9.002e-14  beta=9.778e-01
[iter  132/500] obj=8.293222e+07  f=8.293222e+07  g=0.000000e+00  ||x||=4.055087e-02  ||grad||=3.449313e+09  tau=9.002e-14  beta=9.779e-01
[iter  133/500] obj=8.290067e+07  f=8.290067e+07  g=0.000000e+00  ||x||=4.078935e-02  ||grad||=3.449896e+09  tau=9.002e-14  beta=9.781e-01
[iter  134/500] obj=8.286950e+07  f=8.286950e+07  g=0.000000e+00  ||x||=4.102715e-02  ||grad||=3.450474e+09  tau=9.002e-14  beta=9.783e-01
[iter  135/500] obj=8.283869e+07  f=8.283869e+07  g=0.000000e+00  ||x||=4.126428e-02  ||grad||=3.451050e+09  tau=9.002e-14  beta=9.784e-01
[iter  136/500] obj=8.280822e+07  f=8.280822e+07  g=0.000000e+00  ||x||=4.150074e-02  ||grad||=3.451593e+09  tau=9.002e-14  beta=9.786e-01
[iter  137/500] obj=8.277812e+07  f=8.277812e+07  g=0.000000e+00  ||x||=4.173654e-02  ||grad||=3.452129e+09  tau=9.002e-14  beta=9.787e-01
[iter  138/500] obj=8.274835e+07  f=8.274835e+07  g=0.000000e+00  ||x||=4.197166e-02  ||grad||=3.452643e+09  tau=9.002e-14  beta=9.789e-01
[iter  139/500] obj=8.271894e+07  f=8.271894e+07  g=0.000000e+00  ||x||=4.220613e-02  ||grad||=3.453151e+09  tau=9.002e-14  beta=9.790e-01
[iter  140/500] obj=8.268983e+07  f=8.268983e+07  g=0.000000e+00  ||x||=4.243994e-02  ||grad||=3.453627e+09  tau=9.002e-14  beta=9.792e-01
[iter  141/500] obj=8.266106e+07  f=8.266106e+07  g=0.000000e+00  ||x||=4.267310e-02  ||grad||=3.454080e+09  tau=9.002e-14  beta=9.793e-01
[iter  142/500] obj=8.263261e+07  f=8.263261e+07  g=0.000000e+00  ||x||=4.290561e-02  ||grad||=3.454537e+09  tau=9.002e-14  beta=9.794e-01
[iter  143/500] obj=8.260449e+07  f=8.260449e+07  g=0.000000e+00  ||x||=4.313748e-02  ||grad||=3.454989e+09  tau=9.002e-14  beta=9.796e-01
[iter  144/500] obj=8.257669e+07  f=8.257669e+07  g=0.000000e+00  ||x||=4.336870e-02  ||grad||=3.455436e+09  tau=9.002e-14  beta=9.797e-01
[iter  145/500] obj=8.254918e+07  f=8.254918e+07  g=0.000000e+00  ||x||=4.359929e-02  ||grad||=3.455870e+09  tau=9.002e-14  beta=9.799e-01
[iter  146/500] obj=8.252198e+07  f=8.252198e+07  g=0.000000e+00  ||x||=4.382924e-02  ||grad||=3.456292e+09  tau=9.002e-14  beta=9.800e-01
[iter  147/500] obj=8.249507e+07  f=8.249507e+07  g=0.000000e+00  ||x||=4.405856e-02  ||grad||=3.456706e+09  tau=9.002e-14  beta=9.801e-01
[iter  148/500] obj=8.246846e+07  f=8.246846e+07  g=0.000000e+00  ||x||=4.428725e-02  ||grad||=3.457107e+09  tau=9.002e-14  beta=9.803e-01
[iter  149/500] obj=8.244214e+07  f=8.244214e+07  g=0.000000e+00  ||x||=4.451531e-02  ||grad||=3.457491e+09  tau=9.002e-14  beta=9.804e-01
[iter  150/500] obj=8.241610e+07  f=8.241610e+07  g=0.000000e+00  ||x||=4.474275e-02  ||grad||=3.457876e+09  tau=9.002e-14  beta=9.805e-01
[iter  151/500] obj=8.239034e+07  f=8.239034e+07  g=0.000000e+00  ||x||=4.496957e-02  ||grad||=3.458235e+09  tau=9.002e-14  beta=9.806e-01
[iter  152/500] obj=8.236482e+07  f=8.236482e+07  g=0.000000e+00  ||x||=4.519578e-02  ||grad||=3.458575e+09  tau=9.002e-14  beta=9.808e-01
[iter  153/500] obj=8.233958e+07  f=8.233958e+07  g=0.000000e+00  ||x||=4.542138e-02  ||grad||=3.458905e+09  tau=9.002e-14  beta=9.809e-01
[iter  154/500] obj=8.231459e+07  f=8.231459e+07  g=0.000000e+00  ||x||=4.564638e-02  ||grad||=3.459226e+09  tau=9.002e-14  beta=9.810e-01
[iter  155/500] obj=8.228987e+07  f=8.228987e+07  g=0.000000e+00  ||x||=4.587077e-02  ||grad||=3.459532e+09  tau=9.002e-14  beta=9.811e-01
[iter  156/500] obj=8.226540e+07  f=8.226540e+07  g=0.000000e+00  ||x||=4.609455e-02  ||grad||=3.459816e+09  tau=9.002e-14  beta=9.813e-01
[iter  157/500] obj=8.224120e+07  f=8.224120e+07  g=0.000000e+00  ||x||=4.631775e-02  ||grad||=3.460098e+09  tau=9.002e-14  beta=9.814e-01
[iter  158/500] obj=8.221723e+07  f=8.221723e+07  g=0.000000e+00  ||x||=4.654035e-02  ||grad||=3.460360e+09  tau=9.002e-14  beta=9.815e-01
[iter  159/500] obj=8.219350e+07  f=8.219350e+07  g=0.000000e+00  ||x||=4.676237e-02  ||grad||=3.460616e+09  tau=9.002e-14  beta=9.816e-01
[iter  160/500] obj=8.217002e+07  f=8.217002e+07  g=0.000000e+00  ||x||=4.698380e-02  ||grad||=3.460865e+09  tau=9.002e-14  beta=9.817e-01
[iter  161/500] obj=8.214675e+07  f=8.214675e+07  g=0.000000e+00  ||x||=4.720465e-02  ||grad||=3.461098e+09  tau=9.002e-14  beta=9.818e-01
[iter  162/500] obj=8.212373e+07  f=8.212373e+07  g=0.000000e+00  ||x||=4.742493e-02  ||grad||=3.461327e+09  tau=9.002e-14  beta=9.819e-01
[iter  163/500] obj=8.210093e+07  f=8.210093e+07  g=0.000000e+00  ||x||=4.764464e-02  ||grad||=3.461545e+09  tau=9.002e-14  beta=9.820e-01
[iter  164/500] obj=8.207838e+07  f=8.207838e+07  g=0.000000e+00  ||x||=4.786378e-02  ||grad||=3.461751e+09  tau=9.002e-14  beta=9.821e-01
[iter  165/500] obj=8.205603e+07  f=8.205603e+07  g=0.000000e+00  ||x||=4.808236e-02  ||grad||=3.461953e+09  tau=9.002e-14  beta=9.823e-01
[iter  166/500] obj=8.203392e+07  f=8.203392e+07  g=0.000000e+00  ||x||=4.830037e-02  ||grad||=3.462152e+09  tau=9.002e-14  beta=9.824e-01
[iter  167/500] obj=8.201202e+07  f=8.201202e+07  g=0.000000e+00  ||x||=4.851783e-02  ||grad||=3.462346e+09  tau=9.002e-14  beta=9.825e-01
[iter  168/500] obj=8.199035e+07  f=8.199035e+07  g=0.000000e+00  ||x||=4.873474e-02  ||grad||=3.462542e+09  tau=9.002e-14  beta=9.826e-01
[iter  169/500] obj=8.196888e+07  f=8.196888e+07  g=0.000000e+00  ||x||=4.895109e-02  ||grad||=3.462725e+09  tau=9.002e-14  beta=9.827e-01
[iter  170/500] obj=8.194763e+07  f=8.194763e+07  g=0.000000e+00  ||x||=4.916690e-02  ||grad||=3.462915e+09  tau=9.002e-14  beta=9.828e-01
[iter  171/500] obj=8.192658e+07  f=8.192658e+07  g=0.000000e+00  ||x||=4.938217e-02  ||grad||=3.463107e+09  tau=9.002e-14  beta=9.829e-01
[iter  172/500] obj=8.190575e+07  f=8.190575e+07  g=0.000000e+00  ||x||=4.959689e-02  ||grad||=3.463301e+09  tau=9.002e-14  beta=9.830e-01
[iter  173/500] obj=8.188512e+07  f=8.188512e+07  g=0.000000e+00  ||x||=4.981107e-02  ||grad||=3.463493e+09  tau=9.002e-14  beta=9.831e-01
[iter  174/500] obj=8.186469e+07  f=8.186469e+07  g=0.000000e+00  ||x||=5.002472e-02  ||grad||=3.463681e+09  tau=9.002e-14  beta=9.832e-01
[iter  175/500] obj=8.184443e+07  f=8.184443e+07  g=0.000000e+00  ||x||=5.023783e-02  ||grad||=3.463860e+09  tau=9.002e-14  beta=9.832e-01
[iter  176/500] obj=8.182438e+07  f=8.182438e+07  g=0.000000e+00  ||x||=5.045042e-02  ||grad||=3.464029e+09  tau=9.002e-14  beta=9.833e-01
[iter  177/500] obj=8.180451e+07  f=8.180451e+07  g=0.000000e+00  ||x||=5.066247e-02  ||grad||=3.464187e+09  tau=9.002e-14  beta=9.834e-01
[iter  178/500] obj=8.178482e+07  f=8.178482e+07  g=0.000000e+00  ||x||=5.087401e-02  ||grad||=3.464353e+09  tau=9.002e-14  beta=9.835e-01
[iter  179/500] obj=8.176533e+07  f=8.176533e+07  g=0.000000e+00  ||x||=5.108501e-02  ||grad||=3.464517e+09  tau=9.002e-14  beta=9.836e-01
[iter  180/500] obj=8.174602e+07  f=8.174602e+07  g=0.000000e+00  ||x||=5.129550e-02  ||grad||=3.464675e+09  tau=9.002e-14  beta=9.837e-01
[iter  181/500] obj=8.172689e+07  f=8.172689e+07  g=0.000000e+00  ||x||=5.150548e-02  ||grad||=3.464854e+09  tau=9.002e-14  beta=9.838e-01
[iter  182/500] obj=8.170794e+07  f=8.170794e+07  g=0.000000e+00  ||x||=5.171493e-02  ||grad||=3.465028e+09  tau=9.002e-14  beta=9.839e-01
[iter  183/500] obj=8.168915e+07  f=8.168915e+07  g=0.000000e+00  ||x||=5.192388e-02  ||grad||=3.465203e+09  tau=9.002e-14  beta=9.840e-01
[iter  184/500] obj=8.167054e+07  f=8.167054e+07  g=0.000000e+00  ||x||=5.213232e-02  ||grad||=3.465362e+09  tau=9.002e-14  beta=9.841e-01
[iter  185/500] obj=8.165210e+07  f=8.165210e+07  g=0.000000e+00  ||x||=5.234024e-02  ||grad||=3.465529e+09  tau=9.002e-14  beta=9.841e-01
[iter  186/500] obj=8.163384e+07  f=8.163384e+07  g=0.000000e+00  ||x||=5.254766e-02  ||grad||=3.465702e+09  tau=9.002e-14  beta=9.842e-01
[iter  187/500] obj=8.161574e+07  f=8.161574e+07  g=0.000000e+00  ||x||=5.275458e-02  ||grad||=3.465879e+09  tau=9.002e-14  beta=9.843e-01
[iter  188/500] obj=8.159781e+07  f=8.159781e+07  g=0.000000e+00  ||x||=5.296100e-02  ||grad||=3.466052e+09  tau=9.002e-14  beta=9.844e-01
[iter  189/500] obj=8.158003e+07  f=8.158003e+07  g=0.000000e+00  ||x||=5.316691e-02  ||grad||=3.466223e+09  tau=9.002e-14  beta=9.845e-01
[iter  190/500] obj=8.156242e+07  f=8.156242e+07  g=0.000000e+00  ||x||=5.337232e-02  ||grad||=3.466388e+09  tau=9.002e-14  beta=9.845e-01
[iter  191/500] obj=8.154497e+07  f=8.154497e+07  g=0.000000e+00  ||x||=5.357724e-02  ||grad||=3.466550e+09  tau=9.002e-14  beta=9.846e-01
[iter  192/500] obj=8.152766e+07  f=8.152766e+07  g=0.000000e+00  ||x||=5.378166e-02  ||grad||=3.466704e+09  tau=9.002e-14  beta=9.847e-01
[iter  193/500] obj=8.151053e+07  f=8.151053e+07  g=0.000000e+00  ||x||=5.398559e-02  ||grad||=3.466854e+09  tau=9.002e-14  beta=9.848e-01
[iter  194/500] obj=8.149354e+07  f=8.149354e+07  g=0.000000e+00  ||x||=5.418902e-02  ||grad||=3.467009e+09  tau=9.002e-14  beta=9.849e-01
[iter  195/500] obj=8.147670e+07  f=8.147670e+07  g=0.000000e+00  ||x||=5.439197e-02  ||grad||=3.467155e+09  tau=9.002e-14  beta=9.849e-01
[iter  196/500] obj=8.146000e+07  f=8.146000e+07  g=0.000000e+00  ||x||=5.459443e-02  ||grad||=3.467304e+09  tau=9.002e-14  beta=9.850e-01
[iter  197/500] obj=8.144346e+07  f=8.144346e+07  g=0.000000e+00  ||x||=5.479640e-02  ||grad||=3.467441e+09  tau=9.002e-14  beta=9.851e-01
[iter  198/500] obj=8.142704e+07  f=8.142704e+07  g=0.000000e+00  ||x||=5.499789e-02  ||grad||=3.467573e+09  tau=9.002e-14  beta=9.852e-01
[iter  199/500] obj=8.141077e+07  f=8.141077e+07  g=0.000000e+00  ||x||=5.519889e-02  ||grad||=3.467705e+09  tau=9.002e-14  beta=9.852e-01
[iter  200/500] obj=8.139464e+07  f=8.139464e+07  g=0.000000e+00  ||x||=5.539941e-02  ||grad||=3.467835e+09  tau=9.002e-14  beta=9.853e-01
[iter  201/500] obj=8.137866e+07  f=8.137866e+07  g=0.000000e+00  ||x||=5.559945e-02  ||grad||=3.467959e+09  tau=9.002e-14  beta=9.854e-01
[iter  202/500] obj=8.136281e+07  f=8.136281e+07  g=0.000000e+00  ||x||=5.579902e-02  ||grad||=3.468080e+09  tau=9.002e-14  beta=9.854e-01
[iter  203/500] obj=8.134709e+07  f=8.134709e+07  g=0.000000e+00  ||x||=5.599811e-02  ||grad||=3.468196e+09  tau=9.002e-14  beta=9.855e-01
[iter  204/500] obj=8.133150e+07  f=8.133150e+07  g=0.000000e+00  ||x||=5.619673e-02  ||grad||=3.468295e+09  tau=9.002e-14  beta=9.856e-01
[iter  205/500] obj=8.131606e+07  f=8.131606e+07  g=0.000000e+00  ||x||=5.639488e-02  ||grad||=3.468398e+09  tau=9.002e-14  beta=9.857e-01
[iter  206/500] obj=8.130074e+07  f=8.130074e+07  g=0.000000e+00  ||x||=5.659255e-02  ||grad||=3.468495e+09  tau=9.002e-14  beta=9.857e-01
[iter  207/500] obj=8.128554e+07  f=8.128554e+07  g=0.000000e+00  ||x||=5.678976e-02  ||grad||=3.468577e+09  tau=9.002e-14  beta=9.858e-01
[iter  208/500] obj=8.127046e+07  f=8.127046e+07  g=0.000000e+00  ||x||=5.698651e-02  ||grad||=3.468653e+09  tau=9.002e-14  beta=9.859e-01
[iter  209/500] obj=8.125552e+07  f=8.125552e+07  g=0.000000e+00  ||x||=5.718279e-02  ||grad||=3.468726e+09  tau=9.002e-14  beta=9.859e-01
[iter  210/500] obj=8.124070e+07  f=8.124070e+07  g=0.000000e+00  ||x||=5.737861e-02  ||grad||=3.468791e+09  tau=9.002e-14  beta=9.860e-01
[iter  211/500] obj=8.122600e+07  f=8.122600e+07  g=0.000000e+00  ||x||=5.757397e-02  ||grad||=3.468851e+09  tau=9.002e-14  beta=9.861e-01
[iter  212/500] obj=8.121142e+07  f=8.121142e+07  g=0.000000e+00  ||x||=5.776888e-02  ||grad||=3.468900e+09  tau=9.002e-14  beta=9.861e-01
[iter  213/500] obj=8.119696e+07  f=8.119696e+07  g=0.000000e+00  ||x||=5.796333e-02  ||grad||=3.468940e+09  tau=9.002e-14  beta=9.862e-01
[iter  214/500] obj=8.118263e+07  f=8.118263e+07  g=0.000000e+00  ||x||=5.815734e-02  ||grad||=3.468970e+09  tau=9.002e-14  beta=9.862e-01
[iter  215/500] obj=8.116841e+07  f=8.116841e+07  g=0.000000e+00  ||x||=5.835089e-02  ||grad||=3.468995e+09  tau=9.002e-14  beta=9.863e-01
[iter  216/500] obj=8.115430e+07  f=8.115430e+07  g=0.000000e+00  ||x||=5.854399e-02  ||grad||=3.469021e+09  tau=9.002e-14  beta=9.864e-01
[iter  217/500] obj=8.114032e+07  f=8.114032e+07  g=0.000000e+00  ||x||=5.873665e-02  ||grad||=3.469050e+09  tau=9.002e-14  beta=9.864e-01
[iter  218/500] obj=8.112645e+07  f=8.112645e+07  g=0.000000e+00  ||x||=5.892886e-02  ||grad||=3.469080e+09  tau=9.002e-14  beta=9.865e-01
[iter  219/500] obj=8.111270e+07  f=8.111270e+07  g=0.000000e+00  ||x||=5.912063e-02  ||grad||=3.469103e+09  tau=9.002e-14  beta=9.866e-01
[iter  220/500] obj=8.109906e+07  f=8.109906e+07  g=0.000000e+00  ||x||=5.931196e-02  ||grad||=3.469124e+09  tau=9.002e-14  beta=9.866e-01
[iter  221/500] obj=8.108552e+07  f=8.108552e+07  g=0.000000e+00  ||x||=5.950285e-02  ||grad||=3.469150e+09  tau=9.002e-14  beta=9.867e-01
[iter  222/500] obj=8.107210e+07  f=8.107210e+07  g=0.000000e+00  ||x||=5.969331e-02  ||grad||=3.469164e+09  tau=9.002e-14  beta=9.867e-01
[iter  223/500] obj=8.105878e+07  f=8.105878e+07  g=0.000000e+00  ||x||=5.988333e-02  ||grad||=3.469176e+09  tau=9.002e-14  beta=9.868e-01
[iter  224/500] obj=8.104558e+07  f=8.104558e+07  g=0.000000e+00  ||x||=6.007291e-02  ||grad||=3.469197e+09  tau=9.002e-14  beta=9.869e-01
[iter  225/500] obj=8.103248e+07  f=8.103248e+07  g=0.000000e+00  ||x||=6.026207e-02  ||grad||=3.469209e+09  tau=9.002e-14  beta=9.869e-01
[iter  226/500] obj=8.101949e+07  f=8.101949e+07  g=0.000000e+00  ||x||=6.045079e-02  ||grad||=3.469218e+09  tau=9.002e-14  beta=9.870e-01
[iter  227/500] obj=8.100660e+07  f=8.100660e+07  g=0.000000e+00  ||x||=6.063908e-02  ||grad||=3.469227e+09  tau=9.002e-14  beta=9.870e-01
[iter  228/500] obj=8.099382e+07  f=8.099382e+07  g=0.000000e+00  ||x||=6.082695e-02  ||grad||=3.469237e+09  tau=9.002e-14  beta=9.871e-01
[iter  229/500] obj=8.098114e+07  f=8.098114e+07  g=0.000000e+00  ||x||=6.101439e-02  ||grad||=3.469247e+09  tau=9.002e-14  beta=9.871e-01
[iter  230/500] obj=8.096856e+07  f=8.096856e+07  g=0.000000e+00  ||x||=6.120140e-02  ||grad||=3.469264e+09  tau=9.002e-14  beta=9.872e-01
[iter  231/500] obj=8.095610e+07  f=8.095610e+07  g=0.000000e+00  ||x||=6.138799e-02  ||grad||=3.469279e+09  tau=9.002e-14  beta=9.872e-01
[iter  232/500] obj=8.094371e+07  f=8.094371e+07  g=0.000000e+00  ||x||=6.157415e-02  ||grad||=3.469288e+09  tau=9.002e-14  beta=9.873e-01
[iter  233/500] obj=8.093142e+07  f=8.093142e+07  g=0.000000e+00  ||x||=6.175990e-02  ||grad||=3.469290e+09  tau=9.002e-14  beta=9.874e-01
[iter  234/500] obj=8.091923e+07  f=8.091923e+07  g=0.000000e+00  ||x||=6.194522e-02  ||grad||=3.469292e+09  tau=9.002e-14  beta=9.874e-01
[iter  235/500] obj=8.090714e+07  f=8.090714e+07  g=0.000000e+00  ||x||=6.213013e-02  ||grad||=3.469285e+09  tau=9.002e-14  beta=9.875e-01
[iter  236/500] obj=8.089513e+07  f=8.089513e+07  g=0.000000e+00  ||x||=6.231462e-02  ||grad||=3.469274e+09  tau=9.002e-14  beta=9.875e-01
[iter  237/500] obj=8.088322e+07  f=8.088322e+07  g=0.000000e+00  ||x||=6.249869e-02  ||grad||=3.469272e+09  tau=9.002e-14  beta=9.876e-01
[iter  238/500] obj=8.087140e+07  f=8.087140e+07  g=0.000000e+00  ||x||=6.268235e-02  ||grad||=3.469275e+09  tau=9.002e-14  beta=9.876e-01
[iter  239/500] obj=8.085968e+07  f=8.085968e+07  g=0.000000e+00  ||x||=6.286559e-02  ||grad||=3.469280e+09  tau=9.002e-14  beta=9.877e-01
[iter  240/500] obj=8.084804e+07  f=8.084804e+07  g=0.000000e+00  ||x||=6.304843e-02  ||grad||=3.469278e+09  tau=9.002e-14  beta=9.877e-01
[iter  241/500] obj=8.083650e+07  f=8.083650e+07  g=0.000000e+00  ||x||=6.323085e-02  ||grad||=3.469271e+09  tau=9.002e-14  beta=9.878e-01
[iter  242/500] obj=8.082504e+07  f=8.082504e+07  g=0.000000e+00  ||x||=6.341286e-02  ||grad||=3.469271e+09  tau=9.002e-14  beta=9.878e-01
[iter  243/500] obj=8.081366e+07  f=8.081366e+07  g=0.000000e+00  ||x||=6.359447e-02  ||grad||=3.469267e+09  tau=9.002e-14  beta=9.879e-01
[iter  244/500] obj=8.080238e+07  f=8.080238e+07  g=0.000000e+00  ||x||=6.377566e-02  ||grad||=3.469259e+09  tau=9.002e-14  beta=9.879e-01
[iter  245/500] obj=8.079117e+07  f=8.079117e+07  g=0.000000e+00  ||x||=6.395645e-02  ||grad||=3.469251e+09  tau=9.002e-14  beta=9.880e-01
[iter  246/500] obj=8.078005e+07  f=8.078005e+07  g=0.000000e+00  ||x||=6.413683e-02  ||grad||=3.469244e+09  tau=9.002e-14  beta=9.880e-01
[iter  247/500] obj=8.076901e+07  f=8.076901e+07  g=0.000000e+00  ||x||=6.431682e-02  ||grad||=3.469231e+09  tau=9.002e-14  beta=9.881e-01
[iter  248/500] obj=8.075805e+07  f=8.075805e+07  g=0.000000e+00  ||x||=6.449639e-02  ||grad||=3.469220e+09  tau=9.002e-14  beta=9.881e-01
[iter  249/500] obj=8.074717e+07  f=8.074717e+07  g=0.000000e+00  ||x||=6.467557e-02  ||grad||=3.469208e+09  tau=9.002e-14  beta=9.882e-01
[iter  250/500] obj=8.073637e+07  f=8.073637e+07  g=0.000000e+00  ||x||=6.485435e-02  ||grad||=3.469197e+09  tau=9.002e-14  beta=9.882e-01
[iter  251/500] obj=8.072565e+07  f=8.072565e+07  g=0.000000e+00  ||x||=6.503273e-02  ||grad||=3.469186e+09  tau=9.002e-14  beta=9.882e-01
[iter  252/500] obj=8.071502e+07  f=8.071502e+07  g=0.000000e+00  ||x||=6.521071e-02  ||grad||=3.469176e+09  tau=9.002e-14  beta=9.883e-01
[iter  253/500] obj=8.070446e+07  f=8.070446e+07  g=0.000000e+00  ||x||=6.538830e-02  ||grad||=3.469166e+09  tau=9.002e-14  beta=9.883e-01
[iter  254/500] obj=8.069399e+07  f=8.069399e+07  g=0.000000e+00  ||x||=6.556549e-02  ||grad||=3.469153e+09  tau=9.002e-14  beta=9.884e-01
[iter  255/500] obj=8.068358e+07  f=8.068358e+07  g=0.000000e+00  ||x||=6.574228e-02  ||grad||=3.469136e+09  tau=9.002e-14  beta=9.884e-01
[iter  256/500] obj=8.067326e+07  f=8.067326e+07  g=0.000000e+00  ||x||=6.591869e-02  ||grad||=3.469108e+09  tau=9.002e-14  beta=9.885e-01
[iter  257/500] obj=8.066299e+07  f=8.066299e+07  g=0.000000e+00  ||x||=6.609470e-02  ||grad||=3.469069e+09  tau=9.002e-14  beta=9.885e-01
[iter  258/500] obj=8.065280e+07  f=8.065280e+07  g=0.000000e+00  ||x||=6.627033e-02  ||grad||=3.469026e+09  tau=9.002e-14  beta=9.886e-01
[iter  259/500] obj=8.064270e+07  f=8.064270e+07  g=0.000000e+00  ||x||=6.644557e-02  ||grad||=3.468985e+09  tau=9.002e-14  beta=9.886e-01
[iter  260/500] obj=8.063267e+07  f=8.063267e+07  g=0.000000e+00  ||x||=6.662042e-02  ||grad||=3.468949e+09  tau=9.002e-14  beta=9.886e-01
[iter  261/500] obj=8.062272e+07  f=8.062272e+07  g=0.000000e+00  ||x||=6.679489e-02  ||grad||=3.468913e+09  tau=9.002e-14  beta=9.887e-01
[iter  262/500] obj=8.061282e+07  f=8.061282e+07  g=0.000000e+00  ||x||=6.696897e-02  ||grad||=3.468876e+09  tau=9.002e-14  beta=9.887e-01
[iter  263/500] obj=8.060300e+07  f=8.060300e+07  g=0.000000e+00  ||x||=6.714266e-02  ||grad||=3.468836e+09  tau=9.002e-14  beta=9.888e-01
[iter  264/500] obj=8.059323e+07  f=8.059323e+07  g=0.000000e+00  ||x||=6.731598e-02  ||grad||=3.468793e+09  tau=9.002e-14  beta=9.888e-01
[iter  265/500] obj=8.058354e+07  f=8.058354e+07  g=0.000000e+00  ||x||=6.748892e-02  ||grad||=3.468744e+09  tau=9.002e-14  beta=9.889e-01
[iter  266/500] obj=8.057390e+07  f=8.057390e+07  g=0.000000e+00  ||x||=6.766149e-02  ||grad||=3.468689e+09  tau=9.002e-14  beta=9.889e-01
[iter  267/500] obj=8.056434e+07  f=8.056434e+07  g=0.000000e+00  ||x||=6.783367e-02  ||grad||=3.468631e+09  tau=9.002e-14  beta=9.889e-01
[iter  268/500] obj=8.055483e+07  f=8.055483e+07  g=0.000000e+00  ||x||=6.800549e-02  ||grad||=3.468573e+09  tau=9.002e-14  beta=9.890e-01
[iter  269/500] obj=8.054541e+07  f=8.054541e+07  g=0.000000e+00  ||x||=6.817693e-02  ||grad||=3.468520e+09  tau=9.002e-14  beta=9.890e-01
[iter  270/500] obj=8.053605e+07  f=8.053605e+07  g=0.000000e+00  ||x||=6.834801e-02  ||grad||=3.468471e+09  tau=9.002e-14  beta=9.891e-01
[iter  271/500] obj=8.052675e+07  f=8.052675e+07  g=0.000000e+00  ||x||=6.851871e-02  ||grad||=3.468414e+09  tau=9.002e-14  beta=9.891e-01
[iter  272/500] obj=8.051753e+07  f=8.051753e+07  g=0.000000e+00  ||x||=6.868905e-02  ||grad||=3.468358e+09  tau=9.002e-14  beta=9.891e-01
[iter  273/500] obj=8.050836e+07  f=8.050836e+07  g=0.000000e+00  ||x||=6.885902e-02  ||grad||=3.468302e+09  tau=9.002e-14  beta=9.892e-01
[iter  274/500] obj=8.049925e+07  f=8.049925e+07  g=0.000000e+00  ||x||=6.902863e-02  ||grad||=3.468248e+09  tau=9.002e-14  beta=9.892e-01
[iter  275/500] obj=8.049021e+07  f=8.049021e+07  g=0.000000e+00  ||x||=6.919787e-02  ||grad||=3.468187e+09  tau=9.002e-14  beta=9.893e-01
[iter  276/500] obj=8.048122e+07  f=8.048122e+07  g=0.000000e+00  ||x||=6.936676e-02  ||grad||=3.468124e+09  tau=9.002e-14  beta=9.893e-01
[iter  277/500] obj=8.047229e+07  f=8.047229e+07  g=0.000000e+00  ||x||=6.953529e-02  ||grad||=3.468063e+09  tau=9.002e-14  beta=9.893e-01
[iter  278/500] obj=8.046342e+07  f=8.046342e+07  g=0.000000e+00  ||x||=6.970346e-02  ||grad||=3.468005e+09  tau=9.002e-14  beta=9.894e-01
[iter  279/500] obj=8.045462e+07  f=8.045462e+07  g=0.000000e+00  ||x||=6.987128e-02  ||grad||=3.467941e+09  tau=9.002e-14  beta=9.894e-01
[iter  280/500] obj=8.044587e+07  f=8.044587e+07  g=0.000000e+00  ||x||=7.003874e-02  ||grad||=3.467878e+09  tau=9.002e-14  beta=9.894e-01
[iter  281/500] obj=8.043718e+07  f=8.043718e+07  g=0.000000e+00  ||x||=7.020585e-02  ||grad||=3.467813e+09  tau=9.002e-14  beta=9.895e-01
[iter  282/500] obj=8.042855e+07  f=8.042855e+07  g=0.000000e+00  ||x||=7.037261e-02  ||grad||=3.467743e+09  tau=9.002e-14  beta=9.895e-01
[iter  283/500] obj=8.041998e+07  f=8.041998e+07  g=0.000000e+00  ||x||=7.053902e-02  ||grad||=3.467674e+09  tau=9.002e-14  beta=9.896e-01
[iter  284/500] obj=8.041146e+07  f=8.041146e+07  g=0.000000e+00  ||x||=7.070509e-02  ||grad||=3.467603e+09  tau=9.002e-14  beta=9.896e-01
[iter  285/500] obj=8.040301e+07  f=8.040301e+07  g=0.000000e+00  ||x||=7.087081e-02  ||grad||=3.467539e+09  tau=9.002e-14  beta=9.896e-01
[iter  286/500] obj=8.039461e+07  f=8.039461e+07  g=0.000000e+00  ||x||=7.103619e-02  ||grad||=3.467479e+09  tau=9.002e-14  beta=9.897e-01
[iter  287/500] obj=8.038626e+07  f=8.038626e+07  g=0.000000e+00  ||x||=7.120123e-02  ||grad||=3.467423e+09  tau=9.002e-14  beta=9.897e-01
[iter  288/500] obj=8.037798e+07  f=8.037798e+07  g=0.000000e+00  ||x||=7.136592e-02  ||grad||=3.467366e+09  tau=9.002e-14  beta=9.897e-01
[iter  289/500] obj=8.036975e+07  f=8.036975e+07  g=0.000000e+00  ||x||=7.153028e-02  ||grad||=3.467306e+09  tau=9.002e-14  beta=9.898e-01
[iter  290/500] obj=8.036157e+07  f=8.036157e+07  g=0.000000e+00  ||x||=7.169429e-02  ||grad||=3.467245e+09  tau=9.002e-14  beta=9.898e-01
[iter  291/500] obj=8.035346e+07  f=8.035346e+07  g=0.000000e+00  ||x||=7.185797e-02  ||grad||=3.467185e+09  tau=9.002e-14  beta=9.898e-01
[iter  292/500] obj=8.034538e+07  f=8.034538e+07  g=0.000000e+00  ||x||=7.202131e-02  ||grad||=3.467119e+09  tau=9.002e-14  beta=9.899e-01
[iter  293/500] obj=8.033736e+07  f=8.033736e+07  g=0.000000e+00  ||x||=7.218432e-02  ||grad||=3.467060e+09  tau=9.002e-14  beta=9.899e-01
[iter  294/500] obj=8.032941e+07  f=8.032941e+07  g=0.000000e+00  ||x||=7.234701e-02  ||grad||=3.467008e+09  tau=9.002e-14  beta=9.899e-01
[iter  295/500] obj=8.032150e+07  f=8.032150e+07  g=0.000000e+00  ||x||=7.250936e-02  ||grad||=3.466952e+09  tau=9.002e-14  beta=9.900e-01
[iter  296/500] obj=8.031365e+07  f=8.031365e+07  g=0.000000e+00  ||x||=7.267137e-02  ||grad||=3.466895e+09  tau=9.002e-14  beta=9.900e-01
[iter  297/500] obj=8.030586e+07  f=8.030586e+07  g=0.000000e+00  ||x||=7.283305e-02  ||grad||=3.466843e+09  tau=9.002e-14  beta=9.900e-01
[iter  298/500] obj=8.029810e+07  f=8.029810e+07  g=0.000000e+00  ||x||=7.299441e-02  ||grad||=3.466780e+09  tau=9.002e-14  beta=9.901e-01
[iter  299/500] obj=8.029040e+07  f=8.029040e+07  g=0.000000e+00  ||x||=7.315544e-02  ||grad||=3.466716e+09  tau=9.002e-14  beta=9.901e-01
[iter  300/500] obj=8.028274e+07  f=8.028274e+07  g=0.000000e+00  ||x||=7.331615e-02  ||grad||=3.466658e+09  tau=9.002e-14  beta=9.901e-01
[iter  301/500] obj=8.027515e+07  f=8.027515e+07  g=0.000000e+00  ||x||=7.347653e-02  ||grad||=3.466598e+09  tau=9.002e-14  beta=9.902e-01
[iter  302/500] obj=8.026760e+07  f=8.026760e+07  g=0.000000e+00  ||x||=7.363658e-02  ||grad||=3.466539e+09  tau=9.002e-14  beta=9.902e-01
[iter  303/500] obj=8.026010e+07  f=8.026010e+07  g=0.000000e+00  ||x||=7.379632e-02  ||grad||=3.466484e+09  tau=9.002e-14  beta=9.902e-01
[iter  304/500] obj=8.025264e+07  f=8.025264e+07  g=0.000000e+00  ||x||=7.395574e-02  ||grad||=3.466427e+09  tau=9.002e-14  beta=9.903e-01
[iter  305/500] obj=8.024523e+07  f=8.024523e+07  g=0.000000e+00  ||x||=7.411483e-02  ||grad||=3.466372e+09  tau=9.002e-14  beta=9.903e-01
[iter  306/500] obj=8.023786e+07  f=8.023786e+07  g=0.000000e+00  ||x||=7.427359e-02  ||grad||=3.466320e+09  tau=9.002e-14  beta=9.903e-01
[iter  307/500] obj=8.023054e+07  f=8.023054e+07  g=0.000000e+00  ||x||=7.443206e-02  ||grad||=3.466263e+09  tau=9.002e-14  beta=9.904e-01
[iter  308/500] obj=8.022326e+07  f=8.022326e+07  g=0.000000e+00  ||x||=7.459020e-02  ||grad||=3.466210e+09  tau=9.002e-14  beta=9.904e-01
[iter  309/500] obj=8.021602e+07  f=8.021602e+07  g=0.000000e+00  ||x||=7.474802e-02  ||grad||=3.466159e+09  tau=9.002e-14  beta=9.904e-01
[iter  310/500] obj=8.020883e+07  f=8.020883e+07  g=0.000000e+00  ||x||=7.490554e-02  ||grad||=3.466111e+09  tau=9.002e-14  beta=9.905e-01
[iter  311/500] obj=8.020170e+07  f=8.020170e+07  g=0.000000e+00  ||x||=7.506274e-02  ||grad||=3.466069e+09  tau=9.002e-14  beta=9.905e-01
[iter  312/500] obj=8.019460e+07  f=8.019460e+07  g=0.000000e+00  ||x||=7.521963e-02  ||grad||=3.466025e+09  tau=9.002e-14  beta=9.905e-01
[iter  313/500] obj=8.018754e+07  f=8.018754e+07  g=0.000000e+00  ||x||=7.537622e-02  ||grad||=3.465979e+09  tau=9.002e-14  beta=9.905e-01
[iter  314/500] obj=8.018053e+07  f=8.018053e+07  g=0.000000e+00  ||x||=7.553249e-02  ||grad||=3.465926e+09  tau=9.002e-14  beta=9.906e-01
[iter  315/500] obj=8.017355e+07  f=8.017355e+07  g=0.000000e+00  ||x||=7.568845e-02  ||grad||=3.465874e+09  tau=9.002e-14  beta=9.906e-01
[iter  316/500] obj=8.016662e+07  f=8.016662e+07  g=0.000000e+00  ||x||=7.584412e-02  ||grad||=3.465832e+09  tau=9.002e-14  beta=9.906e-01
[iter  317/500] obj=8.015974e+07  f=8.015974e+07  g=0.000000e+00  ||x||=7.599947e-02  ||grad||=3.465790e+09  tau=9.002e-14  beta=9.907e-01
[iter  318/500] obj=8.015290e+07  f=8.015290e+07  g=0.000000e+00  ||x||=7.615452e-02  ||grad||=3.465746e+09  tau=9.002e-14  beta=9.907e-01
[iter  319/500] obj=8.014610e+07  f=8.014610e+07  g=0.000000e+00  ||x||=7.630927e-02  ||grad||=3.465711e+09  tau=9.002e-14  beta=9.907e-01
[iter  320/500] obj=8.013934e+07  f=8.013934e+07  g=0.000000e+00  ||x||=7.646371e-02  ||grad||=3.465669e+09  tau=9.002e-14  beta=9.908e-01
[iter  321/500] obj=8.013263e+07  f=8.013263e+07  g=0.000000e+00  ||x||=7.661786e-02  ||grad||=3.465632e+09  tau=9.002e-14  beta=9.908e-01
[iter  322/500] obj=8.012595e+07  f=8.012595e+07  g=0.000000e+00  ||x||=7.677171e-02  ||grad||=3.465588e+09  tau=9.002e-14  beta=9.908e-01
[iter  323/500] obj=8.011931e+07  f=8.011931e+07  g=0.000000e+00  ||x||=7.692526e-02  ||grad||=3.465545e+09  tau=9.002e-14  beta=9.908e-01
[iter  324/500] obj=8.011272e+07  f=8.011272e+07  g=0.000000e+00  ||x||=7.707851e-02  ||grad||=3.465497e+09  tau=9.002e-14  beta=9.909e-01
[iter  325/500] obj=8.010616e+07  f=8.010616e+07  g=0.000000e+00  ||x||=7.723146e-02  ||grad||=3.465458e+09  tau=9.002e-14  beta=9.909e-01
[iter  326/500] obj=8.009964e+07  f=8.009964e+07  g=0.000000e+00  ||x||=7.738411e-02  ||grad||=3.465416e+09  tau=9.002e-14  beta=9.909e-01
[iter  327/500] obj=8.009315e+07  f=8.009315e+07  g=0.000000e+00  ||x||=7.753648e-02  ||grad||=3.465374e+09  tau=9.002e-14  beta=9.909e-01
[iter  328/500] obj=8.008670e+07  f=8.008670e+07  g=0.000000e+00  ||x||=7.768854e-02  ||grad||=3.465332e+09  tau=9.002e-14  beta=9.910e-01
[iter  329/500] obj=8.008031e+07  f=8.008031e+07  g=0.000000e+00  ||x||=7.784033e-02  ||grad||=3.465293e+09  tau=9.002e-14  beta=9.910e-01
[iter  330/500] obj=8.007396e+07  f=8.007396e+07  g=0.000000e+00  ||x||=7.799181e-02  ||grad||=3.465255e+09  tau=9.002e-14  beta=9.910e-01
[iter  331/500] obj=8.006764e+07  f=8.006764e+07  g=0.000000e+00  ||x||=7.814301e-02  ||grad||=3.465222e+09  tau=9.002e-14  beta=9.911e-01
[iter  332/500] obj=8.006136e+07  f=8.006136e+07  g=0.000000e+00  ||x||=7.829391e-02  ||grad||=3.465189e+09  tau=9.002e-14  beta=9.911e-01
[iter  333/500] obj=8.005510e+07  f=8.005510e+07  g=0.000000e+00  ||x||=7.844453e-02  ||grad||=3.465158e+09  tau=9.002e-14  beta=9.911e-01
[iter  334/500] obj=8.004890e+07  f=8.004890e+07  g=0.000000e+00  ||x||=7.859486e-02  ||grad||=3.465123e+09  tau=9.002e-14  beta=9.911e-01
[iter  335/500] obj=8.004272e+07  f=8.004272e+07  g=0.000000e+00  ||x||=7.874490e-02  ||grad||=3.465095e+09  tau=9.002e-14  beta=9.912e-01
[iter  336/500] obj=8.003659e+07  f=8.003659e+07  g=0.000000e+00  ||x||=7.889466e-02  ||grad||=3.465065e+09  tau=9.002e-14  beta=9.912e-01
[iter  337/500] obj=8.003050e+07  f=8.003050e+07  g=0.000000e+00  ||x||=7.904412e-02  ||grad||=3.465040e+09  tau=9.002e-14  beta=9.912e-01
[iter  338/500] obj=8.002443e+07  f=8.002443e+07  g=0.000000e+00  ||x||=7.919330e-02  ||grad||=3.465011e+09  tau=9.002e-14  beta=9.912e-01
[iter  339/500] obj=8.001840e+07  f=8.001840e+07  g=0.000000e+00  ||x||=7.934220e-02  ||grad||=3.464981e+09  tau=9.002e-14  beta=9.913e-01
[iter  340/500] obj=8.001241e+07  f=8.001241e+07  g=0.000000e+00  ||x||=7.949082e-02  ||grad||=3.464952e+09  tau=9.002e-14  beta=9.913e-01
[iter  341/500] obj=8.000646e+07  f=8.000646e+07  g=0.000000e+00  ||x||=7.963914e-02  ||grad||=3.464926e+09  tau=9.002e-14  beta=9.913e-01
[iter  342/500] obj=8.000054e+07  f=8.000054e+07  g=0.000000e+00  ||x||=7.978719e-02  ||grad||=3.464905e+09  tau=9.002e-14  beta=9.913e-01
[iter  343/500] obj=7.999467e+07  f=7.999467e+07  g=0.000000e+00  ||x||=7.993495e-02  ||grad||=3.464894e+09  tau=9.002e-14  beta=9.914e-01
[iter  344/500] obj=7.998882e+07  f=7.998882e+07  g=0.000000e+00  ||x||=8.008244e-02  ||grad||=3.464879e+09  tau=9.002e-14  beta=9.914e-01
[iter  345/500] obj=7.998301e+07  f=7.998301e+07  g=0.000000e+00  ||x||=8.022964e-02  ||grad||=3.464856e+09  tau=9.002e-14  beta=9.914e-01
[iter  346/500] obj=7.997725e+07  f=7.997725e+07  g=0.000000e+00  ||x||=8.037656e-02  ||grad||=3.464836e+09  tau=9.002e-14  beta=9.914e-01
[iter  347/500] obj=7.997150e+07  f=7.997150e+07  g=0.000000e+00  ||x||=8.052320e-02  ||grad||=3.464822e+09  tau=9.002e-14  beta=9.915e-01
[iter  348/500] obj=7.996579e+07  f=7.996579e+07  g=0.000000e+00  ||x||=8.066956e-02  ||grad||=3.464805e+09  tau=9.002e-14  beta=9.915e-01
[iter  349/500] obj=7.996012e+07  f=7.996012e+07  g=0.000000e+00  ||x||=8.081564e-02  ||grad||=3.464785e+09  tau=9.002e-14  beta=9.915e-01
[iter  350/500] obj=7.995448e+07  f=7.995448e+07  g=0.000000e+00  ||x||=8.096143e-02  ||grad||=3.464772e+09  tau=9.002e-14  beta=9.915e-01
[iter  351/500] obj=7.994888e+07  f=7.994888e+07  g=0.000000e+00  ||x||=8.110695e-02  ||grad||=3.464757e+09  tau=9.002e-14  beta=9.916e-01
[iter  352/500] obj=7.994330e+07  f=7.994330e+07  g=0.000000e+00  ||x||=8.125219e-02  ||grad||=3.464736e+09  tau=9.002e-14  beta=9.916e-01
[iter  353/500] obj=7.993776e+07  f=7.993776e+07  g=0.000000e+00  ||x||=8.139715e-02  ||grad||=3.464718e+09  tau=9.002e-14  beta=9.916e-01
[iter  354/500] obj=7.993226e+07  f=7.993226e+07  g=0.000000e+00  ||x||=8.154184e-02  ||grad||=3.464704e+09  tau=9.002e-14  beta=9.916e-01
[iter  355/500] obj=7.992678e+07  f=7.992678e+07  g=0.000000e+00  ||x||=8.168624e-02  ||grad||=3.464691e+09  tau=9.002e-14  beta=9.917e-01
[iter  356/500] obj=7.992133e+07  f=7.992133e+07  g=0.000000e+00  ||x||=8.183037e-02  ||grad||=3.464675e+09  tau=9.002e-14  beta=9.917e-01
[iter  357/500] obj=7.991591e+07  f=7.991591e+07  g=0.000000e+00  ||x||=8.197422e-02  ||grad||=3.464654e+09  tau=9.002e-14  beta=9.917e-01
[iter  358/500] obj=7.991053e+07  f=7.991053e+07  g=0.000000e+00  ||x||=8.211780e-02  ||grad||=3.464631e+09  tau=9.002e-14  beta=9.917e-01
[iter  359/500] obj=7.990518e+07  f=7.990518e+07  g=0.000000e+00  ||x||=8.226110e-02  ||grad||=3.464605e+09  tau=9.002e-14  beta=9.917e-01
[iter  360/500] obj=7.989985e+07  f=7.989985e+07  g=0.000000e+00  ||x||=8.240413e-02  ||grad||=3.464574e+09  tau=9.002e-14  beta=9.918e-01
[iter  361/500] obj=7.989454e+07  f=7.989454e+07  g=0.000000e+00  ||x||=8.254687e-02  ||grad||=3.464543e+09  tau=9.002e-14  beta=9.918e-01
[iter  362/500] obj=7.988928e+07  f=7.988928e+07  g=0.000000e+00  ||x||=8.268936e-02  ||grad||=3.464513e+09  tau=9.002e-14  beta=9.918e-01
[iter  363/500] obj=7.988404e+07  f=7.988404e+07  g=0.000000e+00  ||x||=8.283157e-02  ||grad||=3.464480e+09  tau=9.002e-14  beta=9.918e-01
[iter  364/500] obj=7.987883e+07  f=7.987883e+07  g=0.000000e+00  ||x||=8.297350e-02  ||grad||=3.464441e+09  tau=9.002e-14  beta=9.919e-01
[iter  365/500] obj=7.987365e+07  f=7.987365e+07  g=0.000000e+00  ||x||=8.311517e-02  ||grad||=3.464399e+09  tau=9.002e-14  beta=9.919e-01
[iter  366/500] obj=7.986848e+07  f=7.986848e+07  g=0.000000e+00  ||x||=8.325656e-02  ||grad||=3.464354e+09  tau=9.002e-14  beta=9.919e-01
[iter  367/500] obj=7.986335e+07  f=7.986335e+07  g=0.000000e+00  ||x||=8.339769e-02  ||grad||=3.464308e+09  tau=9.002e-14  beta=9.919e-01
[iter  368/500] obj=7.985825e+07  f=7.985825e+07  g=0.000000e+00  ||x||=8.353855e-02  ||grad||=3.464261e+09  tau=9.002e-14  beta=9.919e-01
[iter  369/500] obj=7.985318e+07  f=7.985318e+07  g=0.000000e+00  ||x||=8.367914e-02  ||grad||=3.464214e+09  tau=9.002e-14  beta=9.920e-01
[iter  370/500] obj=7.984814e+07  f=7.984814e+07  g=0.000000e+00  ||x||=8.381946e-02  ||grad||=3.464170e+09  tau=9.002e-14  beta=9.920e-01
[iter  371/500] obj=7.984312e+07  f=7.984312e+07  g=0.000000e+00  ||x||=8.395952e-02  ||grad||=3.464123e+09  tau=9.002e-14  beta=9.920e-01
[iter  372/500] obj=7.983813e+07  f=7.983813e+07  g=0.000000e+00  ||x||=8.409932e-02  ||grad||=3.464076e+09  tau=9.002e-14  beta=9.920e-01
[iter  373/500] obj=7.983317e+07  f=7.983317e+07  g=0.000000e+00  ||x||=8.423885e-02  ||grad||=3.464026e+09  tau=9.002e-14  beta=9.921e-01
[iter  374/500] obj=7.982823e+07  f=7.982823e+07  g=0.000000e+00  ||x||=8.437812e-02  ||grad||=3.463977e+09  tau=9.002e-14  beta=9.921e-01
[iter  375/500] obj=7.982333e+07  f=7.982333e+07  g=0.000000e+00  ||x||=8.451712e-02  ||grad||=3.463921e+09  tau=9.002e-14  beta=9.921e-01
[iter  376/500] obj=7.981844e+07  f=7.981844e+07  g=0.000000e+00  ||x||=8.465587e-02  ||grad||=3.463863e+09  tau=9.002e-14  beta=9.921e-01
[iter  377/500] obj=7.981358e+07  f=7.981358e+07  g=0.000000e+00  ||x||=8.479436e-02  ||grad||=3.463803e+09  tau=9.002e-14  beta=9.921e-01
[iter  378/500] obj=7.980876e+07  f=7.980876e+07  g=0.000000e+00  ||x||=8.493259e-02  ||grad||=3.463746e+09  tau=9.002e-14  beta=9.922e-01
[iter  379/500] obj=7.980396e+07  f=7.980396e+07  g=0.000000e+00  ||x||=8.507055e-02  ||grad||=3.463692e+09  tau=9.002e-14  beta=9.922e-01
[iter  380/500] obj=7.979919e+07  f=7.979919e+07  g=0.000000e+00  ||x||=8.520827e-02  ||grad||=3.463633e+09  tau=9.002e-14  beta=9.922e-01
[iter  381/500] obj=7.979444e+07  f=7.979444e+07  g=0.000000e+00  ||x||=8.534572e-02  ||grad||=3.463568e+09  tau=9.002e-14  beta=9.922e-01
[iter  382/500] obj=7.978972e+07  f=7.978972e+07  g=0.000000e+00  ||x||=8.548292e-02  ||grad||=3.463506e+09  tau=9.002e-14  beta=9.922e-01
[iter  383/500] obj=7.978502e+07  f=7.978502e+07  g=0.000000e+00  ||x||=8.561987e-02  ||grad||=3.463447e+09  tau=9.002e-14  beta=9.923e-01
[iter  384/500] obj=7.978035e+07  f=7.978035e+07  g=0.000000e+00  ||x||=8.575656e-02  ||grad||=3.463383e+09  tau=9.002e-14  beta=9.923e-01
[iter  385/500] obj=7.977570e+07  f=7.977570e+07  g=0.000000e+00  ||x||=8.589301e-02  ||grad||=3.463311e+09  tau=9.002e-14  beta=9.923e-01
[iter  386/500] obj=7.977108e+07  f=7.977108e+07  g=0.000000e+00  ||x||=8.602919e-02  ||grad||=3.463243e+09  tau=9.002e-14  beta=9.923e-01
[iter  387/500] obj=7.976649e+07  f=7.976649e+07  g=0.000000e+00  ||x||=8.616513e-02  ||grad||=3.463172e+09  tau=9.002e-14  beta=9.923e-01
[iter  388/500] obj=7.976190e+07  f=7.976190e+07  g=0.000000e+00  ||x||=8.630082e-02  ||grad||=3.463097e+09  tau=9.002e-14  beta=9.924e-01
[iter  389/500] obj=7.975736e+07  f=7.975736e+07  g=0.000000e+00  ||x||=8.643626e-02  ||grad||=3.463022e+09  tau=9.002e-14  beta=9.924e-01
[iter  390/500] obj=7.975282e+07  f=7.975282e+07  g=0.000000e+00  ||x||=8.657146e-02  ||grad||=3.462948e+09  tau=9.002e-14  beta=9.924e-01
[iter  391/500] obj=7.974834e+07  f=7.974834e+07  g=0.000000e+00  ||x||=8.670641e-02  ||grad||=3.462866e+09  tau=9.002e-14  beta=9.924e-01
[iter  392/500] obj=7.974385e+07  f=7.974385e+07  g=0.000000e+00  ||x||=8.684111e-02  ||grad||=3.462783e+09  tau=9.002e-14  beta=9.924e-01
[iter  393/500] obj=7.973939e+07  f=7.973939e+07  g=0.000000e+00  ||x||=8.697557e-02  ||grad||=3.462697e+09  tau=9.002e-14  beta=9.925e-01
[iter  394/500] obj=7.973496e+07  f=7.973496e+07  g=0.000000e+00  ||x||=8.710978e-02  ||grad||=3.462610e+09  tau=9.002e-14  beta=9.925e-01
[iter  395/500] obj=7.973056e+07  f=7.973056e+07  g=0.000000e+00  ||x||=8.724377e-02  ||grad||=3.462524e+09  tau=9.002e-14  beta=9.925e-01
[iter  396/500] obj=7.972618e+07  f=7.972618e+07  g=0.000000e+00  ||x||=8.737750e-02  ||grad||=3.462437e+09  tau=9.002e-14  beta=9.925e-01
[iter  397/500] obj=7.972181e+07  f=7.972181e+07  g=0.000000e+00  ||x||=8.751100e-02  ||grad||=3.462352e+09  tau=9.002e-14  beta=9.925e-01
[iter  398/500] obj=7.971747e+07  f=7.971747e+07  g=0.000000e+00  ||x||=8.764425e-02  ||grad||=3.462262e+09  tau=9.002e-14  beta=9.925e-01
[iter  399/500] obj=7.971315e+07  f=7.971315e+07  g=0.000000e+00  ||x||=8.777726e-02  ||grad||=3.462163e+09  tau=9.002e-14  beta=9.926e-01
[iter  400/500] obj=7.970885e+07  f=7.970885e+07  g=0.000000e+00  ||x||=8.791005e-02  ||grad||=3.462066e+09  tau=9.002e-14  beta=9.926e-01
[iter  401/500] obj=7.970458e+07  f=7.970458e+07  g=0.000000e+00  ||x||=8.804259e-02  ||grad||=3.461975e+09  tau=9.002e-14  beta=9.926e-01
[iter  402/500] obj=7.970032e+07  f=7.970032e+07  g=0.000000e+00  ||x||=8.817491e-02  ||grad||=3.461885e+09  tau=9.002e-14  beta=9.926e-01
[iter  403/500] obj=7.969610e+07  f=7.969610e+07  g=0.000000e+00  ||x||=8.830699e-02  ||grad||=3.461792e+09  tau=9.002e-14  beta=9.926e-01
[iter  404/500] obj=7.969190e+07  f=7.969190e+07  g=0.000000e+00  ||x||=8.843884e-02  ||grad||=3.461702e+09  tau=9.002e-14  beta=9.927e-01
[iter  405/500] obj=7.968771e+07  f=7.968771e+07  g=0.000000e+00  ||x||=8.857045e-02  ||grad||=3.461610e+09  tau=9.002e-14  beta=9.927e-01
[iter  406/500] obj=7.968354e+07  f=7.968354e+07  g=0.000000e+00  ||x||=8.870184e-02  ||grad||=3.461515e+09  tau=9.002e-14  beta=9.927e-01
[iter  407/500] obj=7.967939e+07  f=7.967939e+07  g=0.000000e+00  ||x||=8.883300e-02  ||grad||=3.461423e+09  tau=9.002e-14  beta=9.927e-01
[iter  408/500] obj=7.967528e+07  f=7.967528e+07  g=0.000000e+00  ||x||=8.896392e-02  ||grad||=3.461333e+09  tau=9.002e-14  beta=9.927e-01
[iter  409/500] obj=7.967118e+07  f=7.967118e+07  g=0.000000e+00  ||x||=8.909462e-02  ||grad||=3.461251e+09  tau=9.002e-14  beta=9.927e-01
[iter  410/500] obj=7.966710e+07  f=7.966710e+07  g=0.000000e+00  ||x||=8.922509e-02  ||grad||=3.461170e+09  tau=9.002e-14  beta=9.928e-01
[iter  411/500] obj=7.966305e+07  f=7.966305e+07  g=0.000000e+00  ||x||=8.935533e-02  ||grad||=3.461085e+09  tau=9.002e-14  beta=9.928e-01
[iter  412/500] obj=7.965902e+07  f=7.965902e+07  g=0.000000e+00  ||x||=8.948535e-02  ||grad||=3.461009e+09  tau=9.002e-14  beta=9.928e-01
[iter  413/500] obj=7.965501e+07  f=7.965501e+07  g=0.000000e+00  ||x||=8.961514e-02  ||grad||=3.460931e+09  tau=9.002e-14  beta=9.928e-01
[iter  414/500] obj=7.965102e+07  f=7.965102e+07  g=0.000000e+00  ||x||=8.974472e-02  ||grad||=3.460852e+09  tau=9.002e-14  beta=9.928e-01
[iter  415/500] obj=7.964706e+07  f=7.964706e+07  g=0.000000e+00  ||x||=8.987407e-02  ||grad||=3.460770e+09  tau=9.002e-14  beta=9.928e-01
[iter  416/500] obj=7.964311e+07  f=7.964311e+07  g=0.000000e+00  ||x||=9.000318e-02  ||grad||=3.460696e+09  tau=9.002e-14  beta=9.929e-01
[iter  417/500] obj=7.963919e+07  f=7.963919e+07  g=0.000000e+00  ||x||=9.013209e-02  ||grad||=3.460624e+09  tau=9.002e-14  beta=9.929e-01
[iter  418/500] obj=7.963530e+07  f=7.963530e+07  g=0.000000e+00  ||x||=9.026077e-02  ||grad||=3.460544e+09  tau=9.002e-14  beta=9.929e-01
[iter  419/500] obj=7.963141e+07  f=7.963141e+07  g=0.000000e+00  ||x||=9.038922e-02  ||grad||=3.460469e+09  tau=9.002e-14  beta=9.929e-01
[iter  420/500] obj=7.962755e+07  f=7.962755e+07  g=0.000000e+00  ||x||=9.051745e-02  ||grad||=3.460396e+09  tau=9.002e-14  beta=9.929e-01
[iter  421/500] obj=7.962371e+07  f=7.962371e+07  g=0.000000e+00  ||x||=9.064547e-02  ||grad||=3.460328e+09  tau=9.002e-14  beta=9.929e-01
[iter  422/500] obj=7.961990e+07  f=7.961990e+07  g=0.000000e+00  ||x||=9.077326e-02  ||grad||=3.460256e+09  tau=9.002e-14  beta=9.930e-01
[iter  423/500] obj=7.961609e+07  f=7.961609e+07  g=0.000000e+00  ||x||=9.090084e-02  ||grad||=3.460178e+09  tau=9.002e-14  beta=9.930e-01
[iter  424/500] obj=7.961230e+07  f=7.961230e+07  g=0.000000e+00  ||x||=9.102820e-02  ||grad||=3.460098e+09  tau=9.002e-14  beta=9.930e-01
[iter  425/500] obj=7.960853e+07  f=7.960853e+07  g=0.000000e+00  ||x||=9.115534e-02  ||grad||=3.460018e+09  tau=9.002e-14  beta=9.930e-01
[iter  426/500] obj=7.960478e+07  f=7.960478e+07  g=0.000000e+00  ||x||=9.128226e-02  ||grad||=3.459939e+09  tau=9.002e-14  beta=9.930e-01
[iter  427/500] obj=7.960106e+07  f=7.960106e+07  g=0.000000e+00  ||x||=9.140897e-02  ||grad||=3.459856e+09  tau=9.002e-14  beta=9.930e-01
[iter  428/500] obj=7.959734e+07  f=7.959734e+07  g=0.000000e+00  ||x||=9.153546e-02  ||grad||=3.459772e+09  tau=9.002e-14  beta=9.931e-01
[iter  429/500] obj=7.959365e+07  f=7.959365e+07  g=0.000000e+00  ||x||=9.166174e-02  ||grad||=3.459689e+09  tau=9.002e-14  beta=9.931e-01
[iter  430/500] obj=7.958997e+07  f=7.958997e+07  g=0.000000e+00  ||x||=9.178781e-02  ||grad||=3.459610e+09  tau=9.002e-14  beta=9.931e-01
[iter  431/500] obj=7.958632e+07  f=7.958632e+07  g=0.000000e+00  ||x||=9.191365e-02  ||grad||=3.459538e+09  tau=9.002e-14  beta=9.931e-01
[iter  432/500] obj=7.958270e+07  f=7.958270e+07  g=0.000000e+00  ||x||=9.203928e-02  ||grad||=3.459468e+09  tau=9.002e-14  beta=9.931e-01
[iter  433/500] obj=7.957908e+07  f=7.957908e+07  g=0.000000e+00  ||x||=9.216470e-02  ||grad||=3.459398e+09  tau=9.002e-14  beta=9.931e-01
[iter  434/500] obj=7.957549e+07  f=7.957549e+07  g=0.000000e+00  ||x||=9.228992e-02  ||grad||=3.459332e+09  tau=9.002e-14  beta=9.932e-01
[iter  435/500] obj=7.957190e+07  f=7.957190e+07  g=0.000000e+00  ||x||=9.241492e-02  ||grad||=3.459267e+09  tau=9.002e-14  beta=9.932e-01
[iter  436/500] obj=7.956835e+07  f=7.956835e+07  g=0.000000e+00  ||x||=9.253970e-02  ||grad||=3.459200e+09  tau=9.002e-14  beta=9.932e-01
[iter  437/500] obj=7.956482e+07  f=7.956482e+07  g=0.000000e+00  ||x||=9.266427e-02  ||grad||=3.459138e+09  tau=9.002e-14  beta=9.932e-01
[iter  438/500] obj=7.956130e+07  f=7.956130e+07  g=0.000000e+00  ||x||=9.278864e-02  ||grad||=3.459080e+09  tau=9.002e-14  beta=9.932e-01
[iter  439/500] obj=7.955780e+07  f=7.955780e+07  g=0.000000e+00  ||x||=9.291279e-02  ||grad||=3.459021e+09  tau=9.002e-14  beta=9.932e-01
[iter  440/500] obj=7.955432e+07  f=7.955432e+07  g=0.000000e+00  ||x||=9.303673e-02  ||grad||=3.458967e+09  tau=9.002e-14  beta=9.933e-01
[iter  441/500] obj=7.955086e+07  f=7.955086e+07  g=0.000000e+00  ||x||=9.316046e-02  ||grad||=3.458915e+09  tau=9.002e-14  beta=9.933e-01
[iter  442/500] obj=7.954742e+07  f=7.954742e+07  g=0.000000e+00  ||x||=9.328397e-02  ||grad||=3.458869e+09  tau=9.002e-14  beta=9.933e-01
[iter  443/500] obj=7.954401e+07  f=7.954401e+07  g=0.000000e+00  ||x||=9.340728e-02  ||grad||=3.458826e+09  tau=9.002e-14  beta=9.933e-01
[iter  444/500] obj=7.954060e+07  f=7.954060e+07  g=0.000000e+00  ||x||=9.353038e-02  ||grad||=3.458782e+09  tau=9.002e-14  beta=9.933e-01
[iter  445/500] obj=7.953722e+07  f=7.953722e+07  g=0.000000e+00  ||x||=9.365327e-02  ||grad||=3.458736e+09  tau=9.002e-14  beta=9.933e-01
[iter  446/500] obj=7.953385e+07  f=7.953385e+07  g=0.000000e+00  ||x||=9.377594e-02  ||grad||=3.458691e+09  tau=9.002e-14  beta=9.933e-01
[iter  447/500] obj=7.953050e+07  f=7.953050e+07  g=0.000000e+00  ||x||=9.389841e-02  ||grad||=3.458650e+09  tau=9.002e-14  beta=9.934e-01
[iter  448/500] obj=7.952716e+07  f=7.952716e+07  g=0.000000e+00  ||x||=9.402066e-02  ||grad||=3.458609e+09  tau=9.002e-14  beta=9.934e-01
[iter  449/500] obj=7.952384e+07  f=7.952384e+07  g=0.000000e+00  ||x||=9.414271e-02  ||grad||=3.458567e+09  tau=9.002e-14  beta=9.934e-01
[iter  450/500] obj=7.952054e+07  f=7.952054e+07  g=0.000000e+00  ||x||=9.426454e-02  ||grad||=3.458529e+09  tau=9.002e-14  beta=9.934e-01
[iter  451/500] obj=7.951726e+07  f=7.951726e+07  g=0.000000e+00  ||x||=9.438617e-02  ||grad||=3.458486e+09  tau=9.002e-14  beta=9.934e-01
[iter  452/500] obj=7.951398e+07  f=7.951398e+07  g=0.000000e+00  ||x||=9.450758e-02  ||grad||=3.458450e+09  tau=9.002e-14  beta=9.934e-01
[iter  453/500] obj=7.951074e+07  f=7.951074e+07  g=0.000000e+00  ||x||=9.462879e-02  ||grad||=3.458416e+09  tau=9.002e-14  beta=9.934e-01
[iter  454/500] obj=7.950751e+07  f=7.950751e+07  g=0.000000e+00  ||x||=9.474978e-02  ||grad||=3.458383e+09  tau=9.002e-14  beta=9.935e-01
[iter  455/500] obj=7.950430e+07  f=7.950430e+07  g=0.000000e+00  ||x||=9.487056e-02  ||grad||=3.458347e+09  tau=9.002e-14  beta=9.935e-01
[iter  456/500] obj=7.950110e+07  f=7.950110e+07  g=0.000000e+00  ||x||=9.499114e-02  ||grad||=3.458309e+09  tau=9.002e-14  beta=9.935e-01
[iter  457/500] obj=7.949790e+07  f=7.949790e+07  g=0.000000e+00  ||x||=9.511150e-02  ||grad||=3.458269e+09  tau=9.002e-14  beta=9.935e-01
[iter  458/500] obj=7.949474e+07  f=7.949474e+07  g=0.000000e+00  ||x||=9.523166e-02  ||grad||=3.458232e+09  tau=9.002e-14  beta=9.935e-01
[iter  459/500] obj=7.949158e+07  f=7.949158e+07  g=0.000000e+00  ||x||=9.535160e-02  ||grad||=3.458193e+09  tau=9.002e-14  beta=9.935e-01
[iter  460/500] obj=7.948845e+07  f=7.948845e+07  g=0.000000e+00  ||x||=9.547134e-02  ||grad||=3.458158e+09  tau=9.002e-14  beta=9.935e-01
[iter  461/500] obj=7.948532e+07  f=7.948532e+07  g=0.000000e+00  ||x||=9.559086e-02  ||grad||=3.458122e+09  tau=9.002e-14  beta=9.936e-01
[iter  462/500] obj=7.948222e+07  f=7.948222e+07  g=0.000000e+00  ||x||=9.571018e-02  ||grad||=3.458089e+09  tau=9.002e-14  beta=9.936e-01
[iter  463/500] obj=7.947912e+07  f=7.947912e+07  g=0.000000e+00  ||x||=9.582929e-02  ||grad||=3.458051e+09  tau=9.002e-14  beta=9.936e-01
[iter  464/500] obj=7.947604e+07  f=7.947604e+07  g=0.000000e+00  ||x||=9.594817e-02  ||grad||=3.458013e+09  tau=9.002e-14  beta=9.936e-01
[iter  465/500] obj=7.947298e+07  f=7.947298e+07  g=0.000000e+00  ||x||=9.606687e-02  ||grad||=3.457975e+09  tau=9.002e-14  beta=9.936e-01
[iter  466/500] obj=7.946993e+07  f=7.946993e+07  g=0.000000e+00  ||x||=9.618534e-02  ||grad||=3.457941e+09  tau=9.002e-14  beta=9.936e-01
[iter  467/500] obj=7.946690e+07  f=7.946690e+07  g=0.000000e+00  ||x||=9.630362e-02  ||grad||=3.457902e+09  tau=9.002e-14  beta=9.936e-01
[iter  468/500] obj=7.946389e+07  f=7.946389e+07  g=0.000000e+00  ||x||=9.642168e-02  ||grad||=3.457865e+09  tau=9.002e-14  beta=9.937e-01
[iter  469/500] obj=7.946088e+07  f=7.946088e+07  g=0.000000e+00  ||x||=9.653953e-02  ||grad||=3.457831e+09  tau=9.002e-14  beta=9.937e-01
[iter  470/500] obj=7.945789e+07  f=7.945789e+07  g=0.000000e+00  ||x||=9.665718e-02  ||grad||=3.457797e+09  tau=9.002e-14  beta=9.937e-01
[iter  471/500] obj=7.945492e+07  f=7.945492e+07  g=0.000000e+00  ||x||=9.677462e-02  ||grad||=3.457761e+09  tau=9.002e-14  beta=9.937e-01
[iter  472/500] obj=7.945195e+07  f=7.945195e+07  g=0.000000e+00  ||x||=9.689184e-02  ||grad||=3.457722e+09  tau=9.002e-14  beta=9.937e-01
[iter  473/500] obj=7.944901e+07  f=7.944901e+07  g=0.000000e+00  ||x||=9.700885e-02  ||grad||=3.457680e+09  tau=9.002e-14  beta=9.937e-01
[iter  474/500] obj=7.944608e+07  f=7.944608e+07  g=0.000000e+00  ||x||=9.712566e-02  ||grad||=3.457640e+09  tau=9.002e-14  beta=9.937e-01
[iter  475/500] obj=7.944317e+07  f=7.944317e+07  g=0.000000e+00  ||x||=9.724226e-02  ||grad||=3.457597e+09  tau=9.002e-14  beta=9.937e-01
[iter  476/500] obj=7.944026e+07  f=7.944026e+07  g=0.000000e+00  ||x||=9.735866e-02  ||grad||=3.457554e+09  tau=9.002e-14  beta=9.938e-01
[iter  477/500] obj=7.943737e+07  f=7.943737e+07  g=0.000000e+00  ||x||=9.747484e-02  ||grad||=3.457513e+09  tau=9.002e-14  beta=9.938e-01
[iter  478/500] obj=7.943450e+07  f=7.943450e+07  g=0.000000e+00  ||x||=9.759083e-02  ||grad||=3.457473e+09  tau=9.002e-14  beta=9.938e-01
[iter  479/500] obj=7.943163e+07  f=7.943163e+07  g=0.000000e+00  ||x||=9.770659e-02  ||grad||=3.457432e+09  tau=9.002e-14  beta=9.938e-01
[iter  480/500] obj=7.942878e+07  f=7.942878e+07  g=0.000000e+00  ||x||=9.782215e-02  ||grad||=3.457392e+09  tau=9.002e-14  beta=9.938e-01
[iter  481/500] obj=7.942595e+07  f=7.942595e+07  g=0.000000e+00  ||x||=9.793751e-02  ||grad||=3.457349e+09  tau=9.002e-14  beta=9.938e-01
[iter  482/500] obj=7.942314e+07  f=7.942314e+07  g=0.000000e+00  ||x||=9.805266e-02  ||grad||=3.457301e+09  tau=9.002e-14  beta=9.938e-01
[iter  483/500] obj=7.942032e+07  f=7.942032e+07  g=0.000000e+00  ||x||=9.816761e-02  ||grad||=3.457252e+09  tau=9.002e-14  beta=9.938e-01
[iter  484/500] obj=7.941752e+07  f=7.941752e+07  g=0.000000e+00  ||x||=9.828234e-02  ||grad||=3.457200e+09  tau=9.002e-14  beta=9.939e-01
[iter  485/500] obj=7.941474e+07  f=7.941474e+07  g=0.000000e+00  ||x||=9.839687e-02  ||grad||=3.457149e+09  tau=9.002e-14  beta=9.939e-01
[iter  486/500] obj=7.941197e+07  f=7.941197e+07  g=0.000000e+00  ||x||=9.851120e-02  ||grad||=3.457100e+09  tau=9.002e-14  beta=9.939e-01
[iter  487/500] obj=7.940922e+07  f=7.940922e+07  g=0.000000e+00  ||x||=9.862532e-02  ||grad||=3.457045e+09  tau=9.002e-14  beta=9.939e-01
[iter  488/500] obj=7.940646e+07  f=7.940646e+07  g=0.000000e+00  ||x||=9.873924e-02  ||grad||=3.456988e+09  tau=9.002e-14  beta=9.939e-01
[iter  489/500] obj=7.940374e+07  f=7.940374e+07  g=0.000000e+00  ||x||=9.885295e-02  ||grad||=3.456930e+09  tau=9.002e-14  beta=9.939e-01
[iter  490/500] obj=7.940102e+07  f=7.940102e+07  g=0.000000e+00  ||x||=9.896647e-02  ||grad||=3.456871e+09  tau=9.002e-14  beta=9.939e-01
[iter  491/500] obj=7.939831e+07  f=7.939831e+07  g=0.000000e+00  ||x||=9.907977e-02  ||grad||=3.456819e+09  tau=9.002e-14  beta=9.939e-01
[iter  492/500] obj=7.939562e+07  f=7.939562e+07  g=0.000000e+00  ||x||=9.919287e-02  ||grad||=3.456761e+09  tau=9.002e-14  beta=9.940e-01
[iter  493/500] obj=7.939294e+07  f=7.939294e+07  g=0.000000e+00  ||x||=9.930577e-02  ||grad||=3.456699e+09  tau=9.002e-14  beta=9.940e-01
[iter  494/500] obj=7.939026e+07  f=7.939026e+07  g=0.000000e+00  ||x||=9.941848e-02  ||grad||=3.456640e+09  tau=9.002e-14  beta=9.940e-01
[iter  495/500] obj=7.938760e+07  f=7.938760e+07  g=0.000000e+00  ||x||=9.953098e-02  ||grad||=3.456576e+09  tau=9.002e-14  beta=9.940e-01
[iter  496/500] obj=7.938495e+07  f=7.938495e+07  g=0.000000e+00  ||x||=9.964328e-02  ||grad||=3.456507e+09  tau=9.002e-14  beta=9.940e-01
[iter  497/500] obj=7.938232e+07  f=7.938232e+07  g=0.000000e+00  ||x||=9.975538e-02  ||grad||=3.456438e+09  tau=9.002e-14  beta=9.940e-01
[iter  498/500] obj=7.937970e+07  f=7.937970e+07  g=0.000000e+00  ||x||=9.986728e-02  ||grad||=3.456375e+09  tau=9.002e-14  beta=9.940e-01
[iter  499/500] obj=7.937709e+07  f=7.937709e+07  g=0.000000e+00  ||x||=9.997898e-02  ||grad||=3.456312e+09  tau=9.002e-14  beta=9.940e-01
[iter  500/500] obj=7.937449e+07  f=7.937449e+07  g=0.000000e+00  ||x||=1.000905e-01  ||grad||=3.456250e+09  tau=9.002e-14  beta=9.941e-01
All outputs saved in: /work3/msaca/textomo_run_011

------------------------------------------------------------
Sender: LSF System <lsfadmin@hpc.dtu.dk>
Subject: Job 27611049: <TextureTomography> in cluster <dcc> Done

Job <TextureTomography> was submitted from host <gbarlogin1> by user <msaca> in cluster <dcc> at Thu Jan 15 08:07:00 2026
Job was executed on host(s) <8*n-62-12-21>, in queue <gpua100>, as user <msaca> in cluster <dcc> at Thu Jan 15 08:09:18 2026
</zhome/71/c/146676> was used as the home directory.
</zhome/71/c/146676/texture_tomography/jobscripts> was used as the working directory.
Started at Thu Jan 15 08:09:18 2026
Terminated at Thu Jan 15 09:53:20 2026
Results reported at Thu Jan 15 09:53:20 2026

Your job looked like:

------------------------------------------------------------
# LSBATCH: User input
#!/bin/bash
#BSUB -J TextureTomography
#BSUB -q gpua100
#BSUB -gpu "num=1:mode=exclusive_process"
#BSUB -n 8
#BSUB -R "span[hosts=1]"
#BSUB -R "rusage[mem=4000]"        # 40 GB host RAM
#BSUB -M 4000                      # hard memory limit
#BSUB -W 15:00
#BSUB -oo log/%J.out
#BSUB -eo error/%J.err

# initialize conda
export PATH="/zhome/71/c/146676/miniconda3/bin:$PATH"
source /zhome/71/c/146676/miniconda3/etc/profile.d/conda.sh

conda activate cil

python ../scripts/textomo2.py

------------------------------------------------------------

Successfully completed.

Resource usage summary:

    CPU time :                                   6378.00 sec.
    Max Memory :                                 5424 MB
    Average Memory :                             2273.60 MB
    Total Requested Memory :                     32000.00 MB
    Delta Memory :                               26576.00 MB
    Max Swap :                                   -
    Max Processes :                              5
    Max Threads :                                20
    Run time :                                   6242 sec.
    Turnaround time :                            6380 sec.

The output (if any) is above this job summary.



PS:

Read file <error/27611049.err> for stderr output of this job.

