INFO:Setting the number of threads to 8. If your physical cores are fewer than this number, you may want to use numba.set_num_threads(n), and os.environ["OPENBLAS_NUM_THREADS"] = f"{n}" to set the number of threads to the number of physical cores n.
INFO:Setting numba log level to WARNING.
Saving results to: /work3/msaca/textomo_run_012
0.3562848439565492
[0.15253486 0.17618918 0.24949357 0.29284424 0.3858888 ]

=== OpenCL buffer allocation summary ===
coeffs_sino_F                 : shape=(148x500x596),   168.24 MB
coeffs_sino_C                 : shape=(500x148x596),   168.24 MB
_coeffs_batch_F               : shape=(148x148x596),    49.80 MB
_basis_batch_kmax             : shape=(500x596x180x5),  1023.10 MB
_basis_batch_transpose_kmax   : shape=(500x900x596),  1023.10 MB
_grid_inv_kmax                : shape=(596x9),     0.02 MB
_inv_sigma2_kmax              : shape=(596),     0.00 MB
_norm_factor_kmax             : shape=(596),     0.00 MB
---------------------------------------
TOTAL GPU buffer memory:  2432.52 MB
=======================================

[power 01] L_est=5.909267e+07  ||z||=1.453350e+09
[power 02] L_est=2.540475e+11  ||z||=5.649894e+11
[power 03] L_est=2.567168e+12  ||z||=3.008117e+12
[power 04] L_est=4.164701e+12  ||z||=4.356208e+12
[power 05] L_est=4.776989e+12  ||z||=4.835404e+12
[power 06] L_est=4.955560e+12  ||z||=4.971223e+12
[power 07] L_est=5.003053e+12  ||z||=5.007202e+12
[power 08] L_est=5.015653e+12  ||z||=5.016770e+12
[power 09] L_est=5.019057e+12  ||z||=5.019363e+12
[power 10] L_est=5.019993e+12  ||z||=5.020079e+12
[power 11] L_est=5.020255e+12  ||z||=5.020279e+12
[power 12] L_est=5.020329e+12  ||z||=5.020337e+12
[power 13] L_est=5.020351e+12  ||z||=5.020353e+12
[power 14] L_est=5.020357e+12  ||z||=5.020357e+12
[power 15] L_est=5.020359e+12  ||z||=5.020359e+12
[power 16] L_est=5.020359e+12  ||z||=5.020359e+12
[power 17] L_est=5.020359e+12  ||z||=5.020360e+12
[power 18] L_est=5.020359e+12  ||z||=5.020359e+12
[power 19] L_est=5.020359e+12  ||z||=5.020359e+12
[power 20] L_est=5.020360e+12  ||z||=5.020360e+12
[iter    1/400] obj=1.107525e+08  f=1.107525e+08  g=0.000000e+00  ||x||=1.770672e-03  ||grad||=9.778349e+09  tau=1.811e-13  beta=0.000e+00
[iter    2/400] obj=9.962654e+07  f=9.962654e+07  g=0.000000e+00  ||x||=2.353271e-03  ||grad||=4.331591e+09  tau=1.811e-13  beta=2.818e-01
[iter    3/400] obj=9.565506e+07  f=9.565506e+07  g=0.000000e+00  ||x||=3.034542e-03  ||grad||=3.751185e+09  tau=1.811e-13  beta=4.340e-01
[iter    4/400] obj=9.230918e+07  f=9.230918e+07  g=0.000000e+00  ||x||=3.789476e-03  ||grad||=3.479788e+09  tau=1.811e-13  beta=5.311e-01
[iter    5/400] obj=8.959898e+07  f=8.959898e+07  g=0.000000e+00  ||x||=4.564781e-03  ||grad||=3.497982e+09  tau=1.811e-13  beta=5.988e-01
[iter    6/400] obj=8.730658e+07  f=8.730658e+07  g=0.000000e+00  ||x||=5.345289e-03  ||grad||=3.626256e+09  tau=1.811e-13  beta=6.489e-01
[iter    7/400] obj=8.533613e+07  f=8.533613e+07  g=0.000000e+00  ||x||=6.123210e-03  ||grad||=3.796227e+09  tau=1.811e-13  beta=6.876e-01
[iter    8/400] obj=8.361814e+07  f=8.361814e+07  g=0.000000e+00  ||x||=6.893966e-03  ||grad||=3.972780e+09  tau=1.811e-13  beta=7.185e-01
[iter    9/400] obj=8.210183e+07  f=8.210183e+07  g=0.000000e+00  ||x||=7.654941e-03  ||grad||=4.139162e+09  tau=1.811e-13  beta=7.437e-01
[iter   10/400] obj=8.074933e+07  f=8.074933e+07  g=0.000000e+00  ||x||=8.404793e-03  ||grad||=4.288572e+09  tau=1.811e-13  beta=7.647e-01
[iter   11/400] obj=7.953199e+07  f=7.953199e+07  g=0.000000e+00  ||x||=9.143005e-03  ||grad||=4.419318e+09  tau=1.811e-13  beta=7.824e-01
[iter   12/400] obj=7.842760e+07  f=7.842760e+07  g=0.000000e+00  ||x||=9.869582e-03  ||grad||=4.531919e+09  tau=1.811e-13  beta=7.976e-01
[iter   13/400] obj=7.741853e+07  f=7.741853e+07  g=0.000000e+00  ||x||=1.058487e-02  ||grad||=4.627834e+09  tau=1.811e-13  beta=8.108e-01
[iter   14/400] obj=7.649083e+07  f=7.649083e+07  g=0.000000e+00  ||x||=1.128941e-02  ||grad||=4.708973e+09  tau=1.811e-13  beta=8.224e-01
[iter   15/400] obj=7.563330e+07  f=7.563330e+07  g=0.000000e+00  ||x||=1.198386e-02  ||grad||=4.777309e+09  tau=1.811e-13  beta=8.326e-01
[iter   16/400] obj=7.483661e+07  f=7.483661e+07  g=0.000000e+00  ||x||=1.266889e-02  ||grad||=4.834534e+09  tau=1.811e-13  beta=8.417e-01
[iter   17/400] obj=7.409306e+07  f=7.409306e+07  g=0.000000e+00  ||x||=1.334523e-02  ||grad||=4.882136e+09  tau=1.811e-13  beta=8.498e-01
[iter   18/400] obj=7.339627e+07  f=7.339627e+07  g=0.000000e+00  ||x||=1.401359e-02  ||grad||=4.921486e+09  tau=1.811e-13  beta=8.571e-01
[iter   19/400] obj=7.274078e+07  f=7.274078e+07  g=0.000000e+00  ||x||=1.467466e-02  ||grad||=4.953681e+09  tau=1.811e-13  beta=8.638e-01
[iter   20/400] obj=7.212201e+07  f=7.212201e+07  g=0.000000e+00  ||x||=1.532913e-02  ||grad||=4.979682e+09  tau=1.811e-13  beta=8.698e-01
[iter   21/400] obj=7.153610e+07  f=7.153610e+07  g=0.000000e+00  ||x||=1.597763e-02  ||grad||=5.000364e+09  tau=1.811e-13  beta=8.754e-01
[iter   22/400] obj=7.097973e+07  f=7.097973e+07  g=0.000000e+00  ||x||=1.662076e-02  ||grad||=5.016498e+09  tau=1.811e-13  beta=8.804e-01
[iter   23/400] obj=7.045010e+07  f=7.045010e+07  g=0.000000e+00  ||x||=1.725909e-02  ||grad||=5.028679e+09  tau=1.811e-13  beta=8.851e-01
[iter   24/400] obj=6.994471e+07  f=6.994471e+07  g=0.000000e+00  ||x||=1.789314e-02  ||grad||=5.037424e+09  tau=1.811e-13  beta=8.894e-01
[iter   25/400] obj=6.946144e+07  f=6.946144e+07  g=0.000000e+00  ||x||=1.852340e-02  ||grad||=5.043161e+09  tau=1.811e-13  beta=8.934e-01
[iter   26/400] obj=6.899846e+07  f=6.899846e+07  g=0.000000e+00  ||x||=1.915028e-02  ||grad||=5.046311e+09  tau=1.811e-13  beta=8.971e-01
[iter   27/400] obj=6.855421e+07  f=6.855421e+07  g=0.000000e+00  ||x||=1.977420e-02  ||grad||=5.047268e+09  tau=1.811e-13  beta=9.006e-01
[iter   28/400] obj=6.812720e+07  f=6.812720e+07  g=0.000000e+00  ||x||=2.039549e-02  ||grad||=5.046259e+09  tau=1.811e-13  beta=9.038e-01
[iter   29/400] obj=6.771614e+07  f=6.771614e+07  g=0.000000e+00  ||x||=2.101449e-02  ||grad||=5.043503e+09  tau=1.811e-13  beta=9.069e-01
[iter   30/400] obj=6.731998e+07  f=6.731998e+07  g=0.000000e+00  ||x||=2.163146e-02  ||grad||=5.039227e+09  tau=1.811e-13  beta=9.097e-01
[iter   31/400] obj=6.693761e+07  f=6.693761e+07  g=0.000000e+00  ||x||=2.224667e-02  ||grad||=5.033526e+09  tau=1.811e-13  beta=9.124e-01
[iter   32/400] obj=6.656816e+07  f=6.656816e+07  g=0.000000e+00  ||x||=2.286033e-02  ||grad||=5.026594e+09  tau=1.811e-13  beta=9.149e-01
[iter   33/400] obj=6.621089e+07  f=6.621089e+07  g=0.000000e+00  ||x||=2.347264e-02  ||grad||=5.018612e+09  tau=1.811e-13  beta=9.173e-01
[iter   34/400] obj=6.586502e+07  f=6.586502e+07  g=0.000000e+00  ||x||=2.408377e-02  ||grad||=5.009656e+09  tau=1.811e-13  beta=9.195e-01
[iter   35/400] obj=6.552992e+07  f=6.552992e+07  g=0.000000e+00  ||x||=2.469386e-02  ||grad||=4.999832e+09  tau=1.811e-13  beta=9.217e-01
[iter   36/400] obj=6.520492e+07  f=6.520492e+07  g=0.000000e+00  ||x||=2.530304e-02  ||grad||=4.989193e+09  tau=1.811e-13  beta=9.237e-01
[iter   37/400] obj=6.488951e+07  f=6.488951e+07  g=0.000000e+00  ||x||=2.591141e-02  ||grad||=4.977839e+09  tau=1.811e-13  beta=9.256e-01
[iter   38/400] obj=6.458319e+07  f=6.458319e+07  g=0.000000e+00  ||x||=2.651906e-02  ||grad||=4.965828e+09  tau=1.811e-13  beta=9.274e-01
[iter   39/400] obj=6.428557e+07  f=6.428557e+07  g=0.000000e+00  ||x||=2.712606e-02  ||grad||=4.953309e+09  tau=1.811e-13  beta=9.292e-01
[iter   40/400] obj=6.399619e+07  f=6.399619e+07  g=0.000000e+00  ||x||=2.773246e-02  ||grad||=4.940315e+09  tau=1.811e-13  beta=9.308e-01
[iter   41/400] obj=6.371463e+07  f=6.371463e+07  g=0.000000e+00  ||x||=2.833830e-02  ||grad||=4.926830e+09  tau=1.811e-13  beta=9.324e-01
[iter   42/400] obj=6.344059e+07  f=6.344059e+07  g=0.000000e+00  ||x||=2.894360e-02  ||grad||=4.912984e+09  tau=1.811e-13  beta=9.339e-01
[iter   43/400] obj=6.317371e+07  f=6.317371e+07  g=0.000000e+00  ||x||=2.954839e-02  ||grad||=4.898773e+09  tau=1.811e-13  beta=9.353e-01
[iter   44/400] obj=6.291372e+07  f=6.291372e+07  g=0.000000e+00  ||x||=3.015267e-02  ||grad||=4.884271e+09  tau=1.811e-13  beta=9.367e-01
[iter   45/400] obj=6.266028e+07  f=6.266028e+07  g=0.000000e+00  ||x||=3.075643e-02  ||grad||=4.869445e+09  tau=1.811e-13  beta=9.380e-01
[iter   46/400] obj=6.241319e+07  f=6.241319e+07  g=0.000000e+00  ||x||=3.135966e-02  ||grad||=4.854395e+09  tau=1.811e-13  beta=9.393e-01
[iter   47/400] obj=6.217214e+07  f=6.217214e+07  g=0.000000e+00  ||x||=3.196236e-02  ||grad||=4.839080e+09  tau=1.811e-13  beta=9.405e-01
[iter   48/400] obj=6.193692e+07  f=6.193692e+07  g=0.000000e+00  ||x||=3.256448e-02  ||grad||=4.823587e+09  tau=1.811e-13  beta=9.417e-01
[iter   49/400] obj=6.170732e+07  f=6.170732e+07  g=0.000000e+00  ||x||=3.316602e-02  ||grad||=4.807909e+09  tau=1.811e-13  beta=9.428e-01
[iter   50/400] obj=6.148307e+07  f=6.148307e+07  g=0.000000e+00  ||x||=3.376695e-02  ||grad||=4.792003e+09  tau=1.811e-13  beta=9.439e-01
[iter   51/400] obj=6.126402e+07  f=6.126402e+07  g=0.000000e+00  ||x||=3.436724e-02  ||grad||=4.775917e+09  tau=1.811e-13  beta=9.449e-01
[iter   52/400] obj=6.104996e+07  f=6.104996e+07  g=0.000000e+00  ||x||=3.496684e-02  ||grad||=4.759703e+09  tau=1.811e-13  beta=9.459e-01
[iter   53/400] obj=6.084072e+07  f=6.084072e+07  g=0.000000e+00  ||x||=3.556575e-02  ||grad||=4.743336e+09  tau=1.811e-13  beta=9.469e-01
[iter   54/400] obj=6.063618e+07  f=6.063618e+07  g=0.000000e+00  ||x||=3.616391e-02  ||grad||=4.726906e+09  tau=1.811e-13  beta=9.478e-01
[iter   55/400] obj=6.043611e+07  f=6.043611e+07  g=0.000000e+00  ||x||=3.676131e-02  ||grad||=4.710364e+09  tau=1.811e-13  beta=9.487e-01
[iter   56/400] obj=6.024041e+07  f=6.024041e+07  g=0.000000e+00  ||x||=3.735789e-02  ||grad||=4.693779e+09  tau=1.811e-13  beta=9.496e-01
[iter   57/400] obj=6.004891e+07  f=6.004891e+07  g=0.000000e+00  ||x||=3.795364e-02  ||grad||=4.677107e+09  tau=1.811e-13  beta=9.504e-01
[iter   58/400] obj=5.986149e+07  f=5.986149e+07  g=0.000000e+00  ||x||=3.854851e-02  ||grad||=4.660398e+09  tau=1.811e-13  beta=9.513e-01
[iter   59/400] obj=5.967804e+07  f=5.967804e+07  g=0.000000e+00  ||x||=3.914247e-02  ||grad||=4.643699e+09  tau=1.811e-13  beta=9.520e-01
[iter   60/400] obj=5.949844e+07  f=5.949844e+07  g=0.000000e+00  ||x||=3.973548e-02  ||grad||=4.627018e+09  tau=1.811e-13  beta=9.528e-01
[iter   61/400] obj=5.932258e+07  f=5.932258e+07  g=0.000000e+00  ||x||=4.032751e-02  ||grad||=4.610353e+09  tau=1.811e-13  beta=9.535e-01
[iter   62/400] obj=5.915032e+07  f=5.915032e+07  g=0.000000e+00  ||x||=4.091852e-02  ||grad||=4.593706e+09  tau=1.811e-13  beta=9.542e-01
[iter   63/400] obj=5.898157e+07  f=5.898157e+07  g=0.000000e+00  ||x||=4.150847e-02  ||grad||=4.577083e+09  tau=1.811e-13  beta=9.549e-01
[iter   64/400] obj=5.881619e+07  f=5.881619e+07  g=0.000000e+00  ||x||=4.209732e-02  ||grad||=4.560457e+09  tau=1.811e-13  beta=9.556e-01
[iter   65/400] obj=5.865413e+07  f=5.865413e+07  g=0.000000e+00  ||x||=4.268505e-02  ||grad||=4.543881e+09  tau=1.811e-13  beta=9.563e-01
[iter   66/400] obj=5.849526e+07  f=5.849526e+07  g=0.000000e+00  ||x||=4.327162e-02  ||grad||=4.527370e+09  tau=1.811e-13  beta=9.569e-01
[iter   67/400] obj=5.833954e+07  f=5.833954e+07  g=0.000000e+00  ||x||=4.385699e-02  ||grad||=4.510965e+09  tau=1.811e-13  beta=9.575e-01
[iter   68/400] obj=5.818684e+07  f=5.818684e+07  g=0.000000e+00  ||x||=4.444113e-02  ||grad||=4.494612e+09  tau=1.811e-13  beta=9.581e-01
[iter   69/400] obj=5.803708e+07  f=5.803708e+07  g=0.000000e+00  ||x||=4.502402e-02  ||grad||=4.478316e+09  tau=1.811e-13  beta=9.587e-01
[iter   70/400] obj=5.789020e+07  f=5.789020e+07  g=0.000000e+00  ||x||=4.560561e-02  ||grad||=4.462098e+09  tau=1.811e-13  beta=9.593e-01
[iter   71/400] obj=5.774612e+07  f=5.774612e+07  g=0.000000e+00  ||x||=4.618587e-02  ||grad||=4.446010e+09  tau=1.811e-13  beta=9.598e-01
[iter   72/400] obj=5.760478e+07  f=5.760478e+07  g=0.000000e+00  ||x||=4.676478e-02  ||grad||=4.430024e+09  tau=1.811e-13  beta=9.603e-01
[iter   73/400] obj=5.746610e+07  f=5.746610e+07  g=0.000000e+00  ||x||=4.734230e-02  ||grad||=4.414149e+09  tau=1.811e-13  beta=9.609e-01
[iter   74/400] obj=5.732998e+07  f=5.732998e+07  g=0.000000e+00  ||x||=4.791839e-02  ||grad||=4.398376e+09  tau=1.811e-13  beta=9.614e-01
[iter   75/400] obj=5.719639e+07  f=5.719639e+07  g=0.000000e+00  ||x||=4.849305e-02  ||grad||=4.382732e+09  tau=1.811e-13  beta=9.619e-01
[iter   76/400] obj=5.706523e+07  f=5.706523e+07  g=0.000000e+00  ||x||=4.906622e-02  ||grad||=4.367166e+09  tau=1.811e-13  beta=9.623e-01
[iter   77/400] obj=5.693645e+07  f=5.693645e+07  g=0.000000e+00  ||x||=4.963790e-02  ||grad||=4.351690e+09  tau=1.811e-13  beta=9.628e-01
[iter   78/400] obj=5.680998e+07  f=5.680998e+07  g=0.000000e+00  ||x||=5.020805e-02  ||grad||=4.336326e+09  tau=1.811e-13  beta=9.633e-01
[iter   79/400] obj=5.668580e+07  f=5.668580e+07  g=0.000000e+00  ||x||=5.077664e-02  ||grad||=4.321108e+09  tau=1.811e-13  beta=9.637e-01
[iter   80/400] obj=5.656382e+07  f=5.656382e+07  g=0.000000e+00  ||x||=5.134366e-02  ||grad||=4.305994e+09  tau=1.811e-13  beta=9.642e-01
[iter   81/400] obj=5.644402e+07  f=5.644402e+07  g=0.000000e+00  ||x||=5.190909e-02  ||grad||=4.291026e+09  tau=1.811e-13  beta=9.646e-01
[iter   82/400] obj=5.632634e+07  f=5.632634e+07  g=0.000000e+00  ||x||=5.247288e-02  ||grad||=4.276189e+09  tau=1.811e-13  beta=9.650e-01
[iter   83/400] obj=5.621072e+07  f=5.621072e+07  g=0.000000e+00  ||x||=5.303503e-02  ||grad||=4.261471e+09  tau=1.811e-13  beta=9.654e-01
[iter   84/400] obj=5.609711e+07  f=5.609711e+07  g=0.000000e+00  ||x||=5.359551e-02  ||grad||=4.246886e+09  tau=1.811e-13  beta=9.658e-01
[iter   85/400] obj=5.598544e+07  f=5.598544e+07  g=0.000000e+00  ||x||=5.415431e-02  ||grad||=4.232403e+09  tau=1.811e-13  beta=9.662e-01
[iter   86/400] obj=5.587569e+07  f=5.587569e+07  g=0.000000e+00  ||x||=5.471140e-02  ||grad||=4.218050e+09  tau=1.811e-13  beta=9.666e-01
[iter   87/400] obj=5.576784e+07  f=5.576784e+07  g=0.000000e+00  ||x||=5.526676e-02  ||grad||=4.203856e+09  tau=1.811e-13  beta=9.669e-01
[iter   88/400] obj=5.566180e+07  f=5.566180e+07  g=0.000000e+00  ||x||=5.582038e-02  ||grad||=4.189765e+09  tau=1.811e-13  beta=9.673e-01
[iter   89/400] obj=5.555755e+07  f=5.555755e+07  g=0.000000e+00  ||x||=5.637223e-02  ||grad||=4.175809e+09  tau=1.811e-13  beta=9.677e-01
[iter   90/400] obj=5.545504e+07  f=5.545504e+07  g=0.000000e+00  ||x||=5.692231e-02  ||grad||=4.161971e+09  tau=1.811e-13  beta=9.680e-01
[iter   91/400] obj=5.535424e+07  f=5.535424e+07  g=0.000000e+00  ||x||=5.747059e-02  ||grad||=4.148274e+09  tau=1.811e-13  beta=9.683e-01
[iter   92/400] obj=5.525514e+07  f=5.525514e+07  g=0.000000e+00  ||x||=5.801705e-02  ||grad||=4.134733e+09  tau=1.811e-13  beta=9.687e-01
[iter   93/400] obj=5.515766e+07  f=5.515766e+07  g=0.000000e+00  ||x||=5.856168e-02  ||grad||=4.121329e+09  tau=1.811e-13  beta=9.690e-01
[iter   94/400] obj=5.506178e+07  f=5.506178e+07  g=0.000000e+00  ||x||=5.910447e-02  ||grad||=4.108061e+09  tau=1.811e-13  beta=9.693e-01
[iter   95/400] obj=5.496746e+07  f=5.496746e+07  g=0.000000e+00  ||x||=5.964541e-02  ||grad||=4.094892e+09  tau=1.811e-13  beta=9.696e-01
[iter   96/400] obj=5.487466e+07  f=5.487466e+07  g=0.000000e+00  ||x||=6.018447e-02  ||grad||=4.081867e+09  tau=1.811e-13  beta=9.699e-01
[iter   97/400] obj=5.478338e+07  f=5.478338e+07  g=0.000000e+00  ||x||=6.072164e-02  ||grad||=4.068980e+09  tau=1.811e-13  beta=9.702e-01
[iter   98/400] obj=5.469354e+07  f=5.469354e+07  g=0.000000e+00  ||x||=6.125692e-02  ||grad||=4.056195e+09  tau=1.811e-13  beta=9.705e-01
[iter   99/400] obj=5.460514e+07  f=5.460514e+07  g=0.000000e+00  ||x||=6.179029e-02  ||grad||=4.043531e+09  tau=1.811e-13  beta=9.708e-01
[iter  100/400] obj=5.451817e+07  f=5.451817e+07  g=0.000000e+00  ||x||=6.232174e-02  ||grad||=4.031034e+09  tau=1.811e-13  beta=9.711e-01
[iter  101/400] obj=5.443257e+07  f=5.443257e+07  g=0.000000e+00  ||x||=6.285127e-02  ||grad||=4.018643e+09  tau=1.811e-13  beta=9.714e-01
[iter  102/400] obj=5.434829e+07  f=5.434829e+07  g=0.000000e+00  ||x||=6.337885e-02  ||grad||=4.006366e+09  tau=1.811e-13  beta=9.716e-01
[iter  103/400] obj=5.426535e+07  f=5.426535e+07  g=0.000000e+00  ||x||=6.390449e-02  ||grad||=3.994226e+09  tau=1.811e-13  beta=9.719e-01
[iter  104/400] obj=5.418367e+07  f=5.418367e+07  g=0.000000e+00  ||x||=6.442817e-02  ||grad||=3.982185e+09  tau=1.811e-13  beta=9.722e-01
[iter  105/400] obj=5.410324e+07  f=5.410324e+07  g=0.000000e+00  ||x||=6.494990e-02  ||grad||=3.970246e+09  tau=1.811e-13  beta=9.724e-01
[iter  106/400] obj=5.402404e+07  f=5.402404e+07  g=0.000000e+00  ||x||=6.546967e-02  ||grad||=3.958404e+09  tau=1.811e-13  beta=9.727e-01
[iter  107/400] obj=5.394605e+07  f=5.394605e+07  g=0.000000e+00  ||x||=6.598747e-02  ||grad||=3.946687e+09  tau=1.811e-13  beta=9.729e-01
[iter  108/400] obj=5.386924e+07  f=5.386924e+07  g=0.000000e+00  ||x||=6.650329e-02  ||grad||=3.935077e+09  tau=1.811e-13  beta=9.732e-01
[iter  109/400] obj=5.379356e+07  f=5.379356e+07  g=0.000000e+00  ||x||=6.701715e-02  ||grad||=3.923561e+09  tau=1.811e-13  beta=9.734e-01
[iter  110/400] obj=5.371900e+07  f=5.371900e+07  g=0.000000e+00  ||x||=6.752902e-02  ||grad||=3.912144e+09  tau=1.811e-13  beta=9.736e-01
[iter  111/400] obj=5.364556e+07  f=5.364556e+07  g=0.000000e+00  ||x||=6.803893e-02  ||grad||=3.900848e+09  tau=1.811e-13  beta=9.739e-01
[iter  112/400] obj=5.357318e+07  f=5.357318e+07  g=0.000000e+00  ||x||=6.854686e-02  ||grad||=3.889640e+09  tau=1.811e-13  beta=9.741e-01
[iter  113/400] obj=5.350186e+07  f=5.350186e+07  g=0.000000e+00  ||x||=6.905282e-02  ||grad||=3.878529e+09  tau=1.811e-13  beta=9.743e-01
[iter  114/400] obj=5.343159e+07  f=5.343159e+07  g=0.000000e+00  ||x||=6.955681e-02  ||grad||=3.867540e+09  tau=1.811e-13  beta=9.745e-01
[iter  115/400] obj=5.336233e+07  f=5.336233e+07  g=0.000000e+00  ||x||=7.005884e-02  ||grad||=3.856653e+09  tau=1.811e-13  beta=9.748e-01
[iter  116/400] obj=5.329406e+07  f=5.329406e+07  g=0.000000e+00  ||x||=7.055889e-02  ||grad||=3.845870e+09  tau=1.811e-13  beta=9.750e-01
[iter  117/400] obj=5.322678e+07  f=5.322678e+07  g=0.000000e+00  ||x||=7.105698e-02  ||grad||=3.835193e+09  tau=1.811e-13  beta=9.752e-01
[iter  118/400] obj=5.316049e+07  f=5.316049e+07  g=0.000000e+00  ||x||=7.155312e-02  ||grad||=3.824661e+09  tau=1.811e-13  beta=9.754e-01
[iter  119/400] obj=5.309514e+07  f=5.309514e+07  g=0.000000e+00  ||x||=7.204729e-02  ||grad||=3.814248e+09  tau=1.811e-13  beta=9.756e-01
[iter  120/400] obj=5.303071e+07  f=5.303071e+07  g=0.000000e+00  ||x||=7.253952e-02  ||grad||=3.803962e+09  tau=1.811e-13  beta=9.758e-01
[iter  121/400] obj=5.296718e+07  f=5.296718e+07  g=0.000000e+00  ||x||=7.302979e-02  ||grad||=3.793773e+09  tau=1.811e-13  beta=9.760e-01
[iter  122/400] obj=5.290456e+07  f=5.290456e+07  g=0.000000e+00  ||x||=7.351812e-02  ||grad||=3.783707e+09  tau=1.811e-13  beta=9.762e-01
[iter  123/400] obj=5.284279e+07  f=5.284279e+07  g=0.000000e+00  ||x||=7.400450e-02  ||grad||=3.773738e+09  tau=1.811e-13  beta=9.764e-01
[iter  124/400] obj=5.278189e+07  f=5.278189e+07  g=0.000000e+00  ||x||=7.448895e-02  ||grad||=3.763887e+09  tau=1.811e-13  beta=9.765e-01
[iter  125/400] obj=5.272182e+07  f=5.272182e+07  g=0.000000e+00  ||x||=7.497146e-02  ||grad||=3.754137e+09  tau=1.811e-13  beta=9.767e-01
[iter  126/400] obj=5.266261e+07  f=5.266261e+07  g=0.000000e+00  ||x||=7.545204e-02  ||grad||=3.744530e+09  tau=1.811e-13  beta=9.769e-01
[iter  127/400] obj=5.260420e+07  f=5.260420e+07  g=0.000000e+00  ||x||=7.593070e-02  ||grad||=3.735034e+09  tau=1.811e-13  beta=9.771e-01
[iter  128/400] obj=5.254657e+07  f=5.254657e+07  g=0.000000e+00  ||x||=7.640744e-02  ||grad||=3.725633e+09  tau=1.811e-13  beta=9.773e-01
[iter  129/400] obj=5.248972e+07  f=5.248972e+07  g=0.000000e+00  ||x||=7.688227e-02  ||grad||=3.716324e+09  tau=1.811e-13  beta=9.774e-01
[iter  130/400] obj=5.243360e+07  f=5.243360e+07  g=0.000000e+00  ||x||=7.735519e-02  ||grad||=3.707108e+09  tau=1.811e-13  beta=9.776e-01
[iter  131/400] obj=5.237826e+07  f=5.237826e+07  g=0.000000e+00  ||x||=7.782621e-02  ||grad||=3.698015e+09  tau=1.811e-13  beta=9.778e-01
[iter  132/400] obj=5.232366e+07  f=5.232366e+07  g=0.000000e+00  ||x||=7.829533e-02  ||grad||=3.689025e+09  tau=1.811e-13  beta=9.779e-01
[iter  133/400] obj=5.226978e+07  f=5.226978e+07  g=0.000000e+00  ||x||=7.876256e-02  ||grad||=3.680122e+09  tau=1.811e-13  beta=9.781e-01
[iter  134/400] obj=5.221659e+07  f=5.221659e+07  g=0.000000e+00  ||x||=7.922792e-02  ||grad||=3.671310e+09  tau=1.811e-13  beta=9.783e-01
[iter  135/400] obj=5.216411e+07  f=5.216411e+07  g=0.000000e+00  ||x||=7.969139e-02  ||grad||=3.662600e+09  tau=1.811e-13  beta=9.784e-01
[iter  136/400] obj=5.211232e+07  f=5.211232e+07  g=0.000000e+00  ||x||=8.015300e-02  ||grad||=3.654013e+09  tau=1.811e-13  beta=9.786e-01
[iter  137/400] obj=5.206121e+07  f=5.206121e+07  g=0.000000e+00  ||x||=8.061276e-02  ||grad||=3.645526e+09  tau=1.811e-13  beta=9.787e-01
[iter  138/400] obj=5.201074e+07  f=5.201074e+07  g=0.000000e+00  ||x||=8.107065e-02  ||grad||=3.637126e+09  tau=1.811e-13  beta=9.789e-01
[iter  139/400] obj=5.196094e+07  f=5.196094e+07  g=0.000000e+00  ||x||=8.152670e-02  ||grad||=3.628845e+09  tau=1.811e-13  beta=9.790e-01
[iter  140/400] obj=5.191178e+07  f=5.191178e+07  g=0.000000e+00  ||x||=8.198091e-02  ||grad||=3.620657e+09  tau=1.811e-13  beta=9.792e-01
[iter  141/400] obj=5.186322e+07  f=5.186322e+07  g=0.000000e+00  ||x||=8.243329e-02  ||grad||=3.612542e+09  tau=1.811e-13  beta=9.793e-01
[iter  142/400] obj=5.181534e+07  f=5.181534e+07  g=0.000000e+00  ||x||=8.288383e-02  ||grad||=3.604578e+09  tau=1.811e-13  beta=9.794e-01
[iter  143/400] obj=5.176805e+07  f=5.176805e+07  g=0.000000e+00  ||x||=8.333257e-02  ||grad||=3.596699e+09  tau=1.811e-13  beta=9.796e-01
[iter  144/400] obj=5.172136e+07  f=5.172136e+07  g=0.000000e+00  ||x||=8.377949e-02  ||grad||=3.588916e+09  tau=1.811e-13  beta=9.797e-01
[iter  145/400] obj=5.167524e+07  f=5.167524e+07  g=0.000000e+00  ||x||=8.422460e-02  ||grad||=3.581213e+09  tau=1.811e-13  beta=9.799e-01
[iter  146/400] obj=5.162971e+07  f=5.162971e+07  g=0.000000e+00  ||x||=8.466792e-02  ||grad||=3.573615e+09  tau=1.811e-13  beta=9.800e-01
[iter  147/400] obj=5.158475e+07  f=5.158475e+07  g=0.000000e+00  ||x||=8.510945e-02  ||grad||=3.566114e+09  tau=1.811e-13  beta=9.801e-01
[iter  148/400] obj=5.154035e+07  f=5.154035e+07  g=0.000000e+00  ||x||=8.554919e-02  ||grad||=3.558708e+09  tau=1.811e-13  beta=9.803e-01
[iter  149/400] obj=5.149650e+07  f=5.149650e+07  g=0.000000e+00  ||x||=8.598715e-02  ||grad||=3.551387e+09  tau=1.811e-13  beta=9.804e-01
[iter  150/400] obj=5.145320e+07  f=5.145320e+07  g=0.000000e+00  ||x||=8.642334e-02  ||grad||=3.544174e+09  tau=1.811e-13  beta=9.805e-01
[iter  151/400] obj=5.141044e+07  f=5.141044e+07  g=0.000000e+00  ||x||=8.685776e-02  ||grad||=3.537050e+09  tau=1.811e-13  beta=9.806e-01
[iter  152/400] obj=5.136819e+07  f=5.136819e+07  g=0.000000e+00  ||x||=8.729042e-02  ||grad||=3.530007e+09  tau=1.811e-13  beta=9.808e-01
[iter  153/400] obj=5.132644e+07  f=5.132644e+07  g=0.000000e+00  ||x||=8.772133e-02  ||grad||=3.523030e+09  tau=1.811e-13  beta=9.809e-01
[iter  154/400] obj=5.128520e+07  f=5.128520e+07  g=0.000000e+00  ||x||=8.815050e-02  ||grad||=3.516125e+09  tau=1.811e-13  beta=9.810e-01
[iter  155/400] obj=5.124444e+07  f=5.124444e+07  g=0.000000e+00  ||x||=8.857793e-02  ||grad||=3.509298e+09  tau=1.811e-13  beta=9.811e-01
[iter  156/400] obj=5.120416e+07  f=5.120416e+07  g=0.000000e+00  ||x||=8.900363e-02  ||grad||=3.502547e+09  tau=1.811e-13  beta=9.813e-01
[iter  157/400] obj=5.116438e+07  f=5.116438e+07  g=0.000000e+00  ||x||=8.942761e-02  ||grad||=3.495913e+09  tau=1.811e-13  beta=9.814e-01
[iter  158/400] obj=5.112510e+07  f=5.112510e+07  g=0.000000e+00  ||x||=8.984987e-02  ||grad||=3.489357e+09  tau=1.811e-13  beta=9.815e-01
[iter  159/400] obj=5.108628e+07  f=5.108628e+07  g=0.000000e+00  ||x||=9.027044e-02  ||grad||=3.482878e+09  tau=1.811e-13  beta=9.816e-01
[iter  160/400] obj=5.104791e+07  f=5.104791e+07  g=0.000000e+00  ||x||=9.068929e-02  ||grad||=3.476480e+09  tau=1.811e-13  beta=9.817e-01
[iter  161/400] obj=5.101000e+07  f=5.101000e+07  g=0.000000e+00  ||x||=9.110645e-02  ||grad||=3.470144e+09  tau=1.811e-13  beta=9.818e-01
[iter  162/400] obj=5.097252e+07  f=5.097252e+07  g=0.000000e+00  ||x||=9.152193e-02  ||grad||=3.463881e+09  tau=1.811e-13  beta=9.819e-01
[iter  163/400] obj=5.093548e+07  f=5.093548e+07  g=0.000000e+00  ||x||=9.193572e-02  ||grad||=3.457692e+09  tau=1.811e-13  beta=9.820e-01
[iter  164/400] obj=5.089886e+07  f=5.089886e+07  g=0.000000e+00  ||x||=9.234785e-02  ||grad||=3.451534e+09  tau=1.811e-13  beta=9.821e-01
[iter  165/400] obj=5.086266e+07  f=5.086266e+07  g=0.000000e+00  ||x||=9.275831e-02  ||grad||=3.445464e+09  tau=1.811e-13  beta=9.823e-01
[iter  166/400] obj=5.082686e+07  f=5.082686e+07  g=0.000000e+00  ||x||=9.316712e-02  ||grad||=3.439463e+09  tau=1.811e-13  beta=9.824e-01
[iter  167/400] obj=5.079148e+07  f=5.079148e+07  g=0.000000e+00  ||x||=9.357429e-02  ||grad||=3.433526e+09  tau=1.811e-13  beta=9.825e-01
[iter  168/400] obj=5.075650e+07  f=5.075650e+07  g=0.000000e+00  ||x||=9.397982e-02  ||grad||=3.427658e+09  tau=1.811e-13  beta=9.826e-01
[iter  169/400] obj=5.072190e+07  f=5.072190e+07  g=0.000000e+00  ||x||=9.438372e-02  ||grad||=3.421853e+09  tau=1.811e-13  beta=9.827e-01
[iter  170/400] obj=5.068770e+07  f=5.068770e+07  g=0.000000e+00  ||x||=9.478600e-02  ||grad||=3.416103e+09  tau=1.811e-13  beta=9.828e-01
[iter  171/400] obj=5.065388e+07  f=5.065388e+07  g=0.000000e+00  ||x||=9.518668e-02  ||grad||=3.410428e+09  tau=1.811e-13  beta=9.829e-01
[iter  172/400] obj=5.062043e+07  f=5.062043e+07  g=0.000000e+00  ||x||=9.558575e-02  ||grad||=3.404804e+09  tau=1.811e-13  beta=9.830e-01
[iter  173/400] obj=5.058736e+07  f=5.058736e+07  g=0.000000e+00  ||x||=9.598323e-02  ||grad||=3.399250e+09  tau=1.811e-13  beta=9.831e-01
[iter  174/400] obj=5.055467e+07  f=5.055467e+07  g=0.000000e+00  ||x||=9.637913e-02  ||grad||=3.393768e+09  tau=1.811e-13  beta=9.832e-01
[iter  175/400] obj=5.052233e+07  f=5.052233e+07  g=0.000000e+00  ||x||=9.677346e-02  ||grad||=3.388349e+09  tau=1.811e-13  beta=9.832e-01
[iter  176/400] obj=5.049036e+07  f=5.049036e+07  g=0.000000e+00  ||x||=9.716622e-02  ||grad||=3.382997e+09  tau=1.811e-13  beta=9.833e-01
[iter  177/400] obj=5.045875e+07  f=5.045875e+07  g=0.000000e+00  ||x||=9.755741e-02  ||grad||=3.377708e+09  tau=1.811e-13  beta=9.834e-01
[iter  178/400] obj=5.042750e+07  f=5.042750e+07  g=0.000000e+00  ||x||=9.794706e-02  ||grad||=3.372500e+09  tau=1.811e-13  beta=9.835e-01
[iter  179/400] obj=5.039658e+07  f=5.039658e+07  g=0.000000e+00  ||x||=9.833515e-02  ||grad||=3.367344e+09  tau=1.811e-13  beta=9.836e-01
[iter  180/400] obj=5.036601e+07  f=5.036601e+07  g=0.000000e+00  ||x||=9.872173e-02  ||grad||=3.362232e+09  tau=1.811e-13  beta=9.837e-01
[iter  181/400] obj=5.033575e+07  f=5.033575e+07  g=0.000000e+00  ||x||=9.910677e-02  ||grad||=3.357163e+09  tau=1.811e-13  beta=9.838e-01
[iter  182/400] obj=5.030582e+07  f=5.030582e+07  g=0.000000e+00  ||x||=9.949029e-02  ||grad||=3.352145e+09  tau=1.811e-13  beta=9.839e-01
[iter  183/400] obj=5.027622e+07  f=5.027622e+07  g=0.000000e+00  ||x||=9.987230e-02  ||grad||=3.347205e+09  tau=1.811e-13  beta=9.840e-01
[iter  184/400] obj=5.024693e+07  f=5.024693e+07  g=0.000000e+00  ||x||=1.002528e-01  ||grad||=3.342289e+09  tau=1.811e-13  beta=9.841e-01
[iter  185/400] obj=5.021793e+07  f=5.021793e+07  g=0.000000e+00  ||x||=1.006318e-01  ||grad||=3.337409e+09  tau=1.811e-13  beta=9.841e-01
[iter  186/400] obj=5.018924e+07  f=5.018924e+07  g=0.000000e+00  ||x||=1.010094e-01  ||grad||=3.332596e+09  tau=1.811e-13  beta=9.842e-01
[iter  187/400] obj=5.016084e+07  f=5.016084e+07  g=0.000000e+00  ||x||=1.013855e-01  ||grad||=3.327834e+09  tau=1.811e-13  beta=9.843e-01
[iter  188/400] obj=5.013272e+07  f=5.013272e+07  g=0.000000e+00  ||x||=1.017601e-01  ||grad||=3.323115e+09  tau=1.811e-13  beta=9.844e-01
[iter  189/400] obj=5.010490e+07  f=5.010490e+07  g=0.000000e+00  ||x||=1.021332e-01  ||grad||=3.318453e+09  tau=1.811e-13  beta=9.845e-01
[iter  190/400] obj=5.007736e+07  f=5.007736e+07  g=0.000000e+00  ||x||=1.025049e-01  ||grad||=3.313846e+09  tau=1.811e-13  beta=9.845e-01
[iter  191/400] obj=5.005010e+07  f=5.005010e+07  g=0.000000e+00  ||x||=1.028752e-01  ||grad||=3.309289e+09  tau=1.811e-13  beta=9.846e-01
[iter  192/400] obj=5.002312e+07  f=5.002312e+07  g=0.000000e+00  ||x||=1.032441e-01  ||grad||=3.304784e+09  tau=1.811e-13  beta=9.847e-01
[iter  193/400] obj=4.999642e+07  f=4.999642e+07  g=0.000000e+00  ||x||=1.036115e-01  ||grad||=3.300319e+09  tau=1.811e-13  beta=9.848e-01
[iter  194/400] obj=4.996998e+07  f=4.996998e+07  g=0.000000e+00  ||x||=1.039776e-01  ||grad||=3.295913e+09  tau=1.811e-13  beta=9.849e-01
[iter  195/400] obj=4.994382e+07  f=4.994382e+07  g=0.000000e+00  ||x||=1.043422e-01  ||grad||=3.291540e+09  tau=1.811e-13  beta=9.849e-01
[iter  196/400] obj=4.991793e+07  f=4.991793e+07  g=0.000000e+00  ||x||=1.047055e-01  ||grad||=3.287230e+09  tau=1.811e-13  beta=9.850e-01
[iter  197/400] obj=4.989230e+07  f=4.989230e+07  g=0.000000e+00  ||x||=1.050674e-01  ||grad||=3.282978e+09  tau=1.811e-13  beta=9.851e-01
[iter  198/400] obj=4.986694e+07  f=4.986694e+07  g=0.000000e+00  ||x||=1.054279e-01  ||grad||=3.278775e+09  tau=1.811e-13  beta=9.852e-01
[iter  199/400] obj=4.984183e+07  f=4.984183e+07  g=0.000000e+00  ||x||=1.057871e-01  ||grad||=3.274637e+09  tau=1.811e-13  beta=9.852e-01
[iter  200/400] obj=4.981697e+07  f=4.981697e+07  g=0.000000e+00  ||x||=1.061449e-01  ||grad||=3.270531e+09  tau=1.811e-13  beta=9.853e-01
[iter  201/400] obj=4.979235e+07  f=4.979235e+07  g=0.000000e+00  ||x||=1.065014e-01  ||grad||=3.266473e+09  tau=1.811e-13  beta=9.854e-01
[iter  202/400] obj=4.976797e+07  f=4.976797e+07  g=0.000000e+00  ||x||=1.068565e-01  ||grad||=3.262450e+09  tau=1.811e-13  beta=9.854e-01
[iter  203/400] obj=4.974383e+07  f=4.974383e+07  g=0.000000e+00  ||x||=1.072104e-01  ||grad||=3.258488e+09  tau=1.811e-13  beta=9.855e-01
[iter  204/400] obj=4.971994e+07  f=4.971994e+07  g=0.000000e+00  ||x||=1.075629e-01  ||grad||=3.254578e+09  tau=1.811e-13  beta=9.856e-01
[iter  205/400] obj=4.969629e+07  f=4.969629e+07  g=0.000000e+00  ||x||=1.079141e-01  ||grad||=3.250725e+09  tau=1.811e-13  beta=9.857e-01
[iter  206/400] obj=4.967286e+07  f=4.967286e+07  g=0.000000e+00  ||x||=1.082640e-01  ||grad||=3.246922e+09  tau=1.811e-13  beta=9.857e-01
[iter  207/400] obj=4.964966e+07  f=4.964966e+07  g=0.000000e+00  ||x||=1.086126e-01  ||grad||=3.243170e+09  tau=1.811e-13  beta=9.858e-01
[iter  208/400] obj=4.962666e+07  f=4.962666e+07  g=0.000000e+00  ||x||=1.089599e-01  ||grad||=3.239433e+09  tau=1.811e-13  beta=9.859e-01
[iter  209/400] obj=4.960389e+07  f=4.960389e+07  g=0.000000e+00  ||x||=1.093060e-01  ||grad||=3.235730e+09  tau=1.811e-13  beta=9.859e-01
[iter  210/400] obj=4.958131e+07  f=4.958131e+07  g=0.000000e+00  ||x||=1.096508e-01  ||grad||=3.232051e+09  tau=1.811e-13  beta=9.860e-01
[iter  211/400] obj=4.955896e+07  f=4.955896e+07  g=0.000000e+00  ||x||=1.099944e-01  ||grad||=3.228426e+09  tau=1.811e-13  beta=9.861e-01
[iter  212/400] obj=4.953682e+07  f=4.953682e+07  g=0.000000e+00  ||x||=1.103367e-01  ||grad||=3.224829e+09  tau=1.811e-13  beta=9.861e-01
[iter  213/400] obj=4.951487e+07  f=4.951487e+07  g=0.000000e+00  ||x||=1.106777e-01  ||grad||=3.221267e+09  tau=1.811e-13  beta=9.862e-01
[iter  214/400] obj=4.949312e+07  f=4.949312e+07  g=0.000000e+00  ||x||=1.110176e-01  ||grad||=3.217741e+09  tau=1.811e-13  beta=9.862e-01
[iter  215/400] obj=4.947158e+07  f=4.947158e+07  g=0.000000e+00  ||x||=1.113562e-01  ||grad||=3.214248e+09  tau=1.811e-13  beta=9.863e-01
[iter  216/400] obj=4.945024e+07  f=4.945024e+07  g=0.000000e+00  ||x||=1.116937e-01  ||grad||=3.210798e+09  tau=1.811e-13  beta=9.864e-01
[iter  217/400] obj=4.942910e+07  f=4.942910e+07  g=0.000000e+00  ||x||=1.120299e-01  ||grad||=3.207386e+09  tau=1.811e-13  beta=9.864e-01
[iter  218/400] obj=4.940815e+07  f=4.940815e+07  g=0.000000e+00  ||x||=1.123649e-01  ||grad||=3.204019e+09  tau=1.811e-13  beta=9.865e-01
[iter  219/400] obj=4.938740e+07  f=4.938740e+07  g=0.000000e+00  ||x||=1.126988e-01  ||grad||=3.200683e+09  tau=1.811e-13  beta=9.866e-01
[iter  220/400] obj=4.936685e+07  f=4.936685e+07  g=0.000000e+00  ||x||=1.130315e-01  ||grad||=3.197403e+09  tau=1.811e-13  beta=9.866e-01
[iter  221/400] obj=4.934647e+07  f=4.934647e+07  g=0.000000e+00  ||x||=1.133630e-01  ||grad||=3.194148e+09  tau=1.811e-13  beta=9.867e-01
[iter  222/400] obj=4.932628e+07  f=4.932628e+07  g=0.000000e+00  ||x||=1.136934e-01  ||grad||=3.190908e+09  tau=1.811e-13  beta=9.867e-01
[iter  223/400] obj=4.930625e+07  f=4.930625e+07  g=0.000000e+00  ||x||=1.140226e-01  ||grad||=3.187693e+09  tau=1.811e-13  beta=9.868e-01
[iter  224/400] obj=4.928641e+07  f=4.928641e+07  g=0.000000e+00  ||x||=1.143507e-01  ||grad||=3.184520e+09  tau=1.811e-13  beta=9.869e-01
[iter  225/400] obj=4.926674e+07  f=4.926674e+07  g=0.000000e+00  ||x||=1.146777e-01  ||grad||=3.181377e+09  tau=1.811e-13  beta=9.869e-01
[iter  226/400] obj=4.924726e+07  f=4.924726e+07  g=0.000000e+00  ||x||=1.150035e-01  ||grad||=3.178277e+09  tau=1.811e-13  beta=9.870e-01
[iter  227/400] obj=4.922794e+07  f=4.922794e+07  g=0.000000e+00  ||x||=1.153283e-01  ||grad||=3.175212e+09  tau=1.811e-13  beta=9.870e-01
[iter  228/400] obj=4.920880e+07  f=4.920880e+07  g=0.000000e+00  ||x||=1.156519e-01  ||grad||=3.172186e+09  tau=1.811e-13  beta=9.871e-01
[iter  229/400] obj=4.918982e+07  f=4.918982e+07  g=0.000000e+00  ||x||=1.159744e-01  ||grad||=3.169184e+09  tau=1.811e-13  beta=9.871e-01
[iter  230/400] obj=4.917101e+07  f=4.917101e+07  g=0.000000e+00  ||x||=1.162959e-01  ||grad||=3.166225e+09  tau=1.811e-13  beta=9.872e-01
[iter  231/400] obj=4.915237e+07  f=4.915237e+07  g=0.000000e+00  ||x||=1.166163e-01  ||grad||=3.163301e+09  tau=1.811e-13  beta=9.872e-01
[iter  232/400] obj=4.913389e+07  f=4.913389e+07  g=0.000000e+00  ||x||=1.169356e-01  ||grad||=3.160400e+09  tau=1.811e-13  beta=9.873e-01
[iter  233/400] obj=4.911556e+07  f=4.911556e+07  g=0.000000e+00  ||x||=1.172539e-01  ||grad||=3.157527e+09  tau=1.811e-13  beta=9.874e-01
[iter  234/400] obj=4.909739e+07  f=4.909739e+07  g=0.000000e+00  ||x||=1.175711e-01  ||grad||=3.154673e+09  tau=1.811e-13  beta=9.874e-01
[iter  235/400] obj=4.907938e+07  f=4.907938e+07  g=0.000000e+00  ||x||=1.178873e-01  ||grad||=3.151857e+09  tau=1.811e-13  beta=9.875e-01
[iter  236/400] obj=4.906153e+07  f=4.906153e+07  g=0.000000e+00  ||x||=1.182024e-01  ||grad||=3.149078e+09  tau=1.811e-13  beta=9.875e-01
[iter  237/400] obj=4.904383e+07  f=4.904383e+07  g=0.000000e+00  ||x||=1.185165e-01  ||grad||=3.146324e+09  tau=1.811e-13  beta=9.876e-01
[iter  238/400] obj=4.902628e+07  f=4.902628e+07  g=0.000000e+00  ||x||=1.188296e-01  ||grad||=3.143592e+09  tau=1.811e-13  beta=9.876e-01
[iter  239/400] obj=4.900888e+07  f=4.900888e+07  g=0.000000e+00  ||x||=1.191417e-01  ||grad||=3.140905e+09  tau=1.811e-13  beta=9.877e-01
[iter  240/400] obj=4.899163e+07  f=4.899163e+07  g=0.000000e+00  ||x||=1.194528e-01  ||grad||=3.138254e+09  tau=1.811e-13  beta=9.877e-01
[iter  241/400] obj=4.897452e+07  f=4.897452e+07  g=0.000000e+00  ||x||=1.197629e-01  ||grad||=3.135627e+09  tau=1.811e-13  beta=9.878e-01
[iter  242/400] obj=4.895755e+07  f=4.895755e+07  g=0.000000e+00  ||x||=1.200720e-01  ||grad||=3.133034e+09  tau=1.811e-13  beta=9.878e-01
[iter  243/400] obj=4.894074e+07  f=4.894074e+07  g=0.000000e+00  ||x||=1.203801e-01  ||grad||=3.130472e+09  tau=1.811e-13  beta=9.879e-01
[iter  244/400] obj=4.892406e+07  f=4.892406e+07  g=0.000000e+00  ||x||=1.206872e-01  ||grad||=3.127945e+09  tau=1.811e-13  beta=9.879e-01
[iter  245/400] obj=4.890751e+07  f=4.890751e+07  g=0.000000e+00  ||x||=1.209934e-01  ||grad||=3.125435e+09  tau=1.811e-13  beta=9.880e-01
[iter  246/400] obj=4.889110e+07  f=4.889110e+07  g=0.000000e+00  ||x||=1.212986e-01  ||grad||=3.122956e+09  tau=1.811e-13  beta=9.880e-01
[iter  247/400] obj=4.887482e+07  f=4.887482e+07  g=0.000000e+00  ||x||=1.216029e-01  ||grad||=3.120496e+09  tau=1.811e-13  beta=9.881e-01
[iter  248/400] obj=4.885868e+07  f=4.885868e+07  g=0.000000e+00  ||x||=1.219062e-01  ||grad||=3.118066e+09  tau=1.811e-13  beta=9.881e-01
[iter  249/400] obj=4.884268e+07  f=4.884268e+07  g=0.000000e+00  ||x||=1.222086e-01  ||grad||=3.115664e+09  tau=1.811e-13  beta=9.882e-01
[iter  250/400] obj=4.882681e+07  f=4.882681e+07  g=0.000000e+00  ||x||=1.225101e-01  ||grad||=3.113289e+09  tau=1.811e-13  beta=9.882e-01
[iter  251/400] obj=4.881106e+07  f=4.881106e+07  g=0.000000e+00  ||x||=1.228106e-01  ||grad||=3.110936e+09  tau=1.811e-13  beta=9.882e-01
[iter  252/400] obj=4.879545e+07  f=4.879545e+07  g=0.000000e+00  ||x||=1.231103e-01  ||grad||=3.108606e+09  tau=1.811e-13  beta=9.883e-01
[iter  253/400] obj=4.877996e+07  f=4.877996e+07  g=0.000000e+00  ||x||=1.234090e-01  ||grad||=3.106307e+09  tau=1.811e-13  beta=9.883e-01
[iter  254/400] obj=4.876460e+07  f=4.876460e+07  g=0.000000e+00  ||x||=1.237068e-01  ||grad||=3.104039e+09  tau=1.811e-13  beta=9.884e-01
[iter  255/400] obj=4.874938e+07  f=4.874938e+07  g=0.000000e+00  ||x||=1.240037e-01  ||grad||=3.101805e+09  tau=1.811e-13  beta=9.884e-01
[iter  256/400] obj=4.873428e+07  f=4.873428e+07  g=0.000000e+00  ||x||=1.242997e-01  ||grad||=3.099612e+09  tau=1.811e-13  beta=9.885e-01
[iter  257/400] obj=4.871931e+07  f=4.871931e+07  g=0.000000e+00  ||x||=1.245949e-01  ||grad||=3.097437e+09  tau=1.811e-13  beta=9.885e-01
[iter  258/400] obj=4.870445e+07  f=4.870445e+07  g=0.000000e+00  ||x||=1.248891e-01  ||grad||=3.095280e+09  tau=1.811e-13  beta=9.886e-01
[iter  259/400] obj=4.868970e+07  f=4.868970e+07  g=0.000000e+00  ||x||=1.251825e-01  ||grad||=3.093154e+09  tau=1.811e-13  beta=9.886e-01
[iter  260/400] obj=4.867508e+07  f=4.867508e+07  g=0.000000e+00  ||x||=1.254750e-01  ||grad||=3.091042e+09  tau=1.811e-13  beta=9.886e-01
[iter  261/400] obj=4.866057e+07  f=4.866057e+07  g=0.000000e+00  ||x||=1.257667e-01  ||grad||=3.088964e+09  tau=1.811e-13  beta=9.887e-01
[iter  262/400] obj=4.864619e+07  f=4.864619e+07  g=0.000000e+00  ||x||=1.260575e-01  ||grad||=3.086912e+09  tau=1.811e-13  beta=9.887e-01
[iter  263/400] obj=4.863192e+07  f=4.863192e+07  g=0.000000e+00  ||x||=1.263475e-01  ||grad||=3.084876e+09  tau=1.811e-13  beta=9.888e-01
[iter  264/400] obj=4.861776e+07  f=4.861776e+07  g=0.000000e+00  ||x||=1.266366e-01  ||grad||=3.082851e+09  tau=1.811e-13  beta=9.888e-01
[iter  265/400] obj=4.860371e+07  f=4.860371e+07  g=0.000000e+00  ||x||=1.269248e-01  ||grad||=3.080847e+09  tau=1.811e-13  beta=9.889e-01
[iter  266/400] obj=4.858978e+07  f=4.858978e+07  g=0.000000e+00  ||x||=1.272123e-01  ||grad||=3.078877e+09  tau=1.811e-13  beta=9.889e-01
[iter  267/400] obj=4.857595e+07  f=4.857595e+07  g=0.000000e+00  ||x||=1.274989e-01  ||grad||=3.076925e+09  tau=1.811e-13  beta=9.889e-01
[iter  268/400] obj=4.856222e+07  f=4.856222e+07  g=0.000000e+00  ||x||=1.277846e-01  ||grad||=3.074982e+09  tau=1.811e-13  beta=9.890e-01
[iter  269/400] obj=4.854858e+07  f=4.854858e+07  g=0.000000e+00  ||x||=1.280696e-01  ||grad||=3.073030e+09  tau=1.811e-13  beta=9.890e-01
[iter  270/400] obj=4.853506e+07  f=4.853506e+07  g=0.000000e+00  ||x||=1.283537e-01  ||grad||=3.071107e+09  tau=1.811e-13  beta=9.891e-01
[iter  271/400] obj=4.852164e+07  f=4.852164e+07  g=0.000000e+00  ||x||=1.286371e-01  ||grad||=3.069199e+09  tau=1.811e-13  beta=9.891e-01
[iter  272/400] obj=4.850831e+07  f=4.850831e+07  g=0.000000e+00  ||x||=1.289196e-01  ||grad||=3.067303e+09  tau=1.811e-13  beta=9.891e-01
[iter  273/400] obj=4.849508e+07  f=4.849508e+07  g=0.000000e+00  ||x||=1.292014e-01  ||grad||=3.065424e+09  tau=1.811e-13  beta=9.892e-01
[iter  274/400] obj=4.848197e+07  f=4.848197e+07  g=0.000000e+00  ||x||=1.294823e-01  ||grad||=3.063568e+09  tau=1.811e-13  beta=9.892e-01
[iter  275/400] obj=4.846895e+07  f=4.846895e+07  g=0.000000e+00  ||x||=1.297625e-01  ||grad||=3.061729e+09  tau=1.811e-13  beta=9.893e-01
[iter  276/400] obj=4.845603e+07  f=4.845603e+07  g=0.000000e+00  ||x||=1.300419e-01  ||grad||=3.059912e+09  tau=1.811e-13  beta=9.893e-01
[iter  277/400] obj=4.844321e+07  f=4.844321e+07  g=0.000000e+00  ||x||=1.303205e-01  ||grad||=3.058108e+09  tau=1.811e-13  beta=9.893e-01
[iter  278/400] obj=4.843049e+07  f=4.843049e+07  g=0.000000e+00  ||x||=1.305984e-01  ||grad||=3.056325e+09  tau=1.811e-13  beta=9.894e-01
[iter  279/400] obj=4.841786e+07  f=4.841786e+07  g=0.000000e+00  ||x||=1.308755e-01  ||grad||=3.054554e+09  tau=1.811e-13  beta=9.894e-01
[iter  280/400] obj=4.840533e+07  f=4.840533e+07  g=0.000000e+00  ||x||=1.311518e-01  ||grad||=3.052812e+09  tau=1.811e-13  beta=9.894e-01
[iter  281/400] obj=4.839290e+07  f=4.839290e+07  g=0.000000e+00  ||x||=1.314274e-01  ||grad||=3.051086e+09  tau=1.811e-13  beta=9.895e-01
[iter  282/400] obj=4.838055e+07  f=4.838055e+07  g=0.000000e+00  ||x||=1.317022e-01  ||grad||=3.049366e+09  tau=1.811e-13  beta=9.895e-01
[iter  283/400] obj=4.836829e+07  f=4.836829e+07  g=0.000000e+00  ||x||=1.319763e-01  ||grad||=3.047658e+09  tau=1.811e-13  beta=9.896e-01
[iter  284/400] obj=4.835611e+07  f=4.835611e+07  g=0.000000e+00  ||x||=1.322496e-01  ||grad||=3.045961e+09  tau=1.811e-13  beta=9.896e-01
[iter  285/400] obj=4.834403e+07  f=4.834403e+07  g=0.000000e+00  ||x||=1.325222e-01  ||grad||=3.044278e+09  tau=1.811e-13  beta=9.896e-01
[iter  286/400] obj=4.833204e+07  f=4.833204e+07  g=0.000000e+00  ||x||=1.327941e-01  ||grad||=3.042600e+09  tau=1.811e-13  beta=9.897e-01
[iter  287/400] obj=4.832013e+07  f=4.832013e+07  g=0.000000e+00  ||x||=1.330653e-01  ||grad||=3.040946e+09  tau=1.811e-13  beta=9.897e-01
[iter  288/400] obj=4.830831e+07  f=4.830831e+07  g=0.000000e+00  ||x||=1.333357e-01  ||grad||=3.039298e+09  tau=1.811e-13  beta=9.897e-01
[iter  289/400] obj=4.829658e+07  f=4.829658e+07  g=0.000000e+00  ||x||=1.336054e-01  ||grad||=3.037660e+09  tau=1.811e-13  beta=9.898e-01
[iter  290/400] obj=4.828493e+07  f=4.828493e+07  g=0.000000e+00  ||x||=1.338744e-01  ||grad||=3.036032e+09  tau=1.811e-13  beta=9.898e-01
[iter  291/400] obj=4.827336e+07  f=4.827336e+07  g=0.000000e+00  ||x||=1.341427e-01  ||grad||=3.034417e+09  tau=1.811e-13  beta=9.898e-01
[iter  292/400] obj=4.826190e+07  f=4.826190e+07  g=0.000000e+00  ||x||=1.344103e-01  ||grad||=3.032834e+09  tau=1.811e-13  beta=9.899e-01
[iter  293/400] obj=4.825050e+07  f=4.825050e+07  g=0.000000e+00  ||x||=1.346772e-01  ||grad||=3.031264e+09  tau=1.811e-13  beta=9.899e-01
[iter  294/400] obj=4.823919e+07  f=4.823919e+07  g=0.000000e+00  ||x||=1.349434e-01  ||grad||=3.029693e+09  tau=1.811e-13  beta=9.899e-01
[iter  295/400] obj=4.822796e+07  f=4.822796e+07  g=0.000000e+00  ||x||=1.352089e-01  ||grad||=3.028133e+09  tau=1.811e-13  beta=9.900e-01
[iter  296/400] obj=4.821682e+07  f=4.821682e+07  g=0.000000e+00  ||x||=1.354738e-01  ||grad||=3.026592e+09  tau=1.811e-13  beta=9.900e-01
[iter  297/400] obj=4.820575e+07  f=4.820575e+07  g=0.000000e+00  ||x||=1.357379e-01  ||grad||=3.025058e+09  tau=1.811e-13  beta=9.900e-01
[iter  298/400] obj=4.819477e+07  f=4.819477e+07  g=0.000000e+00  ||x||=1.360014e-01  ||grad||=3.023537e+09  tau=1.811e-13  beta=9.901e-01
[iter  299/400] obj=4.818386e+07  f=4.818386e+07  g=0.000000e+00  ||x||=1.362642e-01  ||grad||=3.022035e+09  tau=1.811e-13  beta=9.901e-01
[iter  300/400] obj=4.817302e+07  f=4.817302e+07  g=0.000000e+00  ||x||=1.365263e-01  ||grad||=3.020536e+09  tau=1.811e-13  beta=9.901e-01
[iter  301/400] obj=4.816227e+07  f=4.816227e+07  g=0.000000e+00  ||x||=1.367878e-01  ||grad||=3.019055e+09  tau=1.811e-13  beta=9.902e-01
[iter  302/400] obj=4.815160e+07  f=4.815160e+07  g=0.000000e+00  ||x||=1.370486e-01  ||grad||=3.017591e+09  tau=1.811e-13  beta=9.902e-01
[iter  303/400] obj=4.814100e+07  f=4.814100e+07  g=0.000000e+00  ||x||=1.373087e-01  ||grad||=3.016124e+09  tau=1.811e-13  beta=9.902e-01
[iter  304/400] obj=4.813047e+07  f=4.813047e+07  g=0.000000e+00  ||x||=1.375682e-01  ||grad||=3.014665e+09  tau=1.811e-13  beta=9.903e-01
[iter  305/400] obj=4.812002e+07  f=4.812002e+07  g=0.000000e+00  ||x||=1.378270e-01  ||grad||=3.013211e+09  tau=1.811e-13  beta=9.903e-01
[iter  306/400] obj=4.810963e+07  f=4.810963e+07  g=0.000000e+00  ||x||=1.380852e-01  ||grad||=3.011762e+09  tau=1.811e-13  beta=9.903e-01
[iter  307/400] obj=4.809933e+07  f=4.809933e+07  g=0.000000e+00  ||x||=1.383428e-01  ||grad||=3.010334e+09  tau=1.811e-13  beta=9.904e-01
[iter  308/400] obj=4.808910e+07  f=4.808910e+07  g=0.000000e+00  ||x||=1.385996e-01  ||grad||=3.008911e+09  tau=1.811e-13  beta=9.904e-01
[iter  309/400] obj=4.807894e+07  f=4.807894e+07  g=0.000000e+00  ||x||=1.388559e-01  ||grad||=3.007496e+09  tau=1.811e-13  beta=9.904e-01
[iter  310/400] obj=4.806884e+07  f=4.806884e+07  g=0.000000e+00  ||x||=1.391115e-01  ||grad||=3.006078e+09  tau=1.811e-13  beta=9.905e-01
[iter  311/400] obj=4.805881e+07  f=4.805881e+07  g=0.000000e+00  ||x||=1.393666e-01  ||grad||=3.004651e+09  tau=1.811e-13  beta=9.905e-01
[iter  312/400] obj=4.804884e+07  f=4.804884e+07  g=0.000000e+00  ||x||=1.396209e-01  ||grad||=3.003229e+09  tau=1.811e-13  beta=9.905e-01
[iter  313/400] obj=4.803895e+07  f=4.803895e+07  g=0.000000e+00  ||x||=1.398747e-01  ||grad||=3.001817e+09  tau=1.811e-13  beta=9.905e-01
[iter  314/400] obj=4.802912e+07  f=4.802912e+07  g=0.000000e+00  ||x||=1.401278e-01  ||grad||=3.000396e+09  tau=1.811e-13  beta=9.906e-01
[iter  315/400] obj=4.801936e+07  f=4.801936e+07  g=0.000000e+00  ||x||=1.403803e-01  ||grad||=2.998989e+09  tau=1.811e-13  beta=9.906e-01
[iter  316/400] obj=4.800966e+07  f=4.800966e+07  g=0.000000e+00  ||x||=1.406322e-01  ||grad||=2.997586e+09  tau=1.811e-13  beta=9.906e-01
[iter  317/400] obj=4.800003e+07  f=4.800003e+07  g=0.000000e+00  ||x||=1.408836e-01  ||grad||=2.996192e+09  tau=1.811e-13  beta=9.907e-01
[iter  318/400] obj=4.799046e+07  f=4.799046e+07  g=0.000000e+00  ||x||=1.411343e-01  ||grad||=2.994801e+09  tau=1.811e-13  beta=9.907e-01
[iter  319/400] obj=4.798096e+07  f=4.798096e+07  g=0.000000e+00  ||x||=1.413844e-01  ||grad||=2.993428e+09  tau=1.811e-13  beta=9.907e-01
[iter  320/400] obj=4.797153e+07  f=4.797153e+07  g=0.000000e+00  ||x||=1.416339e-01  ||grad||=2.992066e+09  tau=1.811e-13  beta=9.908e-01
[iter  321/400] obj=4.796216e+07  f=4.796216e+07  g=0.000000e+00  ||x||=1.418828e-01  ||grad||=2.990708e+09  tau=1.811e-13  beta=9.908e-01
[iter  322/400] obj=4.795285e+07  f=4.795285e+07  g=0.000000e+00  ||x||=1.421312e-01  ||grad||=2.989354e+09  tau=1.811e-13  beta=9.908e-01
[iter  323/400] obj=4.794360e+07  f=4.794360e+07  g=0.000000e+00  ||x||=1.423789e-01  ||grad||=2.988012e+09  tau=1.811e-13  beta=9.908e-01
[iter  324/400] obj=4.793442e+07  f=4.793442e+07  g=0.000000e+00  ||x||=1.426261e-01  ||grad||=2.986685e+09  tau=1.811e-13  beta=9.909e-01
[iter  325/400] obj=4.792531e+07  f=4.792531e+07  g=0.000000e+00  ||x||=1.428727e-01  ||grad||=2.985372e+09  tau=1.811e-13  beta=9.909e-01
[iter  326/400] obj=4.791626e+07  f=4.791626e+07  g=0.000000e+00  ||x||=1.431188e-01  ||grad||=2.984079e+09  tau=1.811e-13  beta=9.909e-01
[iter  327/400] obj=4.790727e+07  f=4.790727e+07  g=0.000000e+00  ||x||=1.433642e-01  ||grad||=2.982772e+09  tau=1.811e-13  beta=9.909e-01
[iter  328/400] obj=4.789834e+07  f=4.789834e+07  g=0.000000e+00  ||x||=1.436091e-01  ||grad||=2.981475e+09  tau=1.811e-13  beta=9.910e-01
[iter  329/400] obj=4.788946e+07  f=4.788946e+07  g=0.000000e+00  ||x||=1.438535e-01  ||grad||=2.980188e+09  tau=1.811e-13  beta=9.910e-01
[iter  330/400] obj=4.788066e+07  f=4.788066e+07  g=0.000000e+00  ||x||=1.440973e-01  ||grad||=2.978907e+09  tau=1.811e-13  beta=9.910e-01
[iter  331/400] obj=4.787190e+07  f=4.787190e+07  g=0.000000e+00  ||x||=1.443405e-01  ||grad||=2.977633e+09  tau=1.811e-13  beta=9.911e-01
[iter  332/400] obj=4.786322e+07  f=4.786322e+07  g=0.000000e+00  ||x||=1.445832e-01  ||grad||=2.976383e+09  tau=1.811e-13  beta=9.911e-01
[iter  333/400] obj=4.785458e+07  f=4.785458e+07  g=0.000000e+00  ||x||=1.448253e-01  ||grad||=2.975132e+09  tau=1.811e-13  beta=9.911e-01
[iter  334/400] obj=4.784600e+07  f=4.784600e+07  g=0.000000e+00  ||x||=1.450668e-01  ||grad||=2.973883e+09  tau=1.811e-13  beta=9.911e-01
[iter  335/400] obj=4.783749e+07  f=4.783749e+07  g=0.000000e+00  ||x||=1.453079e-01  ||grad||=2.972648e+09  tau=1.811e-13  beta=9.912e-01
[iter  336/400] obj=4.782902e+07  f=4.782902e+07  g=0.000000e+00  ||x||=1.455484e-01  ||grad||=2.971415e+09  tau=1.811e-13  beta=9.912e-01
[iter  337/400] obj=4.782062e+07  f=4.782062e+07  g=0.000000e+00  ||x||=1.457883e-01  ||grad||=2.970201e+09  tau=1.811e-13  beta=9.912e-01
[iter  338/400] obj=4.781226e+07  f=4.781226e+07  g=0.000000e+00  ||x||=1.460277e-01  ||grad||=2.968990e+09  tau=1.811e-13  beta=9.912e-01
[iter  339/400] obj=4.780398e+07  f=4.780398e+07  g=0.000000e+00  ||x||=1.462666e-01  ||grad||=2.967795e+09  tau=1.811e-13  beta=9.913e-01
[iter  340/400] obj=4.779574e+07  f=4.779574e+07  g=0.000000e+00  ||x||=1.465050e-01  ||grad||=2.966600e+09  tau=1.811e-13  beta=9.913e-01
[iter  341/400] obj=4.778755e+07  f=4.778755e+07  g=0.000000e+00  ||x||=1.467428e-01  ||grad||=2.965414e+09  tau=1.811e-13  beta=9.913e-01
[iter  342/400] obj=4.777942e+07  f=4.777942e+07  g=0.000000e+00  ||x||=1.469801e-01  ||grad||=2.964241e+09  tau=1.811e-13  beta=9.913e-01
[iter  343/400] obj=4.777134e+07  f=4.777134e+07  g=0.000000e+00  ||x||=1.472169e-01  ||grad||=2.963080e+09  tau=1.811e-13  beta=9.914e-01
[iter  344/400] obj=4.776330e+07  f=4.776330e+07  g=0.000000e+00  ||x||=1.474531e-01  ||grad||=2.961920e+09  tau=1.811e-13  beta=9.914e-01
[iter  345/400] obj=4.775532e+07  f=4.775532e+07  g=0.000000e+00  ||x||=1.476889e-01  ||grad||=2.960769e+09  tau=1.811e-13  beta=9.914e-01
[iter  346/400] obj=4.774739e+07  f=4.774739e+07  g=0.000000e+00  ||x||=1.479241e-01  ||grad||=2.959618e+09  tau=1.811e-13  beta=9.914e-01
[iter  347/400] obj=4.773951e+07  f=4.773951e+07  g=0.000000e+00  ||x||=1.481588e-01  ||grad||=2.958467e+09  tau=1.811e-13  beta=9.915e-01
[iter  348/400] obj=4.773168e+07  f=4.773168e+07  g=0.000000e+00  ||x||=1.483930e-01  ||grad||=2.957334e+09  tau=1.811e-13  beta=9.915e-01
[iter  349/400] obj=4.772390e+07  f=4.772390e+07  g=0.000000e+00  ||x||=1.486267e-01  ||grad||=2.956202e+09  tau=1.811e-13  beta=9.915e-01
[iter  350/400] obj=4.771618e+07  f=4.771618e+07  g=0.000000e+00  ||x||=1.488599e-01  ||grad||=2.955082e+09  tau=1.811e-13  beta=9.915e-01
[iter  351/400] obj=4.770850e+07  f=4.770850e+07  g=0.000000e+00  ||x||=1.490926e-01  ||grad||=2.953967e+09  tau=1.811e-13  beta=9.916e-01
[iter  352/400] obj=4.770086e+07  f=4.770086e+07  g=0.000000e+00  ||x||=1.493248e-01  ||grad||=2.952863e+09  tau=1.811e-13  beta=9.916e-01
[iter  353/400] obj=4.769329e+07  f=4.769329e+07  g=0.000000e+00  ||x||=1.495565e-01  ||grad||=2.951771e+09  tau=1.811e-13  beta=9.916e-01
[iter  354/400] obj=4.768575e+07  f=4.768575e+07  g=0.000000e+00  ||x||=1.497877e-01  ||grad||=2.950691e+09  tau=1.811e-13  beta=9.916e-01
[iter  355/400] obj=4.767828e+07  f=4.767828e+07  g=0.000000e+00  ||x||=1.500183e-01  ||grad||=2.949627e+09  tau=1.811e-13  beta=9.917e-01
[iter  356/400] obj=4.767086e+07  f=4.767086e+07  g=0.000000e+00  ||x||=1.502486e-01  ||grad||=2.948577e+09  tau=1.811e-13  beta=9.917e-01
[iter  357/400] obj=4.766348e+07  f=4.766348e+07  g=0.000000e+00  ||x||=1.504783e-01  ||grad||=2.947528e+09  tau=1.811e-13  beta=9.917e-01
[iter  358/400] obj=4.765615e+07  f=4.765615e+07  g=0.000000e+00  ||x||=1.507075e-01  ||grad||=2.946481e+09  tau=1.811e-13  beta=9.917e-01
[iter  359/400] obj=4.764886e+07  f=4.764886e+07  g=0.000000e+00  ||x||=1.509362e-01  ||grad||=2.945449e+09  tau=1.811e-13  beta=9.917e-01
[iter  360/400] obj=4.764162e+07  f=4.764162e+07  g=0.000000e+00  ||x||=1.511645e-01  ||grad||=2.944418e+09  tau=1.811e-13  beta=9.918e-01
[iter  361/400] obj=4.763443e+07  f=4.763443e+07  g=0.000000e+00  ||x||=1.513922e-01  ||grad||=2.943391e+09  tau=1.811e-13  beta=9.918e-01
[iter  362/400] obj=4.762728e+07  f=4.762728e+07  g=0.000000e+00  ||x||=1.516195e-01  ||grad||=2.942370e+09  tau=1.811e-13  beta=9.918e-01
[iter  363/400] obj=4.762018e+07  f=4.762018e+07  g=0.000000e+00  ||x||=1.518463e-01  ||grad||=2.941360e+09  tau=1.811e-13  beta=9.918e-01
[iter  364/400] obj=4.761313e+07  f=4.761313e+07  g=0.000000e+00  ||x||=1.520726e-01  ||grad||=2.940357e+09  tau=1.811e-13  beta=9.919e-01
[iter  365/400] obj=4.760610e+07  f=4.760610e+07  g=0.000000e+00  ||x||=1.522985e-01  ||grad||=2.939343e+09  tau=1.811e-13  beta=9.919e-01
[iter  366/400] obj=4.759913e+07  f=4.759913e+07  g=0.000000e+00  ||x||=1.525238e-01  ||grad||=2.938340e+09  tau=1.811e-13  beta=9.919e-01
[iter  367/400] obj=4.759220e+07  f=4.759220e+07  g=0.000000e+00  ||x||=1.527487e-01  ||grad||=2.937349e+09  tau=1.811e-13  beta=9.919e-01
[iter  368/400] obj=4.758532e+07  f=4.758532e+07  g=0.000000e+00  ||x||=1.529731e-01  ||grad||=2.936368e+09  tau=1.811e-13  beta=9.919e-01
[iter  369/400] obj=4.757848e+07  f=4.757848e+07  g=0.000000e+00  ||x||=1.531970e-01  ||grad||=2.935387e+09  tau=1.811e-13  beta=9.920e-01
[iter  370/400] obj=4.757168e+07  f=4.757168e+07  g=0.000000e+00  ||x||=1.534205e-01  ||grad||=2.934414e+09  tau=1.811e-13  beta=9.920e-01
[iter  371/400] obj=4.756493e+07  f=4.756493e+07  g=0.000000e+00  ||x||=1.536434e-01  ||grad||=2.933436e+09  tau=1.811e-13  beta=9.920e-01
[iter  372/400] obj=4.755822e+07  f=4.755822e+07  g=0.000000e+00  ||x||=1.538660e-01  ||grad||=2.932472e+09  tau=1.811e-13  beta=9.920e-01
[iter  373/400] obj=4.755154e+07  f=4.755154e+07  g=0.000000e+00  ||x||=1.540880e-01  ||grad||=2.931510e+09  tau=1.811e-13  beta=9.921e-01
[iter  374/400] obj=4.754490e+07  f=4.754490e+07  g=0.000000e+00  ||x||=1.543096e-01  ||grad||=2.930546e+09  tau=1.811e-13  beta=9.921e-01
[iter  375/400] obj=4.753831e+07  f=4.753831e+07  g=0.000000e+00  ||x||=1.545307e-01  ||grad||=2.929586e+09  tau=1.811e-13  beta=9.921e-01
[iter  376/400] obj=4.753176e+07  f=4.753176e+07  g=0.000000e+00  ||x||=1.547513e-01  ||grad||=2.928637e+09  tau=1.811e-13  beta=9.921e-01
[iter  377/400] obj=4.752525e+07  f=4.752525e+07  g=0.000000e+00  ||x||=1.549715e-01  ||grad||=2.927693e+09  tau=1.811e-13  beta=9.921e-01
[iter  378/400] obj=4.751878e+07  f=4.751878e+07  g=0.000000e+00  ||x||=1.551912e-01  ||grad||=2.926746e+09  tau=1.811e-13  beta=9.922e-01
[iter  379/400] obj=4.751234e+07  f=4.751234e+07  g=0.000000e+00  ||x||=1.554105e-01  ||grad||=2.925797e+09  tau=1.811e-13  beta=9.922e-01
[iter  380/400] obj=4.750595e+07  f=4.750595e+07  g=0.000000e+00  ||x||=1.556293e-01  ||grad||=2.924860e+09  tau=1.811e-13  beta=9.922e-01
[iter  381/400] obj=4.749960e+07  f=4.749960e+07  g=0.000000e+00  ||x||=1.558476e-01  ||grad||=2.923921e+09  tau=1.811e-13  beta=9.922e-01
[iter  382/400] obj=4.749329e+07  f=4.749329e+07  g=0.000000e+00  ||x||=1.560655e-01  ||grad||=2.922984e+09  tau=1.811e-13  beta=9.922e-01
[iter  383/400] obj=4.748700e+07  f=4.748700e+07  g=0.000000e+00  ||x||=1.562829e-01  ||grad||=2.922052e+09  tau=1.811e-13  beta=9.923e-01
[iter  384/400] obj=4.748076e+07  f=4.748076e+07  g=0.000000e+00  ||x||=1.564999e-01  ||grad||=2.921124e+09  tau=1.811e-13  beta=9.923e-01
[iter  385/400] obj=4.747456e+07  f=4.747456e+07  g=0.000000e+00  ||x||=1.567164e-01  ||grad||=2.920196e+09  tau=1.811e-13  beta=9.923e-01
[iter  386/400] obj=4.746839e+07  f=4.746839e+07  g=0.000000e+00  ||x||=1.569324e-01  ||grad||=2.919267e+09  tau=1.811e-13  beta=9.923e-01
[iter  387/400] obj=4.746226e+07  f=4.746226e+07  g=0.000000e+00  ||x||=1.571480e-01  ||grad||=2.918341e+09  tau=1.811e-13  beta=9.923e-01
[iter  388/400] obj=4.745616e+07  f=4.745616e+07  g=0.000000e+00  ||x||=1.573632e-01  ||grad||=2.917415e+09  tau=1.811e-13  beta=9.924e-01
[iter  389/400] obj=4.745010e+07  f=4.745010e+07  g=0.000000e+00  ||x||=1.575779e-01  ||grad||=2.916485e+09  tau=1.811e-13  beta=9.924e-01
[iter  390/400] obj=4.744406e+07  f=4.744406e+07  g=0.000000e+00  ||x||=1.577922e-01  ||grad||=2.915560e+09  tau=1.811e-13  beta=9.924e-01
[iter  391/400] obj=4.743807e+07  f=4.743807e+07  g=0.000000e+00  ||x||=1.580060e-01  ||grad||=2.914639e+09  tau=1.811e-13  beta=9.924e-01
[iter  392/400] obj=4.743212e+07  f=4.743212e+07  g=0.000000e+00  ||x||=1.582194e-01  ||grad||=2.913730e+09  tau=1.811e-13  beta=9.924e-01
[iter  393/400] obj=4.742620e+07  f=4.742620e+07  g=0.000000e+00  ||x||=1.584323e-01  ||grad||=2.912815e+09  tau=1.811e-13  beta=9.925e-01
[iter  394/400] obj=4.742031e+07  f=4.742031e+07  g=0.000000e+00  ||x||=1.586448e-01  ||grad||=2.911907e+09  tau=1.811e-13  beta=9.925e-01
[iter  395/400] obj=4.741447e+07  f=4.741447e+07  g=0.000000e+00  ||x||=1.588569e-01  ||grad||=2.911005e+09  tau=1.811e-13  beta=9.925e-01
[iter  396/400] obj=4.740866e+07  f=4.740866e+07  g=0.000000e+00  ||x||=1.590685e-01  ||grad||=2.910110e+09  tau=1.811e-13  beta=9.925e-01
[iter  397/400] obj=4.740288e+07  f=4.740288e+07  g=0.000000e+00  ||x||=1.592797e-01  ||grad||=2.909218e+09  tau=1.811e-13  beta=9.925e-01
[iter  398/400] obj=4.739714e+07  f=4.739714e+07  g=0.000000e+00  ||x||=1.594904e-01  ||grad||=2.908341e+09  tau=1.811e-13  beta=9.925e-01
[iter  399/400] obj=4.739144e+07  f=4.739144e+07  g=0.000000e+00  ||x||=1.597008e-01  ||grad||=2.907461e+09  tau=1.811e-13  beta=9.926e-01
[iter  400/400] obj=4.738576e+07  f=4.738576e+07  g=0.000000e+00  ||x||=1.599106e-01  ||grad||=2.906574e+09  tau=1.811e-13  beta=9.926e-01
All outputs saved in: /work3/msaca/textomo_run_012

------------------------------------------------------------
Sender: LSF System <lsfadmin@hpc.dtu.dk>
Subject: Job 27611050: <TextureTomography> in cluster <dcc> Done

Job <TextureTomography> was submitted from host <gbarlogin1> by user <msaca> in cluster <dcc> at Thu Jan 15 08:07:06 2026
Job was executed on host(s) <8*n-62-18-10>, in queue <gpua100>, as user <msaca> in cluster <dcc> at Thu Jan 15 08:14:30 2026
</zhome/71/c/146676> was used as the home directory.
</zhome/71/c/146676/texture_tomography/jobscripts> was used as the working directory.
Started at Thu Jan 15 08:14:30 2026
Terminated at Thu Jan 15 11:09:11 2026
Results reported at Thu Jan 15 11:09:11 2026

Your job looked like:

------------------------------------------------------------
# LSBATCH: User input
#!/bin/bash
#BSUB -J TextureTomography
#BSUB -q gpua100
#BSUB -gpu "num=1:mode=exclusive_process"
#BSUB -n 8
#BSUB -R "span[hosts=1]"
#BSUB -R "rusage[mem=4000]"        # 40 GB host RAM
#BSUB -M 4000                      # hard memory limit
#BSUB -W 15:00
#BSUB -oo log/%J.out
#BSUB -eo error/%J.err

# initialize conda
export PATH="/zhome/71/c/146676/miniconda3/bin:$PATH"
source /zhome/71/c/146676/miniconda3/etc/profile.d/conda.sh

conda activate cil

python ../scripts/textomo1.py

------------------------------------------------------------

Successfully completed.

Resource usage summary:

    CPU time :                                   10839.00 sec.
    Max Memory :                                 16357 MB
    Average Memory :                             3126.06 MB
    Total Requested Memory :                     32000.00 MB
    Delta Memory :                               15643.00 MB
    Max Swap :                                   -
    Max Processes :                              5
    Max Threads :                                20
    Run time :                                   10481 sec.
    Turnaround time :                            10925 sec.

The output (if any) is above this job summary.



PS:

Read file <error/27611050.err> for stderr output of this job.

