INFO:Setting the number of threads to 8. If your physical cores are fewer than this number, you may want to use numba.set_num_threads(n), and os.environ["OPENBLAS_NUM_THREADS"] = f"{n}" to set the number of threads to the number of physical cores n.
INFO:Setting numba log level to WARNING.
Loaded shape: (181, 362)
Loaded shape: (181, 362, 90, 120)
[power 01] L_est=1.297508e+07  ||z||=3.675407e+08
[power 02] L_est=1.857062e+11  ||z||=3.004889e+11
[power 03] L_est=6.315632e+11  ||z||=6.731539e+11
[power 04] L_est=7.905446e+11  ||z||=8.263757e+11
[power 05] L_est=9.368082e+11  ||z||=9.694408e+11
[power 06] L_est=1.057302e+12  ||z||=1.077069e+12
[power 07] L_est=1.124494e+12  ||z||=1.133317e+12
[power 08] L_est=1.153333e+12  ||z||=1.156751e+12
[power 09] L_est=1.164342e+12  ||z||=1.165600e+12
[power 10] L_est=1.168374e+12  ||z||=1.168830e+12
[iter    1/10] obj=1.863210e+06  f=1.863210e+06  g=0.000000e+00  ||x||=6.161078e-04  ||grad||=7.918289e+08  tau=7.781e-13  beta=0.000e+00
[iter    2/10] obj=1.580876e+06  f=1.580876e+06  g=0.000000e+00  ||x||=7.164033e-04  ||grad||=1.734024e+08  tau=7.781e-13  beta=2.818e-01
[iter    3/10] obj=1.557695e+06  f=1.557695e+06  g=0.000000e+00  ||x||=7.713019e-04  ||grad||=9.048827e+07  tau=7.781e-13  beta=4.340e-01
[iter    4/10] obj=1.548585e+06  f=1.548585e+06  g=0.000000e+00  ||x||=8.146972e-04  ||grad||=6.650608e+07  tau=7.781e-13  beta=5.311e-01
[iter    5/10] obj=1.542614e+06  f=1.542614e+06  g=0.000000e+00  ||x||=8.549204e-04  ||grad||=5.524057e+07  tau=7.781e-13  beta=5.988e-01
[iter    6/10] obj=1.537998e+06  f=1.537998e+06  g=0.000000e+00  ||x||=8.962560e-04  ||grad||=4.639605e+07  tau=7.781e-13  beta=6.489e-01
[iter    7/10] obj=1.534340e+06  f=1.534340e+06  g=0.000000e+00  ||x||=9.386910e-04  ||grad||=4.029204e+07  tau=7.781e-13  beta=6.876e-01
[iter    8/10] obj=1.531369e+06  f=1.531369e+06  g=0.000000e+00  ||x||=9.812135e-04  ||grad||=3.617880e+07  tau=7.781e-13  beta=7.185e-01
[iter    9/10] obj=1.528916e+06  f=1.528916e+06  g=0.000000e+00  ||x||=1.022796e-03  ||grad||=3.339799e+07  tau=7.781e-13  beta=7.437e-01
[iter   10/10] obj=1.526850e+06  f=1.526850e+06  g=0.000000e+00  ||x||=1.063094e-03  ||grad||=3.134353e+07  tau=7.781e-13  beta=7.647e-01
[power 01] L_est=7.175082e+08  ||z||=3.149232e+10
[power 02] L_est=3.362033e+13  ||z||=6.218757e+13
[power 03] L_est=1.554530e+14  ||z||=1.620901e+14
[power 04] L_est=1.740901e+14  ||z||=1.751547e+14
[power 05] L_est=1.771996e+14  ||z||=1.774347e+14
[power 06] L_est=1.779068e+14  ||z||=1.779685e+14
[power 07] L_est=1.780955e+14  ||z||=1.781134e+14
[power 08] L_est=1.781506e+14  ||z||=1.781562e+14
[power 09] L_est=1.781677e+14  ||z||=1.781696e+14
[power 10] L_est=1.781732e+14  ||z||=1.781739e+14
[iter    1/100] obj=1.863210e+06  f=1.863210e+06  g=0.000000e+00  ||x||=1.448627e-05  ||grad||=2.839171e+09  tau=5.102e-15  beta=0.000e+00
[iter    2/100] obj=1.823820e+06  f=1.823820e+06  g=0.000000e+00  ||x||=2.712122e-05  ||grad||=2.494610e+09  tau=5.102e-15  beta=2.818e-01
[iter    3/100] obj=1.785012e+06  f=1.785012e+06  g=0.000000e+00  ||x||=4.173868e-05  ||grad||=2.189946e+09  tau=5.102e-15  beta=4.340e-01
[iter    4/100] obj=1.748437e+06  f=1.748437e+06  g=0.000000e+00  ||x||=5.764866e-05  ||grad||=1.910146e+09  tau=5.102e-15  beta=5.311e-01
[iter    5/100] obj=1.715309e+06  f=1.715309e+06  g=0.000000e+00  ||x||=7.430428e-05  ||grad||=1.661922e+09  tau=5.102e-15  beta=5.988e-01
[iter    6/100] obj=1.685986e+06  f=1.685986e+06  g=0.000000e+00  ||x||=9.128395e-05  ||grad||=1.446987e+09  tau=5.102e-15  beta=6.489e-01
[iter    7/100] obj=1.660286e+06  f=1.660286e+06  g=0.000000e+00  ||x||=1.082627e-04  ||grad||=1.262584e+09  tau=5.102e-15  beta=6.876e-01
[iter    8/100] obj=1.638130e+06  f=1.638130e+06  g=0.000000e+00  ||x||=1.249830e-04  ||grad||=1.105392e+09  tau=5.102e-15  beta=7.185e-01
[iter    9/100] obj=1.619232e+06  f=1.619232e+06  g=0.000000e+00  ||x||=1.412376e-04  ||grad||=9.740394e+08  tau=5.102e-15  beta=7.437e-01
[iter   10/100] obj=1.603357e+06  f=1.603357e+06  g=0.000000e+00  ||x||=1.568675e-04  ||grad||=8.666776e+08  tau=5.102e-15  beta=7.647e-01
[iter   11/100] obj=1.590043e+06  f=1.590043e+06  g=0.000000e+00  ||x||=1.717585e-04  ||grad||=7.809967e+08  tau=5.102e-15  beta=7.824e-01
[iter   12/100] obj=1.578882e+06  f=1.578882e+06  g=0.000000e+00  ||x||=1.858372e-04  ||grad||=7.137149e+08  tau=5.102e-15  beta=7.976e-01
[iter   13/100] obj=1.569493e+06  f=1.569493e+06  g=0.000000e+00  ||x||=1.990650e-04  ||grad||=6.608970e+08  tau=5.102e-15  beta=8.108e-01
[iter   14/100] obj=1.561537e+06  f=1.561537e+06  g=0.000000e+00  ||x||=2.114295e-04  ||grad||=6.189469e+08  tau=5.102e-15  beta=8.224e-01
[iter   15/100] obj=1.554790e+06  f=1.554790e+06  g=0.000000e+00  ||x||=2.229377e-04  ||grad||=5.850775e+08  tau=5.102e-15  beta=8.326e-01
[iter   16/100] obj=1.549015e+06  f=1.549015e+06  g=0.000000e+00  ||x||=2.336113e-04  ||grad||=5.571823e+08  tau=5.102e-15  beta=8.417e-01
[iter   17/100] obj=1.544037e+06  f=1.544037e+06  g=0.000000e+00  ||x||=2.434834e-04  ||grad||=5.334985e+08  tau=5.102e-15  beta=8.498e-01
[iter   18/100] obj=1.539680e+06  f=1.539680e+06  g=0.000000e+00  ||x||=2.525976e-04  ||grad||=5.124660e+08  tau=5.102e-15  beta=8.571e-01
[iter   19/100] obj=1.535832e+06  f=1.535832e+06  g=0.000000e+00  ||x||=2.610045e-04  ||grad||=4.931837e+08  tau=5.102e-15  beta=8.638e-01
[iter   20/100] obj=1.532389e+06  f=1.532389e+06  g=0.000000e+00  ||x||=2.687602e-04  ||grad||=4.750625e+08  tau=5.102e-15  beta=8.698e-01
[iter   21/100] obj=1.529282e+06  f=1.529282e+06  g=0.000000e+00  ||x||=2.759238e-04  ||grad||=4.577927e+08  tau=5.102e-15  beta=8.754e-01
[iter   22/100] obj=1.526440e+06  f=1.526440e+06  g=0.000000e+00  ||x||=2.825559e-04  ||grad||=4.412005e+08  tau=5.102e-15  beta=8.804e-01
[iter   23/100] obj=1.523823e+06  f=1.523823e+06  g=0.000000e+00  ||x||=2.887170e-04  ||grad||=4.252478e+08  tau=5.102e-15  beta=8.851e-01
[iter   24/100] obj=1.521389e+06  f=1.521389e+06  g=0.000000e+00  ||x||=2.944661e-04  ||grad||=4.100428e+08  tau=5.102e-15  beta=8.894e-01
[iter   25/100] obj=1.519112e+06  f=1.519112e+06  g=0.000000e+00  ||x||=2.998595e-04  ||grad||=3.956791e+08  tau=5.102e-15  beta=8.934e-01
[iter   26/100] obj=1.516964e+06  f=1.516964e+06  g=0.000000e+00  ||x||=3.049506e-04  ||grad||=3.822420e+08  tau=5.102e-15  beta=8.971e-01
[iter   27/100] obj=1.514933e+06  f=1.514933e+06  g=0.000000e+00  ||x||=3.097886e-04  ||grad||=3.698298e+08  tau=5.102e-15  beta=9.006e-01
[iter   28/100] obj=1.512997e+06  f=1.512997e+06  g=0.000000e+00  ||x||=3.144188e-04  ||grad||=3.585191e+08  tau=5.102e-15  beta=9.038e-01
[iter   29/100] obj=1.511138e+06  f=1.511138e+06  g=0.000000e+00  ||x||=3.188820e-04  ||grad||=3.483528e+08  tau=5.102e-15  beta=9.069e-01
[iter   30/100] obj=1.509354e+06  f=1.509354e+06  g=0.000000e+00  ||x||=3.232145e-04  ||grad||=3.393419e+08  tau=5.102e-15  beta=9.097e-01
[iter   31/100] obj=1.507626e+06  f=1.507626e+06  g=0.000000e+00  ||x||=3.274479e-04  ||grad||=3.314739e+08  tau=5.102e-15  beta=9.124e-01
[iter   32/100] obj=1.505954e+06  f=1.505954e+06  g=0.000000e+00  ||x||=3.316097e-04  ||grad||=3.247137e+08  tau=5.102e-15  beta=9.149e-01
[iter   33/100] obj=1.504327e+06  f=1.504327e+06  g=0.000000e+00  ||x||=3.357228e-04  ||grad||=3.190073e+08  tau=5.102e-15  beta=9.173e-01
[iter   34/100] obj=1.502747e+06  f=1.502747e+06  g=0.000000e+00  ||x||=3.398063e-04  ||grad||=3.142782e+08  tau=5.102e-15  beta=9.195e-01
[iter   35/100] obj=1.501209e+06  f=1.501209e+06  g=0.000000e+00  ||x||=3.438756e-04  ||grad||=3.104473e+08  tau=5.102e-15  beta=9.217e-01
[iter   36/100] obj=1.499709e+06  f=1.499709e+06  g=0.000000e+00  ||x||=3.479427e-04  ||grad||=3.074382e+08  tau=5.102e-15  beta=9.237e-01
[iter   37/100] obj=1.498247e+06  f=1.498247e+06  g=0.000000e+00  ||x||=3.520164e-04  ||grad||=3.051744e+08  tau=5.102e-15  beta=9.256e-01
[iter   38/100] obj=1.496823e+06  f=1.496823e+06  g=0.000000e+00  ||x||=3.561029e-04  ||grad||=3.035690e+08  tau=5.102e-15  beta=9.274e-01
[iter   39/100] obj=1.495434e+06  f=1.495434e+06  g=0.000000e+00  ||x||=3.602059e-04  ||grad||=3.025504e+08  tau=5.102e-15  beta=9.292e-01
[iter   40/100] obj=1.494084e+06  f=1.494084e+06  g=0.000000e+00  ||x||=3.643269e-04  ||grad||=3.020364e+08  tau=5.102e-15  beta=9.308e-01
[iter   41/100] obj=1.492767e+06  f=1.492767e+06  g=0.000000e+00  ||x||=3.684661e-04  ||grad||=3.019555e+08  tau=5.102e-15  beta=9.324e-01
[iter   42/100] obj=1.491490e+06  f=1.491490e+06  g=0.000000e+00  ||x||=3.726220e-04  ||grad||=3.022293e+08  tau=5.102e-15  beta=9.339e-01
[iter   43/100] obj=1.490242e+06  f=1.490242e+06  g=0.000000e+00  ||x||=3.767923e-04  ||grad||=3.027915e+08  tau=5.102e-15  beta=9.353e-01
[iter   44/100] obj=1.489028e+06  f=1.489028e+06  g=0.000000e+00  ||x||=3.809740e-04  ||grad||=3.035703e+08  tau=5.102e-15  beta=9.367e-01
[iter   45/100] obj=1.487848e+06  f=1.487848e+06  g=0.000000e+00  ||x||=3.851638e-04  ||grad||=3.045032e+08  tau=5.102e-15  beta=9.380e-01
[iter   46/100] obj=1.486698e+06  f=1.486698e+06  g=0.000000e+00  ||x||=3.893581e-04  ||grad||=3.055295e+08  tau=5.102e-15  beta=9.393e-01
[iter   47/100] obj=1.485578e+06  f=1.485578e+06  g=0.000000e+00  ||x||=3.935534e-04  ||grad||=3.065988e+08  tau=5.102e-15  beta=9.405e-01
[iter   48/100] obj=1.484490e+06  f=1.484490e+06  g=0.000000e+00  ||x||=3.977464e-04  ||grad||=3.076625e+08  tau=5.102e-15  beta=9.417e-01
[iter   49/100] obj=1.483432e+06  f=1.483432e+06  g=0.000000e+00  ||x||=4.019340e-04  ||grad||=3.086821e+08  tau=5.102e-15  beta=9.428e-01
[iter   50/100] obj=1.482402e+06  f=1.482402e+06  g=0.000000e+00  ||x||=4.061139e-04  ||grad||=3.096236e+08  tau=5.102e-15  beta=9.439e-01
[iter   51/100] obj=1.481398e+06  f=1.481398e+06  g=0.000000e+00  ||x||=4.102836e-04  ||grad||=3.104644e+08  tau=5.102e-15  beta=9.449e-01
[iter   52/100] obj=1.480417e+06  f=1.480417e+06  g=0.000000e+00  ||x||=4.144417e-04  ||grad||=3.111966e+08  tau=5.102e-15  beta=9.459e-01
[iter   53/100] obj=1.479459e+06  f=1.479459e+06  g=0.000000e+00  ||x||=4.185867e-04  ||grad||=3.118111e+08  tau=5.102e-15  beta=9.469e-01
[iter   54/100] obj=1.478526e+06  f=1.478526e+06  g=0.000000e+00  ||x||=4.227179e-04  ||grad||=3.123111e+08  tau=5.102e-15  beta=9.478e-01
[iter   55/100] obj=1.477615e+06  f=1.477615e+06  g=0.000000e+00  ||x||=4.268347e-04  ||grad||=3.126976e+08  tau=5.102e-15  beta=9.487e-01
[iter   56/100] obj=1.476725e+06  f=1.476725e+06  g=0.000000e+00  ||x||=4.309370e-04  ||grad||=3.129798e+08  tau=5.102e-15  beta=9.496e-01
[iter   57/100] obj=1.475854e+06  f=1.475854e+06  g=0.000000e+00  ||x||=4.350250e-04  ||grad||=3.131707e+08  tau=5.102e-15  beta=9.504e-01
[iter   58/100] obj=1.475004e+06  f=1.475004e+06  g=0.000000e+00  ||x||=4.390989e-04  ||grad||=3.132853e+08  tau=5.102e-15  beta=9.513e-01
[iter   59/100] obj=1.474171e+06  f=1.474171e+06  g=0.000000e+00  ||x||=4.431593e-04  ||grad||=3.133384e+08  tau=5.102e-15  beta=9.520e-01
[iter   60/100] obj=1.473355e+06  f=1.473355e+06  g=0.000000e+00  ||x||=4.472069e-04  ||grad||=3.133441e+08  tau=5.102e-15  beta=9.528e-01
[iter   61/100] obj=1.472555e+06  f=1.472555e+06  g=0.000000e+00  ||x||=4.512422e-04  ||grad||=3.133194e+08  tau=5.102e-15  beta=9.535e-01
[iter   62/100] obj=1.471771e+06  f=1.471771e+06  g=0.000000e+00  ||x||=4.552660e-04  ||grad||=3.132803e+08  tau=5.102e-15  beta=9.542e-01
[iter   63/100] obj=1.470999e+06  f=1.470999e+06  g=0.000000e+00  ||x||=4.592790e-04  ||grad||=3.132386e+08  tau=5.102e-15  beta=9.549e-01
[iter   64/100] obj=1.470242e+06  f=1.470242e+06  g=0.000000e+00  ||x||=4.632818e-04  ||grad||=3.132076e+08  tau=5.102e-15  beta=9.556e-01
[iter   65/100] obj=1.469500e+06  f=1.469500e+06  g=0.000000e+00  ||x||=4.672749e-04  ||grad||=3.131980e+08  tau=5.102e-15  beta=9.563e-01
[iter   66/100] obj=1.468771e+06  f=1.468771e+06  g=0.000000e+00  ||x||=4.712589e-04  ||grad||=3.132131e+08  tau=5.102e-15  beta=9.569e-01
[iter   67/100] obj=1.468055e+06  f=1.468055e+06  g=0.000000e+00  ||x||=4.752341e-04  ||grad||=3.132618e+08  tau=5.102e-15  beta=9.575e-01
[iter   68/100] obj=1.467350e+06  f=1.467350e+06  g=0.000000e+00  ||x||=4.792007e-04  ||grad||=3.133467e+08  tau=5.102e-15  beta=9.581e-01
[iter   69/100] obj=1.466656e+06  f=1.466656e+06  g=0.000000e+00  ||x||=4.831589e-04  ||grad||=3.134747e+08  tau=5.102e-15  beta=9.587e-01
[iter   70/100] obj=1.465974e+06  f=1.465974e+06  g=0.000000e+00  ||x||=4.871086e-04  ||grad||=3.136420e+08  tau=5.102e-15  beta=9.593e-01
[iter   71/100] obj=1.465302e+06  f=1.465302e+06  g=0.000000e+00  ||x||=4.910498e-04  ||grad||=3.138503e+08  tau=5.102e-15  beta=9.598e-01
[iter   72/100] obj=1.464642e+06  f=1.464642e+06  g=0.000000e+00  ||x||=4.949824e-04  ||grad||=3.140976e+08  tau=5.102e-15  beta=9.603e-01
[iter   73/100] obj=1.463991e+06  f=1.463991e+06  g=0.000000e+00  ||x||=4.989060e-04  ||grad||=3.143804e+08  tau=5.102e-15  beta=9.609e-01
[iter   74/100] obj=1.463352e+06  f=1.463352e+06  g=0.000000e+00  ||x||=5.028204e-04  ||grad||=3.146968e+08  tau=5.102e-15  beta=9.614e-01
[iter   75/100] obj=1.462723e+06  f=1.462723e+06  g=0.000000e+00  ||x||=5.067252e-04  ||grad||=3.150438e+08  tau=5.102e-15  beta=9.619e-01
[iter   76/100] obj=1.462102e+06  f=1.462102e+06  g=0.000000e+00  ||x||=5.106200e-04  ||grad||=3.154175e+08  tau=5.102e-15  beta=9.623e-01
[iter   77/100] obj=1.461493e+06  f=1.461493e+06  g=0.000000e+00  ||x||=5.145042e-04  ||grad||=3.158101e+08  tau=5.102e-15  beta=9.628e-01
[iter   78/100] obj=1.460893e+06  f=1.460893e+06  g=0.000000e+00  ||x||=5.183776e-04  ||grad||=3.162186e+08  tau=5.102e-15  beta=9.633e-01
[iter   79/100] obj=1.460302e+06  f=1.460302e+06  g=0.000000e+00  ||x||=5.222396e-04  ||grad||=3.166346e+08  tau=5.102e-15  beta=9.637e-01
[iter   80/100] obj=1.459720e+06  f=1.459720e+06  g=0.000000e+00  ||x||=5.260899e-04  ||grad||=3.170555e+08  tau=5.102e-15  beta=9.642e-01
[iter   81/100] obj=1.459149e+06  f=1.459149e+06  g=0.000000e+00  ||x||=5.299281e-04  ||grad||=3.174790e+08  tau=5.102e-15  beta=9.646e-01
[iter   82/100] obj=1.458586e+06  f=1.458586e+06  g=0.000000e+00  ||x||=5.337538e-04  ||grad||=3.178988e+08  tau=5.102e-15  beta=9.650e-01
[iter   83/100] obj=1.458032e+06  f=1.458032e+06  g=0.000000e+00  ||x||=5.375667e-04  ||grad||=3.183108e+08  tau=5.102e-15  beta=9.654e-01
[iter   84/100] obj=1.457487e+06  f=1.457487e+06  g=0.000000e+00  ||x||=5.413665e-04  ||grad||=3.187098e+08  tau=5.102e-15  beta=9.658e-01
[iter   85/100] obj=1.456950e+06  f=1.456950e+06  g=0.000000e+00  ||x||=5.451533e-04  ||grad||=3.190974e+08  tau=5.102e-15  beta=9.662e-01
[iter   86/100] obj=1.456419e+06  f=1.456419e+06  g=0.000000e+00  ||x||=5.489267e-04  ||grad||=3.194660e+08  tau=5.102e-15  beta=9.666e-01
[iter   87/100] obj=1.455896e+06  f=1.455896e+06  g=0.000000e+00  ||x||=5.526867e-04  ||grad||=3.198188e+08  tau=5.102e-15  beta=9.669e-01
[iter   88/100] obj=1.455380e+06  f=1.455380e+06  g=0.000000e+00  ||x||=5.564334e-04  ||grad||=3.201516e+08  tau=5.102e-15  beta=9.673e-01
[iter   89/100] obj=1.454873e+06  f=1.454873e+06  g=0.000000e+00  ||x||=5.601668e-04  ||grad||=3.204644e+08  tau=5.102e-15  beta=9.677e-01
[iter   90/100] obj=1.454373e+06  f=1.454373e+06  g=0.000000e+00  ||x||=5.638869e-04  ||grad||=3.207544e+08  tau=5.102e-15  beta=9.680e-01
[iter   91/100] obj=1.453882e+06  f=1.453882e+06  g=0.000000e+00  ||x||=5.675941e-04  ||grad||=3.210253e+08  tau=5.102e-15  beta=9.683e-01
[iter   92/100] obj=1.453398e+06  f=1.453398e+06  g=0.000000e+00  ||x||=5.712885e-04  ||grad||=3.212754e+08  tau=5.102e-15  beta=9.687e-01
[iter   93/100] obj=1.452919e+06  f=1.452919e+06  g=0.000000e+00  ||x||=5.749704e-04  ||grad||=3.215063e+08  tau=5.102e-15  beta=9.690e-01
[iter   94/100] obj=1.452447e+06  f=1.452447e+06  g=0.000000e+00  ||x||=5.786400e-04  ||grad||=3.217181e+08  tau=5.102e-15  beta=9.693e-01
[iter   95/100] obj=1.451982e+06  f=1.451982e+06  g=0.000000e+00  ||x||=5.822978e-04  ||grad||=3.219136e+08  tau=5.102e-15  beta=9.696e-01
[iter   96/100] obj=1.451525e+06  f=1.451525e+06  g=0.000000e+00  ||x||=5.859440e-04  ||grad||=3.220959e+08  tau=5.102e-15  beta=9.699e-01
[iter   97/100] obj=1.451073e+06  f=1.451073e+06  g=0.000000e+00  ||x||=5.895792e-04  ||grad||=3.222640e+08  tau=5.102e-15  beta=9.702e-01
[iter   98/100] obj=1.450628e+06  f=1.450628e+06  g=0.000000e+00  ||x||=5.932035e-04  ||grad||=3.224201e+08  tau=5.102e-15  beta=9.705e-01
[iter   99/100] obj=1.450190e+06  f=1.450190e+06  g=0.000000e+00  ||x||=5.968176e-04  ||grad||=3.225667e+08  tau=5.102e-15  beta=9.708e-01
[iter  100/100] obj=1.449758e+06  f=1.449758e+06  g=0.000000e+00  ||x||=6.004218e-04  ||grad||=3.227044e+08  tau=5.102e-15  beta=9.711e-01

------------------------------------------------------------
Sender: LSF System <lsfadmin@hpc.dtu.dk>
Subject: Job 27639874: <TextureTomography> in cluster <dcc> Exited

Job <TextureTomography> was submitted from host <gbarlogin1> by user <msaca> in cluster <dcc> at Sun Jan 18 12:45:56 2026
Job was executed on host(s) <8*n-62-12-23>, in queue <gpua100>, as user <msaca> in cluster <dcc> at Sun Jan 18 13:03:38 2026
</zhome/71/c/146676> was used as the home directory.
</zhome/71/c/146676/texture_tomography/jobscripts> was used as the working directory.
Started at Sun Jan 18 13:03:38 2026
Terminated at Sun Jan 18 13:49:49 2026
Results reported at Sun Jan 18 13:49:49 2026

Your job looked like:

------------------------------------------------------------
# LSBATCH: User input
#!/bin/bash
#BSUB -J TextureTomography
#BSUB -q gpua100
#BSUB -gpu "num=1:mode=exclusive_process"
#BSUB -n 8
#BSUB -R "span[hosts=1]"
#BSUB -R "rusage[mem=6000]"        # 40 GB host RAM
#BSUB -M 6000                      # hard memory limit
#BSUB -W 15:00
#BSUB -oo log/%J.out
#BSUB -eo error/%J.err

# initialize conda
export PATH="/zhome/71/c/146676/miniconda3/bin:$PATH"
source /zhome/71/c/146676/miniconda3/etc/profile.d/conda.sh

conda activate cil

python ../scripts/bb_multiresolution_orientation_search.py

------------------------------------------------------------

Exited with exit code 1.

Resource usage summary:

    CPU time :                                   2687.02 sec.
    Max Memory :                                 40850 MB
    Average Memory :                             31477.68 MB
    Total Requested Memory :                     48000.00 MB
    Delta Memory :                               7150.00 MB
    Max Swap :                                   -
    Max Processes :                              4
    Max Threads :                                12
    Run time :                                   2771 sec.
    Turnaround time :                            3833 sec.

The output (if any) is above this job summary.



PS:

Read file <error/27639874.err> for stderr output of this job.

