INFO:Setting the number of threads to 8. If your physical cores are fewer than this number, you may want to use numba.set_num_threads(n), and os.environ["OPENBLAS_NUM_THREADS"] = f"{n}" to set the number of threads to the number of physical cores n.
INFO:Setting numba log level to WARNING.
Saving results to: /work3/msaca/textomo_run_013
INFO:build program: kernel 'batched_gemm_rmn' was part of a lengthy uncached source build (assuming cached by ICD) (0.21 s)
0.3562848439565492
[0.15253486 0.17618918 0.24949357 0.29284424 0.3858888 ]

=== OpenCL buffer allocation summary ===
coeffs_sino_F                 : shape=(148x750x99),    41.92 MB
coeffs_sino_C                 : shape=(750x148x99),    41.92 MB
_coeffs_batch_F               : shape=(148x148x99),     8.27 MB
_basis_batch_kmax             : shape=(750x99x720x5),  1019.67 MB
_basis_batch_transpose_kmax   : shape=(750x3600x99),  1019.67 MB
_grid_inv_kmax                : shape=(99x9),     0.00 MB
_inv_sigma2_kmax              : shape=(99),     0.00 MB
_norm_factor_kmax             : shape=(99),     0.00 MB
---------------------------------------
TOTAL GPU buffer memory:  2131.45 MB
=======================================

[power 01] L_est=3.015189e+09  ||z||=4.077398e+10
[power 02] L_est=4.252113e+12  ||z||=7.648537e+12
[power 03] L_est=2.345423e+13  ||z||=2.660328e+13
[power 04] L_est=3.469925e+13  ||z||=3.628940e+13
[power 05] L_est=4.045959e+13  ||z||=4.146652e+13
[power 06] L_est=4.422469e+13  ||z||=4.497238e+13
[power 07] L_est=4.708456e+13  ||z||=4.769885e+13
[power 08] L_est=4.946833e+13  ||z||=5.000112e+13
[power 09] L_est=5.153979e+13  ||z||=5.200149e+13
[power 10] L_est=5.331794e+13  ||z||=5.370110e+13
[iter    1/300] obj=4.922353e+08  f=4.922353e+08  g=0.000000e+00  ||x||=1.273880e-03  ||grad||=7.471269e+10  tau=1.705e-14  beta=0.000e+00
[iter    2/300] obj=4.216665e+08  f=4.216665e+08  g=0.000000e+00  ||x||=1.936193e-03  ||grad||=4.404604e+10  tau=1.705e-14  beta=2.818e-01
[iter    3/300] obj=3.846966e+08  f=3.846966e+08  g=0.000000e+00  ||x||=2.631165e-03  ||grad||=3.451896e+10  tau=1.705e-14  beta=4.340e-01
[iter    4/300] obj=3.575076e+08  f=3.575076e+08  g=0.000000e+00  ||x||=3.331193e-03  ||grad||=2.998233e+10  tau=1.705e-14  beta=5.311e-01
[iter    5/300] obj=3.360488e+08  f=3.360488e+08  g=0.000000e+00  ||x||=4.027172e-03  ||grad||=2.772333e+10  tau=1.705e-14  beta=5.988e-01
[iter    6/300] obj=3.183954e+08  f=3.183954e+08  g=0.000000e+00  ||x||=4.714461e-03  ||grad||=2.657349e+10  tau=1.705e-14  beta=6.489e-01
[iter    7/300] obj=3.034833e+08  f=3.034833e+08  g=0.000000e+00  ||x||=5.390635e-03  ||grad||=2.595807e+10  tau=1.705e-14  beta=6.876e-01
[iter    8/300] obj=2.906391e+08  f=2.906391e+08  g=0.000000e+00  ||x||=6.054505e-03  ||grad||=2.558875e+10  tau=1.705e-14  beta=7.185e-01
[iter    9/300] obj=2.794242e+08  f=2.794242e+08  g=0.000000e+00  ||x||=6.705650e-03  ||grad||=2.531966e+10  tau=1.705e-14  beta=7.437e-01
[iter   10/300] obj=2.694909e+08  f=2.694909e+08  g=0.000000e+00  ||x||=7.344106e-03  ||grad||=2.508020e+10  tau=1.705e-14  beta=7.647e-01
[iter   11/300] obj=2.606296e+08  f=2.606296e+08  g=0.000000e+00  ||x||=7.970166e-03  ||grad||=2.483917e+10  tau=1.705e-14  beta=7.824e-01
[iter   12/300] obj=2.526648e+08  f=2.526648e+08  g=0.000000e+00  ||x||=8.584233e-03  ||grad||=2.458616e+10  tau=1.705e-14  beta=7.976e-01
[iter   13/300] obj=2.454566e+08  f=2.454566e+08  g=0.000000e+00  ||x||=9.186752e-03  ||grad||=2.431807e+10  tau=1.705e-14  beta=8.108e-01
[iter   14/300] obj=2.389060e+08  f=2.389060e+08  g=0.000000e+00  ||x||=9.778167e-03  ||grad||=2.403702e+10  tau=1.705e-14  beta=8.224e-01
[iter   15/300] obj=2.329259e+08  f=2.329259e+08  g=0.000000e+00  ||x||=1.035890e-02  ||grad||=2.374673e+10  tau=1.705e-14  beta=8.326e-01
[iter   16/300] obj=2.274462e+08  f=2.274462e+08  g=0.000000e+00  ||x||=1.092935e-02  ||grad||=2.344991e+10  tau=1.705e-14  beta=8.417e-01
[iter   17/300] obj=2.224076e+08  f=2.224076e+08  g=0.000000e+00  ||x||=1.148986e-02  ||grad||=2.314994e+10  tau=1.705e-14  beta=8.498e-01
[iter   18/300] obj=2.177603e+08  f=2.177603e+08  g=0.000000e+00  ||x||=1.204077e-02  ||grad||=2.284955e+10  tau=1.705e-14  beta=8.571e-01
[iter   19/300] obj=2.134613e+08  f=2.134613e+08  g=0.000000e+00  ||x||=1.258236e-02  ||grad||=2.255126e+10  tau=1.705e-14  beta=8.638e-01
[iter   20/300] obj=2.094750e+08  f=2.094750e+08  g=0.000000e+00  ||x||=1.311492e-02  ||grad||=2.225593e+10  tau=1.705e-14  beta=8.698e-01
[iter   21/300] obj=2.057678e+08  f=2.057678e+08  g=0.000000e+00  ||x||=1.363867e-02  ||grad||=2.196664e+10  tau=1.705e-14  beta=8.754e-01
[iter   22/300] obj=2.023129e+08  f=2.023129e+08  g=0.000000e+00  ||x||=1.415384e-02  ||grad||=2.168255e+10  tau=1.705e-14  beta=8.804e-01
[iter   23/300] obj=1.990884e+08  f=1.990884e+08  g=0.000000e+00  ||x||=1.466065e-02  ||grad||=2.140545e+10  tau=1.705e-14  beta=8.851e-01
[iter   24/300] obj=1.960720e+08  f=1.960720e+08  g=0.000000e+00  ||x||=1.515929e-02  ||grad||=2.113569e+10  tau=1.705e-14  beta=8.894e-01
[iter   25/300] obj=1.932464e+08  f=1.932464e+08  g=0.000000e+00  ||x||=1.564995e-02  ||grad||=2.087274e+10  tau=1.705e-14  beta=8.934e-01
[iter   26/300] obj=1.905939e+08  f=1.905939e+08  g=0.000000e+00  ||x||=1.613282e-02  ||grad||=2.061701e+10  tau=1.705e-14  beta=8.971e-01
[iter   27/300] obj=1.881005e+08  f=1.881005e+08  g=0.000000e+00  ||x||=1.660809e-02  ||grad||=2.036848e+10  tau=1.705e-14  beta=9.006e-01
[iter   28/300] obj=1.857542e+08  f=1.857542e+08  g=0.000000e+00  ||x||=1.707592e-02  ||grad||=2.012811e+10  tau=1.705e-14  beta=9.038e-01
[iter   29/300] obj=1.835425e+08  f=1.835425e+08  g=0.000000e+00  ||x||=1.753649e-02  ||grad||=1.989491e+10  tau=1.705e-14  beta=9.069e-01
[iter   30/300] obj=1.814557e+08  f=1.814557e+08  g=0.000000e+00  ||x||=1.798998e-02  ||grad||=1.966889e+10  tau=1.705e-14  beta=9.097e-01
[iter   31/300] obj=1.794834e+08  f=1.794834e+08  g=0.000000e+00  ||x||=1.843653e-02  ||grad||=1.945008e+10  tau=1.705e-14  beta=9.124e-01
[iter   32/300] obj=1.776183e+08  f=1.776183e+08  g=0.000000e+00  ||x||=1.887633e-02  ||grad||=1.923832e+10  tau=1.705e-14  beta=9.149e-01
[iter   33/300] obj=1.758512e+08  f=1.758512e+08  g=0.000000e+00  ||x||=1.930951e-02  ||grad||=1.903344e+10  tau=1.705e-14  beta=9.173e-01
[iter   34/300] obj=1.741741e+08  f=1.741741e+08  g=0.000000e+00  ||x||=1.973625e-02  ||grad||=1.883467e+10  tau=1.705e-14  beta=9.195e-01
[iter   35/300] obj=1.725823e+08  f=1.725823e+08  g=0.000000e+00  ||x||=2.015670e-02  ||grad||=1.864299e+10  tau=1.705e-14  beta=9.217e-01
[iter   36/300] obj=1.710695e+08  f=1.710695e+08  g=0.000000e+00  ||x||=2.057099e-02  ||grad||=1.845787e+10  tau=1.705e-14  beta=9.237e-01
[iter   37/300] obj=1.696303e+08  f=1.696303e+08  g=0.000000e+00  ||x||=2.097927e-02  ||grad||=1.827901e+10  tau=1.705e-14  beta=9.256e-01
[iter   38/300] obj=1.682600e+08  f=1.682600e+08  g=0.000000e+00  ||x||=2.138168e-02  ||grad||=1.810579e+10  tau=1.705e-14  beta=9.274e-01
[iter   39/300] obj=1.669552e+08  f=1.669552e+08  g=0.000000e+00  ||x||=2.177836e-02  ||grad||=1.793837e+10  tau=1.705e-14  beta=9.292e-01
[iter   40/300] obj=1.657091e+08  f=1.657091e+08  g=0.000000e+00  ||x||=2.216945e-02  ||grad||=1.777635e+10  tau=1.705e-14  beta=9.308e-01
[iter   41/300] obj=1.645206e+08  f=1.645206e+08  g=0.000000e+00  ||x||=2.255507e-02  ||grad||=1.761987e+10  tau=1.705e-14  beta=9.324e-01
[iter   42/300] obj=1.633842e+08  f=1.633842e+08  g=0.000000e+00  ||x||=2.293535e-02  ||grad||=1.746885e+10  tau=1.705e-14  beta=9.339e-01
[iter   43/300] obj=1.622974e+08  f=1.622974e+08  g=0.000000e+00  ||x||=2.331042e-02  ||grad||=1.732266e+10  tau=1.705e-14  beta=9.353e-01
[iter   44/300] obj=1.612573e+08  f=1.612573e+08  g=0.000000e+00  ||x||=2.368038e-02  ||grad||=1.718133e+10  tau=1.705e-14  beta=9.367e-01
[iter   45/300] obj=1.602611e+08  f=1.602611e+08  g=0.000000e+00  ||x||=2.404536e-02  ||grad||=1.704472e+10  tau=1.705e-14  beta=9.380e-01
[iter   46/300] obj=1.593071e+08  f=1.593071e+08  g=0.000000e+00  ||x||=2.440546e-02  ||grad||=1.691286e+10  tau=1.705e-14  beta=9.393e-01
[iter   47/300] obj=1.583923e+08  f=1.583923e+08  g=0.000000e+00  ||x||=2.476080e-02  ||grad||=1.678567e+10  tau=1.705e-14  beta=9.405e-01
[iter   48/300] obj=1.575141e+08  f=1.575141e+08  g=0.000000e+00  ||x||=2.511148e-02  ||grad||=1.666242e+10  tau=1.705e-14  beta=9.417e-01
[iter   49/300] obj=1.566710e+08  f=1.566710e+08  g=0.000000e+00  ||x||=2.545760e-02  ||grad||=1.654323e+10  tau=1.705e-14  beta=9.428e-01
[iter   50/300] obj=1.558613e+08  f=1.558613e+08  g=0.000000e+00  ||x||=2.579927e-02  ||grad||=1.642774e+10  tau=1.705e-14  beta=9.439e-01
[iter   51/300] obj=1.550826e+08  f=1.550826e+08  g=0.000000e+00  ||x||=2.613657e-02  ||grad||=1.631636e+10  tau=1.705e-14  beta=9.449e-01
[iter   52/300] obj=1.543335e+08  f=1.543335e+08  g=0.000000e+00  ||x||=2.646961e-02  ||grad||=1.620901e+10  tau=1.705e-14  beta=9.459e-01
[iter   53/300] obj=1.536124e+08  f=1.536124e+08  g=0.000000e+00  ||x||=2.679846e-02  ||grad||=1.610567e+10  tau=1.705e-14  beta=9.469e-01
[iter   54/300] obj=1.529185e+08  f=1.529185e+08  g=0.000000e+00  ||x||=2.712321e-02  ||grad||=1.600625e+10  tau=1.705e-14  beta=9.478e-01
[iter   55/300] obj=1.522498e+08  f=1.522498e+08  g=0.000000e+00  ||x||=2.744393e-02  ||grad||=1.590975e+10  tau=1.705e-14  beta=9.487e-01
[iter   56/300] obj=1.516055e+08  f=1.516055e+08  g=0.000000e+00  ||x||=2.776073e-02  ||grad||=1.581623e+10  tau=1.705e-14  beta=9.496e-01
[iter   57/300] obj=1.509838e+08  f=1.509838e+08  g=0.000000e+00  ||x||=2.807366e-02  ||grad||=1.572581e+10  tau=1.705e-14  beta=9.504e-01
[iter   58/300] obj=1.503844e+08  f=1.503844e+08  g=0.000000e+00  ||x||=2.838280e-02  ||grad||=1.563881e+10  tau=1.705e-14  beta=9.513e-01
[iter   59/300] obj=1.498057e+08  f=1.498057e+08  g=0.000000e+00  ||x||=2.868823e-02  ||grad||=1.555464e+10  tau=1.705e-14  beta=9.520e-01
[iter   60/300] obj=1.492469e+08  f=1.492469e+08  g=0.000000e+00  ||x||=2.899002e-02  ||grad||=1.547319e+10  tau=1.705e-14  beta=9.528e-01
[iter   61/300] obj=1.487071e+08  f=1.487071e+08  g=0.000000e+00  ||x||=2.928824e-02  ||grad||=1.539408e+10  tau=1.705e-14  beta=9.535e-01
[iter   62/300] obj=1.481852e+08  f=1.481852e+08  g=0.000000e+00  ||x||=2.958296e-02  ||grad||=1.531786e+10  tau=1.705e-14  beta=9.542e-01
[iter   63/300] obj=1.476797e+08  f=1.476797e+08  g=0.000000e+00  ||x||=2.987424e-02  ||grad||=1.524377e+10  tau=1.705e-14  beta=9.549e-01
[iter   64/300] obj=1.471907e+08  f=1.471907e+08  g=0.000000e+00  ||x||=3.016216e-02  ||grad||=1.517141e+10  tau=1.705e-14  beta=9.556e-01
[iter   65/300] obj=1.467168e+08  f=1.467168e+08  g=0.000000e+00  ||x||=3.044678e-02  ||grad||=1.510136e+10  tau=1.705e-14  beta=9.563e-01
[iter   66/300] obj=1.462581e+08  f=1.462581e+08  g=0.000000e+00  ||x||=3.072818e-02  ||grad||=1.503329e+10  tau=1.705e-14  beta=9.569e-01
[iter   67/300] obj=1.458142e+08  f=1.458142e+08  g=0.000000e+00  ||x||=3.100640e-02  ||grad||=1.496765e+10  tau=1.705e-14  beta=9.575e-01
[iter   68/300] obj=1.453840e+08  f=1.453840e+08  g=0.000000e+00  ||x||=3.128152e-02  ||grad||=1.490387e+10  tau=1.705e-14  beta=9.581e-01
[iter   69/300] obj=1.449669e+08  f=1.449669e+08  g=0.000000e+00  ||x||=3.155360e-02  ||grad||=1.484192e+10  tau=1.705e-14  beta=9.587e-01
[iter   70/300] obj=1.445621e+08  f=1.445621e+08  g=0.000000e+00  ||x||=3.182270e-02  ||grad||=1.478221e+10  tau=1.705e-14  beta=9.593e-01
[iter   71/300] obj=1.441700e+08  f=1.441700e+08  g=0.000000e+00  ||x||=3.208886e-02  ||grad||=1.472432e+10  tau=1.705e-14  beta=9.598e-01
[iter   72/300] obj=1.437894e+08  f=1.437894e+08  g=0.000000e+00  ||x||=3.235216e-02  ||grad||=1.466803e+10  tau=1.705e-14  beta=9.603e-01
[iter   73/300] obj=1.434201e+08  f=1.434201e+08  g=0.000000e+00  ||x||=3.261264e-02  ||grad||=1.461384e+10  tau=1.705e-14  beta=9.609e-01
[iter   74/300] obj=1.430612e+08  f=1.430612e+08  g=0.000000e+00  ||x||=3.287034e-02  ||grad||=1.456113e+10  tau=1.705e-14  beta=9.614e-01
[iter   75/300] obj=1.427129e+08  f=1.427129e+08  g=0.000000e+00  ||x||=3.312534e-02  ||grad||=1.451000e+10  tau=1.705e-14  beta=9.619e-01
[iter   76/300] obj=1.423746e+08  f=1.423746e+08  g=0.000000e+00  ||x||=3.337767e-02  ||grad||=1.446030e+10  tau=1.705e-14  beta=9.623e-01
[iter   77/300] obj=1.420462e+08  f=1.420462e+08  g=0.000000e+00  ||x||=3.362738e-02  ||grad||=1.441231e+10  tau=1.705e-14  beta=9.628e-01
[iter   78/300] obj=1.417265e+08  f=1.417265e+08  g=0.000000e+00  ||x||=3.387452e-02  ||grad||=1.436551e+10  tau=1.705e-14  beta=9.633e-01
[iter   79/300] obj=1.414151e+08  f=1.414151e+08  g=0.000000e+00  ||x||=3.411913e-02  ||grad||=1.431981e+10  tau=1.705e-14  beta=9.637e-01
[iter   80/300] obj=1.411124e+08  f=1.411124e+08  g=0.000000e+00  ||x||=3.436127e-02  ||grad||=1.427553e+10  tau=1.705e-14  beta=9.642e-01
[iter   81/300] obj=1.408175e+08  f=1.408175e+08  g=0.000000e+00  ||x||=3.460097e-02  ||grad||=1.423243e+10  tau=1.705e-14  beta=9.646e-01
[iter   82/300] obj=1.405308e+08  f=1.405308e+08  g=0.000000e+00  ||x||=3.483829e-02  ||grad||=1.419032e+10  tau=1.705e-14  beta=9.650e-01
[iter   83/300] obj=1.402520e+08  f=1.402520e+08  g=0.000000e+00  ||x||=3.507325e-02  ||grad||=1.414939e+10  tau=1.705e-14  beta=9.654e-01
[iter   84/300] obj=1.399802e+08  f=1.399802e+08  g=0.000000e+00  ||x||=3.530591e-02  ||grad||=1.410954e+10  tau=1.705e-14  beta=9.658e-01
[iter   85/300] obj=1.397153e+08  f=1.397153e+08  g=0.000000e+00  ||x||=3.553631e-02  ||grad||=1.407066e+10  tau=1.705e-14  beta=9.662e-01
[iter   86/300] obj=1.394576e+08  f=1.394576e+08  g=0.000000e+00  ||x||=3.576448e-02  ||grad||=1.403268e+10  tau=1.705e-14  beta=9.666e-01
[iter   87/300] obj=1.392062e+08  f=1.392062e+08  g=0.000000e+00  ||x||=3.599047e-02  ||grad||=1.399565e+10  tau=1.705e-14  beta=9.669e-01
[iter   88/300] obj=1.389611e+08  f=1.389611e+08  g=0.000000e+00  ||x||=3.621430e-02  ||grad||=1.395956e+10  tau=1.705e-14  beta=9.673e-01
[iter   89/300] obj=1.387225e+08  f=1.387225e+08  g=0.000000e+00  ||x||=3.643603e-02  ||grad||=1.392448e+10  tau=1.705e-14  beta=9.677e-01
[iter   90/300] obj=1.384897e+08  f=1.384897e+08  g=0.000000e+00  ||x||=3.665568e-02  ||grad||=1.389017e+10  tau=1.705e-14  beta=9.680e-01
[iter   91/300] obj=1.382626e+08  f=1.382626e+08  g=0.000000e+00  ||x||=3.687329e-02  ||grad||=1.385664e+10  tau=1.705e-14  beta=9.683e-01
[iter   92/300] obj=1.380408e+08  f=1.380408e+08  g=0.000000e+00  ||x||=3.708890e-02  ||grad||=1.382378e+10  tau=1.705e-14  beta=9.687e-01
[iter   93/300] obj=1.378244e+08  f=1.378244e+08  g=0.000000e+00  ||x||=3.730254e-02  ||grad||=1.379178e+10  tau=1.705e-14  beta=9.690e-01
[iter   94/300] obj=1.376132e+08  f=1.376132e+08  g=0.000000e+00  ||x||=3.751424e-02  ||grad||=1.376054e+10  tau=1.705e-14  beta=9.693e-01
[iter   95/300] obj=1.374071e+08  f=1.374071e+08  g=0.000000e+00  ||x||=3.772404e-02  ||grad||=1.373009e+10  tau=1.705e-14  beta=9.696e-01
[iter   96/300] obj=1.372061e+08  f=1.372061e+08  g=0.000000e+00  ||x||=3.793197e-02  ||grad||=1.370020e+10  tau=1.705e-14  beta=9.699e-01
[iter   97/300] obj=1.370093e+08  f=1.370093e+08  g=0.000000e+00  ||x||=3.813806e-02  ||grad||=1.367104e+10  tau=1.705e-14  beta=9.702e-01
[iter   98/300] obj=1.368170e+08  f=1.368170e+08  g=0.000000e+00  ||x||=3.834234e-02  ||grad||=1.364247e+10  tau=1.705e-14  beta=9.705e-01
[iter   99/300] obj=1.366290e+08  f=1.366290e+08  g=0.000000e+00  ||x||=3.854484e-02  ||grad||=1.361469e+10  tau=1.705e-14  beta=9.708e-01
[iter  100/300] obj=1.364453e+08  f=1.364453e+08  g=0.000000e+00  ||x||=3.874560e-02  ||grad||=1.358742e+10  tau=1.705e-14  beta=9.711e-01
[iter  101/300] obj=1.362656e+08  f=1.362656e+08  g=0.000000e+00  ||x||=3.894464e-02  ||grad||=1.356065e+10  tau=1.705e-14  beta=9.714e-01
[iter  102/300] obj=1.360900e+08  f=1.360900e+08  g=0.000000e+00  ||x||=3.914199e-02  ||grad||=1.353447e+10  tau=1.705e-14  beta=9.716e-01
[iter  103/300] obj=1.359178e+08  f=1.359178e+08  g=0.000000e+00  ||x||=3.933768e-02  ||grad||=1.350877e+10  tau=1.705e-14  beta=9.719e-01
[iter  104/300] obj=1.357500e+08  f=1.357500e+08  g=0.000000e+00  ||x||=3.953174e-02  ||grad||=1.348344e+10  tau=1.705e-14  beta=9.722e-01
[iter  105/300] obj=1.355854e+08  f=1.355854e+08  g=0.000000e+00  ||x||=3.972420e-02  ||grad||=1.345869e+10  tau=1.705e-14  beta=9.724e-01
[iter  106/300] obj=1.354243e+08  f=1.354243e+08  g=0.000000e+00  ||x||=3.991508e-02  ||grad||=1.343458e+10  tau=1.705e-14  beta=9.727e-01
[iter  107/300] obj=1.352668e+08  f=1.352668e+08  g=0.000000e+00  ||x||=4.010441e-02  ||grad||=1.341106e+10  tau=1.705e-14  beta=9.729e-01
[iter  108/300] obj=1.351127e+08  f=1.351127e+08  g=0.000000e+00  ||x||=4.029222e-02  ||grad||=1.338792e+10  tau=1.705e-14  beta=9.732e-01
[iter  109/300] obj=1.349618e+08  f=1.349618e+08  g=0.000000e+00  ||x||=4.047853e-02  ||grad||=1.336527e+10  tau=1.705e-14  beta=9.734e-01
[iter  110/300] obj=1.348137e+08  f=1.348137e+08  g=0.000000e+00  ||x||=4.066336e-02  ||grad||=1.334319e+10  tau=1.705e-14  beta=9.736e-01
[iter  111/300] obj=1.346689e+08  f=1.346689e+08  g=0.000000e+00  ||x||=4.084674e-02  ||grad||=1.332162e+10  tau=1.705e-14  beta=9.739e-01
[iter  112/300] obj=1.345271e+08  f=1.345271e+08  g=0.000000e+00  ||x||=4.102870e-02  ||grad||=1.330056e+10  tau=1.705e-14  beta=9.741e-01
[iter  113/300] obj=1.343882e+08  f=1.343882e+08  g=0.000000e+00  ||x||=4.120925e-02  ||grad||=1.328029e+10  tau=1.705e-14  beta=9.743e-01
[iter  114/300] obj=1.342520e+08  f=1.342520e+08  g=0.000000e+00  ||x||=4.138841e-02  ||grad||=1.326050e+10  tau=1.705e-14  beta=9.745e-01
[iter  115/300] obj=1.341187e+08  f=1.341187e+08  g=0.000000e+00  ||x||=4.156620e-02  ||grad||=1.324120e+10  tau=1.705e-14  beta=9.748e-01
[iter  116/300] obj=1.339881e+08  f=1.339881e+08  g=0.000000e+00  ||x||=4.174263e-02  ||grad||=1.322225e+10  tau=1.705e-14  beta=9.750e-01
[iter  117/300] obj=1.338599e+08  f=1.338599e+08  g=0.000000e+00  ||x||=4.191774e-02  ||grad||=1.320362e+10  tau=1.705e-14  beta=9.752e-01
[iter  118/300] obj=1.337342e+08  f=1.337342e+08  g=0.000000e+00  ||x||=4.209153e-02  ||grad||=1.318532e+10  tau=1.705e-14  beta=9.754e-01
[iter  119/300] obj=1.336109e+08  f=1.336109e+08  g=0.000000e+00  ||x||=4.226403e-02  ||grad||=1.316722e+10  tau=1.705e-14  beta=9.756e-01
[iter  120/300] obj=1.334900e+08  f=1.334900e+08  g=0.000000e+00  ||x||=4.243526e-02  ||grad||=1.314955e+10  tau=1.705e-14  beta=9.758e-01
[iter  121/300] obj=1.333714e+08  f=1.333714e+08  g=0.000000e+00  ||x||=4.260523e-02  ||grad||=1.313220e+10  tau=1.705e-14  beta=9.760e-01
[iter  122/300] obj=1.332554e+08  f=1.332554e+08  g=0.000000e+00  ||x||=4.277397e-02  ||grad||=1.311537e+10  tau=1.705e-14  beta=9.762e-01
[iter  123/300] obj=1.331413e+08  f=1.331413e+08  g=0.000000e+00  ||x||=4.294147e-02  ||grad||=1.309878e+10  tau=1.705e-14  beta=9.764e-01
[iter  124/300] obj=1.330291e+08  f=1.330291e+08  g=0.000000e+00  ||x||=4.310777e-02  ||grad||=1.308234e+10  tau=1.705e-14  beta=9.765e-01
[iter  125/300] obj=1.329191e+08  f=1.329191e+08  g=0.000000e+00  ||x||=4.327289e-02  ||grad||=1.306614e+10  tau=1.705e-14  beta=9.767e-01
[iter  126/300] obj=1.328111e+08  f=1.328111e+08  g=0.000000e+00  ||x||=4.343683e-02  ||grad||=1.305014e+10  tau=1.705e-14  beta=9.769e-01
[iter  127/300] obj=1.327049e+08  f=1.327049e+08  g=0.000000e+00  ||x||=4.359961e-02  ||grad||=1.303439e+10  tau=1.705e-14  beta=9.771e-01
[iter  128/300] obj=1.326009e+08  f=1.326009e+08  g=0.000000e+00  ||x||=4.376125e-02  ||grad||=1.301870e+10  tau=1.705e-14  beta=9.773e-01
[iter  129/300] obj=1.324987e+08  f=1.324987e+08  g=0.000000e+00  ||x||=4.392177e-02  ||grad||=1.300325e+10  tau=1.705e-14  beta=9.774e-01
[iter  130/300] obj=1.323981e+08  f=1.323981e+08  g=0.000000e+00  ||x||=4.408118e-02  ||grad||=1.298812e+10  tau=1.705e-14  beta=9.776e-01
[iter  131/300] obj=1.322993e+08  f=1.322993e+08  g=0.000000e+00  ||x||=4.423950e-02  ||grad||=1.297299e+10  tau=1.705e-14  beta=9.778e-01
[iter  132/300] obj=1.322024e+08  f=1.322024e+08  g=0.000000e+00  ||x||=4.439674e-02  ||grad||=1.295809e+10  tau=1.705e-14  beta=9.779e-01
[iter  133/300] obj=1.321072e+08  f=1.321072e+08  g=0.000000e+00  ||x||=4.455293e-02  ||grad||=1.294347e+10  tau=1.705e-14  beta=9.781e-01
[iter  134/300] obj=1.320138e+08  f=1.320138e+08  g=0.000000e+00  ||x||=4.470806e-02  ||grad||=1.292909e+10  tau=1.705e-14  beta=9.783e-01
[iter  135/300] obj=1.319219e+08  f=1.319219e+08  g=0.000000e+00  ||x||=4.486216e-02  ||grad||=1.291486e+10  tau=1.705e-14  beta=9.784e-01
[iter  136/300] obj=1.318315e+08  f=1.318315e+08  g=0.000000e+00  ||x||=4.501525e-02  ||grad||=1.290080e+10  tau=1.705e-14  beta=9.786e-01
[iter  137/300] obj=1.317427e+08  f=1.317427e+08  g=0.000000e+00  ||x||=4.516733e-02  ||grad||=1.288704e+10  tau=1.705e-14  beta=9.787e-01
[iter  138/300] obj=1.316553e+08  f=1.316553e+08  g=0.000000e+00  ||x||=4.531842e-02  ||grad||=1.287350e+10  tau=1.705e-14  beta=9.789e-01
[iter  139/300] obj=1.315694e+08  f=1.315694e+08  g=0.000000e+00  ||x||=4.546854e-02  ||grad||=1.286025e+10  tau=1.705e-14  beta=9.790e-01
[iter  140/300] obj=1.314851e+08  f=1.314851e+08  g=0.000000e+00  ||x||=4.561768e-02  ||grad||=1.284718e+10  tau=1.705e-14  beta=9.792e-01
[iter  141/300] obj=1.314021e+08  f=1.314021e+08  g=0.000000e+00  ||x||=4.576588e-02  ||grad||=1.283436e+10  tau=1.705e-14  beta=9.793e-01
[iter  142/300] obj=1.313205e+08  f=1.313205e+08  g=0.000000e+00  ||x||=4.591314e-02  ||grad||=1.282174e+10  tau=1.705e-14  beta=9.794e-01
[iter  143/300] obj=1.312402e+08  f=1.312402e+08  g=0.000000e+00  ||x||=4.605947e-02  ||grad||=1.280942e+10  tau=1.705e-14  beta=9.796e-01
[iter  144/300] obj=1.311611e+08  f=1.311611e+08  g=0.000000e+00  ||x||=4.620489e-02  ||grad||=1.279726e+10  tau=1.705e-14  beta=9.797e-01
[iter  145/300] obj=1.310832e+08  f=1.310832e+08  g=0.000000e+00  ||x||=4.634940e-02  ||grad||=1.278535e+10  tau=1.705e-14  beta=9.799e-01
[iter  146/300] obj=1.310065e+08  f=1.310065e+08  g=0.000000e+00  ||x||=4.649302e-02  ||grad||=1.277365e+10  tau=1.705e-14  beta=9.800e-01
[iter  147/300] obj=1.309312e+08  f=1.309312e+08  g=0.000000e+00  ||x||=4.663576e-02  ||grad||=1.276220e+10  tau=1.705e-14  beta=9.801e-01
[iter  148/300] obj=1.308571e+08  f=1.308571e+08  g=0.000000e+00  ||x||=4.677763e-02  ||grad||=1.275104e+10  tau=1.705e-14  beta=9.803e-01
[iter  149/300] obj=1.307842e+08  f=1.307842e+08  g=0.000000e+00  ||x||=4.691865e-02  ||grad||=1.274008e+10  tau=1.705e-14  beta=9.804e-01
[iter  150/300] obj=1.307126e+08  f=1.307126e+08  g=0.000000e+00  ||x||=4.705881e-02  ||grad||=1.272929e+10  tau=1.705e-14  beta=9.805e-01
[iter  151/300] obj=1.306420e+08  f=1.306420e+08  g=0.000000e+00  ||x||=4.719813e-02  ||grad||=1.271853e+10  tau=1.705e-14  beta=9.806e-01
[iter  152/300] obj=1.305725e+08  f=1.305725e+08  g=0.000000e+00  ||x||=4.733663e-02  ||grad||=1.270801e+10  tau=1.705e-14  beta=9.808e-01
[iter  153/300] obj=1.305040e+08  f=1.305040e+08  g=0.000000e+00  ||x||=4.747430e-02  ||grad||=1.269767e+10  tau=1.705e-14  beta=9.809e-01
[iter  154/300] obj=1.304367e+08  f=1.304367e+08  g=0.000000e+00  ||x||=4.761117e-02  ||grad||=1.268744e+10  tau=1.705e-14  beta=9.810e-01
[iter  155/300] obj=1.303704e+08  f=1.303704e+08  g=0.000000e+00  ||x||=4.774724e-02  ||grad||=1.267742e+10  tau=1.705e-14  beta=9.811e-01
[iter  156/300] obj=1.303049e+08  f=1.303049e+08  g=0.000000e+00  ||x||=4.788252e-02  ||grad||=1.266757e+10  tau=1.705e-14  beta=9.813e-01
[iter  157/300] obj=1.302405e+08  f=1.302405e+08  g=0.000000e+00  ||x||=4.801702e-02  ||grad||=1.265784e+10  tau=1.705e-14  beta=9.814e-01
[iter  158/300] obj=1.301769e+08  f=1.301769e+08  g=0.000000e+00  ||x||=4.815075e-02  ||grad||=1.264823e+10  tau=1.705e-14  beta=9.815e-01
[iter  159/300] obj=1.301144e+08  f=1.301144e+08  g=0.000000e+00  ||x||=4.828372e-02  ||grad||=1.263877e+10  tau=1.705e-14  beta=9.816e-01
[iter  160/300] obj=1.300528e+08  f=1.300528e+08  g=0.000000e+00  ||x||=4.841594e-02  ||grad||=1.262953e+10  tau=1.705e-14  beta=9.817e-01
[iter  161/300] obj=1.299920e+08  f=1.299920e+08  g=0.000000e+00  ||x||=4.854742e-02  ||grad||=1.262042e+10  tau=1.705e-14  beta=9.818e-01
[iter  162/300] obj=1.299320e+08  f=1.299320e+08  g=0.000000e+00  ||x||=4.867817e-02  ||grad||=1.261142e+10  tau=1.705e-14  beta=9.819e-01
[iter  163/300] obj=1.298730e+08  f=1.298730e+08  g=0.000000e+00  ||x||=4.880819e-02  ||grad||=1.260262e+10  tau=1.705e-14  beta=9.820e-01
[iter  164/300] obj=1.298149e+08  f=1.298149e+08  g=0.000000e+00  ||x||=4.893750e-02  ||grad||=1.259390e+10  tau=1.705e-14  beta=9.821e-01
[iter  165/300] obj=1.297577e+08  f=1.297577e+08  g=0.000000e+00  ||x||=4.906611e-02  ||grad||=1.258527e+10  tau=1.705e-14  beta=9.823e-01
[iter  166/300] obj=1.297011e+08  f=1.297011e+08  g=0.000000e+00  ||x||=4.919401e-02  ||grad||=1.257673e+10  tau=1.705e-14  beta=9.824e-01
[iter  167/300] obj=1.296454e+08  f=1.296454e+08  g=0.000000e+00  ||x||=4.932123e-02  ||grad||=1.256839e+10  tau=1.705e-14  beta=9.825e-01
[iter  168/300] obj=1.295905e+08  f=1.295905e+08  g=0.000000e+00  ||x||=4.944777e-02  ||grad||=1.256025e+10  tau=1.705e-14  beta=9.826e-01
[iter  169/300] obj=1.295364e+08  f=1.295364e+08  g=0.000000e+00  ||x||=4.957363e-02  ||grad||=1.255216e+10  tau=1.705e-14  beta=9.827e-01
[iter  170/300] obj=1.294832e+08  f=1.294832e+08  g=0.000000e+00  ||x||=4.969883e-02  ||grad||=1.254413e+10  tau=1.705e-14  beta=9.828e-01
[iter  171/300] obj=1.294304e+08  f=1.294304e+08  g=0.000000e+00  ||x||=4.982336e-02  ||grad||=1.253623e+10  tau=1.705e-14  beta=9.829e-01
[iter  172/300] obj=1.293785e+08  f=1.293785e+08  g=0.000000e+00  ||x||=4.994724e-02  ||grad||=1.252837e+10  tau=1.705e-14  beta=9.830e-01
[iter  173/300] obj=1.293273e+08  f=1.293273e+08  g=0.000000e+00  ||x||=5.007048e-02  ||grad||=1.252063e+10  tau=1.705e-14  beta=9.831e-01
[iter  174/300] obj=1.292768e+08  f=1.292768e+08  g=0.000000e+00  ||x||=5.019308e-02  ||grad||=1.251298e+10  tau=1.705e-14  beta=9.832e-01
[iter  175/300] obj=1.292269e+08  f=1.292269e+08  g=0.000000e+00  ||x||=5.031505e-02  ||grad||=1.250540e+10  tau=1.705e-14  beta=9.832e-01
[iter  176/300] obj=1.291779e+08  f=1.291779e+08  g=0.000000e+00  ||x||=5.043639e-02  ||grad||=1.249790e+10  tau=1.705e-14  beta=9.833e-01
[iter  177/300] obj=1.291295e+08  f=1.291295e+08  g=0.000000e+00  ||x||=5.055712e-02  ||grad||=1.249045e+10  tau=1.705e-14  beta=9.834e-01
[iter  178/300] obj=1.290818e+08  f=1.290818e+08  g=0.000000e+00  ||x||=5.067723e-02  ||grad||=1.248312e+10  tau=1.705e-14  beta=9.835e-01
[iter  179/300] obj=1.290346e+08  f=1.290346e+08  g=0.000000e+00  ||x||=5.079674e-02  ||grad||=1.247596e+10  tau=1.705e-14  beta=9.836e-01
[iter  180/300] obj=1.289880e+08  f=1.289880e+08  g=0.000000e+00  ||x||=5.091565e-02  ||grad||=1.246898e+10  tau=1.705e-14  beta=9.837e-01
[iter  181/300] obj=1.289421e+08  f=1.289421e+08  g=0.000000e+00  ||x||=5.103396e-02  ||grad||=1.246203e+10  tau=1.705e-14  beta=9.838e-01
[iter  182/300] obj=1.288968e+08  f=1.288968e+08  g=0.000000e+00  ||x||=5.115169e-02  ||grad||=1.245505e+10  tau=1.705e-14  beta=9.839e-01
[iter  183/300] obj=1.288522e+08  f=1.288522e+08  g=0.000000e+00  ||x||=5.126883e-02  ||grad||=1.244834e+10  tau=1.705e-14  beta=9.840e-01
[iter  184/300] obj=1.288081e+08  f=1.288081e+08  g=0.000000e+00  ||x||=5.138540e-02  ||grad||=1.244171e+10  tau=1.705e-14  beta=9.841e-01
[iter  185/300] obj=1.287646e+08  f=1.287646e+08  g=0.000000e+00  ||x||=5.150139e-02  ||grad||=1.243519e+10  tau=1.705e-14  beta=9.841e-01
[iter  186/300] obj=1.287217e+08  f=1.287217e+08  g=0.000000e+00  ||x||=5.161681e-02  ||grad||=1.242869e+10  tau=1.705e-14  beta=9.842e-01
[iter  187/300] obj=1.286793e+08  f=1.286793e+08  g=0.000000e+00  ||x||=5.173168e-02  ||grad||=1.242217e+10  tau=1.705e-14  beta=9.843e-01
[iter  188/300] obj=1.286375e+08  f=1.286375e+08  g=0.000000e+00  ||x||=5.184598e-02  ||grad||=1.241569e+10  tau=1.705e-14  beta=9.844e-01
[iter  189/300] obj=1.285960e+08  f=1.285960e+08  g=0.000000e+00  ||x||=5.195973e-02  ||grad||=1.240937e+10  tau=1.705e-14  beta=9.845e-01
[iter  190/300] obj=1.285551e+08  f=1.285551e+08  g=0.000000e+00  ||x||=5.207294e-02  ||grad||=1.240305e+10  tau=1.705e-14  beta=9.845e-01
[iter  191/300] obj=1.285148e+08  f=1.285148e+08  g=0.000000e+00  ||x||=5.218560e-02  ||grad||=1.239688e+10  tau=1.705e-14  beta=9.846e-01
[iter  192/300] obj=1.284751e+08  f=1.284751e+08  g=0.000000e+00  ||x||=5.229774e-02  ||grad||=1.239077e+10  tau=1.705e-14  beta=9.847e-01
[iter  193/300] obj=1.284358e+08  f=1.284358e+08  g=0.000000e+00  ||x||=5.240933e-02  ||grad||=1.238467e+10  tau=1.705e-14  beta=9.848e-01
[iter  194/300] obj=1.283969e+08  f=1.283969e+08  g=0.000000e+00  ||x||=5.252041e-02  ||grad||=1.237865e+10  tau=1.705e-14  beta=9.849e-01
[iter  195/300] obj=1.283585e+08  f=1.283585e+08  g=0.000000e+00  ||x||=5.263096e-02  ||grad||=1.237268e+10  tau=1.705e-14  beta=9.849e-01
[iter  196/300] obj=1.283207e+08  f=1.283207e+08  g=0.000000e+00  ||x||=5.274100e-02  ||grad||=1.236678e+10  tau=1.705e-14  beta=9.850e-01
[iter  197/300] obj=1.282831e+08  f=1.282831e+08  g=0.000000e+00  ||x||=5.285053e-02  ||grad||=1.236104e+10  tau=1.705e-14  beta=9.851e-01
[iter  198/300] obj=1.282462e+08  f=1.282462e+08  g=0.000000e+00  ||x||=5.295955e-02  ||grad||=1.235545e+10  tau=1.705e-14  beta=9.852e-01
[iter  199/300] obj=1.282097e+08  f=1.282097e+08  g=0.000000e+00  ||x||=5.306807e-02  ||grad||=1.234992e+10  tau=1.705e-14  beta=9.852e-01
[iter  200/300] obj=1.281735e+08  f=1.281735e+08  g=0.000000e+00  ||x||=5.317610e-02  ||grad||=1.234434e+10  tau=1.705e-14  beta=9.853e-01
[iter  201/300] obj=1.281380e+08  f=1.281380e+08  g=0.000000e+00  ||x||=5.328363e-02  ||grad||=1.233886e+10  tau=1.705e-14  beta=9.854e-01
[iter  202/300] obj=1.281026e+08  f=1.281026e+08  g=0.000000e+00  ||x||=5.339067e-02  ||grad||=1.233343e+10  tau=1.705e-14  beta=9.854e-01
[iter  203/300] obj=1.280678e+08  f=1.280678e+08  g=0.000000e+00  ||x||=5.349724e-02  ||grad||=1.232815e+10  tau=1.705e-14  beta=9.855e-01
[iter  204/300] obj=1.280334e+08  f=1.280334e+08  g=0.000000e+00  ||x||=5.360332e-02  ||grad||=1.232300e+10  tau=1.705e-14  beta=9.856e-01
[iter  205/300] obj=1.279994e+08  f=1.279994e+08  g=0.000000e+00  ||x||=5.370893e-02  ||grad||=1.231787e+10  tau=1.705e-14  beta=9.857e-01
[iter  206/300] obj=1.279659e+08  f=1.279659e+08  g=0.000000e+00  ||x||=5.381407e-02  ||grad||=1.231274e+10  tau=1.705e-14  beta=9.857e-01
[iter  207/300] obj=1.279327e+08  f=1.279327e+08  g=0.000000e+00  ||x||=5.391875e-02  ||grad||=1.230768e+10  tau=1.705e-14  beta=9.858e-01
[iter  208/300] obj=1.278998e+08  f=1.278998e+08  g=0.000000e+00  ||x||=5.402295e-02  ||grad||=1.230262e+10  tau=1.705e-14  beta=9.859e-01
[iter  209/300] obj=1.278674e+08  f=1.278674e+08  g=0.000000e+00  ||x||=5.412671e-02  ||grad||=1.229758e+10  tau=1.705e-14  beta=9.859e-01
[iter  210/300] obj=1.278354e+08  f=1.278354e+08  g=0.000000e+00  ||x||=5.423001e-02  ||grad||=1.229265e+10  tau=1.705e-14  beta=9.860e-01
[iter  211/300] obj=1.278038e+08  f=1.278038e+08  g=0.000000e+00  ||x||=5.433286e-02  ||grad||=1.228775e+10  tau=1.705e-14  beta=9.861e-01
[iter  212/300] obj=1.277724e+08  f=1.277724e+08  g=0.000000e+00  ||x||=5.443527e-02  ||grad||=1.228291e+10  tau=1.705e-14  beta=9.861e-01
[iter  213/300] obj=1.277416e+08  f=1.277416e+08  g=0.000000e+00  ||x||=5.453723e-02  ||grad||=1.227813e+10  tau=1.705e-14  beta=9.862e-01
[iter  214/300] obj=1.277109e+08  f=1.277109e+08  g=0.000000e+00  ||x||=5.463875e-02  ||grad||=1.227340e+10  tau=1.705e-14  beta=9.862e-01
[iter  215/300] obj=1.276807e+08  f=1.276807e+08  g=0.000000e+00  ||x||=5.473985e-02  ||grad||=1.226869e+10  tau=1.705e-14  beta=9.863e-01
[iter  216/300] obj=1.276510e+08  f=1.276510e+08  g=0.000000e+00  ||x||=5.484051e-02  ||grad||=1.226405e+10  tau=1.705e-14  beta=9.864e-01
[iter  217/300] obj=1.276214e+08  f=1.276214e+08  g=0.000000e+00  ||x||=5.494074e-02  ||grad||=1.225938e+10  tau=1.705e-14  beta=9.864e-01
[iter  218/300] obj=1.275921e+08  f=1.275921e+08  g=0.000000e+00  ||x||=5.504055e-02  ||grad||=1.225470e+10  tau=1.705e-14  beta=9.865e-01
[iter  219/300] obj=1.275631e+08  f=1.275631e+08  g=0.000000e+00  ||x||=5.513994e-02  ||grad||=1.225004e+10  tau=1.705e-14  beta=9.866e-01
[iter  220/300] obj=1.275345e+08  f=1.275345e+08  g=0.000000e+00  ||x||=5.523891e-02  ||grad||=1.224552e+10  tau=1.705e-14  beta=9.866e-01
[iter  221/300] obj=1.275064e+08  f=1.275064e+08  g=0.000000e+00  ||x||=5.533747e-02  ||grad||=1.224102e+10  tau=1.705e-14  beta=9.867e-01
[iter  222/300] obj=1.274785e+08  f=1.274785e+08  g=0.000000e+00  ||x||=5.543562e-02  ||grad||=1.223647e+10  tau=1.705e-14  beta=9.867e-01
[iter  223/300] obj=1.274508e+08  f=1.274508e+08  g=0.000000e+00  ||x||=5.553336e-02  ||grad||=1.223193e+10  tau=1.705e-14  beta=9.868e-01
[iter  224/300] obj=1.274235e+08  f=1.274235e+08  g=0.000000e+00  ||x||=5.563071e-02  ||grad||=1.222740e+10  tau=1.705e-14  beta=9.869e-01
[iter  225/300] obj=1.273965e+08  f=1.273965e+08  g=0.000000e+00  ||x||=5.572765e-02  ||grad||=1.222300e+10  tau=1.705e-14  beta=9.869e-01
[iter  226/300] obj=1.273697e+08  f=1.273697e+08  g=0.000000e+00  ||x||=5.582421e-02  ||grad||=1.221856e+10  tau=1.705e-14  beta=9.870e-01
[iter  227/300] obj=1.273433e+08  f=1.273433e+08  g=0.000000e+00  ||x||=5.592038e-02  ||grad||=1.221420e+10  tau=1.705e-14  beta=9.870e-01
[iter  228/300] obj=1.273170e+08  f=1.273170e+08  g=0.000000e+00  ||x||=5.601616e-02  ||grad||=1.220992e+10  tau=1.705e-14  beta=9.871e-01
[iter  229/300] obj=1.272911e+08  f=1.272911e+08  g=0.000000e+00  ||x||=5.611156e-02  ||grad||=1.220563e+10  tau=1.705e-14  beta=9.871e-01
[iter  230/300] obj=1.272656e+08  f=1.272656e+08  g=0.000000e+00  ||x||=5.620658e-02  ||grad||=1.220137e+10  tau=1.705e-14  beta=9.872e-01
[iter  231/300] obj=1.272402e+08  f=1.272402e+08  g=0.000000e+00  ||x||=5.630123e-02  ||grad||=1.219721e+10  tau=1.705e-14  beta=9.872e-01
[iter  232/300] obj=1.272152e+08  f=1.272152e+08  g=0.000000e+00  ||x||=5.639550e-02  ||grad||=1.219306e+10  tau=1.705e-14  beta=9.873e-01
[iter  233/300] obj=1.271903e+08  f=1.271903e+08  g=0.000000e+00  ||x||=5.648941e-02  ||grad||=1.218895e+10  tau=1.705e-14  beta=9.874e-01
[iter  234/300] obj=1.271657e+08  f=1.271657e+08  g=0.000000e+00  ||x||=5.658296e-02  ||grad||=1.218487e+10  tau=1.705e-14  beta=9.874e-01
[iter  235/300] obj=1.271415e+08  f=1.271415e+08  g=0.000000e+00  ||x||=5.667614e-02  ||grad||=1.218094e+10  tau=1.705e-14  beta=9.875e-01
[iter  236/300] obj=1.271174e+08  f=1.271174e+08  g=0.000000e+00  ||x||=5.676896e-02  ||grad||=1.217701e+10  tau=1.705e-14  beta=9.875e-01
[iter  237/300] obj=1.270936e+08  f=1.270936e+08  g=0.000000e+00  ||x||=5.686143e-02  ||grad||=1.217316e+10  tau=1.705e-14  beta=9.876e-01
[iter  238/300] obj=1.270700e+08  f=1.270700e+08  g=0.000000e+00  ||x||=5.695355e-02  ||grad||=1.216937e+10  tau=1.705e-14  beta=9.876e-01
[iter  239/300] obj=1.270466e+08  f=1.270466e+08  g=0.000000e+00  ||x||=5.704531e-02  ||grad||=1.216558e+10  tau=1.705e-14  beta=9.877e-01
[iter  240/300] obj=1.270236e+08  f=1.270236e+08  g=0.000000e+00  ||x||=5.713674e-02  ||grad||=1.216196e+10  tau=1.705e-14  beta=9.877e-01
[iter  241/300] obj=1.270006e+08  f=1.270006e+08  g=0.000000e+00  ||x||=5.722782e-02  ||grad||=1.215840e+10  tau=1.705e-14  beta=9.878e-01
[iter  242/300] obj=1.269780e+08  f=1.269780e+08  g=0.000000e+00  ||x||=5.731856e-02  ||grad||=1.215493e+10  tau=1.705e-14  beta=9.878e-01
[iter  243/300] obj=1.269556e+08  f=1.269556e+08  g=0.000000e+00  ||x||=5.740897e-02  ||grad||=1.215152e+10  tau=1.705e-14  beta=9.879e-01
[iter  244/300] obj=1.269335e+08  f=1.269335e+08  g=0.000000e+00  ||x||=5.749904e-02  ||grad||=1.214811e+10  tau=1.705e-14  beta=9.879e-01
[iter  245/300] obj=1.269115e+08  f=1.269115e+08  g=0.000000e+00  ||x||=5.758877e-02  ||grad||=1.214473e+10  tau=1.705e-14  beta=9.880e-01
[iter  246/300] obj=1.268897e+08  f=1.268897e+08  g=0.000000e+00  ||x||=5.767818e-02  ||grad||=1.214150e+10  tau=1.705e-14  beta=9.880e-01
[iter  247/300] obj=1.268681e+08  f=1.268681e+08  g=0.000000e+00  ||x||=5.776726e-02  ||grad||=1.213830e+10  tau=1.705e-14  beta=9.881e-01
[iter  248/300] obj=1.268468e+08  f=1.268468e+08  g=0.000000e+00  ||x||=5.785602e-02  ||grad||=1.213512e+10  tau=1.705e-14  beta=9.881e-01
[iter  249/300] obj=1.268255e+08  f=1.268255e+08  g=0.000000e+00  ||x||=5.794445e-02  ||grad||=1.213201e+10  tau=1.705e-14  beta=9.882e-01
[iter  250/300] obj=1.268046e+08  f=1.268046e+08  g=0.000000e+00  ||x||=5.803256e-02  ||grad||=1.212896e+10  tau=1.705e-14  beta=9.882e-01
[iter  251/300] obj=1.267839e+08  f=1.267839e+08  g=0.000000e+00  ||x||=5.812036e-02  ||grad||=1.212591e+10  tau=1.705e-14  beta=9.882e-01
[iter  252/300] obj=1.267636e+08  f=1.267636e+08  g=0.000000e+00  ||x||=5.820784e-02  ||grad||=1.212294e+10  tau=1.705e-14  beta=9.883e-01
[iter  253/300] obj=1.267434e+08  f=1.267434e+08  g=0.000000e+00  ||x||=5.829500e-02  ||grad||=1.212006e+10  tau=1.705e-14  beta=9.883e-01
[iter  254/300] obj=1.267233e+08  f=1.267233e+08  g=0.000000e+00  ||x||=5.838186e-02  ||grad||=1.211724e+10  tau=1.705e-14  beta=9.884e-01
[iter  255/300] obj=1.267034e+08  f=1.267034e+08  g=0.000000e+00  ||x||=5.846839e-02  ||grad||=1.211439e+10  tau=1.705e-14  beta=9.884e-01
[iter  256/300] obj=1.266836e+08  f=1.266836e+08  g=0.000000e+00  ||x||=5.855462e-02  ||grad||=1.211153e+10  tau=1.705e-14  beta=9.885e-01
[iter  257/300] obj=1.266640e+08  f=1.266640e+08  g=0.000000e+00  ||x||=5.864055e-02  ||grad||=1.210876e+10  tau=1.705e-14  beta=9.885e-01
[iter  258/300] obj=1.266446e+08  f=1.266446e+08  g=0.000000e+00  ||x||=5.872617e-02  ||grad||=1.210605e+10  tau=1.705e-14  beta=9.886e-01
[iter  259/300] obj=1.266254e+08  f=1.266254e+08  g=0.000000e+00  ||x||=5.881148e-02  ||grad||=1.210340e+10  tau=1.705e-14  beta=9.886e-01
[iter  260/300] obj=1.266066e+08  f=1.266066e+08  g=0.000000e+00  ||x||=5.889649e-02  ||grad||=1.210072e+10  tau=1.705e-14  beta=9.886e-01
[iter  261/300] obj=1.265879e+08  f=1.265879e+08  g=0.000000e+00  ||x||=5.898120e-02  ||grad||=1.209801e+10  tau=1.705e-14  beta=9.887e-01
[iter  262/300] obj=1.265692e+08  f=1.265692e+08  g=0.000000e+00  ||x||=5.906561e-02  ||grad||=1.209525e+10  tau=1.705e-14  beta=9.887e-01
[iter  263/300] obj=1.265508e+08  f=1.265508e+08  g=0.000000e+00  ||x||=5.914972e-02  ||grad||=1.209257e+10  tau=1.705e-14  beta=9.888e-01
[iter  264/300] obj=1.265326e+08  f=1.265326e+08  g=0.000000e+00  ||x||=5.923352e-02  ||grad||=1.208989e+10  tau=1.705e-14  beta=9.888e-01
[iter  265/300] obj=1.265145e+08  f=1.265145e+08  g=0.000000e+00  ||x||=5.931704e-02  ||grad||=1.208715e+10  tau=1.705e-14  beta=9.889e-01
[iter  266/300] obj=1.264967e+08  f=1.264967e+08  g=0.000000e+00  ||x||=5.940026e-02  ||grad||=1.208450e+10  tau=1.705e-14  beta=9.889e-01
[iter  267/300] obj=1.264789e+08  f=1.264789e+08  g=0.000000e+00  ||x||=5.948319e-02  ||grad||=1.208184e+10  tau=1.705e-14  beta=9.889e-01
[iter  268/300] obj=1.264613e+08  f=1.264613e+08  g=0.000000e+00  ||x||=5.956582e-02  ||grad||=1.207924e+10  tau=1.705e-14  beta=9.890e-01
[iter  269/300] obj=1.264440e+08  f=1.264440e+08  g=0.000000e+00  ||x||=5.964817e-02  ||grad||=1.207658e+10  tau=1.705e-14  beta=9.890e-01
[iter  270/300] obj=1.264267e+08  f=1.264267e+08  g=0.000000e+00  ||x||=5.973023e-02  ||grad||=1.207388e+10  tau=1.705e-14  beta=9.891e-01
[iter  271/300] obj=1.264096e+08  f=1.264096e+08  g=0.000000e+00  ||x||=5.981200e-02  ||grad||=1.207115e+10  tau=1.705e-14  beta=9.891e-01
[iter  272/300] obj=1.263927e+08  f=1.263927e+08  g=0.000000e+00  ||x||=5.989349e-02  ||grad||=1.206842e+10  tau=1.705e-14  beta=9.891e-01
[iter  273/300] obj=1.263759e+08  f=1.263759e+08  g=0.000000e+00  ||x||=5.997469e-02  ||grad||=1.206571e+10  tau=1.705e-14  beta=9.892e-01
[iter  274/300] obj=1.263592e+08  f=1.263592e+08  g=0.000000e+00  ||x||=6.005561e-02  ||grad||=1.206296e+10  tau=1.705e-14  beta=9.892e-01
[iter  275/300] obj=1.263427e+08  f=1.263427e+08  g=0.000000e+00  ||x||=6.013625e-02  ||grad||=1.206029e+10  tau=1.705e-14  beta=9.893e-01
[iter  276/300] obj=1.263264e+08  f=1.263264e+08  g=0.000000e+00  ||x||=6.021661e-02  ||grad||=1.205765e+10  tau=1.705e-14  beta=9.893e-01
[iter  277/300] obj=1.263102e+08  f=1.263102e+08  g=0.000000e+00  ||x||=6.029669e-02  ||grad||=1.205501e+10  tau=1.705e-14  beta=9.893e-01
[iter  278/300] obj=1.262942e+08  f=1.262942e+08  g=0.000000e+00  ||x||=6.037650e-02  ||grad||=1.205231e+10  tau=1.705e-14  beta=9.894e-01
[iter  279/300] obj=1.262784e+08  f=1.262784e+08  g=0.000000e+00  ||x||=6.045603e-02  ||grad||=1.204962e+10  tau=1.705e-14  beta=9.894e-01
[iter  280/300] obj=1.262627e+08  f=1.262627e+08  g=0.000000e+00  ||x||=6.053530e-02  ||grad||=1.204697e+10  tau=1.705e-14  beta=9.894e-01
[iter  281/300] obj=1.262471e+08  f=1.262471e+08  g=0.000000e+00  ||x||=6.061429e-02  ||grad||=1.204429e+10  tau=1.705e-14  beta=9.895e-01
[iter  282/300] obj=1.262316e+08  f=1.262316e+08  g=0.000000e+00  ||x||=6.069302e-02  ||grad||=1.204160e+10  tau=1.705e-14  beta=9.895e-01
[iter  283/300] obj=1.262162e+08  f=1.262162e+08  g=0.000000e+00  ||x||=6.077147e-02  ||grad||=1.203891e+10  tau=1.705e-14  beta=9.896e-01
[iter  284/300] obj=1.262010e+08  f=1.262010e+08  g=0.000000e+00  ||x||=6.084967e-02  ||grad||=1.203626e+10  tau=1.705e-14  beta=9.896e-01
[iter  285/300] obj=1.261860e+08  f=1.261860e+08  g=0.000000e+00  ||x||=6.092760e-02  ||grad||=1.203364e+10  tau=1.705e-14  beta=9.896e-01
[iter  286/300] obj=1.261711e+08  f=1.261711e+08  g=0.000000e+00  ||x||=6.100527e-02  ||grad||=1.203101e+10  tau=1.705e-14  beta=9.897e-01
[iter  287/300] obj=1.261563e+08  f=1.261563e+08  g=0.000000e+00  ||x||=6.108268e-02  ||grad||=1.202840e+10  tau=1.705e-14  beta=9.897e-01
[iter  288/300] obj=1.261417e+08  f=1.261417e+08  g=0.000000e+00  ||x||=6.115983e-02  ||grad||=1.202578e+10  tau=1.705e-14  beta=9.897e-01
[iter  289/300] obj=1.261272e+08  f=1.261272e+08  g=0.000000e+00  ||x||=6.123672e-02  ||grad||=1.202319e+10  tau=1.705e-14  beta=9.898e-01
[iter  290/300] obj=1.261127e+08  f=1.261127e+08  g=0.000000e+00  ||x||=6.131337e-02  ||grad||=1.202060e+10  tau=1.705e-14  beta=9.898e-01
[iter  291/300] obj=1.260985e+08  f=1.260985e+08  g=0.000000e+00  ||x||=6.138976e-02  ||grad||=1.201795e+10  tau=1.705e-14  beta=9.898e-01
[iter  292/300] obj=1.260843e+08  f=1.260843e+08  g=0.000000e+00  ||x||=6.146591e-02  ||grad||=1.201535e+10  tau=1.705e-14  beta=9.899e-01
[iter  293/300] obj=1.260703e+08  f=1.260703e+08  g=0.000000e+00  ||x||=6.154180e-02  ||grad||=1.201287e+10  tau=1.705e-14  beta=9.899e-01
[iter  294/300] obj=1.260564e+08  f=1.260564e+08  g=0.000000e+00  ||x||=6.161745e-02  ||grad||=1.201036e+10  tau=1.705e-14  beta=9.899e-01
[iter  295/300] obj=1.260424e+08  f=1.260424e+08  g=0.000000e+00  ||x||=6.169286e-02  ||grad||=1.200789e+10  tau=1.705e-14  beta=9.900e-01
[iter  296/300] obj=1.260286e+08  f=1.260286e+08  g=0.000000e+00  ||x||=6.176803e-02  ||grad||=1.200545e+10  tau=1.705e-14  beta=9.900e-01
[iter  297/300] obj=1.260150e+08  f=1.260150e+08  g=0.000000e+00  ||x||=6.184295e-02  ||grad||=1.200307e+10  tau=1.705e-14  beta=9.900e-01
[iter  298/300] obj=1.260014e+08  f=1.260014e+08  g=0.000000e+00  ||x||=6.191764e-02  ||grad||=1.200071e+10  tau=1.705e-14  beta=9.901e-01
[iter  299/300] obj=1.259881e+08  f=1.259881e+08  g=0.000000e+00  ||x||=6.199209e-02  ||grad||=1.199833e+10  tau=1.705e-14  beta=9.901e-01
[iter  300/300] obj=1.259748e+08  f=1.259748e+08  g=0.000000e+00  ||x||=6.206631e-02  ||grad||=1.199594e+10  tau=1.705e-14  beta=9.901e-01
All outputs saved in: /work3/msaca/textomo_run_013

------------------------------------------------------------
Sender: LSF System <lsfadmin@hpc.dtu.dk>
Subject: Job 27668734: <TextureTomography> in cluster <dcc> Done

Job <TextureTomography> was submitted from host <gbarlogin1> by user <msaca> in cluster <dcc> at Thu Jan 22 14:10:03 2026
Job was executed on host(s) <8*n-62-18-9>, in queue <gpua100>, as user <msaca> in cluster <dcc> at Thu Jan 22 15:41:41 2026
</zhome/71/c/146676> was used as the home directory.
</zhome/71/c/146676/texture_tomography/jobscripts> was used as the working directory.
Started at Thu Jan 22 15:41:41 2026
Terminated at Thu Jan 22 18:29:42 2026
Results reported at Thu Jan 22 18:29:42 2026

Your job looked like:

------------------------------------------------------------
# LSBATCH: User input
#!/bin/bash
#BSUB -J TextureTomography
#BSUB -q gpua100
# #BSUB -gpu "num=1:mode=exclusive_process"
#BSUB -n 8
#BSUB -R "span[hosts=1]"
#BSUB -R "rusage[mem=4000]"        # 40 GB host RAM
#BSUB -M 4000                      # hard memory limit
#BSUB -W 15:00
#BSUB -oo log/%J.out
#BSUB -eo error/%J.err

# initialize conda
export PATH="/zhome/71/c/146676/miniconda3/bin:$PATH"
source /zhome/71/c/146676/miniconda3/etc/profile.d/conda.sh

conda activate cil

python ../scripts/textomo2.py

------------------------------------------------------------

Successfully completed.

Resource usage summary:

    CPU time :                                   9972.32 sec.
    Max Memory :                                 20473 MB
    Average Memory :                             17966.75 MB
    Total Requested Memory :                     32000.00 MB
    Delta Memory :                               11527.00 MB
    Max Swap :                                   -
    Max Processes :                              4
    Max Threads :                                19
    Run time :                                   10081 sec.
    Turnaround time :                            15579 sec.

The output (if any) is above this job summary.



PS:

Read file <error/27668734.err> for stderr output of this job.

