INFO:Setting the number of threads to 8. If your physical cores are fewer than this number, you may want to use numba.set_num_threads(n), and os.environ["OPENBLAS_NUM_THREADS"] = f"{n}" to set the number of threads to the number of physical cores n.
INFO:Setting numba log level to WARNING.
Saving results to: /work3/msaca/textomo_run_017
Generated grid
0.3562848439565492
[0.15253486 0.17618918 0.24949357 0.29284424 0.3858888 ]

=== OpenCL buffer allocation summary ===
coeffs_sino_F                 : shape=(148x750x99),    41.92 MB
coeffs_sino_C                 : shape=(750x148x99),    41.92 MB
_coeffs_batch_F               : shape=(148x148x99),     8.27 MB
_basis_batch_kmax             : shape=(750x99x720x5),  1019.67 MB
_basis_batch_transpose_kmax   : shape=(750x3600x99),  1019.67 MB
_grid_inv_kmax                : shape=(99x9),     0.00 MB
_inv_sigma2_kmax              : shape=(99),     0.00 MB
_norm_factor_kmax             : shape=(99),     0.00 MB
---------------------------------------
TOTAL GPU buffer memory:  2131.45 MB
=======================================

[power 01] L_est=3.017301e+09  ||z||=5.151842e+10
[power 02] L_est=8.338652e+12  ||z||=1.557326e+13
[power 03] L_est=4.706752e+13  ||z||=5.259391e+13
[power 04] L_est=6.963426e+13  ||z||=7.561799e+13
[power 05] L_est=9.545166e+13  ||z||=1.011367e+14
[power 06] L_est=1.155886e+14  ||z||=1.181852e+14
[power 07] L_est=1.238535e+14  ||z||=1.246840e+14
[power 08] L_est=1.264330e+14  ||z||=1.266838e+14
[power 09] L_est=1.272145e+14  ||z||=1.272931e+14
[power 10] L_est=1.274614e+14  ||z||=1.274873e+14
Estimated operator norm
[iter    1/200] obj=4.922353e+08  f=4.922353e+08  g=0.000000e+00  ||x||=6.607686e-04  ||grad||=9.264475e+10  tau=7.132e-15  beta=0.000e+00
[iter    2/200] obj=4.427863e+08  f=4.427863e+08  g=0.000000e+00  ||x||=1.090328e-03  ||grad||=6.390821e+10  tau=7.132e-15  beta=2.818e-01
[iter    3/200] obj=4.097440e+08  f=4.097440e+08  g=0.000000e+00  ||x||=1.543939e-03  ||grad||=5.046375e+10  tau=7.132e-15  beta=4.340e-01
[iter    4/200] obj=3.842061e+08  f=3.842061e+08  g=0.000000e+00  ||x||=2.004763e-03  ||grad||=4.263192e+10  tau=7.132e-15  beta=5.311e-01
[iter    5/200] obj=3.633722e+08  f=3.633722e+08  g=0.000000e+00  ||x||=2.466280e-03  ||grad||=3.806493e+10  tau=7.132e-15  beta=5.988e-01
[iter    6/200] obj=3.458017e+08  f=3.458017e+08  g=0.000000e+00  ||x||=2.925501e-03  ||grad||=3.530643e+10  tau=7.132e-15  beta=6.489e-01
[iter    7/200] obj=3.306722e+08  f=3.306722e+08  g=0.000000e+00  ||x||=3.380649e-03  ||grad||=3.358482e+10  tau=7.132e-15  beta=6.876e-01
[iter    8/200] obj=3.174444e+08  f=3.174444e+08  g=0.000000e+00  ||x||=3.830553e-03  ||grad||=3.247049e+10  tau=7.132e-15  beta=7.185e-01
[iter    9/200] obj=3.057503e+08  f=3.057503e+08  g=0.000000e+00  ||x||=4.274429e-03  ||grad||=3.171317e+10  tau=7.132e-15  beta=7.437e-01
[iter   10/200] obj=2.953119e+08  f=2.953119e+08  g=0.000000e+00  ||x||=4.711780e-03  ||grad||=3.116453e+10  tau=7.132e-15  beta=7.647e-01
[iter   11/200] obj=2.859223e+08  f=2.859223e+08  g=0.000000e+00  ||x||=5.142347e-03  ||grad||=3.072997e+10  tau=7.132e-15  beta=7.824e-01
[iter   12/200] obj=2.774188e+08  f=2.774188e+08  g=0.000000e+00  ||x||=5.566038e-03  ||grad||=3.035606e+10  tau=7.132e-15  beta=7.976e-01
[iter   13/200] obj=2.696568e+08  f=2.696568e+08  g=0.000000e+00  ||x||=5.982881e-03  ||grad||=3.001227e+10  tau=7.132e-15  beta=8.108e-01
[iter   14/200] obj=2.625510e+08  f=2.625510e+08  g=0.000000e+00  ||x||=6.392993e-03  ||grad||=2.967972e+10  tau=7.132e-15  beta=8.224e-01
[iter   15/200] obj=2.560188e+08  f=2.560188e+08  g=0.000000e+00  ||x||=6.796538e-03  ||grad||=2.934997e+10  tau=7.132e-15  beta=8.326e-01
[iter   16/200] obj=2.499860e+08  f=2.499860e+08  g=0.000000e+00  ||x||=7.193705e-03  ||grad||=2.902017e+10  tau=7.132e-15  beta=8.417e-01
[iter   17/200] obj=2.444008e+08  f=2.444008e+08  g=0.000000e+00  ||x||=7.584694e-03  ||grad||=2.868948e+10  tau=7.132e-15  beta=8.498e-01
[iter   18/200] obj=2.392152e+08  f=2.392152e+08  g=0.000000e+00  ||x||=7.969706e-03  ||grad||=2.835687e+10  tau=7.132e-15  beta=8.571e-01
[iter   19/200] obj=2.343889e+08  f=2.343889e+08  g=0.000000e+00  ||x||=8.348941e-03  ||grad||=2.802390e+10  tau=7.132e-15  beta=8.638e-01
[iter   20/200] obj=2.298886e+08  f=2.298886e+08  g=0.000000e+00  ||x||=8.722583e-03  ||grad||=2.769250e+10  tau=7.132e-15  beta=8.698e-01
[iter   21/200] obj=2.256821e+08  f=2.256821e+08  g=0.000000e+00  ||x||=9.090808e-03  ||grad||=2.736283e+10  tau=7.132e-15  beta=8.754e-01
[iter   22/200] obj=2.217437e+08  f=2.217437e+08  g=0.000000e+00  ||x||=9.453780e-03  ||grad||=2.703670e+10  tau=7.132e-15  beta=8.804e-01
[iter   23/200] obj=2.180473e+08  f=2.180473e+08  g=0.000000e+00  ||x||=9.811649e-03  ||grad||=2.671595e+10  tau=7.132e-15  beta=8.851e-01
[iter   24/200] obj=2.145739e+08  f=2.145739e+08  g=0.000000e+00  ||x||=1.016455e-02  ||grad||=2.640067e+10  tau=7.132e-15  beta=8.894e-01
[iter   25/200] obj=2.113057e+08  f=2.113057e+08  g=0.000000e+00  ||x||=1.051261e-02  ||grad||=2.609246e+10  tau=7.132e-15  beta=8.934e-01
[iter   26/200] obj=2.082250e+08  f=2.082250e+08  g=0.000000e+00  ||x||=1.085594e-02  ||grad||=2.579166e+10  tau=7.132e-15  beta=8.971e-01
[iter   27/200] obj=2.053158e+08  f=2.053158e+08  g=0.000000e+00  ||x||=1.119464e-02  ||grad||=2.549860e+10  tau=7.132e-15  beta=9.006e-01
[iter   28/200] obj=2.025665e+08  f=2.025665e+08  g=0.000000e+00  ||x||=1.152881e-02  ||grad||=2.521357e+10  tau=7.132e-15  beta=9.038e-01
[iter   29/200] obj=1.999656e+08  f=1.999656e+08  g=0.000000e+00  ||x||=1.185854e-02  ||grad||=2.493652e+10  tau=7.132e-15  beta=9.069e-01
[iter   30/200] obj=1.975008e+08  f=1.975008e+08  g=0.000000e+00  ||x||=1.218391e-02  ||grad||=2.466772e+10  tau=7.132e-15  beta=9.097e-01
[iter   31/200] obj=1.951633e+08  f=1.951633e+08  g=0.000000e+00  ||x||=1.250501e-02  ||grad||=2.440659e+10  tau=7.132e-15  beta=9.124e-01
[iter   32/200] obj=1.929442e+08  f=1.929442e+08  g=0.000000e+00  ||x||=1.282190e-02  ||grad||=2.415342e+10  tau=7.132e-15  beta=9.149e-01
[iter   33/200] obj=1.908334e+08  f=1.908334e+08  g=0.000000e+00  ||x||=1.313467e-02  ||grad||=2.390731e+10  tau=7.132e-15  beta=9.173e-01
[iter   34/200] obj=1.888253e+08  f=1.888253e+08  g=0.000000e+00  ||x||=1.344339e-02  ||grad||=2.366789e+10  tau=7.132e-15  beta=9.195e-01
[iter   35/200] obj=1.869133e+08  f=1.869133e+08  g=0.000000e+00  ||x||=1.374814e-02  ||grad||=2.343599e+10  tau=7.132e-15  beta=9.217e-01
[iter   36/200] obj=1.850909e+08  f=1.850909e+08  g=0.000000e+00  ||x||=1.404899e-02  ||grad||=2.321066e+10  tau=7.132e-15  beta=9.237e-01
[iter   37/200] obj=1.833523e+08  f=1.833523e+08  g=0.000000e+00  ||x||=1.434601e-02  ||grad||=2.299163e+10  tau=7.132e-15  beta=9.256e-01
[iter   38/200] obj=1.816922e+08  f=1.816922e+08  g=0.000000e+00  ||x||=1.463927e-02  ||grad||=2.277874e+10  tau=7.132e-15  beta=9.274e-01
[iter   39/200] obj=1.801056e+08  f=1.801056e+08  g=0.000000e+00  ||x||=1.492884e-02  ||grad||=2.257224e+10  tau=7.132e-15  beta=9.292e-01
[iter   40/200] obj=1.785890e+08  f=1.785890e+08  g=0.000000e+00  ||x||=1.521480e-02  ||grad||=2.237138e+10  tau=7.132e-15  beta=9.308e-01
[iter   41/200] obj=1.771374e+08  f=1.771374e+08  g=0.000000e+00  ||x||=1.549720e-02  ||grad||=2.217622e+10  tau=7.132e-15  beta=9.324e-01
[iter   42/200] obj=1.757464e+08  f=1.757464e+08  g=0.000000e+00  ||x||=1.577613e-02  ||grad||=2.198655e+10  tau=7.132e-15  beta=9.339e-01
[iter   43/200] obj=1.744129e+08  f=1.744129e+08  g=0.000000e+00  ||x||=1.605164e-02  ||grad||=2.180184e+10  tau=7.132e-15  beta=9.353e-01
[iter   44/200] obj=1.731338e+08  f=1.731338e+08  g=0.000000e+00  ||x||=1.632380e-02  ||grad||=2.162239e+10  tau=7.132e-15  beta=9.367e-01
[iter   45/200] obj=1.719067e+08  f=1.719067e+08  g=0.000000e+00  ||x||=1.659269e-02  ||grad||=2.144811e+10  tau=7.132e-15  beta=9.380e-01
[iter   46/200] obj=1.707274e+08  f=1.707274e+08  g=0.000000e+00  ||x||=1.685837e-02  ||grad||=2.127825e+10  tau=7.132e-15  beta=9.393e-01
[iter   47/200] obj=1.695937e+08  f=1.695937e+08  g=0.000000e+00  ||x||=1.712089e-02  ||grad||=2.111388e+10  tau=7.132e-15  beta=9.405e-01
[iter   48/200] obj=1.685039e+08  f=1.685039e+08  g=0.000000e+00  ||x||=1.738033e-02  ||grad||=2.095424e+10  tau=7.132e-15  beta=9.417e-01
[iter   49/200] obj=1.674554e+08  f=1.674554e+08  g=0.000000e+00  ||x||=1.763674e-02  ||grad||=2.079917e+10  tau=7.132e-15  beta=9.428e-01
[iter   50/200] obj=1.664452e+08  f=1.664452e+08  g=0.000000e+00  ||x||=1.789018e-02  ||grad||=2.064877e+10  tau=7.132e-15  beta=9.439e-01
[iter   51/200] obj=1.654732e+08  f=1.654732e+08  g=0.000000e+00  ||x||=1.814071e-02  ||grad||=2.050276e+10  tau=7.132e-15  beta=9.449e-01
[iter   52/200] obj=1.645358e+08  f=1.645358e+08  g=0.000000e+00  ||x||=1.838838e-02  ||grad||=2.036116e+10  tau=7.132e-15  beta=9.459e-01
[iter   53/200] obj=1.636319e+08  f=1.636319e+08  g=0.000000e+00  ||x||=1.863325e-02  ||grad||=2.022397e+10  tau=7.132e-15  beta=9.469e-01
[iter   54/200] obj=1.627596e+08  f=1.627596e+08  g=0.000000e+00  ||x||=1.887538e-02  ||grad||=2.009098e+10  tau=7.132e-15  beta=9.478e-01
[iter   55/200] obj=1.619171e+08  f=1.619171e+08  g=0.000000e+00  ||x||=1.911480e-02  ||grad||=1.996162e+10  tau=7.132e-15  beta=9.487e-01
[iter   56/200] obj=1.611037e+08  f=1.611037e+08  g=0.000000e+00  ||x||=1.935158e-02  ||grad||=1.983606e+10  tau=7.132e-15  beta=9.496e-01
[iter   57/200] obj=1.603175e+08  f=1.603175e+08  g=0.000000e+00  ||x||=1.958577e-02  ||grad||=1.971398e+10  tau=7.132e-15  beta=9.504e-01
[iter   58/200] obj=1.595580e+08  f=1.595580e+08  g=0.000000e+00  ||x||=1.981741e-02  ||grad||=1.959545e+10  tau=7.132e-15  beta=9.513e-01
[iter   59/200] obj=1.588235e+08  f=1.588235e+08  g=0.000000e+00  ||x||=2.004655e-02  ||grad||=1.948022e+10  tau=7.132e-15  beta=9.520e-01
[iter   60/200] obj=1.581129e+08  f=1.581129e+08  g=0.000000e+00  ||x||=2.027324e-02  ||grad||=1.936776e+10  tau=7.132e-15  beta=9.528e-01
[iter   61/200] obj=1.574252e+08  f=1.574252e+08  g=0.000000e+00  ||x||=2.049753e-02  ||grad||=1.925867e+10  tau=7.132e-15  beta=9.535e-01
[iter   62/200] obj=1.567584e+08  f=1.567584e+08  g=0.000000e+00  ||x||=2.071946e-02  ||grad||=1.915266e+10  tau=7.132e-15  beta=9.542e-01
[iter   63/200] obj=1.561130e+08  f=1.561130e+08  g=0.000000e+00  ||x||=2.093908e-02  ||grad||=1.904934e+10  tau=7.132e-15  beta=9.549e-01
[iter   64/200] obj=1.554870e+08  f=1.554870e+08  g=0.000000e+00  ||x||=2.115643e-02  ||grad||=1.894893e+10  tau=7.132e-15  beta=9.556e-01
[iter   65/200] obj=1.548805e+08  f=1.548805e+08  g=0.000000e+00  ||x||=2.137156e-02  ||grad||=1.885136e+10  tau=7.132e-15  beta=9.563e-01
[iter   66/200] obj=1.542920e+08  f=1.542920e+08  g=0.000000e+00  ||x||=2.158451e-02  ||grad||=1.875665e+10  tau=7.132e-15  beta=9.569e-01
[iter   67/200] obj=1.537213e+08  f=1.537213e+08  g=0.000000e+00  ||x||=2.179532e-02  ||grad||=1.866435e+10  tau=7.132e-15  beta=9.575e-01
[iter   68/200] obj=1.531671e+08  f=1.531671e+08  g=0.000000e+00  ||x||=2.200403e-02  ||grad||=1.857462e+10  tau=7.132e-15  beta=9.581e-01
[iter   69/200] obj=1.526293e+08  f=1.526293e+08  g=0.000000e+00  ||x||=2.221067e-02  ||grad||=1.848703e+10  tau=7.132e-15  beta=9.587e-01
[iter   70/200] obj=1.521066e+08  f=1.521066e+08  g=0.000000e+00  ||x||=2.241530e-02  ||grad||=1.840197e+10  tau=7.132e-15  beta=9.593e-01
[iter   71/200] obj=1.515989e+08  f=1.515989e+08  g=0.000000e+00  ||x||=2.261795e-02  ||grad||=1.831921e+10  tau=7.132e-15  beta=9.598e-01
[iter   72/200] obj=1.511059e+08  f=1.511059e+08  g=0.000000e+00  ||x||=2.281864e-02  ||grad||=1.823860e+10  tau=7.132e-15  beta=9.603e-01
[iter   73/200] obj=1.506260e+08  f=1.506260e+08  g=0.000000e+00  ||x||=2.301743e-02  ||grad||=1.816041e+10  tau=7.132e-15  beta=9.609e-01
[iter   74/200] obj=1.501600e+08  f=1.501600e+08  g=0.000000e+00  ||x||=2.321434e-02  ||grad||=1.808452e+10  tau=7.132e-15  beta=9.614e-01
[iter   75/200] obj=1.497067e+08  f=1.497067e+08  g=0.000000e+00  ||x||=2.340941e-02  ||grad||=1.801087e+10  tau=7.132e-15  beta=9.619e-01
[iter   76/200] obj=1.492653e+08  f=1.492653e+08  g=0.000000e+00  ||x||=2.360266e-02  ||grad||=1.793928e+10  tau=7.132e-15  beta=9.623e-01
[iter   77/200] obj=1.488359e+08  f=1.488359e+08  g=0.000000e+00  ||x||=2.379414e-02  ||grad||=1.786970e+10  tau=7.132e-15  beta=9.628e-01
[iter   78/200] obj=1.484176e+08  f=1.484176e+08  g=0.000000e+00  ||x||=2.398386e-02  ||grad||=1.780204e+10  tau=7.132e-15  beta=9.633e-01
[iter   79/200] obj=1.480102e+08  f=1.480102e+08  g=0.000000e+00  ||x||=2.417186e-02  ||grad||=1.773605e+10  tau=7.132e-15  beta=9.637e-01
[iter   80/200] obj=1.476131e+08  f=1.476131e+08  g=0.000000e+00  ||x||=2.435817e-02  ||grad||=1.767197e+10  tau=7.132e-15  beta=9.642e-01
[iter   81/200] obj=1.472260e+08  f=1.472260e+08  g=0.000000e+00  ||x||=2.454280e-02  ||grad||=1.760954e+10  tau=7.132e-15  beta=9.646e-01
[iter   82/200] obj=1.468486e+08  f=1.468486e+08  g=0.000000e+00  ||x||=2.472581e-02  ||grad||=1.754884e+10  tau=7.132e-15  beta=9.650e-01
[iter   83/200] obj=1.464813e+08  f=1.464813e+08  g=0.000000e+00  ||x||=2.490719e-02  ||grad||=1.748982e+10  tau=7.132e-15  beta=9.654e-01
[iter   84/200] obj=1.461227e+08  f=1.461227e+08  g=0.000000e+00  ||x||=2.508700e-02  ||grad||=1.743217e+10  tau=7.132e-15  beta=9.658e-01
[iter   85/200] obj=1.457732e+08  f=1.457732e+08  g=0.000000e+00  ||x||=2.526523e-02  ||grad||=1.737610e+10  tau=7.132e-15  beta=9.662e-01
[iter   86/200] obj=1.454322e+08  f=1.454322e+08  g=0.000000e+00  ||x||=2.544193e-02  ||grad||=1.732145e+10  tau=7.132e-15  beta=9.666e-01
[iter   87/200] obj=1.450997e+08  f=1.450997e+08  g=0.000000e+00  ||x||=2.561712e-02  ||grad||=1.726837e+10  tau=7.132e-15  beta=9.669e-01
[iter   88/200] obj=1.447748e+08  f=1.447748e+08  g=0.000000e+00  ||x||=2.579080e-02  ||grad||=1.721679e+10  tau=7.132e-15  beta=9.673e-01
[iter   89/200] obj=1.444582e+08  f=1.444582e+08  g=0.000000e+00  ||x||=2.596302e-02  ||grad||=1.716655e+10  tau=7.132e-15  beta=9.677e-01
[iter   90/200] obj=1.441488e+08  f=1.441488e+08  g=0.000000e+00  ||x||=2.613379e-02  ||grad||=1.711756e+10  tau=7.132e-15  beta=9.680e-01
[iter   91/200] obj=1.438467e+08  f=1.438467e+08  g=0.000000e+00  ||x||=2.630313e-02  ||grad||=1.706970e+10  tau=7.132e-15  beta=9.683e-01
[iter   92/200] obj=1.435518e+08  f=1.435518e+08  g=0.000000e+00  ||x||=2.647107e-02  ||grad||=1.702304e+10  tau=7.132e-15  beta=9.687e-01
[iter   93/200] obj=1.432635e+08  f=1.432635e+08  g=0.000000e+00  ||x||=2.663761e-02  ||grad||=1.697750e+10  tau=7.132e-15  beta=9.690e-01
[iter   94/200] obj=1.429818e+08  f=1.429818e+08  g=0.000000e+00  ||x||=2.680278e-02  ||grad||=1.693312e+10  tau=7.132e-15  beta=9.693e-01
[iter   95/200] obj=1.427066e+08  f=1.427066e+08  g=0.000000e+00  ||x||=2.696661e-02  ||grad||=1.688952e+10  tau=7.132e-15  beta=9.696e-01
[iter   96/200] obj=1.424377e+08  f=1.424377e+08  g=0.000000e+00  ||x||=2.712910e-02  ||grad||=1.684695e+10  tau=7.132e-15  beta=9.699e-01
[iter   97/200] obj=1.421742e+08  f=1.421742e+08  g=0.000000e+00  ||x||=2.729028e-02  ||grad||=1.680516e+10  tau=7.132e-15  beta=9.702e-01
[iter   98/200] obj=1.419170e+08  f=1.419170e+08  g=0.000000e+00  ||x||=2.745017e-02  ||grad||=1.676419e+10  tau=7.132e-15  beta=9.705e-01
[iter   99/200] obj=1.416652e+08  f=1.416652e+08  g=0.000000e+00  ||x||=2.760878e-02  ||grad||=1.672431e+10  tau=7.132e-15  beta=9.708e-01
[iter  100/200] obj=1.414189e+08  f=1.414189e+08  g=0.000000e+00  ||x||=2.776613e-02  ||grad||=1.668526e+10  tau=7.132e-15  beta=9.711e-01
[iter  101/200] obj=1.411778e+08  f=1.411778e+08  g=0.000000e+00  ||x||=2.792224e-02  ||grad||=1.664712e+10  tau=7.132e-15  beta=9.714e-01
[iter  102/200] obj=1.409420e+08  f=1.409420e+08  g=0.000000e+00  ||x||=2.807713e-02  ||grad||=1.660970e+10  tau=7.132e-15  beta=9.716e-01
[iter  103/200] obj=1.407112e+08  f=1.407112e+08  g=0.000000e+00  ||x||=2.823080e-02  ||grad||=1.657317e+10  tau=7.132e-15  beta=9.719e-01
[iter  104/200] obj=1.404850e+08  f=1.404850e+08  g=0.000000e+00  ||x||=2.838329e-02  ||grad||=1.653707e+10  tau=7.132e-15  beta=9.722e-01
[iter  105/200] obj=1.402638e+08  f=1.402638e+08  g=0.000000e+00  ||x||=2.853459e-02  ||grad||=1.650158e+10  tau=7.132e-15  beta=9.724e-01
[iter  106/200] obj=1.400469e+08  f=1.400469e+08  g=0.000000e+00  ||x||=2.868474e-02  ||grad||=1.646674e+10  tau=7.132e-15  beta=9.727e-01
[iter  107/200] obj=1.398350e+08  f=1.398350e+08  g=0.000000e+00  ||x||=2.883375e-02  ||grad||=1.643246e+10  tau=7.132e-15  beta=9.729e-01
[iter  108/200] obj=1.396268e+08  f=1.396268e+08  g=0.000000e+00  ||x||=2.898162e-02  ||grad||=1.639866e+10  tau=7.132e-15  beta=9.732e-01
[iter  109/200] obj=1.394229e+08  f=1.394229e+08  g=0.000000e+00  ||x||=2.912839e-02  ||grad||=1.636549e+10  tau=7.132e-15  beta=9.734e-01
[iter  110/200] obj=1.392232e+08  f=1.392232e+08  g=0.000000e+00  ||x||=2.927405e-02  ||grad||=1.633276e+10  tau=7.132e-15  beta=9.736e-01
[iter  111/200] obj=1.390273e+08  f=1.390273e+08  g=0.000000e+00  ||x||=2.941864e-02  ||grad||=1.630062e+10  tau=7.132e-15  beta=9.739e-01
[iter  112/200] obj=1.388353e+08  f=1.388353e+08  g=0.000000e+00  ||x||=2.956216e-02  ||grad||=1.626908e+10  tau=7.132e-15  beta=9.741e-01
[iter  113/200] obj=1.386474e+08  f=1.386474e+08  g=0.000000e+00  ||x||=2.970463e-02  ||grad||=1.623815e+10  tau=7.132e-15  beta=9.743e-01
[iter  114/200] obj=1.384629e+08  f=1.384629e+08  g=0.000000e+00  ||x||=2.984607e-02  ||grad||=1.620773e+10  tau=7.132e-15  beta=9.745e-01
[iter  115/200] obj=1.382820e+08  f=1.382820e+08  g=0.000000e+00  ||x||=2.998648e-02  ||grad||=1.617767e+10  tau=7.132e-15  beta=9.748e-01
[iter  116/200] obj=1.381046e+08  f=1.381046e+08  g=0.000000e+00  ||x||=3.012589e-02  ||grad||=1.614811e+10  tau=7.132e-15  beta=9.750e-01
[iter  117/200] obj=1.379306e+08  f=1.379306e+08  g=0.000000e+00  ||x||=3.026430e-02  ||grad||=1.611906e+10  tau=7.132e-15  beta=9.752e-01
[iter  118/200] obj=1.377596e+08  f=1.377596e+08  g=0.000000e+00  ||x||=3.040174e-02  ||grad||=1.609032e+10  tau=7.132e-15  beta=9.754e-01
[iter  119/200] obj=1.375922e+08  f=1.375922e+08  g=0.000000e+00  ||x||=3.053822e-02  ||grad||=1.606222e+10  tau=7.132e-15  beta=9.756e-01
[iter  120/200] obj=1.374277e+08  f=1.374277e+08  g=0.000000e+00  ||x||=3.067374e-02  ||grad||=1.603472e+10  tau=7.132e-15  beta=9.758e-01
[iter  121/200] obj=1.372663e+08  f=1.372663e+08  g=0.000000e+00  ||x||=3.080832e-02  ||grad||=1.600760e+10  tau=7.132e-15  beta=9.760e-01
[iter  122/200] obj=1.371079e+08  f=1.371079e+08  g=0.000000e+00  ||x||=3.094199e-02  ||grad||=1.598085e+10  tau=7.132e-15  beta=9.762e-01
[iter  123/200] obj=1.369521e+08  f=1.369521e+08  g=0.000000e+00  ||x||=3.107474e-02  ||grad||=1.595468e+10  tau=7.132e-15  beta=9.764e-01
[iter  124/200] obj=1.367991e+08  f=1.367991e+08  g=0.000000e+00  ||x||=3.120659e-02  ||grad||=1.592899e+10  tau=7.132e-15  beta=9.765e-01
[iter  125/200] obj=1.366487e+08  f=1.366487e+08  g=0.000000e+00  ||x||=3.133756e-02  ||grad||=1.590376e+10  tau=7.132e-15  beta=9.767e-01
[iter  126/200] obj=1.365016e+08  f=1.365016e+08  g=0.000000e+00  ||x||=3.146766e-02  ||grad||=1.587894e+10  tau=7.132e-15  beta=9.769e-01
[iter  127/200] obj=1.363566e+08  f=1.363566e+08  g=0.000000e+00  ||x||=3.159689e-02  ||grad||=1.585471e+10  tau=7.132e-15  beta=9.771e-01
[iter  128/200] obj=1.362142e+08  f=1.362142e+08  g=0.000000e+00  ||x||=3.172528e-02  ||grad||=1.583105e+10  tau=7.132e-15  beta=9.773e-01
[iter  129/200] obj=1.360741e+08  f=1.360741e+08  g=0.000000e+00  ||x||=3.185282e-02  ||grad||=1.580780e+10  tau=7.132e-15  beta=9.774e-01
[iter  130/200] obj=1.359368e+08  f=1.359368e+08  g=0.000000e+00  ||x||=3.197954e-02  ||grad||=1.578493e+10  tau=7.132e-15  beta=9.776e-01
[iter  131/200] obj=1.358016e+08  f=1.358016e+08  g=0.000000e+00  ||x||=3.210545e-02  ||grad||=1.576245e+10  tau=7.132e-15  beta=9.778e-01
[iter  132/200] obj=1.356686e+08  f=1.356686e+08  g=0.000000e+00  ||x||=3.223054e-02  ||grad||=1.574036e+10  tau=7.132e-15  beta=9.779e-01
[iter  133/200] obj=1.355379e+08  f=1.355379e+08  g=0.000000e+00  ||x||=3.235485e-02  ||grad||=1.571877e+10  tau=7.132e-15  beta=9.781e-01
[iter  134/200] obj=1.354098e+08  f=1.354098e+08  g=0.000000e+00  ||x||=3.247836e-02  ||grad||=1.569776e+10  tau=7.132e-15  beta=9.783e-01
[iter  135/200] obj=1.352836e+08  f=1.352836e+08  g=0.000000e+00  ||x||=3.260110e-02  ||grad||=1.567724e+10  tau=7.132e-15  beta=9.784e-01
[iter  136/200] obj=1.351595e+08  f=1.351595e+08  g=0.000000e+00  ||x||=3.272307e-02  ||grad||=1.565700e+10  tau=7.132e-15  beta=9.786e-01
[iter  137/200] obj=1.350373e+08  f=1.350373e+08  g=0.000000e+00  ||x||=3.284429e-02  ||grad||=1.563703e+10  tau=7.132e-15  beta=9.787e-01
[iter  138/200] obj=1.349174e+08  f=1.349174e+08  g=0.000000e+00  ||x||=3.296476e-02  ||grad||=1.561752e+10  tau=7.132e-15  beta=9.789e-01
[iter  139/200] obj=1.347992e+08  f=1.347992e+08  g=0.000000e+00  ||x||=3.308449e-02  ||grad||=1.559841e+10  tau=7.132e-15  beta=9.790e-01
[iter  140/200] obj=1.346830e+08  f=1.346830e+08  g=0.000000e+00  ||x||=3.320348e-02  ||grad||=1.557970e+10  tau=7.132e-15  beta=9.792e-01
[iter  141/200] obj=1.345686e+08  f=1.345686e+08  g=0.000000e+00  ||x||=3.332176e-02  ||grad||=1.556128e+10  tau=7.132e-15  beta=9.793e-01
[iter  142/200] obj=1.344563e+08  f=1.344563e+08  g=0.000000e+00  ||x||=3.343932e-02  ||grad||=1.554313e+10  tau=7.132e-15  beta=9.794e-01
[iter  143/200] obj=1.343456e+08  f=1.343456e+08  g=0.000000e+00  ||x||=3.355618e-02  ||grad||=1.552526e+10  tau=7.132e-15  beta=9.796e-01
[iter  144/200] obj=1.342367e+08  f=1.342367e+08  g=0.000000e+00  ||x||=3.367234e-02  ||grad||=1.550768e+10  tau=7.132e-15  beta=9.797e-01
[iter  145/200] obj=1.341294e+08  f=1.341294e+08  g=0.000000e+00  ||x||=3.378781e-02  ||grad||=1.549038e+10  tau=7.132e-15  beta=9.799e-01
[iter  146/200] obj=1.340238e+08  f=1.340238e+08  g=0.000000e+00  ||x||=3.390259e-02  ||grad||=1.547348e+10  tau=7.132e-15  beta=9.800e-01
[iter  147/200] obj=1.339199e+08  f=1.339199e+08  g=0.000000e+00  ||x||=3.401671e-02  ||grad||=1.545668e+10  tau=7.132e-15  beta=9.801e-01
[iter  148/200] obj=1.338175e+08  f=1.338175e+08  g=0.000000e+00  ||x||=3.413016e-02  ||grad||=1.544003e+10  tau=7.132e-15  beta=9.803e-01
[iter  149/200] obj=1.337169e+08  f=1.337169e+08  g=0.000000e+00  ||x||=3.424295e-02  ||grad||=1.542374e+10  tau=7.132e-15  beta=9.804e-01
[iter  150/200] obj=1.336176e+08  f=1.336176e+08  g=0.000000e+00  ||x||=3.435509e-02  ||grad||=1.540753e+10  tau=7.132e-15  beta=9.805e-01
[iter  151/200] obj=1.335195e+08  f=1.335195e+08  g=0.000000e+00  ||x||=3.446658e-02  ||grad||=1.539143e+10  tau=7.132e-15  beta=9.806e-01
[iter  152/200] obj=1.334231e+08  f=1.334231e+08  g=0.000000e+00  ||x||=3.457744e-02  ||grad||=1.537553e+10  tau=7.132e-15  beta=9.808e-01
[iter  153/200] obj=1.333281e+08  f=1.333281e+08  g=0.000000e+00  ||x||=3.468768e-02  ||grad||=1.535988e+10  tau=7.132e-15  beta=9.809e-01
[iter  154/200] obj=1.332346e+08  f=1.332346e+08  g=0.000000e+00  ||x||=3.479729e-02  ||grad||=1.534443e+10  tau=7.132e-15  beta=9.810e-01
[iter  155/200] obj=1.331424e+08  f=1.331424e+08  g=0.000000e+00  ||x||=3.490629e-02  ||grad||=1.532921e+10  tau=7.132e-15  beta=9.811e-01
[iter  156/200] obj=1.330515e+08  f=1.330515e+08  g=0.000000e+00  ||x||=3.501468e-02  ||grad||=1.531412e+10  tau=7.132e-15  beta=9.813e-01
[iter  157/200] obj=1.329619e+08  f=1.329619e+08  g=0.000000e+00  ||x||=3.512247e-02  ||grad||=1.529925e+10  tau=7.132e-15  beta=9.814e-01
[iter  158/200] obj=1.328736e+08  f=1.328736e+08  g=0.000000e+00  ||x||=3.522967e-02  ||grad||=1.528463e+10  tau=7.132e-15  beta=9.815e-01
[iter  159/200] obj=1.327865e+08  f=1.327865e+08  g=0.000000e+00  ||x||=3.533629e-02  ||grad||=1.527014e+10  tau=7.132e-15  beta=9.816e-01
[iter  160/200] obj=1.327007e+08  f=1.327007e+08  g=0.000000e+00  ||x||=3.544232e-02  ||grad||=1.525587e+10  tau=7.132e-15  beta=9.817e-01
[iter  161/200] obj=1.326162e+08  f=1.326162e+08  g=0.000000e+00  ||x||=3.554778e-02  ||grad||=1.524172e+10  tau=7.132e-15  beta=9.818e-01
[iter  162/200] obj=1.325327e+08  f=1.325327e+08  g=0.000000e+00  ||x||=3.565267e-02  ||grad||=1.522772e+10  tau=7.132e-15  beta=9.819e-01
[iter  163/200] obj=1.324503e+08  f=1.324503e+08  g=0.000000e+00  ||x||=3.575700e-02  ||grad||=1.521381e+10  tau=7.132e-15  beta=9.820e-01
[iter  164/200] obj=1.323693e+08  f=1.323693e+08  g=0.000000e+00  ||x||=3.586078e-02  ||grad||=1.520008e+10  tau=7.132e-15  beta=9.821e-01
[iter  165/200] obj=1.322894e+08  f=1.322894e+08  g=0.000000e+00  ||x||=3.596400e-02  ||grad||=1.518658e+10  tau=7.132e-15  beta=9.823e-01
[iter  166/200] obj=1.322106e+08  f=1.322106e+08  g=0.000000e+00  ||x||=3.606669e-02  ||grad||=1.517321e+10  tau=7.132e-15  beta=9.824e-01
[iter  167/200] obj=1.321329e+08  f=1.321329e+08  g=0.000000e+00  ||x||=3.616885e-02  ||grad||=1.516002e+10  tau=7.132e-15  beta=9.825e-01
[iter  168/200] obj=1.320561e+08  f=1.320561e+08  g=0.000000e+00  ||x||=3.627047e-02  ||grad||=1.514699e+10  tau=7.132e-15  beta=9.826e-01
[iter  169/200] obj=1.319803e+08  f=1.319803e+08  g=0.000000e+00  ||x||=3.637157e-02  ||grad||=1.513422e+10  tau=7.132e-15  beta=9.827e-01
[iter  170/200] obj=1.319056e+08  f=1.319056e+08  g=0.000000e+00  ||x||=3.647215e-02  ||grad||=1.512152e+10  tau=7.132e-15  beta=9.828e-01
[iter  171/200] obj=1.318318e+08  f=1.318318e+08  g=0.000000e+00  ||x||=3.657222e-02  ||grad||=1.510902e+10  tau=7.132e-15  beta=9.829e-01
[iter  172/200] obj=1.317590e+08  f=1.317590e+08  g=0.000000e+00  ||x||=3.667179e-02  ||grad||=1.509674e+10  tau=7.132e-15  beta=9.830e-01
[iter  173/200] obj=1.316871e+08  f=1.316871e+08  g=0.000000e+00  ||x||=3.677085e-02  ||grad||=1.508463e+10  tau=7.132e-15  beta=9.831e-01
[iter  174/200] obj=1.316163e+08  f=1.316163e+08  g=0.000000e+00  ||x||=3.686942e-02  ||grad||=1.507269e+10  tau=7.132e-15  beta=9.832e-01
[iter  175/200] obj=1.315463e+08  f=1.315463e+08  g=0.000000e+00  ||x||=3.696750e-02  ||grad||=1.506094e+10  tau=7.132e-15  beta=9.832e-01
[iter  176/200] obj=1.314772e+08  f=1.314772e+08  g=0.000000e+00  ||x||=3.706510e-02  ||grad||=1.504924e+10  tau=7.132e-15  beta=9.833e-01
[iter  177/200] obj=1.314090e+08  f=1.314090e+08  g=0.000000e+00  ||x||=3.716223e-02  ||grad||=1.503778e+10  tau=7.132e-15  beta=9.834e-01
[iter  178/200] obj=1.313418e+08  f=1.313418e+08  g=0.000000e+00  ||x||=3.725887e-02  ||grad||=1.502656e+10  tau=7.132e-15  beta=9.835e-01
[iter  179/200] obj=1.312755e+08  f=1.312755e+08  g=0.000000e+00  ||x||=3.735505e-02  ||grad||=1.501542e+10  tau=7.132e-15  beta=9.836e-01
[iter  180/200] obj=1.312099e+08  f=1.312099e+08  g=0.000000e+00  ||x||=3.745077e-02  ||grad||=1.500456e+10  tau=7.132e-15  beta=9.837e-01
[iter  181/200] obj=1.311452e+08  f=1.311452e+08  g=0.000000e+00  ||x||=3.754603e-02  ||grad||=1.499390e+10  tau=7.132e-15  beta=9.838e-01
[iter  182/200] obj=1.310814e+08  f=1.310814e+08  g=0.000000e+00  ||x||=3.764084e-02  ||grad||=1.498335e+10  tau=7.132e-15  beta=9.839e-01
[iter  183/200] obj=1.310184e+08  f=1.310184e+08  g=0.000000e+00  ||x||=3.773519e-02  ||grad||=1.497290e+10  tau=7.132e-15  beta=9.840e-01
[iter  184/200] obj=1.309561e+08  f=1.309561e+08  g=0.000000e+00  ||x||=3.782910e-02  ||grad||=1.496254e+10  tau=7.132e-15  beta=9.841e-01
[iter  185/200] obj=1.308946e+08  f=1.308946e+08  g=0.000000e+00  ||x||=3.792257e-02  ||grad||=1.495228e+10  tau=7.132e-15  beta=9.841e-01
[iter  186/200] obj=1.308338e+08  f=1.308338e+08  g=0.000000e+00  ||x||=3.801560e-02  ||grad||=1.494218e+10  tau=7.132e-15  beta=9.842e-01
[iter  187/200] obj=1.307738e+08  f=1.307738e+08  g=0.000000e+00  ||x||=3.810820e-02  ||grad||=1.493225e+10  tau=7.132e-15  beta=9.843e-01
[iter  188/200] obj=1.307144e+08  f=1.307144e+08  g=0.000000e+00  ||x||=3.820037e-02  ||grad||=1.492238e+10  tau=7.132e-15  beta=9.844e-01
[iter  189/200] obj=1.306560e+08  f=1.306560e+08  g=0.000000e+00  ||x||=3.829212e-02  ||grad||=1.491263e+10  tau=7.132e-15  beta=9.845e-01
[iter  190/200] obj=1.305979e+08  f=1.305979e+08  g=0.000000e+00  ||x||=3.838345e-02  ||grad||=1.490304e+10  tau=7.132e-15  beta=9.845e-01
[iter  191/200] obj=1.305406e+08  f=1.305406e+08  g=0.000000e+00  ||x||=3.847436e-02  ||grad||=1.489347e+10  tau=7.132e-15  beta=9.846e-01
[iter  192/200] obj=1.304841e+08  f=1.304841e+08  g=0.000000e+00  ||x||=3.856486e-02  ||grad||=1.488411e+10  tau=7.132e-15  beta=9.847e-01
[iter  193/200] obj=1.304282e+08  f=1.304282e+08  g=0.000000e+00  ||x||=3.865495e-02  ||grad||=1.487489e+10  tau=7.132e-15  beta=9.848e-01
[iter  194/200] obj=1.303731e+08  f=1.303731e+08  g=0.000000e+00  ||x||=3.874464e-02  ||grad||=1.486578e+10  tau=7.132e-15  beta=9.849e-01
[iter  195/200] obj=1.303187e+08  f=1.303187e+08  g=0.000000e+00  ||x||=3.883392e-02  ||grad||=1.485677e+10  tau=7.132e-15  beta=9.849e-01
[iter  196/200] obj=1.302647e+08  f=1.302647e+08  g=0.000000e+00  ||x||=3.892281e-02  ||grad||=1.484782e+10  tau=7.132e-15  beta=9.850e-01
[iter  197/200] obj=1.302114e+08  f=1.302114e+08  g=0.000000e+00  ||x||=3.901130e-02  ||grad||=1.483893e+10  tau=7.132e-15  beta=9.851e-01
[iter  198/200] obj=1.301589e+08  f=1.301589e+08  g=0.000000e+00  ||x||=3.909941e-02  ||grad||=1.483022e+10  tau=7.132e-15  beta=9.852e-01
[iter  199/200] obj=1.301070e+08  f=1.301070e+08  g=0.000000e+00  ||x||=3.918713e-02  ||grad||=1.482162e+10  tau=7.132e-15  beta=9.852e-01
[iter  200/200] obj=1.300557e+08  f=1.300557e+08  g=0.000000e+00  ||x||=3.927447e-02  ||grad||=1.481314e+10  tau=7.132e-15  beta=9.853e-01
All outputs saved in: /work3/msaca/textomo_run_017

------------------------------------------------------------
Sender: LSF System <lsfadmin@hpc.dtu.dk>
Subject: Job 27752659: <TextureTomography> in cluster <dcc> Done

Job <TextureTomography> was submitted from host <gbarlogin1> by user <msaca> in cluster <dcc> at Mon Feb  9 22:14:16 2026
Job was executed on host(s) <8*n-62-12-21>, in queue <gpua100>, as user <msaca> in cluster <dcc> at Mon Feb  9 23:40:04 2026
</zhome/71/c/146676> was used as the home directory.
</zhome/71/c/146676/texture_tomography/jobscripts> was used as the working directory.
Started at Mon Feb  9 23:40:04 2026
Terminated at Tue Feb 10 02:03:44 2026
Results reported at Tue Feb 10 02:03:44 2026

Your job looked like:

------------------------------------------------------------
# LSBATCH: User input
#!/bin/bash
#BSUB -J TextureTomography
#BSUB -q gpua100
# #BSUB -gpu "num=1:mode=exclusive_process"
#BSUB -n 8
#BSUB -R "span[hosts=1]"
#BSUB -R "rusage[mem=4000]"        # 40 GB host RAM
#BSUB -M 4000                      # hard memory limit
#BSUB -W 15:00
#BSUB -oo log/%J.out
#BSUB -eo error/%J.err

# initialize conda
export PATH="/zhome/71/c/146676/miniconda3/bin:$PATH"
source /zhome/71/c/146676/miniconda3/etc/profile.d/conda.sh

conda activate cil

python ../scripts/textomo2.py

------------------------------------------------------------

Successfully completed.

Resource usage summary:

    CPU time :                                   8551.30 sec.
    Max Memory :                                 21607 MB
    Average Memory :                             18142.55 MB
    Total Requested Memory :                     32000.00 MB
    Delta Memory :                               10393.00 MB
    Max Swap :                                   -
    Max Processes :                              4
    Max Threads :                                19
    Run time :                                   8632 sec.
    Turnaround time :                            13768 sec.

The output (if any) is above this job summary.



PS:

Read file <error/27752659.err> for stderr output of this job.

