INFO:Setting the number of threads to 8. If your physical cores are fewer than this number, you may want to use numba.set_num_threads(n), and os.environ["OPENBLAS_NUM_THREADS"] = f"{n}" to set the number of threads to the number of physical cores n.
INFO:Setting numba log level to WARNING.
Saving results to: /work3/msaca/textomo_run_016
Generated grid
0.3562848439565492
[0.15253486 0.17618918 0.24949357 0.29284424 0.3858888 ]

=== OpenCL buffer allocation summary ===
coeffs_sino_F                 : shape=(148x750x99),    41.92 MB
coeffs_sino_C                 : shape=(750x148x99),    41.92 MB
_coeffs_batch_F               : shape=(148x148x99),     8.27 MB
_basis_batch_kmax             : shape=(750x99x720x5),  1019.67 MB
_basis_batch_transpose_kmax   : shape=(750x3600x99),  1019.67 MB
_grid_inv_kmax                : shape=(99x9),     0.00 MB
_inv_sigma2_kmax              : shape=(99),     0.00 MB
_norm_factor_kmax             : shape=(99),     0.00 MB
---------------------------------------
TOTAL GPU buffer memory:  2131.45 MB
=======================================

[power 01] L_est=3.009953e+09  ||z||=2.508569e+10
[power 02] L_est=1.736170e+12  ||z||=3.547508e+12
[power 03] L_est=1.568208e+13  ||z||=1.842484e+13
[power 04] L_est=2.449261e+13  ||z||=2.510592e+13
[power 05] L_est=2.629251e+13  ||z||=2.642493e+13
[power 06] L_est=2.669178e+13  ||z||=2.672708e+13
[power 07] L_est=2.680114e+13  ||z||=2.681201e+13
[power 08] L_est=2.683536e+13  ||z||=2.683898e+13
[power 09] L_est=2.684683e+13  ||z||=2.684808e+13
[power 10] L_est=2.685080e+13  ||z||=2.685124e+13
Estimated operator norm
[iter    1/200] obj=4.922353e+08  f=4.922353e+08  g=0.000000e+00  ||x||=1.395280e-03  ||grad||=4.121082e+10  tau=3.386e-14  beta=0.000e+00
[iter    2/200] obj=4.457153e+08  f=4.457153e+08  g=0.000000e+00  ||x||=2.305454e-03  ||grad||=2.851185e+10  tau=3.386e-14  beta=2.818e-01
[iter    3/200] obj=4.144795e+08  f=4.144795e+08  g=0.000000e+00  ||x||=3.267606e-03  ||grad||=2.252320e+10  tau=3.386e-14  beta=4.340e-01
[iter    4/200] obj=3.903372e+08  f=3.903372e+08  g=0.000000e+00  ||x||=4.244670e-03  ||grad||=1.900506e+10  tau=3.386e-14  beta=5.311e-01
[iter    5/200] obj=3.706782e+08  f=3.706782e+08  g=0.000000e+00  ||x||=5.222104e-03  ||grad||=1.695146e+10  tau=3.386e-14  beta=5.988e-01
[iter    6/200] obj=3.541330e+08  f=3.541330e+08  g=0.000000e+00  ||x||=6.193320e-03  ||grad||=1.572565e+10  tau=3.386e-14  beta=6.489e-01
[iter    7/200] obj=3.399010e+08  f=3.399010e+08  g=0.000000e+00  ||x||=7.154765e-03  ||grad||=1.497331e+10  tau=3.386e-14  beta=6.876e-01
[iter    8/200] obj=3.274718e+08  f=3.274718e+08  g=0.000000e+00  ||x||=8.104240e-03  ||grad||=1.449840e+10  tau=3.386e-14  beta=7.185e-01
[iter    9/200] obj=3.164806e+08  f=3.164806e+08  g=0.000000e+00  ||x||=9.040433e-03  ||grad||=1.418176e+10  tau=3.386e-14  beta=7.437e-01
[iter   10/200] obj=3.066680e+08  f=3.066680e+08  g=0.000000e+00  ||x||=9.962679e-03  ||grad||=1.395053e+10  tau=3.386e-14  beta=7.647e-01
[iter   11/200] obj=2.978348e+08  f=2.978348e+08  g=0.000000e+00  ||x||=1.087073e-02  ||grad||=1.376324e+10  tau=3.386e-14  beta=7.824e-01
[iter   12/200] obj=2.898329e+08  f=2.898329e+08  g=0.000000e+00  ||x||=1.176454e-02  ||grad||=1.359993e+10  tau=3.386e-14  beta=7.976e-01
[iter   13/200] obj=2.825484e+08  f=2.825484e+08  g=0.000000e+00  ||x||=1.264421e-02  ||grad||=1.344934e+10  tau=3.386e-14  beta=8.108e-01
[iter   14/200] obj=2.758808e+08  f=2.758808e+08  g=0.000000e+00  ||x||=1.350993e-02  ||grad||=1.330385e+10  tau=3.386e-14  beta=8.224e-01
[iter   15/200] obj=2.697449e+08  f=2.697449e+08  g=0.000000e+00  ||x||=1.436197e-02  ||grad||=1.316000e+10  tau=3.386e-14  beta=8.326e-01
[iter   16/200] obj=2.640906e+08  f=2.640906e+08  g=0.000000e+00  ||x||=1.520063e-02  ||grad||=1.301588e+10  tau=3.386e-14  beta=8.417e-01
[iter   17/200] obj=2.588635e+08  f=2.588635e+08  g=0.000000e+00  ||x||=1.602620e-02  ||grad||=1.287225e+10  tau=3.386e-14  beta=8.498e-01
[iter   18/200] obj=2.540164e+08  f=2.540164e+08  g=0.000000e+00  ||x||=1.683900e-02  ||grad||=1.272795e+10  tau=3.386e-14  beta=8.571e-01
[iter   19/200] obj=2.495065e+08  f=2.495065e+08  g=0.000000e+00  ||x||=1.763934e-02  ||grad||=1.258364e+10  tau=3.386e-14  beta=8.638e-01
[iter   20/200] obj=2.453042e+08  f=2.453042e+08  g=0.000000e+00  ||x||=1.842755e-02  ||grad||=1.243986e+10  tau=3.386e-14  beta=8.698e-01
[iter   21/200] obj=2.413831e+08  f=2.413831e+08  g=0.000000e+00  ||x||=1.920389e-02  ||grad||=1.229733e+10  tau=3.386e-14  beta=8.754e-01
[iter   22/200] obj=2.377136e+08  f=2.377136e+08  g=0.000000e+00  ||x||=1.996865e-02  ||grad||=1.215649e+10  tau=3.386e-14  beta=8.804e-01
[iter   23/200] obj=2.342761e+08  f=2.342761e+08  g=0.000000e+00  ||x||=2.072211e-02  ||grad||=1.201762e+10  tau=3.386e-14  beta=8.851e-01
[iter   24/200] obj=2.310510e+08  f=2.310510e+08  g=0.000000e+00  ||x||=2.146449e-02  ||grad||=1.188131e+10  tau=3.386e-14  beta=8.894e-01
[iter   25/200] obj=2.280209e+08  f=2.280209e+08  g=0.000000e+00  ||x||=2.219605e-02  ||grad||=1.174758e+10  tau=3.386e-14  beta=8.934e-01
[iter   26/200] obj=2.251687e+08  f=2.251687e+08  g=0.000000e+00  ||x||=2.291699e-02  ||grad||=1.161667e+10  tau=3.386e-14  beta=8.971e-01
[iter   27/200] obj=2.224799e+08  f=2.224799e+08  g=0.000000e+00  ||x||=2.362753e-02  ||grad||=1.148908e+10  tau=3.386e-14  beta=9.006e-01
[iter   28/200] obj=2.199436e+08  f=2.199436e+08  g=0.000000e+00  ||x||=2.432788e-02  ||grad||=1.136515e+10  tau=3.386e-14  beta=9.038e-01
[iter   29/200] obj=2.175469e+08  f=2.175469e+08  g=0.000000e+00  ||x||=2.501821e-02  ||grad||=1.124495e+10  tau=3.386e-14  beta=9.069e-01
[iter   30/200] obj=2.152809e+08  f=2.152809e+08  g=0.000000e+00  ||x||=2.569869e-02  ||grad||=1.112850e+10  tau=3.386e-14  beta=9.097e-01
[iter   31/200] obj=2.131347e+08  f=2.131347e+08  g=0.000000e+00  ||x||=2.636952e-02  ||grad||=1.101528e+10  tau=3.386e-14  beta=9.124e-01
[iter   32/200] obj=2.111010e+08  f=2.111010e+08  g=0.000000e+00  ||x||=2.703086e-02  ||grad||=1.090549e+10  tau=3.386e-14  beta=9.149e-01
[iter   33/200] obj=2.091713e+08  f=2.091713e+08  g=0.000000e+00  ||x||=2.768287e-02  ||grad||=1.079999e+10  tau=3.386e-14  beta=9.173e-01
[iter   34/200] obj=2.073383e+08  f=2.073383e+08  g=0.000000e+00  ||x||=2.832571e-02  ||grad||=1.069719e+10  tau=3.386e-14  beta=9.195e-01
[iter   35/200] obj=2.055953e+08  f=2.055953e+08  g=0.000000e+00  ||x||=2.895954e-02  ||grad||=1.059821e+10  tau=3.386e-14  beta=9.217e-01
[iter   36/200] obj=2.039371e+08  f=2.039371e+08  g=0.000000e+00  ||x||=2.958452e-02  ||grad||=1.050258e+10  tau=3.386e-14  beta=9.237e-01
[iter   37/200] obj=2.023594e+08  f=2.023594e+08  g=0.000000e+00  ||x||=3.020078e-02  ||grad||=1.041000e+10  tau=3.386e-14  beta=9.256e-01
[iter   38/200] obj=2.008566e+08  f=2.008566e+08  g=0.000000e+00  ||x||=3.080847e-02  ||grad||=1.032120e+10  tau=3.386e-14  beta=9.274e-01
[iter   39/200] obj=1.994223e+08  f=1.994223e+08  g=0.000000e+00  ||x||=3.140774e-02  ||grad||=1.023478e+10  tau=3.386e-14  beta=9.292e-01
[iter   40/200] obj=1.980532e+08  f=1.980532e+08  g=0.000000e+00  ||x||=3.199874e-02  ||grad||=1.015086e+10  tau=3.386e-14  beta=9.308e-01
[iter   41/200] obj=1.967467e+08  f=1.967467e+08  g=0.000000e+00  ||x||=3.258162e-02  ||grad||=1.006993e+10  tau=3.386e-14  beta=9.324e-01
[iter   42/200] obj=1.954980e+08  f=1.954980e+08  g=0.000000e+00  ||x||=3.315651e-02  ||grad||=9.991975e+09  tau=3.386e-14  beta=9.339e-01
[iter   43/200] obj=1.943035e+08  f=1.943035e+08  g=0.000000e+00  ||x||=3.372356e-02  ||grad||=9.916310e+09  tau=3.386e-14  beta=9.353e-01
[iter   44/200] obj=1.931608e+08  f=1.931608e+08  g=0.000000e+00  ||x||=3.428290e-02  ||grad||=9.843412e+09  tau=3.386e-14  beta=9.367e-01
[iter   45/200] obj=1.920661e+08  f=1.920661e+08  g=0.000000e+00  ||x||=3.483466e-02  ||grad||=9.772579e+09  tau=3.386e-14  beta=9.380e-01
[iter   46/200] obj=1.910174e+08  f=1.910174e+08  g=0.000000e+00  ||x||=3.537901e-02  ||grad||=9.703694e+09  tau=3.386e-14  beta=9.393e-01
[iter   47/200] obj=1.900124e+08  f=1.900124e+08  g=0.000000e+00  ||x||=3.591608e-02  ||grad||=9.636984e+09  tau=3.386e-14  beta=9.405e-01
[iter   48/200] obj=1.890484e+08  f=1.890484e+08  g=0.000000e+00  ||x||=3.644599e-02  ||grad||=9.572452e+09  tau=3.386e-14  beta=9.417e-01
[iter   49/200] obj=1.881221e+08  f=1.881221e+08  g=0.000000e+00  ||x||=3.696889e-02  ||grad||=9.510438e+09  tau=3.386e-14  beta=9.428e-01
[iter   50/200] obj=1.872335e+08  f=1.872335e+08  g=0.000000e+00  ||x||=3.748490e-02  ||grad||=9.450305e+09  tau=3.386e-14  beta=9.439e-01
[iter   51/200] obj=1.863792e+08  f=1.863792e+08  g=0.000000e+00  ||x||=3.799416e-02  ||grad||=9.391773e+09  tau=3.386e-14  beta=9.449e-01
[iter   52/200] obj=1.855571e+08  f=1.855571e+08  g=0.000000e+00  ||x||=3.849681e-02  ||grad||=9.334828e+09  tau=3.386e-14  beta=9.459e-01
[iter   53/200] obj=1.847664e+08  f=1.847664e+08  g=0.000000e+00  ||x||=3.899297e-02  ||grad||=9.279895e+09  tau=3.386e-14  beta=9.469e-01
[iter   54/200] obj=1.840061e+08  f=1.840061e+08  g=0.000000e+00  ||x||=3.948278e-02  ||grad||=9.226613e+09  tau=3.386e-14  beta=9.478e-01
[iter   55/200] obj=1.832733e+08  f=1.832733e+08  g=0.000000e+00  ||x||=3.996636e-02  ||grad||=9.175181e+09  tau=3.386e-14  beta=9.487e-01
[iter   56/200] obj=1.825679e+08  f=1.825679e+08  g=0.000000e+00  ||x||=4.044382e-02  ||grad||=9.125680e+09  tau=3.386e-14  beta=9.496e-01
[iter   57/200] obj=1.818877e+08  f=1.818877e+08  g=0.000000e+00  ||x||=4.091530e-02  ||grad||=9.077597e+09  tau=3.386e-14  beta=9.504e-01
[iter   58/200] obj=1.812319e+08  f=1.812319e+08  g=0.000000e+00  ||x||=4.138092e-02  ||grad||=9.030622e+09  tau=3.386e-14  beta=9.513e-01
[iter   59/200] obj=1.805993e+08  f=1.805993e+08  g=0.000000e+00  ||x||=4.184078e-02  ||grad||=8.985574e+09  tau=3.386e-14  beta=9.520e-01
[iter   60/200] obj=1.799887e+08  f=1.799887e+08  g=0.000000e+00  ||x||=4.229499e-02  ||grad||=8.942115e+09  tau=3.386e-14  beta=9.528e-01
[iter   61/200] obj=1.793989e+08  f=1.793989e+08  g=0.000000e+00  ||x||=4.274367e-02  ||grad||=8.899929e+09  tau=3.386e-14  beta=9.535e-01
[iter   62/200] obj=1.788294e+08  f=1.788294e+08  g=0.000000e+00  ||x||=4.318691e-02  ||grad||=8.859256e+09  tau=3.386e-14  beta=9.542e-01
[iter   63/200] obj=1.782798e+08  f=1.782798e+08  g=0.000000e+00  ||x||=4.362482e-02  ||grad||=8.819865e+09  tau=3.386e-14  beta=9.549e-01
[iter   64/200] obj=1.777484e+08  f=1.777484e+08  g=0.000000e+00  ||x||=4.405750e-02  ||grad||=8.781660e+09  tau=3.386e-14  beta=9.556e-01
[iter   65/200] obj=1.772345e+08  f=1.772345e+08  g=0.000000e+00  ||x||=4.448504e-02  ||grad||=8.744867e+09  tau=3.386e-14  beta=9.563e-01
[iter   66/200] obj=1.767370e+08  f=1.767370e+08  g=0.000000e+00  ||x||=4.490755e-02  ||grad||=8.709118e+09  tau=3.386e-14  beta=9.569e-01
[iter   67/200] obj=1.762553e+08  f=1.762553e+08  g=0.000000e+00  ||x||=4.532511e-02  ||grad||=8.674598e+09  tau=3.386e-14  beta=9.575e-01
[iter   68/200] obj=1.757886e+08  f=1.757886e+08  g=0.000000e+00  ||x||=4.573781e-02  ||grad||=8.641024e+09  tau=3.386e-14  beta=9.581e-01
[iter   69/200] obj=1.753371e+08  f=1.753371e+08  g=0.000000e+00  ||x||=4.614576e-02  ||grad||=8.608574e+09  tau=3.386e-14  beta=9.587e-01
[iter   70/200] obj=1.748998e+08  f=1.748998e+08  g=0.000000e+00  ||x||=4.654904e-02  ||grad||=8.577283e+09  tau=3.386e-14  beta=9.593e-01
[iter   71/200] obj=1.744752e+08  f=1.744752e+08  g=0.000000e+00  ||x||=4.694773e-02  ||grad||=8.546885e+09  tau=3.386e-14  beta=9.598e-01
[iter   72/200] obj=1.740642e+08  f=1.740642e+08  g=0.000000e+00  ||x||=4.734191e-02  ||grad||=8.517429e+09  tau=3.386e-14  beta=9.603e-01
[iter   73/200] obj=1.736652e+08  f=1.736652e+08  g=0.000000e+00  ||x||=4.773168e-02  ||grad||=8.489022e+09  tau=3.386e-14  beta=9.609e-01
[iter   74/200] obj=1.732791e+08  f=1.732791e+08  g=0.000000e+00  ||x||=4.811709e-02  ||grad||=8.461564e+09  tau=3.386e-14  beta=9.614e-01
[iter   75/200] obj=1.729036e+08  f=1.729036e+08  g=0.000000e+00  ||x||=4.849825e-02  ||grad||=8.434828e+09  tau=3.386e-14  beta=9.619e-01
[iter   76/200] obj=1.725397e+08  f=1.725397e+08  g=0.000000e+00  ||x||=4.887521e-02  ||grad||=8.409213e+09  tau=3.386e-14  beta=9.623e-01
[iter   77/200] obj=1.721862e+08  f=1.721862e+08  g=0.000000e+00  ||x||=4.924803e-02  ||grad||=8.384549e+09  tau=3.386e-14  beta=9.628e-01
[iter   78/200] obj=1.718436e+08  f=1.718436e+08  g=0.000000e+00  ||x||=4.961679e-02  ||grad||=8.360711e+09  tau=3.386e-14  beta=9.633e-01
[iter   79/200] obj=1.715102e+08  f=1.715102e+08  g=0.000000e+00  ||x||=4.998155e-02  ||grad||=8.337452e+09  tau=3.386e-14  beta=9.637e-01
[iter   80/200] obj=1.711864e+08  f=1.711864e+08  g=0.000000e+00  ||x||=5.034238e-02  ||grad||=8.314880e+09  tau=3.386e-14  beta=9.642e-01
[iter   81/200] obj=1.708717e+08  f=1.708717e+08  g=0.000000e+00  ||x||=5.069933e-02  ||grad||=8.293057e+09  tau=3.386e-14  beta=9.646e-01
[iter   82/200] obj=1.705659e+08  f=1.705659e+08  g=0.000000e+00  ||x||=5.105248e-02  ||grad||=8.271862e+09  tau=3.386e-14  beta=9.650e-01
[iter   83/200] obj=1.702687e+08  f=1.702687e+08  g=0.000000e+00  ||x||=5.140187e-02  ||grad||=8.251287e+09  tau=3.386e-14  beta=9.654e-01
[iter   84/200] obj=1.699800e+08  f=1.699800e+08  g=0.000000e+00  ||x||=5.174757e-02  ||grad||=8.231028e+09  tau=3.386e-14  beta=9.658e-01
[iter   85/200] obj=1.696991e+08  f=1.696991e+08  g=0.000000e+00  ||x||=5.208963e-02  ||grad||=8.211309e+09  tau=3.386e-14  beta=9.662e-01
[iter   86/200] obj=1.694256e+08  f=1.694256e+08  g=0.000000e+00  ||x||=5.242812e-02  ||grad||=8.191931e+09  tau=3.386e-14  beta=9.666e-01
[iter   87/200] obj=1.691597e+08  f=1.691597e+08  g=0.000000e+00  ||x||=5.276309e-02  ||grad||=8.172873e+09  tau=3.386e-14  beta=9.669e-01
[iter   88/200] obj=1.689007e+08  f=1.689007e+08  g=0.000000e+00  ||x||=5.309461e-02  ||grad||=8.154429e+09  tau=3.386e-14  beta=9.673e-01
[iter   89/200] obj=1.686483e+08  f=1.686483e+08  g=0.000000e+00  ||x||=5.342272e-02  ||grad||=8.136432e+09  tau=3.386e-14  beta=9.677e-01
[iter   90/200] obj=1.684021e+08  f=1.684021e+08  g=0.000000e+00  ||x||=5.374749e-02  ||grad||=8.118783e+09  tau=3.386e-14  beta=9.680e-01
[iter   91/200] obj=1.681627e+08  f=1.681627e+08  g=0.000000e+00  ||x||=5.406897e-02  ||grad||=8.101380e+09  tau=3.386e-14  beta=9.683e-01
[iter   92/200] obj=1.679292e+08  f=1.679292e+08  g=0.000000e+00  ||x||=5.438721e-02  ||grad||=8.084348e+09  tau=3.386e-14  beta=9.687e-01
[iter   93/200] obj=1.677012e+08  f=1.677012e+08  g=0.000000e+00  ||x||=5.470229e-02  ||grad||=8.067697e+09  tau=3.386e-14  beta=9.690e-01
[iter   94/200] obj=1.674797e+08  f=1.674797e+08  g=0.000000e+00  ||x||=5.501423e-02  ||grad||=8.051526e+09  tau=3.386e-14  beta=9.693e-01
[iter   95/200] obj=1.672635e+08  f=1.672635e+08  g=0.000000e+00  ||x||=5.532311e-02  ||grad||=8.035726e+09  tau=3.386e-14  beta=9.696e-01
[iter   96/200] obj=1.670529e+08  f=1.670529e+08  g=0.000000e+00  ||x||=5.562895e-02  ||grad||=8.020404e+09  tau=3.386e-14  beta=9.699e-01
[iter   97/200] obj=1.668474e+08  f=1.668474e+08  g=0.000000e+00  ||x||=5.593182e-02  ||grad||=8.005314e+09  tau=3.386e-14  beta=9.702e-01
[iter   98/200] obj=1.666471e+08  f=1.666471e+08  g=0.000000e+00  ||x||=5.623175e-02  ||grad||=7.990557e+09  tau=3.386e-14  beta=9.705e-01
[iter   99/200] obj=1.664517e+08  f=1.664517e+08  g=0.000000e+00  ||x||=5.652880e-02  ||grad||=7.976247e+09  tau=3.386e-14  beta=9.708e-01
[iter  100/200] obj=1.662611e+08  f=1.662611e+08  g=0.000000e+00  ||x||=5.682300e-02  ||grad||=7.962348e+09  tau=3.386e-14  beta=9.711e-01
[iter  101/200] obj=1.660749e+08  f=1.660749e+08  g=0.000000e+00  ||x||=5.711440e-02  ||grad||=7.948677e+09  tau=3.386e-14  beta=9.714e-01
[iter  102/200] obj=1.658933e+08  f=1.658933e+08  g=0.000000e+00  ||x||=5.740305e-02  ||grad||=7.935057e+09  tau=3.386e-14  beta=9.716e-01
[iter  103/200] obj=1.657159e+08  f=1.657159e+08  g=0.000000e+00  ||x||=5.768899e-02  ||grad||=7.921720e+09  tau=3.386e-14  beta=9.719e-01
[iter  104/200] obj=1.655434e+08  f=1.655434e+08  g=0.000000e+00  ||x||=5.797226e-02  ||grad||=7.908798e+09  tau=3.386e-14  beta=9.722e-01
[iter  105/200] obj=1.653743e+08  f=1.653743e+08  g=0.000000e+00  ||x||=5.825290e-02  ||grad||=7.896164e+09  tau=3.386e-14  beta=9.724e-01
[iter  106/200] obj=1.652095e+08  f=1.652095e+08  g=0.000000e+00  ||x||=5.853095e-02  ||grad||=7.883938e+09  tau=3.386e-14  beta=9.727e-01
[iter  107/200] obj=1.650484e+08  f=1.650484e+08  g=0.000000e+00  ||x||=5.880645e-02  ||grad||=7.872020e+09  tau=3.386e-14  beta=9.729e-01
[iter  108/200] obj=1.648910e+08  f=1.648910e+08  g=0.000000e+00  ||x||=5.907945e-02  ||grad||=7.860262e+09  tau=3.386e-14  beta=9.732e-01
[iter  109/200] obj=1.647372e+08  f=1.647372e+08  g=0.000000e+00  ||x||=5.934996e-02  ||grad||=7.848734e+09  tau=3.386e-14  beta=9.734e-01
[iter  110/200] obj=1.645867e+08  f=1.645867e+08  g=0.000000e+00  ||x||=5.961804e-02  ||grad||=7.837635e+09  tau=3.386e-14  beta=9.736e-01
[iter  111/200] obj=1.644397e+08  f=1.644397e+08  g=0.000000e+00  ||x||=5.988372e-02  ||grad||=7.826862e+09  tau=3.386e-14  beta=9.739e-01
[iter  112/200] obj=1.642961e+08  f=1.642961e+08  g=0.000000e+00  ||x||=6.014702e-02  ||grad||=7.816217e+09  tau=3.386e-14  beta=9.741e-01
[iter  113/200] obj=1.641555e+08  f=1.641555e+08  g=0.000000e+00  ||x||=6.040800e-02  ||grad||=7.805567e+09  tau=3.386e-14  beta=9.743e-01
[iter  114/200] obj=1.640182e+08  f=1.640182e+08  g=0.000000e+00  ||x||=6.066667e-02  ||grad||=7.795252e+09  tau=3.386e-14  beta=9.745e-01
[iter  115/200] obj=1.638836e+08  f=1.638836e+08  g=0.000000e+00  ||x||=6.092307e-02  ||grad||=7.785219e+09  tau=3.386e-14  beta=9.748e-01
[iter  116/200] obj=1.637522e+08  f=1.637522e+08  g=0.000000e+00  ||x||=6.117722e-02  ||grad||=7.775435e+09  tau=3.386e-14  beta=9.750e-01
[iter  117/200] obj=1.636235e+08  f=1.636235e+08  g=0.000000e+00  ||x||=6.142918e-02  ||grad||=7.765813e+09  tau=3.386e-14  beta=9.752e-01
[iter  118/200] obj=1.634975e+08  f=1.634975e+08  g=0.000000e+00  ||x||=6.167895e-02  ||grad||=7.756615e+09  tau=3.386e-14  beta=9.754e-01
[iter  119/200] obj=1.633746e+08  f=1.633746e+08  g=0.000000e+00  ||x||=6.192657e-02  ||grad||=7.747678e+09  tau=3.386e-14  beta=9.756e-01
[iter  120/200] obj=1.632543e+08  f=1.632543e+08  g=0.000000e+00  ||x||=6.217207e-02  ||grad||=7.738843e+09  tau=3.386e-14  beta=9.758e-01
[iter  121/200] obj=1.631362e+08  f=1.631362e+08  g=0.000000e+00  ||x||=6.241547e-02  ||grad||=7.730232e+09  tau=3.386e-14  beta=9.760e-01
[iter  122/200] obj=1.630210e+08  f=1.630210e+08  g=0.000000e+00  ||x||=6.265679e-02  ||grad||=7.721846e+09  tau=3.386e-14  beta=9.762e-01
[iter  123/200] obj=1.629074e+08  f=1.629074e+08  g=0.000000e+00  ||x||=6.289606e-02  ||grad||=7.713605e+09  tau=3.386e-14  beta=9.764e-01
[iter  124/200] obj=1.627965e+08  f=1.627965e+08  g=0.000000e+00  ||x||=6.313331e-02  ||grad||=7.705377e+09  tau=3.386e-14  beta=9.765e-01
[iter  125/200] obj=1.626882e+08  f=1.626882e+08  g=0.000000e+00  ||x||=6.336857e-02  ||grad||=7.697281e+09  tau=3.386e-14  beta=9.767e-01
[iter  126/200] obj=1.625821e+08  f=1.625821e+08  g=0.000000e+00  ||x||=6.360185e-02  ||grad||=7.689352e+09  tau=3.386e-14  beta=9.769e-01
[iter  127/200] obj=1.624780e+08  f=1.624780e+08  g=0.000000e+00  ||x||=6.383319e-02  ||grad||=7.681691e+09  tau=3.386e-14  beta=9.771e-01
[iter  128/200] obj=1.623764e+08  f=1.623764e+08  g=0.000000e+00  ||x||=6.406261e-02  ||grad||=7.674111e+09  tau=3.386e-14  beta=9.773e-01
[iter  129/200] obj=1.622764e+08  f=1.622764e+08  g=0.000000e+00  ||x||=6.429013e-02  ||grad||=7.666726e+09  tau=3.386e-14  beta=9.774e-01
[iter  130/200] obj=1.621785e+08  f=1.621785e+08  g=0.000000e+00  ||x||=6.451577e-02  ||grad||=7.659545e+09  tau=3.386e-14  beta=9.776e-01
[iter  131/200] obj=1.620825e+08  f=1.620825e+08  g=0.000000e+00  ||x||=6.473956e-02  ||grad||=7.652412e+09  tau=3.386e-14  beta=9.778e-01
[iter  132/200] obj=1.619885e+08  f=1.619885e+08  g=0.000000e+00  ||x||=6.496153e-02  ||grad||=7.645369e+09  tau=3.386e-14  beta=9.779e-01
[iter  133/200] obj=1.618962e+08  f=1.618962e+08  g=0.000000e+00  ||x||=6.518168e-02  ||grad||=7.638523e+09  tau=3.386e-14  beta=9.781e-01
[iter  134/200] obj=1.618061e+08  f=1.618061e+08  g=0.000000e+00  ||x||=6.540006e-02  ||grad||=7.631734e+09  tau=3.386e-14  beta=9.783e-01
[iter  135/200] obj=1.617174e+08  f=1.617174e+08  g=0.000000e+00  ||x||=6.561666e-02  ||grad||=7.624990e+09  tau=3.386e-14  beta=9.784e-01
[iter  136/200] obj=1.616303e+08  f=1.616303e+08  g=0.000000e+00  ||x||=6.583152e-02  ||grad||=7.618199e+09  tau=3.386e-14  beta=9.786e-01
[iter  137/200] obj=1.615450e+08  f=1.615450e+08  g=0.000000e+00  ||x||=6.604466e-02  ||grad||=7.611614e+09  tau=3.386e-14  beta=9.787e-01
[iter  138/200] obj=1.614617e+08  f=1.614617e+08  g=0.000000e+00  ||x||=6.625610e-02  ||grad||=7.605166e+09  tau=3.386e-14  beta=9.789e-01
[iter  139/200] obj=1.613798e+08  f=1.613798e+08  g=0.000000e+00  ||x||=6.646585e-02  ||grad||=7.598817e+09  tau=3.386e-14  beta=9.790e-01
[iter  140/200] obj=1.612996e+08  f=1.612996e+08  g=0.000000e+00  ||x||=6.667393e-02  ||grad||=7.592573e+09  tau=3.386e-14  beta=9.792e-01
[iter  141/200] obj=1.612209e+08  f=1.612209e+08  g=0.000000e+00  ||x||=6.688037e-02  ||grad||=7.586455e+09  tau=3.386e-14  beta=9.793e-01
[iter  142/200] obj=1.611438e+08  f=1.611438e+08  g=0.000000e+00  ||x||=6.708518e-02  ||grad||=7.580412e+09  tau=3.386e-14  beta=9.794e-01
[iter  143/200] obj=1.610676e+08  f=1.610676e+08  g=0.000000e+00  ||x||=6.728839e-02  ||grad||=7.574493e+09  tau=3.386e-14  beta=9.796e-01
[iter  144/200] obj=1.609932e+08  f=1.609932e+08  g=0.000000e+00  ||x||=6.749001e-02  ||grad||=7.568580e+09  tau=3.386e-14  beta=9.797e-01
[iter  145/200] obj=1.609201e+08  f=1.609201e+08  g=0.000000e+00  ||x||=6.769007e-02  ||grad||=7.562783e+09  tau=3.386e-14  beta=9.799e-01
[iter  146/200] obj=1.608484e+08  f=1.608484e+08  g=0.000000e+00  ||x||=6.788857e-02  ||grad||=7.557087e+09  tau=3.386e-14  beta=9.800e-01
[iter  147/200] obj=1.607779e+08  f=1.607779e+08  g=0.000000e+00  ||x||=6.808554e-02  ||grad||=7.551447e+09  tau=3.386e-14  beta=9.801e-01
[iter  148/200] obj=1.607089e+08  f=1.607089e+08  g=0.000000e+00  ||x||=6.828100e-02  ||grad||=7.545933e+09  tau=3.386e-14  beta=9.803e-01
[iter  149/200] obj=1.606410e+08  f=1.606410e+08  g=0.000000e+00  ||x||=6.847498e-02  ||grad||=7.540548e+09  tau=3.386e-14  beta=9.804e-01
[iter  150/200] obj=1.605742e+08  f=1.605742e+08  g=0.000000e+00  ||x||=6.866748e-02  ||grad||=7.535363e+09  tau=3.386e-14  beta=9.805e-01
[iter  151/200] obj=1.605088e+08  f=1.605088e+08  g=0.000000e+00  ||x||=6.885852e-02  ||grad||=7.530198e+09  tau=3.386e-14  beta=9.806e-01
[iter  152/200] obj=1.604444e+08  f=1.604444e+08  g=0.000000e+00  ||x||=6.904812e-02  ||grad||=7.525293e+09  tau=3.386e-14  beta=9.808e-01
[iter  153/200] obj=1.603811e+08  f=1.603811e+08  g=0.000000e+00  ||x||=6.923630e-02  ||grad||=7.520523e+09  tau=3.386e-14  beta=9.809e-01
[iter  154/200] obj=1.603192e+08  f=1.603192e+08  g=0.000000e+00  ||x||=6.942307e-02  ||grad||=7.515877e+09  tau=3.386e-14  beta=9.810e-01
[iter  155/200] obj=1.602583e+08  f=1.602583e+08  g=0.000000e+00  ||x||=6.960845e-02  ||grad||=7.511368e+09  tau=3.386e-14  beta=9.811e-01
[iter  156/200] obj=1.601985e+08  f=1.601985e+08  g=0.000000e+00  ||x||=6.979244e-02  ||grad||=7.506840e+09  tau=3.386e-14  beta=9.813e-01
[iter  157/200] obj=1.601398e+08  f=1.601398e+08  g=0.000000e+00  ||x||=6.997506e-02  ||grad||=7.502405e+09  tau=3.386e-14  beta=9.814e-01
[iter  158/200] obj=1.600821e+08  f=1.600821e+08  g=0.000000e+00  ||x||=7.015634e-02  ||grad||=7.498080e+09  tau=3.386e-14  beta=9.815e-01
[iter  159/200] obj=1.600254e+08  f=1.600254e+08  g=0.000000e+00  ||x||=7.033627e-02  ||grad||=7.493951e+09  tau=3.386e-14  beta=9.816e-01
[iter  160/200] obj=1.599699e+08  f=1.599699e+08  g=0.000000e+00  ||x||=7.051488e-02  ||grad||=7.489889e+09  tau=3.386e-14  beta=9.817e-01
[iter  161/200] obj=1.599151e+08  f=1.599151e+08  g=0.000000e+00  ||x||=7.069217e-02  ||grad||=7.485934e+09  tau=3.386e-14  beta=9.818e-01
[iter  162/200] obj=1.598613e+08  f=1.598613e+08  g=0.000000e+00  ||x||=7.086816e-02  ||grad||=7.482004e+09  tau=3.386e-14  beta=9.819e-01
[iter  163/200] obj=1.598083e+08  f=1.598083e+08  g=0.000000e+00  ||x||=7.104285e-02  ||grad||=7.478158e+09  tau=3.386e-14  beta=9.820e-01
[iter  164/200] obj=1.597561e+08  f=1.597561e+08  g=0.000000e+00  ||x||=7.121627e-02  ||grad||=7.474333e+09  tau=3.386e-14  beta=9.821e-01
[iter  165/200] obj=1.597049e+08  f=1.597049e+08  g=0.000000e+00  ||x||=7.138842e-02  ||grad||=7.470495e+09  tau=3.386e-14  beta=9.823e-01
[iter  166/200] obj=1.596546e+08  f=1.596546e+08  g=0.000000e+00  ||x||=7.155933e-02  ||grad||=7.466657e+09  tau=3.386e-14  beta=9.824e-01
[iter  167/200] obj=1.596052e+08  f=1.596052e+08  g=0.000000e+00  ||x||=7.172900e-02  ||grad||=7.462990e+09  tau=3.386e-14  beta=9.825e-01
[iter  168/200] obj=1.595566e+08  f=1.595566e+08  g=0.000000e+00  ||x||=7.189745e-02  ||grad||=7.459466e+09  tau=3.386e-14  beta=9.826e-01
[iter  169/200] obj=1.595085e+08  f=1.595085e+08  g=0.000000e+00  ||x||=7.206469e-02  ||grad||=7.455876e+09  tau=3.386e-14  beta=9.827e-01
[iter  170/200] obj=1.594614e+08  f=1.594614e+08  g=0.000000e+00  ||x||=7.223073e-02  ||grad||=7.452407e+09  tau=3.386e-14  beta=9.828e-01
[iter  171/200] obj=1.594151e+08  f=1.594151e+08  g=0.000000e+00  ||x||=7.239557e-02  ||grad||=7.449014e+09  tau=3.386e-14  beta=9.829e-01
[iter  172/200] obj=1.593695e+08  f=1.593695e+08  g=0.000000e+00  ||x||=7.255924e-02  ||grad||=7.445680e+09  tau=3.386e-14  beta=9.830e-01
[iter  173/200] obj=1.593248e+08  f=1.593248e+08  g=0.000000e+00  ||x||=7.272173e-02  ||grad||=7.442458e+09  tau=3.386e-14  beta=9.831e-01
[iter  174/200] obj=1.592805e+08  f=1.592805e+08  g=0.000000e+00  ||x||=7.288305e-02  ||grad||=7.439258e+09  tau=3.386e-14  beta=9.832e-01
[iter  175/200] obj=1.592371e+08  f=1.592371e+08  g=0.000000e+00  ||x||=7.304323e-02  ||grad||=7.435989e+09  tau=3.386e-14  beta=9.832e-01
[iter  176/200] obj=1.591944e+08  f=1.591944e+08  g=0.000000e+00  ||x||=7.320226e-02  ||grad||=7.432631e+09  tau=3.386e-14  beta=9.833e-01
[iter  177/200] obj=1.591525e+08  f=1.591525e+08  g=0.000000e+00  ||x||=7.336017e-02  ||grad||=7.429330e+09  tau=3.386e-14  beta=9.834e-01
[iter  178/200] obj=1.591113e+08  f=1.591113e+08  g=0.000000e+00  ||x||=7.351695e-02  ||grad||=7.426074e+09  tau=3.386e-14  beta=9.835e-01
[iter  179/200] obj=1.590706e+08  f=1.590706e+08  g=0.000000e+00  ||x||=7.367263e-02  ||grad||=7.422910e+09  tau=3.386e-14  beta=9.836e-01
[iter  180/200] obj=1.590306e+08  f=1.590306e+08  g=0.000000e+00  ||x||=7.382720e-02  ||grad||=7.419721e+09  tau=3.386e-14  beta=9.837e-01
[iter  181/200] obj=1.589914e+08  f=1.589914e+08  g=0.000000e+00  ||x||=7.398069e-02  ||grad||=7.416552e+09  tau=3.386e-14  beta=9.838e-01
[iter  182/200] obj=1.589524e+08  f=1.589524e+08  g=0.000000e+00  ||x||=7.413309e-02  ||grad||=7.413388e+09  tau=3.386e-14  beta=9.839e-01
[iter  183/200] obj=1.589141e+08  f=1.589141e+08  g=0.000000e+00  ||x||=7.428443e-02  ||grad||=7.410299e+09  tau=3.386e-14  beta=9.840e-01
[iter  184/200] obj=1.588767e+08  f=1.588767e+08  g=0.000000e+00  ||x||=7.443471e-02  ||grad||=7.407166e+09  tau=3.386e-14  beta=9.841e-01
[iter  185/200] obj=1.588397e+08  f=1.588397e+08  g=0.000000e+00  ||x||=7.458393e-02  ||grad||=7.404102e+09  tau=3.386e-14  beta=9.841e-01
[iter  186/200] obj=1.588033e+08  f=1.588033e+08  g=0.000000e+00  ||x||=7.473212e-02  ||grad||=7.401062e+09  tau=3.386e-14  beta=9.842e-01
[iter  187/200] obj=1.587674e+08  f=1.587674e+08  g=0.000000e+00  ||x||=7.487927e-02  ||grad||=7.397987e+09  tau=3.386e-14  beta=9.843e-01
[iter  188/200] obj=1.587321e+08  f=1.587321e+08  g=0.000000e+00  ||x||=7.502541e-02  ||grad||=7.394912e+09  tau=3.386e-14  beta=9.844e-01
[iter  189/200] obj=1.586973e+08  f=1.586973e+08  g=0.000000e+00  ||x||=7.517053e-02  ||grad||=7.391888e+09  tau=3.386e-14  beta=9.845e-01
[iter  190/200] obj=1.586631e+08  f=1.586631e+08  g=0.000000e+00  ||x||=7.531466e-02  ||grad||=7.388823e+09  tau=3.386e-14  beta=9.845e-01
[iter  191/200] obj=1.586294e+08  f=1.586294e+08  g=0.000000e+00  ||x||=7.545780e-02  ||grad||=7.385801e+09  tau=3.386e-14  beta=9.846e-01
[iter  192/200] obj=1.585960e+08  f=1.585960e+08  g=0.000000e+00  ||x||=7.559996e-02  ||grad||=7.382856e+09  tau=3.386e-14  beta=9.847e-01
[iter  193/200] obj=1.585634e+08  f=1.585634e+08  g=0.000000e+00  ||x||=7.574116e-02  ||grad||=7.380007e+09  tau=3.386e-14  beta=9.848e-01
[iter  194/200] obj=1.585310e+08  f=1.585310e+08  g=0.000000e+00  ||x||=7.588140e-02  ||grad||=7.377154e+09  tau=3.386e-14  beta=9.849e-01
[iter  195/200] obj=1.584993e+08  f=1.584993e+08  g=0.000000e+00  ||x||=7.602069e-02  ||grad||=7.374358e+09  tau=3.386e-14  beta=9.849e-01
[iter  196/200] obj=1.584681e+08  f=1.584681e+08  g=0.000000e+00  ||x||=7.615905e-02  ||grad||=7.371550e+09  tau=3.386e-14  beta=9.850e-01
[iter  197/200] obj=1.584372e+08  f=1.584372e+08  g=0.000000e+00  ||x||=7.629647e-02  ||grad||=7.368787e+09  tau=3.386e-14  beta=9.851e-01
[iter  198/200] obj=1.584068e+08  f=1.584068e+08  g=0.000000e+00  ||x||=7.643299e-02  ||grad||=7.366026e+09  tau=3.386e-14  beta=9.852e-01
[iter  199/200] obj=1.583767e+08  f=1.583767e+08  g=0.000000e+00  ||x||=7.656860e-02  ||grad||=7.363288e+09  tau=3.386e-14  beta=9.852e-01
[iter  200/200] obj=1.583472e+08  f=1.583472e+08  g=0.000000e+00  ||x||=7.670332e-02  ||grad||=7.360620e+09  tau=3.386e-14  beta=9.853e-01
All outputs saved in: /work3/msaca/textomo_run_016

------------------------------------------------------------
Sender: LSF System <lsfadmin@hpc.dtu.dk>
Subject: Job 27751176: <TextureTomography> in cluster <dcc> Done

Job <TextureTomography> was submitted from host <n-62-12-19> by user <msaca> in cluster <dcc> at Mon Feb  9 15:20:59 2026
Job was executed on host(s) <8*n-62-18-10>, in queue <gpua100>, as user <msaca> in cluster <dcc> at Mon Feb  9 15:38:24 2026
</zhome/71/c/146676> was used as the home directory.
</zhome/71/c/146676/texture_tomography/jobscripts> was used as the working directory.
Started at Mon Feb  9 15:38:24 2026
Terminated at Mon Feb  9 16:09:34 2026
Results reported at Mon Feb  9 16:09:34 2026

Your job looked like:

------------------------------------------------------------
# LSBATCH: User input
#!/bin/bash
#BSUB -J TextureTomography
#BSUB -q gpua100
# #BSUB -gpu "num=1:mode=exclusive_process"
#BSUB -n 8
#BSUB -R "span[hosts=1]"
#BSUB -R "rusage[mem=4000]"        # 40 GB host RAM
#BSUB -M 4000                      # hard memory limit
#BSUB -W 15:00
#BSUB -oo log/%J.out
#BSUB -eo error/%J.err

# initialize conda
export PATH="/zhome/71/c/146676/miniconda3/bin:$PATH"
source /zhome/71/c/146676/miniconda3/etc/profile.d/conda.sh

conda activate cil

python ../scripts/textomo2.py

------------------------------------------------------------

Successfully completed.

Resource usage summary:

    CPU time :                                   1815.45 sec.
    Max Memory :                                 20221 MB
    Average Memory :                             16585.60 MB
    Total Requested Memory :                     32000.00 MB
    Delta Memory :                               11779.00 MB
    Max Swap :                                   -
    Max Processes :                              4
    Max Threads :                                19
    Run time :                                   1882 sec.
    Turnaround time :                            2915 sec.

The output (if any) is above this job summary.



PS:

Read file <error/27751176.err> for stderr output of this job.

