Processing batch 1/12

------------------------------------------------------------
Sender: LSF System <lsfadmin@hpc.dtu.dk>
Subject: Job 26466387: <dfrctn_sim> in cluster <dcc> Exited

Job <dfrctn_sim> was submitted from host <gbarlogin1> by user <msaca> in cluster <dcc> at Mon Oct 13 15:19:55 2025
Job was executed on host(s) <8*n-62-20-7>, in queue <gpuqimalma94>, as user <msaca> in cluster <dcc> at Mon Oct 13 15:19:56 2025
</zhome/71/c/146676> was used as the home directory.
</zhome/71/c/146676/material_tensor_tomo/utils> was used as the working directory.
Started at Mon Oct 13 15:19:56 2025
Terminated at Mon Oct 13 15:20:24 2025
Results reported at Mon Oct 13 15:20:24 2025

Your job looked like:

------------------------------------------------------------
# LSBATCH: User input
#!/bin/bash
# embedded options to bsub - start with #BSUB
# -- name ---
#BSUB -J Recon
# -- choose queue --
# For gpu write gpuv100, gpua100, gpua10, gpua40. Check availability by bqueues -l gpua100, eg
#BSUB -q gpuqimalma94
#BSUB -gpu "num=1"
#BSUB -e logs/%J.err
#BSUB -o logs/%J.out
#BSUB -M 16000
#BSUB -R "rusage[mem=16000]"
# -- estimated wall clock time (execution time): hh:mm -- 
#BSUB -W 15:00 
# -- Number of cores requested -- 
#BSUB -n 8
# -- Specify the distribution of the cores: on a separate nodes --
#BSUB -R "span[hosts=1]"
# Array job: N tasks, one per folder
#BSUB -J dfrctn_sim
# -- end of LSF options -- 

source /zhome/71/c/146676/miniconda3/bin/activate && conda activate cil

python integrate_segments.py

------------------------------------------------------------

TERM_OWNER: job killed by owner.
Exited with exit code 130.

Resource usage summary:

    CPU time :                                   26.92 sec.
    Max Memory :                                 22832 MB
    Average Memory :                             17121.33 MB
    Total Requested Memory :                     128000.00 MB
    Delta Memory :                               105168.00 MB
    Max Swap :                                   -
    Max Processes :                              20
    Max Threads :                                24
    Run time :                                   53 sec.
    Turnaround time :                            29 sec.

The output (if any) is above this job summary.



PS:

Read file <logs/26466387.err> for stderr output of this job.

