Loaded module: cuda/12.2
multiprocessing.pool.RemoteTraceback: 
"""
Traceback (most recent call last):
  File "/zhome/71/c/146676/miniconda3/envs/cil/lib/python3.11/multiprocessing/pool.py", line 125, in worker
    result = (True, func(*args, **kwds))
                    ^^^^^^^^^^^^^^^^^^^
  File "/zhome/71/c/146676/miniconda3/envs/cil/lib/python3.11/multiprocessing/pool.py", line 48, in mapstar
    return list(map(*args))
           ^^^^^^^^^^^^^^^^
  File "/zhome/71/c/146676/material_tensor_tomo/utils/integrate_segments.py", line 15, in projection_loader
    diffraction_data.append(f['entry/instrument/pilatus/data'][181*projection_idx+i])
                            ~~~~~~~~~~~~~~~~~~~~~~~~~~~~~~~~~~^^^^^^^^^^^^^^^^^^^^^^
  File "h5py/_objects.pyx", line 56, in h5py._objects.with_phil.wrapper
  File "h5py/_objects.pyx", line 57, in h5py._objects.with_phil.wrapper
  File "/zhome/71/c/146676/miniconda3/envs/cil/lib/python3.11/site-packages/h5py/_hl/dataset.py", line 820, in __getitem__
    return self._fast_reader.read(args)
           ^^^^^^^^^^^^^^^^^^^^^^^^^^^^
  File "h5py/_selector.pyx", line 376, in h5py._selector.Reader.read
OSError: Can't synchronously read data (can't open directory (/zhome/71/c/146676/miniconda3/envs/cil/lib/hdf5/plugin). Please verify its existence)
"""

The above exception was the direct cause of the following exception:

Traceback (most recent call last):
  File "/zhome/71/c/146676/material_tensor_tomo/utils/integrate_segments.py", line 42, in <module>
    diffraction_projections_ = pool.map(projection_loader, batch_indices_split[batch_idx])
                               ^^^^^^^^^^^^^^^^^^^^^^^^^^^^^^^^^^^^^^^^^^^^^^^^^^^^^^^^^^^
  File "/zhome/71/c/146676/miniconda3/envs/cil/lib/python3.11/multiprocessing/pool.py", line 367, in map
    return self._map_async(func, iterable, mapstar, chunksize).get()
           ^^^^^^^^^^^^^^^^^^^^^^^^^^^^^^^^^^^^^^^^^^^^^^^^^^^^^^^^^
  File "/zhome/71/c/146676/miniconda3/envs/cil/lib/python3.11/multiprocessing/pool.py", line 774, in get
    raise self._value
OSError: Can't synchronously read data (can't open directory (/zhome/71/c/146676/miniconda3/envs/cil/lib/hdf5/plugin). Please verify its existence)
