Processing batch 1/12
Processing batch 2/12
Processing batch 3/12
Processing batch 4/12
Processing batch 5/12
Processing batch 6/12
Processing batch 7/12
Processing batch 8/12

------------------------------------------------------------
Sender: LSF System <lsfadmin@hpc.dtu.dk>
Subject: Job 26466360: <dfrctn_sim> in cluster <dcc> Exited

Job <dfrctn_sim> was submitted from host <gbarlogin1> by user <msaca> in cluster <dcc> at Mon Oct 13 15:16:45 2025
Job was executed on host(s) <16*n-62-20-16>, in queue <gpuv100>, as user <msaca> in cluster <dcc> at Mon Oct 13 15:20:00 2025
</zhome/71/c/146676> was used as the home directory.
</zhome/71/c/146676/material_tensor_tomo/utils> was used as the working directory.
Started at Mon Oct 13 15:20:00 2025
Terminated at Mon Oct 13 15:47:03 2025
Results reported at Mon Oct 13 15:47:03 2025

Your job looked like:

------------------------------------------------------------
# LSBATCH: User input
#!/bin/bash
# embedded options to bsub - start with #BSUB
# -- name ---
#BSUB -J Recon
# -- choose queue --
# For gpu write gpuv100, gpua100, gpua10, gpua40. Check availability by bqueues -l gpua100, eg
#BSUB -q gpuv100
#BSUB -gpu "num=1"
#BSUB -e logs/%J.err
#BSUB -o logs/%J.out
#BSUB -M 16000
#BSUB -R "rusage[mem=16000]"
# -- estimated wall clock time (execution time): hh:mm -- 
#BSUB -W 15:00 
# -- Number of cores requested -- 
#BSUB -n 16
# -- Specify the distribution of the cores: on a separate nodes --
#BSUB -R "span[hosts=1]"
# Array job: N tasks, one per folder
#BSUB -J dfrctn_sim
# -- end of LSF options -- 

source /zhome/71/c/146676/miniconda3/bin/activate && conda activate cil

python integrate_segments.py

------------------------------------------------------------

TERM_OWNER: job killed by owner.
Exited with exit code 143.

Resource usage summary:

    CPU time :                                   2878.00 sec.
    Max Memory :                                 149125 MB
    Average Memory :                             80222.48 MB
    Total Requested Memory :                     256000.00 MB
    Delta Memory :                               106875.00 MB
    Max Swap :                                   -
    Max Processes :                              20
    Max Threads :                                27
    Run time :                                   1623 sec.
    Turnaround time :                            1818 sec.

The output (if any) is above this job summary.



PS:

Read file <logs/26466360.err> for stderr output of this job.

